10-09 15:19:02.073 31547 31547 I ...ntity.auth.device.gz: com.amazon.mShop.android.shopping is trying to get device type
10-09 15:19:02.073 31547 31547 I ...onInformationQueryer: Populate change for remote MAP info.
10-09 15:19:02.073 31547 31547 I ...onInformationQueryer: CacheContainsPartialResults? true
10-09 15:19:02.075 31547 31547 I ...ntity.auth.device.cf: Caching feature OverrideDeviceAttributes as true
10-09 15:19:02.076 31547 31547 I ...onInformationQueryer: Get map info for com.amazon.mShop.android.shopping, device type: A1MPSLFC7L5AFK
10-09 15:19:02.076 31547 31547 D AbstractMetricsFactoryImpl: record : No valid data points in metrics event
10-09 15:19:02.083 31547 31547 D InteractionNavigationListener: Received forward navigation
10-09 15:19:02.084 31547 31547 D InteractionMonitor: Creating new interaction for context com.amazon.mShop.web.MShopWebView{9504025 VFEDH.C.. .F....I. 0,0-0,0}
10-09 15:19:02.098 31547 31547 D SmashBootstrapper: Bootstrapping registered with asset cordova-mash-full-1.11.js
10-09 15:19:02.099 31547 31571 D RemoteConfigurationManager: Skipping default configuration saving
10-09 15:19:02.104 31547 31547 D AmazonBooksInStoreHandler: Created bookstore URL handler!
10-09 15:19:02.109 31547 31547 W Amazon  : missing associate tag : 
10-09 15:19:02.121 31547 31547 E ...ntity.auth.device.aa: No account mapping found for any account, returning null
10-09 15:19:02.122 31547 31547 E ...ntity.auth.device.aa: No account mapping found for any account, returning null
10-09 15:19:02.125 31644 31687 I cr_LibraryLoader: Loaded native library version number "85.0.4183.127"
10-09 15:19:02.125 31644 31687 I cr_CachingUmaRecorder: Flushed 1 samples from 1 histograms.
10-09 15:19:02.126 31547 31547 E ...ntity.auth.device.aa: No account mapping found for any account, returning null
10-09 15:19:02.127 31547 31547 I CountryDetector: Getting network based country iso: in
10-09 15:19:02.128 31547 31547 D DCMMetricsRecorder: Sending intech.ls.appStarted metrics event.
10-09 15:19:02.130 31547 31719 D LogMetricsUtil: Metrics recorded for Navigation to both PMET and Clickstream: [ [msp_ap_am_nav_session_start,1.0,1] ,  [appVersion,11,1] ,  [HTTP_USER_AGENT,AMZN(Smartphone/Pixel 2 XL/A1MPSLFC7L5AFK,Android/11,Amazon_Android/MShop/18.14.0.100),1] ,  [locale,en_IN,1] ,  [ref-override,msp_ap_am_nav_session_start,1] ,  [page-type,Navigation-DataOnly,1] ,  [hitType,dataOnly,1] ,  [team-name,Navigation,1] ,  [site_variant,Android App,1] ,  [RequestId,44430E13E23461EB0E4C,1] ]
10-09 15:19:02.131 31547 31719 D LogMetricsUtil: Metrics recorded for Navigation to both PMET and Clickstream: [ [msp_ap_am_nav_session_start_so,1.0,1] ,  [appVersion,11,1] ,  [HTTP_USER_AGENT,AMZN(Smartphone/Pixel 2 XL/A1MPSLFC7L5AFK,Android/11,Amazon_Android/MShop/18.14.0.100),1] ,  [locale,en_IN,1] ,  [ref-override,msp_ap_am_nav_session_start_so,1] ,  [page-type,Navigation-DataOnly,1] ,  [hitType,dataOnly,1] ,  [team-name,Navigation,1] ,  [site_variant,Android App,1] ,  [RequestId,13D88804DD98E2D4D9A4,1] ]
10-09 15:19:02.134 31547 31570 I ArtifactUploader: ArtifactUploader - Finished uploading artifacts. Uploaded 0 artifacts.;
10-09 15:19:02.134 31547 31719 D LogMetricsUtil: Metrics recorded for Navigation to both PMET and Clickstream: [ [msp_ap_am_loc_perm_fine,1.0,1] ,  [appVersion,11,1] ,  [HTTP_USER_AGENT,AMZN(Smartphone/Pixel 2 XL/A1MPSLFC7L5AFK,Android/11,Amazon_Android/MShop/18.14.0.100),1] ,  [locale,en_IN,1] ,  [ref-override,msp_ap_am_loc_perm_fine,1] ,  [page-type,Navigation-DataOnly,1] ,  [hitType,dataOnly,1] ,  [team-name,Navigation,1] ,  [site_variant,Android App,1] ,  [RequestId,5F84CF4A94331A2580C5,1] ]
10-09 15:19:02.135 31547 31719 D LogMetricsUtil: Metrics recorded for Navigation to both PMET and Clickstream: [ [msp_ap_am_loc_perm_fine_so,1.0,1] ,  [appVersion,11,1] ,  [HTTP_USER_AGENT,AMZN(Smartphone/Pixel 2 XL/A1MPSLFC7L5AFK,Android/11,Amazon_Android/MShop/18.14.0.100),1] ,  [locale,en_IN,1] ,  [ref-override,msp_ap_am_loc_perm_fine_so,1] ,  [page-type,Navigation-DataOnly,1] ,  [hitType,dataOnly,1] ,  [team-name,Navigation,1] ,  [site_variant,Android App,1] ,  [RequestId,E6B445D8949F9CB17C75,1] ]
10-09 15:19:02.135 31547 31547 E ...ntity.auth.device.aa: No account mapping found for any account, returning null
10-09 15:19:02.136 31547 31547 E ...ntity.auth.device.aa: No account mapping found for any account, returning null
10-09 15:19:02.136 31547 31547 I SmileMarketplaceChecker: Marketplace not supported for smile: A21TJRUUN4KGV
10-09 15:19:02.137 31547 31719 D LogMetricsUtil: Metrics recorded for Navigation to both PMET and Clickstream: [ [msp_ap_am_loc_on_net_gps,1.0,1] ,  [appVersion,11,1] ,  [HTTP_USER_AGENT,AMZN(Smartphone/Pixel 2 XL/A1MPSLFC7L5AFK,Android/11,Amazon_Android/MShop/18.14.0.100),1] ,  [locale,en_IN,1] ,  [ref-override,msp_ap_am_loc_on_net_gps,1] ,  [page-type,Navigation-DataOnly,1] ,  [hitType,dataOnly,1] ,  [team-name,Navigation,1] ,  [site_variant,Android App,1] ,  [RequestId,DFB9579436EAF49AFCFF,1] ]
10-09 15:19:02.139 31547 31719 D LogMetricsUtil: Metrics recorded for Navigation to both PMET and Clickstream: [ [msp_ap_am_loc_on_net_gps_so,1.0,1] ,  [appVersion,11,1] ,  [HTTP_USER_AGENT,AMZN(Smartphone/Pixel 2 XL/A1MPSLFC7L5AFK,Android/11,Amazon_Android/MShop/18.14.0.100),1] ,  [locale,en_IN,1] ,  [ref-override,msp_ap_am_loc_on_net_gps_so,1] ,  [page-type,Navigation-DataOnly,1] ,  [hitType,dataOnly,1] ,  [team-name,Navigation,1] ,  [site_variant,Android App,1] ,  [RequestId,63D997AC1A4005B481B9,1] ]
10-09 15:19:02.142 31547 31751 E ...ntity.auth.device.aa: No account mapping found for any account, returning null
10-09 15:19:02.160 31547 31719 D LogMetricsUtil: Metrics recorded for Navigation to both PMET and Clickstream: [ [msp_ap_am_anm_remote_s,1.0,1] ,  [appVersion,11,1] ,  [HTTP_USER_AGENT,AMZN(Smartphone/Pixel 2 XL/A1MPSLFC7L5AFK,Android/11,Amazon_Android/MShop/18.14.0.100),1] ,  [locale,en_IN,1] ,  [ref-override,msp_ap_am_anm_remote_s,1] ,  [page-type,Navigation-DataOnly,1] ,  [hitType,dataOnly,1] ,  [team-name,Navigation,1] ,  [site_variant,Android App,1] ,  [RequestId,A149D4A49FCA7894E777,1] ]
10-09 15:19:02.167 31547 31719 D LogMetricsUtil: Metrics recorded for Navigation to both PMET and Clickstream: [ [msp_ap_am_anm_remote_s_so,1.0,1] ,  [appVersion,11,1] ,  [HTTP_USER_AGENT,AMZN(Smartphone/Pixel 2 XL/A1MPSLFC7L5AFK,Android/11,Amazon_Android/MShop/18.14.0.100),1] ,  [locale,en_IN,1] ,  [ref-override,msp_ap_am_anm_remote_s_so,1] ,  [page-type,Navigation-DataOnly,1] ,  [hitType,dataOnly,1] ,  [team-name,Navigation,1] ,  [site_variant,Android App,1] ,  [RequestId,FC6F9621410EB326C28D,1] ]
10-09 15:19:02.171 31547 31719 D LogMetricsUtil: Metrics recorded for Navigation to both PMET and Clickstream: [ [msp_ap_am_nav_lt_cps,1.0,1] ,  [appVersion,11,1] ,  [HTTP_USER_AGENT,AMZN(Smartphone/Pixel 2 XL/A1MPSLFC7L5AFK,Android/11,Amazon_Android/MShop/18.14.0.100),1] ,  [locale,en_IN,1] ,  [ref-override,msp_ap_am_nav_lt_cps,1] ,  [page-type,Navigation-DataOnly,1] ,  [hitType,dataOnly,1] ,  [team-name,Navigation,1] ,  [site_variant,Android App,1] ,  [RequestId,B44D285285462CDFAFA7,1] ]
10-09 15:19:02.175 31547 31719 D LogMetricsUtil: Metrics recorded for Navigation to both PMET and Clickstream: [ [msp_ap_am_nav_lt_cps_so,1.0,1] ,  [appVersion,11,1] ,  [HTTP_USER_AGENT,AMZN(Smartphone/Pixel 2 XL/A1MPSLFC7L5AFK,Android/11,Amazon_Android/MShop/18.14.0.100),1] ,  [locale,en_IN,1] ,  [ref-override,msp_ap_am_nav_lt_cps_so,1] ,  [page-type,Navigation-DataOnly,1] ,  [hitType,dataOnly,1] ,  [team-name,Navigation,1] ,  [site_variant,Android App,1] ,  [RequestId,A1B596369E1475BB3416,1] ]
10-09 15:19:02.180 31547 31547 E ...ntity.auth.device.aa: No account mapping found for any account, returning null
10-09 15:19:02.207 31547 31726 E ...ntity.auth.device.aa: No account mapping found for any account, returning null
10-09 15:19:02.209 31547 31726 I chatty  : uid=10489(com.amazon.mShop.android.shopping) com.amazon.mSho identical 1 line
10-09 15:19:02.217 31547 31726 E ...ntity.auth.device.aa: No account mapping found for any account, returning null
10-09 15:19:02.231  1365  1465 D EventSequenceValidator: onActivityLaunchFinished during UNKNOWN.
10-09 15:19:02.231  1365  1465 D EventSequenceValidator: java.lang.Throwable: EventSequenceValidator#getStackTrace
10-09 15:19:02.231  1365  1465 D EventSequenceValidator: 	at com.google.android.startop.iorap.EventSequenceValidator.logWarningWithStackTrace(EventSequenceValidator.java:260)
10-09 15:19:02.231  1365  1465 D EventSequenceValidator: 	at com.google.android.startop.iorap.EventSequenceValidator.onActivityLaunchFinished(EventSequenceValidator.java:185)
10-09 15:19:02.231  1365  1465 D EventSequenceValidator: 	at com.android.server.wm.LaunchObserverRegistryImpl.handleOnActivityLaunchFinished(LaunchObserverRegistryImpl.java:175)
10-09 15:19:02.231  1365  1465 D EventSequenceValidator: 	at com.android.server.wm.LaunchObserverRegistryImpl.lambda$QcawcFcJtEX4EhYptq_Vb4j368Y(Unknown Source:0)
10-09 15:19:02.231  1365  1465 D EventSequenceValidator: 	at com.android.server.wm.-$$Lambda$LaunchObserverRegistryImpl$QcawcFcJtEX4EhYptq_Vb4j368Y.accept(Unknown Source:10)
10-09 15:19:02.231  1365  1465 D EventSequenceValidator: 	at com.android.internal.util.function.pooled.PooledLambdaImpl.doInvoke(PooledLambdaImpl.java:292)
10-09 15:19:02.231  1365  1465 D EventSequenceValidator: 	at com.android.internal.util.function.pooled.PooledLambdaImpl.invoke(PooledLambdaImpl.java:201)
10-09 15:19:02.231  1365  1465 D EventSequenceValidator: 	at com.android.internal.util.function.pooled.OmniFunction.run(OmniFunction.java:97)
10-09 15:19:02.231  1365  1465 D EventSequenceValidator: 	at android.os.Handler.handleCallback(Handler.java:938)
10-09 15:19:02.231  1365  1465 D EventSequenceValidator: 	at android.os.Handler.dispatchMessage(Handler.java:99)
10-09 15:19:02.231  1365  1465 D EventSequenceValidator: 	at android.os.Looper.loop(Looper.java:223)
10-09 15:19:02.231  1365  1465 D EventSequenceValidator: 	at android.os.HandlerThread.run(HandlerThread.java:67)
10-09 15:19:02.231  1365  1465 D EventSequenceValidator: 	at com.android.server.ServiceThread.run(ServiceThread.java:44)
10-09 15:19:02.231  1365  1465 D EventSequenceValidator: dec AccIntentStartedEvents to 3
10-09 15:19:02.234  1365  1470 D ArtManagerInternalImpl: /data/misc/iorapd/com.amazon.mShop.android.shopping/1241165010/com.amazon.mShop.home.web.MShopWebGatewayActivity/compiled_traces/compiled_trace.pb doesn't exist
10-09 15:19:02.237  1365  1470 I ActivityTaskManager: Displayed com.amazon.mShop.android.shopping/com.amazon.mShop.home.web.MShopWebGatewayActivity: +892ms
10-09 15:19:02.238 31547 31547 E ...ntity.auth.device.aa: No account mapping found for any account, returning null
10-09 15:19:02.238 31547 31547 W Amazon  : missing associate tag : 
10-09 15:19:02.243 31547 31547 D MobileLoggingSuite: MLS backup uploader job started
10-09 15:19:02.243 31547 31547 D MobileLoggingSuite: Not executing backup job because it was called to soon after it was scheduled
10-09 15:19:02.251 31547 31547 I MShopGCMRegistrationJobService: Executing GCM Register job forandroid.app.job.JobParameters@48d71e1
10-09 15:19:02.252 31547 31766 I MShopGCMRegistrationOrchestrator: GCM Registration Token: dgTt-9pjG64:APA91bGolZ0SUbhpMQ7og3tQeeO2hqksy3LMUCSeSzI6URNTdDGda7UMkhSdnHIi9lGGX4Uk2B3-BbKamSwzkKg9hc4AqCiwowo-m3Tu7e4lPccXIjBzIxJfdY33slZkwA68Kqllfnz2
10-09 15:19:02.266 31470 31527 I appium  : channel read invoked!
10-09 15:19:02.266 31470 31527 I appium  : channel read: GET /wd/hub/session/fce2bda5-724a-492e-b65e-6bb44988bdcf/appium/device/pixel_ratio
10-09 15:19:02.267 31470 31527 I appium  : Get device pixel ratio
10-09 15:19:02.267 31470 31527 I appium  : AppiumResponse: {"sessionId":"fce2bda5-724a-492e-b65e-6bb44988bdcf","value":3.5}
10-09 15:19:02.276 31470 31527 I appium  : channel read invoked!
10-09 15:19:02.276 31470 31527 I appium  : channel read: GET /wd/hub/session/fce2bda5-724a-492e-b65e-6bb44988bdcf/appium/device/system_bars
10-09 15:19:02.276 31470 31527 I appium  : Get status bar height of the device
10-09 15:19:02.277 31470 31527 I appium  : AppiumResponse: {"sessionId":"fce2bda5-724a-492e-b65e-6bb44988bdcf","value":{"statusBar":98}}
10-09 15:19:02.284 31547 31719 D LogMetricsUtil: Metrics recorded for Navigation to both PMET and Clickstream: [ [msp_ap_am_cspromo_fetch_s,1.0,1] ,  [appVersion,11,1] ,  [HTTP_USER_AGENT,AMZN(Smartphone/Pixel 2 XL/A1MPSLFC7L5AFK,Android/11,Amazon_Android/MShop/18.14.0.100),1] ,  [locale,en_IN,1] ,  [ref-override,msp_ap_am_cspromo_fetch_s,1] ,  [page-type,Navigation-DataOnly,1] ,  [hitType,dataOnly,1] ,  [team-name,Navigation,1] ,  [site_variant,Android App,1] ,  [RequestId,70EEB030A343379A93B2,1] ]
10-09 15:19:02.285 31470 31527 I appium  : channel read invoked!
10-09 15:19:02.285 31470 31527 I appium  : channel read: GET /wd/hub/session/fce2bda5-724a-492e-b65e-6bb44988bdcf/window/current/size
10-09 15:19:02.285 31470 31527 I appium  : Get window size of the device
10-09 15:19:02.286 31470 31527 I appium  : AppiumResponse: {"sessionId":"fce2bda5-724a-492e-b65e-6bb44988bdcf","value":{"height":2712,"width":1440}}
10-09 15:19:02.286 31547 31719 D LogMetricsUtil: Metrics recorded for Navigation to both PMET and Clickstream: [ [msp_ap_am_cspromo_fetch_s_so,1.0,1] ,  [appVersion,11,1] ,  [HTTP_USER_AGENT,AMZN(Smartphone/Pixel 2 XL/A1MPSLFC7L5AFK,Android/11,Amazon_Android/MShop/18.14.0.100),1] ,  [locale,en_IN,1] ,  [ref-override,msp_ap_am_cspromo_fetch_s_so,1] ,  [page-type,Navigation-DataOnly,1] ,  [hitType,dataOnly,1] ,  [team-name,Navigation,1] ,  [site_variant,Android App,1] ,  [RequestId,F4739AA3CCA2A7329AA6,1] ]
10-09 15:19:02.291 31547 31547 W Amazon  : missing associate tag : 
10-09 15:19:02.291 31547 31547 I AmazonMobileAds AmazonOOAdRegistration: Transport Layer Security enabled by default.
10-09 15:19:02.294 31547 31719 D LogMetricsUtil: Metrics recorded for Navigation to both PMET and Clickstream: [ [msp_ap_am_anm_fetch_s,1.0,1] ,  [appVersion,11,1] ,  [HTTP_USER_AGENT,AMZN(Smartphone/Pixel 2 XL/A1MPSLFC7L5AFK,Android/11,Amazon_Android/MShop/18.14.0.100),1] ,  [locale,en_IN,1] ,  [ref-override,msp_ap_am_anm_fetch_s,1] ,  [page-type,Navigation-DataOnly,1] ,  [hitType,dataOnly,1] ,  [team-name,Navigation,1] ,  [site_variant,Android App,1] ,  [RequestId,8DCD4B6C9C551683B652,1] ]
10-09 15:19:02.297 11662 11662 I GoogleInputMethodService: GoogleInputMethodService.onFinishInput():3184 
10-09 15:19:02.298 31547 31719 D LogMetricsUtil: Metrics recorded for Navigation to both PMET and Clickstream: [ [msp_ap_am_anm_fetch_s_so,1.0,1] ,  [appVersion,11,1] ,  [HTTP_USER_AGENT,AMZN(Smartphone/Pixel 2 XL/A1MPSLFC7L5AFK,Android/11,Amazon_Android/MShop/18.14.0.100),1] ,  [locale,en_IN,1] ,  [ref-override,msp_ap_am_anm_fetch_s_so,1] ,  [page-type,Navigation-DataOnly,1] ,  [hitType,dataOnly,1] ,  [team-name,Navigation,1] ,  [site_variant,Android App,1] ,  [RequestId,0C553F46748A39DC5694,1] ]
10-09 15:19:02.298 11662 11662 I GoogleInputMethodService: GoogleInputMethodService.onStartInput():1830 
10-09 15:19:02.302 31547 31719 D LogMetricsUtil: Metrics recorded for Navigation to both PMET and Clickstream: [ [msp_ap_am_nav_err_lt_rs,1.0,1] ,  [appVersion,11,1] ,  [HTTP_USER_AGENT,AMZN(Smartphone/Pixel 2 XL/A1MPSLFC7L5AFK,Android/11,Amazon_Android/MShop/18.14.0.100),1] ,  [locale,en_IN,1] ,  [ref-override,msp_ap_am_nav_err_lt_rs,1] ,  [page-type,Navigation-DataOnly,1] ,  [hitType,dataOnly,1] ,  [team-name,Navigation,1] ,  [site_variant,Android App,1] ,  [RequestId,56220D249C890C4D608A,1] ]
10-09 15:19:02.305 31547 31719 D LogMetricsUtil: Metrics recorded for Navigation to both PMET and Clickstream: [ [msp_ap_am_nav_err_lt_rs_so,1.0,1] ,  [appVersion,11,1] ,  [HTTP_USER_AGENT,AMZN(Smartphone/Pixel 2 XL/A1MPSLFC7L5AFK,Android/11,Amazon_Android/MShop/18.14.0.100),1] ,  [locale,en_IN,1] ,  [ref-override,msp_ap_am_nav_err_lt_rs_so,1] ,  [page-type,Navigation-DataOnly,1] ,  [hitType,dataOnly,1] ,  [team-name,Navigation,1] ,  [site_variant,Android App,1] ,  [RequestId,8DBD98A4D35945335A00,1] ]
10-09 15:19:02.356  9061  9115 W SearchServiceCore: Abort, client detached.
10-09 15:19:02.362  9061  9115 I StreamController: cleanUpControllerScope(nowcards-15-1864ab5b-bbb2)
10-09 15:19:02.374 31547 31768 E ...ntity.auth.device.aa: No account mapping found for any account, returning null
10-09 15:19:02.393   675   675 D android.hardware.power@1.3-service.pixel-libperfmgr: LAUNCH: 0
10-09 15:19:02.459 31547 31617 E ...ntity.auth.device.aa: No account mapping found for any account, returning null
10-09 15:19:02.469 31547 31675 W chromium: [WARNING:jni_string.cc(30)] ConvertJavaStringToUTF8 called with null string.
10-09 15:19:02.482 31547 31547 D MASHWebView: Clearing timeout
10-09 15:19:02.533 31470 31527 I appium  : channel read invoked!
10-09 15:19:02.533 31470 31527 I appium  : channel read: POST /wd/hub/session/fce2bda5-724a-492e-b65e-6bb44988bdcf/orientation
10-09 15:19:02.609 21525 23886 I native  : device_profile_database_helpers.cc:506 Found nothing for EPGFqD
10-09 15:19:02.609 21525 23886 I native  : device_profile_database_helpers.cc:506 Found nothing for taimen/taimen
10-09 15:19:02.609 21525 23886 I native  : device_profile_database_helpers.cc:493 Considering UpIlK1:9
10-09 15:19:02.609 21525 23886 I native  : device_profile_database_helpers.cc:493 Considering UpIlK1:O
10-09 15:19:02.609 21525 23886 I native  : device_profile_database_helpers.cc:493 Considering UpIlK1:8.1
10-09 15:19:02.609 21525 23886 I native  : device_profile_database_helpers.cc:493 Considering UpIlK1:8.0
10-09 15:19:02.609 21525 23886 I native  : device_profile_database_helpers.cc:452 Device profile for google/taimen/taimen:11/RP1A.200720.009/6720564:user/release-keys: UpIlK1:9
10-09 15:19:02.716 31547 31774 D SmashBootstrapper: Initializing local loading using cordova-mash-full-1.11.js
10-09 15:19:02.790 31547 31547 E ...ntity.auth.device.aa: No account mapping found for any account, returning null
10-09 15:19:02.795 31547 31547 E ...ntity.auth.device.aa: No account mapping found for any account, returning null
10-09 15:19:02.795 31547 31726 E ...ntity.auth.device.aa: No account mapping found for any account, returning null
10-09 15:19:02.799 31547 31726 I chatty  : uid=10489(com.amazon.mShop.android.shopping) com.amazon.mSho identical 1 line
10-09 15:19:02.808 31547 31726 E ...ntity.auth.device.aa: No account mapping found for any account, returning null
10-09 15:19:02.827 31547 31774 D SmashBootstrapper: Loaded cordova-mash-full-1.11.js in 9ms
10-09 15:19:02.921 31547 31774 D CordovaNetworkManager: toLower : wifi
10-09 15:19:02.922 31547 31547 D CordovaNetworkManager: toLower : wifi
10-09 15:19:02.922 31547 31547 D CordovaNetworkManager: wifi : wifi
10-09 15:19:02.922 31547 31774 D CordovaNetworkManager: wifi : wifi
10-09 15:19:02.922 31547 31547 D CordovaNetworkManager: Connection Type: wifi
10-09 15:19:02.922 31547 31774 D CordovaNetworkManager: Connection Type: wifi
10-09 15:19:02.922 31547 31547 D CordovaNetworkManager: Connection Extra Info: 
10-09 15:19:02.922 31547 31774 D CordovaNetworkManager: Connection Extra Info: 
10-09 15:19:02.958  1365  1479 W ProcessCpuTracker: Failed to stat(/proc/31788): android.system.ErrnoException: stat failed: ENOENT (No such file or directory)
10-09 15:19:02.958  1365  1479 W ProcessCpuTracker: Skipping unknown process pid 31788
10-09 15:19:02.963  1365  9987 V UserManagerService: dumpPackageWhitelistProblems(): using mode ENFORCE|IMPLICIT_WHITELIST|IMPLICIT_WHITELIST_SYSTEM
10-09 15:19:02.978 31547 31547 V ApplicationStateListener: ApplicationCreateTime:1602236941420 IsApplicationCreatedInForeground:true ActivityCreateTime:1602236941664
10-09 15:19:03.306 31547 31547 E ...ntity.auth.device.aa: No account mapping found for any account, returning null
10-09 15:19:03.317 31547 31643 D MobileLoggingSuite: Updating MLS weblab MLS_SLA_164569 with treatment C_Client
10-09 15:19:03.317 31547 31643 D MobileLoggingSuite: Updating MLS weblab MLS_NEXUS_FREQUENCY_MARCH_199907 with treatment T4
10-09 15:19:03.317 31547 31643 D MobileLoggingSuite: Updating MLS weblab MLS_APRIL_BACKGROUND_UPLOADER_206952 with treatment T1
10-09 15:19:03.319 31547 31547 W nAnnotationIntrospector: Unable to load JDK7 annotation types; will have to skip
10-09 15:19:03.322 31547 31652 D com.amazon.mShop.startup.task.FFSServiceTaskDescriptor: scheduleFFSStart
10-09 15:19:03.323 31547 31803 D FeatureIntegrationFileManager: Downloading new FIF from https://m.media-amazon.com/images/S/ssnap-msa/prod/featureInteg/android/v5/prod-feature-integration.json
10-09 15:19:03.324 31547 31660 D GoalsOrchestrator: Handling intent with action MODULE_START_ACTION
10-09 15:19:03.329 31547 31660 D CompatibilityChangeReporter: Compat change id reported: 148180766; UID 10489; state: DISABLED
10-09 15:19:03.339 31547 31547 E ...ntity.auth.device.aa: No account mapping found for any account, returning null
10-09 15:19:03.364 31547 31547 V Javascript: Running Jacascript: ((function(args) {var badPageElement = []; var badPageDescription = []; if (document.getElementById('navbar')) { badPageElement.push('navbar'); badPageDescription.push('double nav bar for the mshop page'); } return ({ bad_page: badPageElement, bad_page_description: badPageDescription });})({})||{})
10-09 15:19:03.442 31547 31547 D LatencyEventLogger: dump events
10-09 15:19:03.492 31547 31814 V fb-UnpackingSoSource: locked dso store /data/user/0/com.amazon.mShop.android.shopping/lib-main
10-09 15:19:03.492 31547 31814 I fb-UnpackingSoSource: dso store is up-to-date: /data/user/0/com.amazon.mShop.android.shopping/lib-main
10-09 15:19:03.492 31547 31814 V fb-UnpackingSoSource: releasing dso store lock for /data/user/0/com.amazon.mShop.android.shopping/lib-main
10-09 15:19:03.511 31547 31814 I ndroid.shoppin: Thread[134,tid=31814,Native,Thread*=0xa900c410,peer=0x1666e488,"pool-10-thread-5"] recursive attempt to load library "/data/app/~~FQmCLEx1XLgBK38HQRAG6A==/com.amazon.mShop.android.shopping-Ycuwhu75qZ5Y91o2oVxutw==/lib/arm/libreactnativejni.so"
10-09 15:19:03.522 31547 31547 D ReactNative: ReactInstanceManager.ctor()
10-09 15:19:03.524 31547 31547 D ReactNative: ReactInstanceManager.createReactContextInBackground()
10-09 15:19:03.524 31547 31547 D ReactNative: ReactInstanceManager.recreateReactContextInBackgroundInner()
10-09 15:19:03.524 31547 31547 D ReactNative: ReactInstanceManager.recreateReactContextInBackgroundFromBundleLoader()
10-09 15:19:03.524 31547 31547 D ReactNative: ReactInstanceManager.recreateReactContextInBackground()
10-09 15:19:03.524 31547 31547 D ReactNative: ReactInstanceManager.runCreateReactContextOnNewThread()
10-09 15:19:03.539 31547 31803 D FeatureIntegrationFileManager: Successfully downloaded FIF
10-09 15:19:03.542 31547 31847 D ReactNative: ReactInstanceManager.createReactContext()
10-09 15:19:03.561 31547 31847 W unknown:ViewManagerPropertyUpdater: Could not find generated setter for class com.facebook.react.views.progressbar.ReactProgressBarViewManager
10-09 15:19:03.564 31547 31847 W unknown:ViewManagerPropertyUpdater: Could not find generated setter for class com.facebook.react.views.progressbar.ProgressBarShadowNode
10-09 15:19:03.569 31547 31847 W unknown:ViewManagerPropertyUpdater: Could not find generated setter for class com.facebook.react.views.scroll.ReactHorizontalScrollViewManager
10-09 15:19:03.572 31547 31847 W unknown:ViewManagerPropertyUpdater: Could not find generated setter for class com.facebook.react.uimanager.LayoutShadowNode
10-09 15:19:03.573 31547 31847 W unknown:ViewManagerPropertyUpdater: Could not find generated setter for class com.facebook.react.views.text.ReactTextViewManager
10-09 15:19:03.575 31547 31847 W unknown:ViewManagerPropertyUpdater: Could not find generated setter for class com.facebook.react.views.text.ReactTextShadowNode
10-09 15:19:03.577 31547 31847 W unknown:ViewManagerPropertyUpdater: Could not find generated setter for class com.facebook.react.views.scroll.ReactHorizontalScrollContainerViewManager
10-09 15:19:03.579 31547 31847 W unknown:ViewManagerPropertyUpdater: Could not find generated setter for class com.lwansbrough.RCTCamera.RCTCameraViewManager
10-09 15:19:03.582 31547 31803 D FeatureIntegrationFileManager: Merge was skipped because current FIF version 5.0.666.0 is the same as the new FIF version 5.0.666.0
10-09 15:19:03.583 31547 31847 W unknown:ViewManagerPropertyUpdater: Could not find generated setter for class com.amazon.eucx.cloneimageview.CloneImageViewManager
10-09 15:19:03.584 31547 31803 D FeatureIntegrationFileManager: Successfully copied downloaded FIF version 5.0.666.0
10-09 15:19:03.589 31547 31847 W unknown:ViewManagerPropertyUpdater: Could not find generated setter for class com.amazon.ace.reactnative.RNAceVideoManager
10-09 15:19:03.590 31547 31847 W unknown:ViewManagerPropertyUpdater: Could not find generated setter for class com.facebook.react.views.checkbox.ReactCheckBoxManager
10-09 15:19:03.591 31547 31847 W unknown:ViewManagerPropertyUpdater: Could not find generated setter for class com.facebook.react.views.view.ReactViewManager
10-09 15:19:03.593 31547 31847 W unknown:ViewManagerPropertyUpdater: Could not find generated setter for class com.facebook.react.views.switchview.ReactSwitchManager
10-09 15:19:03.594 31547 31847 W unknown:ViewManagerPropertyUpdater: Could not find generated setter for class com.facebook.react.views.switchview.ReactSwitchManager$ReactSwitchShadowNode
10-09 15:19:03.601 31547 31847 W unknown:ViewManagerPropertyUpdater: Could not find generated setter for class com.facebook.react.views.art.ARTShapeViewManager
10-09 15:19:03.601 31547 31847 W unknown:ViewManagerPropertyUpdater: Could not find generated setter for class com.facebook.react.views.art.ARTShapeShadowNode
10-09 15:19:03.602 31547 31847 W unknown:ViewManagerPropertyUpdater: Could not find generated setter for class com.facebook.react.views.art.ARTGroupViewManager
10-09 15:19:03.602 31547 31847 W unknown:ViewManagerPropertyUpdater: Could not find generated setter for class com.facebook.react.views.art.ARTGroupShadowNode
10-09 15:19:03.602 31547 31847 W unknown:ViewManagerPropertyUpdater: Could not find generated setter for class com.facebook.react.views.picker.ReactDialogPickerManager
10-09 15:19:03.603 31547 31847 W unknown:ViewManagerPropertyUpdater: Could not find generated setter for class com.facebook.react.views.toolbar.ReactToolbarManager
10-09 15:19:03.606 31547 31847 W unknown:ViewManagerPropertyUpdater: Could not find generated setter for class com.brentvatne.react.ReactVideoViewManager
10-09 15:19:03.610 31547 31847 W unknown:ViewManagerPropertyUpdater: Could not find generated setter for class com.facebook.react.views.webview.ReactWebViewManager
10-09 15:19:03.615 31547 31847 W unknown:ViewManagerPropertyUpdater: Could not find generated setter for class com.facebook.react.views.modal.ReactModalHostManager
10-09 15:19:03.617 31547 31847 W unknown:ViewManagerPropertyUpdater: Could not find generated setter for class com.facebook.react.views.modal.ModalHostShadowNode
10-09 15:19:03.620 31547 31847 W unknown:ViewManagerPropertyUpdater: Could not find generated setter for class com.facebook.react.views.text.frescosupport.FrescoBasedReactTextInlineImageViewManager
10-09 15:19:03.620 31547 31847 W unknown:ViewManagerPropertyUpdater: Could not find generated setter for class com.facebook.react.views.text.frescosupport.FrescoBasedReactTextInlineImageShadowNode
10-09 15:19:03.621 31547 31847 W unknown:ViewManagerPropertyUpdater: Could not find generated setter for class com.facebook.react.views.image.ReactImageManager
10-09 15:19:03.622 31547 31847 W unknown:ViewManagerPropertyUpdater: Could not find generated setter for class com.facebook.react.views.viewpager.ReactViewPagerManager
10-09 15:19:03.627 31547 31847 W unknown:ViewManagerPropertyUpdater: Could not find generated setter for class com.facebook.react.views.slider.ReactSliderManager
10-09 15:19:03.628 31547 31847 W unknown:ViewManagerPropertyUpdater: Could not find generated setter for class com.facebook.react.views.slider.ReactSliderManager$ReactSliderShadowNode
10-09 15:19:03.629 31547 31847 W unknown:ViewManagerPropertyUpdater: Could not find generated setter for class com.facebook.react.views.art.ARTSurfaceViewManager
10-09 15:19:03.630 31547 31847 W unknown:ViewManagerPropertyUpdater: Could not find generated setter for class com.facebook.react.views.art.ARTSurfaceViewShadowNode
10-09 15:19:03.630 31547 31847 W unknown:ViewManagerPropertyUpdater: Could not find generated setter for class com.facebook.react.views.scroll.ReactScrollViewManager
10-09 15:19:03.633 31547 31847 W unknown:ViewManagerPropertyUpdater: Could not find generated setter for class com.facebook.react.views.picker.ReactDropdownPickerManager
10-09 15:19:03.639 31547 31559 I ndroid.shoppin: Background young concurrent copying GC freed 457495(26MB) AllocSpace objects, 161(6564KB) LOS objects, 59% free, 16MB/40MB, paused 337us total 256.132ms
10-09 15:19:03.639 31547 31847 W unknown:ViewManagerPropertyUpdater: Could not find generated setter for class com.amazon.mobile.ssnap.modules.fling.FlingRegionManager
10-09 15:19:03.642 31547 31847 W unknown:ViewManagerPropertyUpdater: Could not find generated setter for class com.facebook.react.views.drawer.ReactDrawerLayoutManager
10-09 15:19:03.643 31547 31847 W unknown:ViewManagerPropertyUpdater: Could not find generated setter for class com.facebook.react.views.text.ReactVirtualTextViewManager
10-09 15:19:03.644 31547 31847 W unknown:ViewManagerPropertyUpdater: Could not find generated setter for class com.facebook.react.views.text.ReactVirtualTextShadowNode
10-09 15:19:03.646 31547 31847 W unknown:ViewManagerPropertyUpdater: Could not find generated setter for class com.facebook.react.views.art.ARTTextViewManager
10-09 15:19:03.646 31547 31847 W unknown:ViewManagerPropertyUpdater: Could not find generated setter for class com.facebook.react.views.art.ARTTextShadowNode
10-09 15:19:03.646 31547 31847 W unknown:ViewManagerPropertyUpdater: Could not find generated setter for class com.facebook.react.views.swiperefresh.SwipeRefreshLayoutManager
10-09 15:19:03.648 31547 31847 W unknown:ViewManagerPropertyUpdater: Could not find generated setter for class com.facebook.react.views.text.ReactRawTextManager
10-09 15:19:03.648 31547 31847 W unknown:ViewManagerPropertyUpdater: Could not find generated setter for class com.facebook.react.views.text.ReactRawTextShadowNode
10-09 15:19:03.649 31547 31847 W unknown:ViewManagerPropertyUpdater: Could not find generated setter for class com.facebook.react.views.textinput.ReactTextInputManager
10-09 15:19:03.651 31547 31847 W unknown:ViewManagerPropertyUpdater: Could not find generated setter for class com.facebook.react.views.textinput.ReactTextInputShadowNode
10-09 15:19:03.661 31547 31847 D MShopReactOkHttpClientFactory: Set OkHttpClient's max requests per host to 10
10-09 15:19:03.680 31547 31847 D MShopReactOkHttpClientFactory: Set OkHttpClient's max requests per host to 10
10-09 15:19:03.737 31547 31847 W CustomClassThroughReflectionProvider: com.amazon.mShop.metrics.nexus.context.MShopRunContext not found for base interface com.amazon.client.metrics.nexus.RunContext
10-09 15:19:03.737 31547 31847 W CustomClassThroughReflectionProvider: java.lang.ClassNotFoundException: com.amazon.mShop.metrics.nexus.context.MShopRunContext
10-09 15:19:03.737 31547 31847 W CustomClassThroughReflectionProvider: 	at java.lang.Class.classForName(Native Method)
10-09 15:19:03.737 31547 31847 W CustomClassThroughReflectionProvider: 	at java.lang.Class.forName(Class.java:454)
10-09 15:19:03.737 31547 31847 W CustomClassThroughReflectionProvider: 	at com.amazon.client.metrics.nexus.CustomClassThroughReflectionProvider.getCustomClass(CustomClassThroughReflectionProvider.java:87)
10-09 15:19:03.737 31547 31847 W CustomClassThroughReflectionProvider: 	at com.amazon.client.metrics.nexus.CustomClassThroughReflectionProvider.getInstance(CustomClassThroughReflectionProvider.java:69)
10-09 15:19:03.737 31547 31847 W CustomClassThroughReflectionProvider: 	at com.amazon.client.metrics.nexus.EventModule.provideRunContext(EventModule.java:75)
10-09 15:19:03.737 31547 31847 W CustomClassThroughReflectionProvider: 	at com.amazon.client.metrics.nexus.EventModule_ProvideRunContextFactory.get(EventModule_ProvideRunContextFactory.java:35)
10-09 15:19:03.737 31547 31847 W CustomClassThroughReflectionProvider: 	at com.amazon.client.metrics.nexus.EventModule_ProvideRunContextFactory.get(EventModule_ProvideRunContextFactory.java:9)
10-09 15:19:03.737 31547 31847 W CustomClassThroughReflectionProvider: 	at dagger.internal.DoubleCheck.get(DoubleCheck.java:46)
10-09 15:19:03.737 31547 31847 W CustomClassThroughReflectionProvider: 	at com.amazon.client.metrics.nexus.EventModule_ProvideDALFactoryFactory.get(EventModule_ProvideDALFactoryFactory.java:36)
10-09 15:19:03.737 31547 31847 W CustomClassThroughReflectionProvider: 	at com.amazon.client.metrics.nexus.EventModule_ProvideDALFactoryFactory.get(EventModule_ProvideDALFactoryFactory.java:8)
10-09 15:19:03.737 31547 31847 W CustomClassThroughReflectionProvider: 	at dagger.internal.DoubleCheck.get(DoubleCheck.java:46)
10-09 15:19:03.737 31547 31847 W CustomClassThroughReflectionProvider: 	at com.amazon.client.metrics.nexus.NexusEventRecorder_MembersInjector.injectMembers(NexusEventRecorder_MembersInjector.java:60)
10-09 15:19:03.737 31547 31847 W CustomClassThroughReflectionProvider: 	at com.amazon.client.metrics.nexus.NexusEventRecorder_MembersInjector.injectMembers(NexusEventRecorder_MembersInjector.java:7)
10-09 15:19:03.737 31547 31847 W CustomClassThroughReflectionProvider: 	at com.amazon.client.metrics.nexus.DaggerEventComponent.inject(DaggerEventComponent.java:177)
10-09 15:19:03.737 31547 31847 W CustomClassThroughReflectionProvider: 	at com.amazon.client.metrics.nexus.NexusEventRecorder.<init>(NexusEventRecorder.java:50)
10-09 15:19:03.737 31547 31847 W CustomClassThroughReflectionProvider: 	at com.amazon.client.metrics.nexus.NexusEventRecorder.get(NexusEventRecorder.java:85)
10-09 15:19:03.737 31547 31847 W CustomClassThroughReflectionProvider: 	at com.amazon.mShop.permission.v2.di.MShopPermissionServiceInternalModule.providesRecorderConfig(MShopPermissionServiceInternalModule.java:169)
10-09 15:19:03.737 31547 31847 W CustomClassThroughReflectionProvider: 	at com.amazon.mShop.permission.v2.di.MShopPermissionServiceInternalModule_ProvidesRecorderConfigFactory.get(MShopPermissionServiceInternalModule_ProvidesRecorderConfigFactory.java:27)
10-09 15:19:03.737 31547 31847 W CustomClassThroughReflectionProvider: 	at com.amazon.mShop.permission.v2.di.MShopPermissionServiceInternalModule_ProvidesRecorderConfigFactory.get(MShopPermissionServiceInternalModule_ProvidesRecorderConfigFactory.java:10)
10-09 15:19:03.737 31547 31847 W CustomClassThroughReflectionProvider: 	at dagger.internal.DoubleCheck.get(DoubleCheck.java:46)
10-09 15:19:03.737 31547 31847 W CustomClassThroughReflectionProvider: 	at com.amazon.mShop.permission.v2.di.MShopPermissionServiceInternalModule_ProvidesNexusMetricsManagerFactory.get(MShopPermissionServiceInternalModule_ProvidesNexusMetricsManagerFactory.java:28)
10-09 15:19:03.737 31547 31847 W CustomClassThroughReflectionProvider: 	at com.amazon.mShop.permission.v2.di.MShopPermissionServiceInternalModule_ProvidesNexusMetricsManagerFactory.get(MShopPermissionServiceInternalModule_ProvidesNexusMetricsManagerFactory.java:10)
10-09 15:19:03.737 31547 31847 W CustomClassThroughReflectionProvider: 	at dagger.internal.DoubleCheck.get(DoubleCheck.java:46)
10-09 15:19:03.737 31547 31847 W CustomClassThroughReflectionProvider: 	at com.amazon.mShop.permission.v2.util.MShopPermissionInterstitialRenderer_Factory.get(MShopPermissionInterstitialRenderer_Factory.java:53)
10-09 15:19:03.737 31547 31847 W CustomClassThroughReflectionProvider: 	at com.amazon.mShop.permission.v2.util.MShopPermissionInterstitialRenderer_Factory.get(MShopPermissionInterstitialRenderer_Factory.java:13)
10-09 15:19:03.737 31547 31847 W CustomClassThroughReflectionProvider: 	at com.amazon.mShop.permission.v2.util.PermissionInterstitialRenderer_Factory.get(PermissionInterstitialRenderer_Factory.java:31)
10-09 15:19:03.737 31547 31847 W CustomClassThroughReflectionProvider: 	at com.amazon.mShop.permission.v2.util.PermissionInterstitialRenderer_Factory.get(PermissionInterstitialRenderer_Factory.java:7)
10-09 15:19:03.737 31547 31847 W CustomClassThroughReflectionProvider: 	at dagger.internal.DoubleCheck.get(DoubleCheck.java:46)
10-09 15:19:03.737 31547 31847 W CustomClassThroughReflectionProvider: 	at com.amazon.mShop.permission.v2.state.PermissionStateMachine_Factory.get(PermissionStateMachine_Factory.java:38)
10-09 15:19:03.737 31547 31847 W CustomClassThroughReflectionProvider: 	at com.amazon.mShop.permission.v2.state.PermissionStateMachine_Factory.get(PermissionStateMachine_Factory.java:11)
10-09 15:19:03.737 31547 31847 W CustomClassThroughReflectionProvider: 	at dagger.internal.DoubleCheck.get(DoubleCheck.java:46)
10-09 15:19:03.737 31547 31847 W CustomClassThroughReflectionProvider: 	at com.amazon.mShop.permission.v2.MShopPermissionService_MembersInjector.injectMembers(MShopPermissionService_MembersInjector.java:63)
10-09 15:19:03.737 31547 31847 W CustomClassThroughReflectionProvider: 	at com.amazon.mShop.permission.v2.MShopPermissionService_MembersInjector.injectMembers(MShopPermissionService_MembersInjector.java:12)
10-09 15:19:03.740 31547 31847 W CustomClassThroughReflectionProvider: 	at com.amazon.mShop.permission.di.DaggerMShopPermissionComponent.inject(DaggerMShopPermissionComponent.java:524)
10-09 15:19:03.740 31547 31847 W CustomClassThroughReflectionProvider: 	at com.amazon.mShop.permission.v2.MShopPermissionService.<init>(MShopPermissionService.java:53)
10-09 15:19:03.740 31547 31847 W CustomClassThroughReflectionProvider: 	at java.lang.Class.newInstance(Native Method)
10-09 15:19:03.740 31547 31847 W CustomClassThroughReflectionProvider: 	at com.amazon.platform.extension.internal.ExecutableCache.put(ExecutableCache.java:46)
10-09 15:19:03.740 31547 31847 W CustomClassThroughReflectionProvider: 	at com.amazon.platform.service.ServiceRegistryImpl.instantiateService(ServiceRegistryImpl.java:187)
10-09 15:19:03.740 31547 31847 W CustomClassThroughReflectionProvider: 	at com.amazon.platform.service.ServiceRegistryImpl.getService(ServiceRegistryImpl.java:170)
10-09 15:19:03.740 31547 31847 W CustomClassThroughReflectionProvider: 	at com.amazon.platform.service.ServiceRegistryImpl.getService(ServiceRegistryImpl.java:150)
10-09 15:19:03.740 31547 31847 W CustomClassThroughReflectionProvider: 	at com.amazon.platform.service.ServiceRegistryImpl.getService(ServiceRegistryImpl.java:129)
10-09 15:19:03.740 31547 31847 W CustomClassThroughReflectionProvider: 	at com.amazon.platform.service.ShopKitProvider.getService(ShopKitProvider.java:23)
10-09 15:19:03.740 31547 31847 W CustomClassThroughReflectionProvider: 	at com.amazon.mShop.permission.ssnap.InternalPermissionServiceSSNAPModule.<init>(InternalPermissionServiceSSNAPModule.java:34)
10-09 15:19:03.740 31547 31847 W CustomClassThroughReflectionProvider: 	at com.amazon.mobile.ssnap.components.MShopSsnapSharedComponentsReactPackage.createNativeModules(MShopSsnapSharedComponentsReactPackage.java:48)
10-09 15:19:03.740 31547 31847 W CustomClassThroughReflectionProvider: 	at com.facebook.react.CompositeReactPackage.createNativeModules(CompositeReactPackage.java:76)
10-09 15:19:03.740 31547 31847 W CustomClassThroughReflectionProvider: 	at com.facebook.react.NativeModuleRegistryBuilder.processPackage(NativeModuleRegistryBuilder.java:102)
10-09 15:19:03.740 31547 31847 W CustomClassThroughReflectionProvider: 	at com.facebook.react.ReactInstanceManager.processPackage(ReactInstanceManager.java:1170)
10-09 15:19:03.740 31547 31847 W CustomClassThroughReflectionProvider: 	at com.facebook.react.ReactInstanceManager.processPackages(ReactInstanceManager.java:1140)
10-09 15:19:03.740 31547 31847 W CustomClassThroughReflectionProvider: 	at com.facebook.react.ReactInstanceManager.createReactContext(ReactInstanceManager.java:1081)
10-09 15:19:03.740 31547 31847 W CustomClassThroughReflectionProvider: 	at com.facebook.react.ReactInstanceManager.access$900(ReactInstanceManager.java:113)
10-09 15:19:03.740 31547 31847 W CustomClassThroughReflectionProvider: 	at com.facebook.react.ReactInstanceManager$5.run(ReactInstanceManager.java:911)
10-09 15:19:03.740 31547 31847 W CustomClassThroughReflectionProvider: 	at java.lang.Thread.run(Thread.java:923)
10-09 15:19:03.740 31547 31847 W CustomClassThroughReflectionProvider: Caused by: java.lang.ClassNotFoundException: com.amazon.mShop.metrics.nexus.context.MShopRunContext
10-09 15:19:03.740 31547 31847 W CustomClassThroughReflectionProvider: 	... 52 more
10-09 15:19:03.740 31547 31811 I Appgrade: Empty campaign.  Cancel the existing campaign
10-09 15:19:03.748 31547 31847 I Nexus:AmazonShopping: Starting PersistentEventStorage HandlerThread
10-09 15:19:03.753 31547 31847 I Nexus:AmazonShopping: File ring not initialized, initializing
10-09 15:19:03.754 31547 31847 I Nexus:AmazonShopping: Found existing file at /data/user/0/com.amazon.mShop.android.shopping/files/mshopcoremetric/file.0000000000000000001
10-09 15:19:03.754 31547 31847 I Nexus:AmazonShopping: Found 1 files in ring, total size 0 bytes
10-09 15:19:03.757 31547 31874 I Nexus:AmazonShopping: Opened file for writing: /data/user/0/com.amazon.mShop.android.shopping/files/mshopcoremetric/file.0000000000000000001
10-09 15:19:03.761 31547 31847 D ReactNative: Initializing React Xplat Bridge.
10-09 15:19:03.764 31547 31847 D ReactNative: Initializing React Xplat Bridge before initializeBridge
10-09 15:19:03.771 31547 31571 E ...ntity.auth.device.aa: No account mapping found for any account, returning null
10-09 15:19:03.772 31547 31847 D ReactNative: Initializing React Xplat Bridge after initializeBridge
10-09 15:19:03.772 31547 31847 D ReactNative: CatalystInstanceImpl.runJSBundle()
10-09 15:19:03.779 31547 31879 D ReactNative: ReactInstanceManager.setupReactContext()
10-09 15:19:03.779 31547 31879 D ReactNative: CatalystInstanceImpl.initialize()
10-09 15:19:03.781 31547 31879 D MShopReactOkHttpClientFactory: Set OkHttpClient's max requests per host to 10
10-09 15:19:03.960 31547 31879 W EnvironmentModule: No loaded manifest found for feature: null
10-09 15:19:04.269 31547 31547 E ...ntity.auth.device.aa: No account mapping found for any account, returning null
10-09 15:19:04.277 31547 31547 E ...ntity.auth.device.aa: No account mapping found for any account, returning null
10-09 15:19:04.287 31547 31726 E ...ntity.auth.device.aa: No account mapping found for any account, returning null
10-09 15:19:04.292 31547 31726 I chatty  : uid=10489(com.amazon.mShop.android.shopping) com.amazon.mSho identical 1 line
10-09 15:19:04.310 31547 31726 E ...ntity.auth.device.aa: No account mapping found for any account, returning null
10-09 15:19:04.322 31547 31630 I SmileMarketplaceChecker: Marketplace not supported for smile: A21TJRUUN4KGV
10-09 15:19:04.365  5237  5237 V AvrcpMediaPlayerList: mPackageChangedBroadcastReceiver: action: android.intent.action.PACKAGE_CHANGED
10-09 15:19:04.365  5237  5237 D AvrcpMediaPlayerList: Name of package changed: com.amazon.mShop.android.shopping
10-09 15:19:04.374  2957  2957 D RegisteredNfcFServicesCache: Service unchanged, not updating
10-09 15:19:04.383  1365  1588 I InputReader: Reconfiguring input devices, changes=KEYBOARD_LAYOUTS | 
10-09 15:19:04.384  2101  2101 E PhoneInterfaceManager: [PhoneIntfMgr] getCarrierPackageNamesForIntentAndPhone: No UICC
10-09 15:19:04.384  2101  2101 D CarrierSvcBindHelper: No carrier app for: 0
10-09 15:19:04.387  2101  2101 D ImsResolver: maybeAddedImsService, packageName: com.amazon.mShop.android.shopping
10-09 15:19:04.394 17997 31903 I EuiccGoogle: [15266] EuiccServiceImpl.onGetEuiccProfileInfoList: onGetEuiccProfileInfoList: slotId = -1
10-09 15:19:04.421 11370 31896 I Fitness : OnPackageChangedOperation got intent: Intent { act=android.intent.action.PACKAGE_CHANGED dat=package:com.amazon.mShop.android.shopping flg=0x45000010 cmp=com.google.android.gms/.chimera.PersistentIntentOperationService (has extras) } [CONTEXT service_id=17 ]
10-09 15:19:04.429  1916  1916 D QcrilMsgTunnelIfaceManager: handleMessage what = 1
10-09 15:19:04.431  1916  1916 I QcrilOemhookMsgTunnel: [0]invokeOemRilRequestRaw: serial=1450 length=16
10-09 15:19:04.432  1916  1952 I QcrilOemhookMsgTunnel: [0]processOemHookResponse serial no: 1450 error: 0length=88
10-09 15:19:04.432  1916  1916 D QcrilMsgTunnelIfaceManager: handleMessage what = 2
10-09 15:19:04.433 17997 31903 I EuiccGoogle: [15266] UiccLogicalChannel.open: Locked on aid: A0000005591010FFFFFFFF8900000100
10-09 15:19:04.434 11370 31897 I Fitness : FitCleanupIntentOperation received Intent android.intent.action.PACKAGE_CHANGED [CONTEXT service_id=17 ]
10-09 15:19:04.436 11560 17449 I Icing   : IndexChimeraService.getServiceInterface callingPackage=com.google.android.gms componentName=AppsCorpus serviceId=36
10-09 15:19:04.442  2101  2101 E PhoneInterfaceManager: [PhoneIntfMgr] iccOpenLogicalChannel: No UICC
10-09 15:19:04.442 17997 31903 E EuiccGoogle: [15266] UiccLogicalChannel.open: selectResponse is null. Unlocked for aid: A0000005591010FFFFFFFF8900000100
10-09 15:19:04.442 17997 31903 W EuiccGoogle: [15266] EuiccServiceImpl.onGetEuiccProfileInfoList: slotId=-1. No eUICC is active. Return null.
10-09 15:19:04.451 31470 31527 I appium  : AppiumResponse: {"sessionId":"fce2bda5-724a-492e-b65e-6bb44988bdcf","value":"PORTRAIT"}
10-09 15:19:04.453 11560 18173 I GmsCoreXrpcWrapper: Returning a channel provider with trafficStatsTag=12803
10-09 15:19:04.200  1365  9987 V UserManagerService: dumpPackageWhitelistProblems(): using mode ENFORCE|IMPLICIT_WHITELIST|IMPLICIT_WHITELIST_SYSTEM
10-09 15:19:04.470  1365  1365 I Telecom : DefaultDialerCache: Refreshing default dialer for user 0: now com.google.android.dialer: DDC.oR@B58
10-09 15:19:04.475 11560 17449 I Icing   : IndexChimeraService.getServiceInterface callingPackage=com.google.android.gms componentName=null serviceId=30
10-09 15:19:04.488 31547 31747 D ConfigurationDb: Updated 1 row in configuration table,
10-09 15:19:04.488 31547 31747 D ConfigurationDb: entity_tag=4b1b452a8a845928fdea9ce764356111 origin=2 json={"DETAILPAGE":true,"SEARCH":true,"GATEWAY":true,"BROWSE":{"340846031":true,"3485873051":true,"7301146011":true,"10192820011":true,"10329849011":true,"6723205031":true,"6723195031":true,"4477209051":true,"10547409031":true,"5787992031":true,"5782660031":true,"9574332031":true,"10547412031":true,"10547410031":true,"11825099011":true,"13904808011":true,"14762495011":true,"17021658011":true,"8641232031":true,"8662693031":true,"10591782031":true,"14072435031":true,"10550392031":true,"4731404051":true,"4731406051":true,"4731405051":true,"5031472051":true,"8422704011":true,"8422705011":true,"8422706011":true,"8308027011":true,"11913564011":true,"13227447011":true,"11533655011":true,"11533656011":true,"11533658011":true},"FRESHPPGL":true} timestamp=1602236944485
10-09 15:19:04.501 11560 18173 I Icing   : Usage reports ok 1, Failed Usage reports 0, indexed 0, rejected 0
10-09 15:19:04.503 11560 17449 I Icing   : IndexChimeraService.getServiceInterface callingPackage=com.google.android.gms componentName=null serviceId=36
10-09 15:19:04.504 11560 18173 I GmsCoreXrpcWrapper: Returning a channel provider with trafficStatsTag=12803
10-09 15:19:04.514 11560 18173 I Icing   : Usage reports ok 0, Failed Usage reports 0, indexed 0, rejected 0
10-09 15:19:04.515 11560 18173 I Icing   : Indexing com.google.android.gms-internal.3p:MobileApplication from com.google.android.gms using seqno 79
10-09 15:19:04.563 11560 18173 I GmsCoreXrpcWrapper: Returning a channel provider with trafficStatsTag=12803
10-09 15:19:04.566 18889 18910 I PermissionControllerServiceImpl: Updating user sensitive for uid 10489
10-09 15:19:04.578 11560 18173 I Icing   : Usage reports ok 0, Failed Usage reports 0, indexed 0, rejected 0
10-09 15:19:04.578 11560 18173 I Icing   : Indexing com.google.android.gms-apps from com.google.android.gms
10-09 15:19:04.611 11560 18173 I Icing   : Indexing done com.google.android.gms-apps
10-09 15:19:04.650  1365  1374 I system_server: Background concurrent copying GC freed 543034(25MB) AllocSpace objects, 77(3108KB) LOS objects, 42% free, 32MB/56MB, paused 140us total 204.363ms
10-09 15:19:04.651 31547 31716 D MobileWeblabAndroidClient: Successfully retrieved 385 assignments from the service.
10-09 15:19:04.654 31547 31716 D MobileWeblabAndroidClient: AllowAllRequestRatePolicy policy was applied
10-09 15:19:04.678  1365  1376 W System  : A resource failed to call release. 
10-09 15:19:04.712 31547 31748 W Amazon  : missing associate tag : 
10-09 15:19:04.713 31547 31748 W Amazon  : missing build beta name
10-09 15:19:04.755 31470 31527 I appium  : channel read invoked!
10-09 15:19:04.755 31470 31527 I appium  : channel read: POST /wd/hub/session/fce2bda5-724a-492e-b65e-6bb44988bdcf/element
10-09 15:19:04.757 31470 31527 I appium  : Find element command using 'id' with selector 'com.amazon.mShop.android.shopping:id/rs_search_src_text'.
10-09 15:19:04.764 31470 31527 I appium  : Waiting up to 10000ms for device to be idle
10-09 15:19:05.425 31547 31716 D MobileWeblabAndroidClient: Successfully retrieved 392 assignments from the service.
10-09 15:19:05.426 31547 31716 D MobileWeblabAndroidClient: AllowAllRequestRatePolicy policy was applied
10-09 15:19:05.442 31547 31741 D RedstoneWeblabController: Successfully fetched new weblab treatments and updated cache.
10-09 15:19:05.442 31547 31743 D RedstoneWeblabController: Successfully fetched new weblab treatments and updated cache.
