10-09 15:19:26.689 31470 31527 I appium  : channel read: POST /wd/hub/session/fce2bda5-724a-492e-b65e-6bb44988bdcf/element
10-09 15:19:26.692 31470 31527 I appium  : Find element command using 'id' with selector 'com.amazon.mShop.android.shopping:id/name'.
10-09 15:19:26.692 31470 31527 I appium  : Waiting up to 10000ms for device to be idle
10-09 15:19:26.876 31470 31527 I appium  : AppiumResponse: {"sessionId":"fce2bda5-724a-492e-b65e-6bb44988bdcf","value":{"error":"no such element","message":"An element could not be located on the page using the given search parameters","stacktrace":"io.appium.uiautomator2.common.exceptions.ElementNotFoundException: An element could not be located on the ...
10-09 15:19:26.938   888   888 I android.hardware.health@2.0-service.wahoo: SRAM data: 3661000
10-09 15:19:27.009  1365  3002 V UserManagerService: dumpPackageWhitelistProblems(): using mode ENFORCE|IMPLICIT_WHITELIST|IMPLICIT_WHITELIST_SYSTEM
10-09 15:19:27.409 31470 31527 I appium  : channel read invoked!
10-09 15:19:27.410 31470 31527 I appium  : channel read: POST /wd/hub/session/fce2bda5-724a-492e-b65e-6bb44988bdcf/element
10-09 15:19:27.413 31470 31527 I appium  : Find element command using 'id' with selector 'com.amazon.mShop.android.shopping:id/name'.
10-09 15:19:27.413 31470 31527 I appium  : Waiting up to 10000ms for device to be idle
10-09 15:19:27.563 31470 31527 I appium  : AppiumResponse: {"sessionId":"fce2bda5-724a-492e-b65e-6bb44988bdcf","value":{"error":"no such element","message":"An element could not be located on the page using the given search parameters","stacktrace":"io.appium.uiautomator2.common.exceptions.ElementNotFoundException: An element could not be located on the ...
10-09 15:19:28.082 31470 31527 I appium  : channel read invoked!
10-09 15:19:28.083 31470 31527 I appium  : channel read: POST /wd/hub/session/fce2bda5-724a-492e-b65e-6bb44988bdcf/element
10-09 15:19:28.086 31470 31527 I appium  : Find element command using 'id' with selector 'com.amazon.mShop.android.shopping:id/name'.
10-09 15:19:28.087 31470 31527 I appium  : Waiting up to 10000ms for device to be idle
10-09 15:19:28.218 31470 31527 I appium  : AppiumResponse: {"sessionId":"fce2bda5-724a-492e-b65e-6bb44988bdcf","value":{"error":"no such element","message":"An element could not be located on the page using the given search parameters","stacktrace":"io.appium.uiautomator2.common.exceptions.ElementNotFoundException: An element could not be located on the ...
10-09 15:19:28.733 31470 31527 I appium  : channel read invoked!
10-09 15:19:28.734 31470 31527 I appium  : channel read: POST /wd/hub/session/fce2bda5-724a-492e-b65e-6bb44988bdcf/element
10-09 15:19:28.737 31470 31527 I appium  : Find element command using 'id' with selector 'com.amazon.mShop.android.shopping:id/name'.
10-09 15:19:28.737 31470 31527 I appium  : Waiting up to 10000ms for device to be idle
10-09 15:19:28.915 31470 31527 I appium  : AppiumResponse: {"sessionId":"fce2bda5-724a-492e-b65e-6bb44988bdcf","value":{"error":"no such element","message":"An element could not be located on the page using the given search parameters","stacktrace":"io.appium.uiautomator2.common.exceptions.ElementNotFoundException: An element could not be located on the ...
10-09 15:19:29.113   888   888 I android.hardware.health@2.0-service.wahoo: SRAM data: 3661000
10-09 15:19:28.246  1365  3002 V UserManagerService: dumpPackageWhitelistProblems(): using mode ENFORCE|IMPLICIT_WHITELIST|IMPLICIT_WHITELIST_SYSTEM
10-09 15:19:29.121  1787  9865 D PowerUI : can't show warning due to - plugged: true status unknown: false
10-09 15:19:29.431 31470 31527 I appium  : channel read invoked!
10-09 15:19:29.431 31470 31527 I appium  : channel read: POST /wd/hub/session/fce2bda5-724a-492e-b65e-6bb44988bdcf/element
10-09 15:19:29.434 31470 31527 I appium  : Find element command using 'id' with selector 'com.amazon.mShop.android.shopping:id/name'.
10-09 15:19:29.435 31470 31527 I appium  : Waiting up to 10000ms for device to be idle
10-09 15:19:29.467  1365  3532 V UserManagerService: dumpPackageWhitelistProblems(): using mode ENFORCE|IMPLICIT_WHITELIST|IMPLICIT_WHITELIST_SYSTEM
10-09 15:19:29.556 31470 31527 I appium  : AppiumResponse: {"sessionId":"fce2bda5-724a-492e-b65e-6bb44988bdcf","value":{"error":"no such element","message":"An element could not be located on the page using the given search parameters","stacktrace":"io.appium.uiautomator2.common.exceptions.ElementNotFoundException: An element could not be located on the ...
10-09 15:19:30.076 31470 31527 I appium  : channel read invoked!
10-09 15:19:30.076 31470 31527 I appium  : channel read: POST /wd/hub/session/fce2bda5-724a-492e-b65e-6bb44988bdcf/element
10-09 15:19:30.079 31470 31527 I appium  : Find element command using 'id' with selector 'com.amazon.mShop.android.shopping:id/name'.
10-09 15:19:30.080 31470 31527 I appium  : Waiting up to 10000ms for device to be idle
10-09 15:19:30.246 31470 31527 I appium  : AppiumResponse: {"sessionId":"fce2bda5-724a-492e-b65e-6bb44988bdcf","value":{"error":"no such element","message":"An element could not be located on the page using the given search parameters","stacktrace":"io.appium.uiautomator2.common.exceptions.ElementNotFoundException: An element could not be located on the ...
10-09 15:19:30.647  1365  3002 V UserManagerService: dumpPackageWhitelistProblems(): using mode ENFORCE|IMPLICIT_WHITELIST|IMPLICIT_WHITELIST_SYSTEM
10-09 15:19:30.760 31470 31527 I appium  : channel read invoked!
10-09 15:19:30.761 31470 31527 I appium  : channel read: POST /wd/hub/session/fce2bda5-724a-492e-b65e-6bb44988bdcf/element
10-09 15:19:30.763 31470 31527 I appium  : Find element command using 'id' with selector 'com.amazon.mShop.android.shopping:id/name'.
10-09 15:19:30.763 31470 31527 I appium  : Waiting up to 10000ms for device to be idle
10-09 15:19:30.908 31470 31527 I appium  : AppiumResponse: {"sessionId":"fce2bda5-724a-492e-b65e-6bb44988bdcf","value":{"error":"no such element","message":"An element could not be located on the page using the given search parameters","stacktrace":"io.appium.uiautomator2.common.exceptions.ElementNotFoundException: An element could not be located on the ...
10-09 15:19:31.422 31470 31527 I appium  : channel read invoked!
10-09 15:19:31.422 31470 31527 I appium  : channel read: POST /wd/hub/session/fce2bda5-724a-492e-b65e-6bb44988bdcf/element
10-09 15:19:31.423 31470 31527 I appium  : Find element command using 'id' with selector 'com.amazon.mShop.android.shopping:id/name'.
10-09 15:19:31.424 31470 31527 I appium  : Waiting up to 10000ms for device to be idle
10-09 15:19:31.481 31470 31527 I appium  : AppiumResponse: {"sessionId":"fce2bda5-724a-492e-b65e-6bb44988bdcf","value":{"error":"no such element","message":"An element could not be located on the page using the given search parameters","stacktrace":"io.appium.uiautomator2.common.exceptions.ElementNotFoundException: An element could not be located on the ...
10-09 15:19:31.879  1365  9987 V UserManagerService: dumpPackageWhitelistProblems(): using mode ENFORCE|IMPLICIT_WHITELIST|IMPLICIT_WHITELIST_SYSTEM
10-09 15:19:32.005 31470 31527 I appium  : channel read invoked!
10-09 15:19:32.006 31470 31527 I appium  : channel read: POST /wd/hub/session/fce2bda5-724a-492e-b65e-6bb44988bdcf/element
10-09 15:19:32.008 31470 31527 I appium  : Find element command using 'id' with selector 'com.amazon.mShop.android.shopping:id/name'.
10-09 15:19:32.009 31470 31527 I appium  : Waiting up to 10000ms for device to be idle
10-09 15:19:32.168 31470 31527 I appium  : AppiumResponse: {"sessionId":"fce2bda5-724a-492e-b65e-6bb44988bdcf","value":{"error":"no such element","message":"An element could not be located on the page using the given search parameters","stacktrace":"io.appium.uiautomator2.common.exceptions.ElementNotFoundException: An element could not be located on the ...
10-09 15:19:32.689 31470 31527 I appium  : channel read invoked!
10-09 15:19:32.690 31470 31527 I appium  : channel read: POST /wd/hub/session/fce2bda5-724a-492e-b65e-6bb44988bdcf/element
10-09 15:19:32.693 31470 31527 I appium  : Find element command using 'id' with selector 'com.amazon.mShop.android.shopping:id/name'.
10-09 15:19:32.693 31470 31527 I appium  : Waiting up to 10000ms for device to be idle
10-09 15:19:32.823 31470 31527 I appium  : AppiumResponse: {"sessionId":"fce2bda5-724a-492e-b65e-6bb44988bdcf","value":{"error":"no such element","message":"An element could not be located on the page using the given search parameters","stacktrace":"io.appium.uiautomator2.common.exceptions.ElementNotFoundException: An element could not be located on the ...
10-09 15:19:33.338 31470 31527 I appium  : channel read invoked!
10-09 15:19:33.338 31470 31527 I appium  : channel read: POST /wd/hub/session/fce2bda5-724a-492e-b65e-6bb44988bdcf/element
10-09 15:19:33.340 31470 31527 I appium  : Find element command using 'id' with selector 'com.amazon.mShop.android.shopping:id/name'.
10-09 15:19:33.340 31470 31527 I appium  : Waiting up to 10000ms for device to be idle
10-09 15:19:33.449 31470 31527 I appium  : AppiumResponse: {"sessionId":"fce2bda5-724a-492e-b65e-6bb44988bdcf","value":{"error":"no such element","message":"An element could not be located on the page using the given search parameters","stacktrace":"io.appium.uiautomator2.common.exceptions.ElementNotFoundException: An element could not be located on the ...
10-09 15:19:33.974 31470 31527 I appium  : channel read invoked!
10-09 15:19:33.974 31470 31527 I appium  : channel read: POST /wd/hub/session/fce2bda5-724a-492e-b65e-6bb44988bdcf/element
10-09 15:19:33.977 31470 31527 I appium  : Find element command using 'id' with selector 'com.amazon.mShop.android.shopping:id/name'.
10-09 15:19:33.977 31470 31527 I appium  : Waiting up to 10000ms for device to be idle
10-09 15:19:34.168 31470 31527 I appium  : AppiumResponse: {"sessionId":"fce2bda5-724a-492e-b65e-6bb44988bdcf","value":{"error":"no such element","message":"An element could not be located on the page using the given search parameters","stacktrace":"io.appium.uiautomator2.common.exceptions.ElementNotFoundException: An element could not be located on the ...
10-09 15:19:35.509 31470 31527 I appium  : channel read invoked!
10-09 15:19:35.509 31470 31527 I appium  : channel read: GET /wd/hub/session/fce2bda5-724a-492e-b65e-6bb44988bdcf/screenshot
10-09 15:19:35.510 31470 31527 I appium  : Capture screenshot command
10-09 15:19:35.654   644   644 I hwservicemanager: getTransport: Cannot find entry android.hardware.graphics.mapper@4.0::IMapper/default in either framework or device manifest.
10-09 15:19:35.654 32291 32291 I Gralloc4: mapper 4.x is not supported
10-09 15:19:35.655   644   644 I hwservicemanager: getTransport: Cannot find entry android.hardware.graphics.mapper@3.0::IMapper/default in either framework or device manifest.
10-09 15:19:35.655 32291 32291 W Gralloc3: mapper 3.x is not supported
10-09 15:19:35.667 32291 32291 W AdrenoUtils: <ReadGpuID_from_sysfs:197>: Failed to open /sys/class/kgsl/kgsl-3d0/gpu_model
10-09 15:19:35.667 32291 32291 W AdrenoUtils: <ReadGpuID:221>: Failed to read chip ID from gpu_model. Fallback to use the GSL path
10-09 15:19:35.924   888   888 I android.hardware.health@2.0-service.wahoo: SRAM data: 3661000
10-09 15:19:34.323  1365  9987 I chatty  : uid=1000(system) Binder:1365_20 identical 2 lines
10-09 15:19:35.580  1365  9987 V UserManagerService: dumpPackageWhitelistProblems(): using mode ENFORCE|IMPLICIT_WHITELIST|IMPLICIT_WHITELIST_SYSTEM
10-09 15:19:35.929  1787 12747 D PowerUI : can't show warning due to - plugged: true status unknown: false
10-09 15:19:36.699  1365  9987 V UserManagerService: dumpPackageWhitelistProblems(): using mode ENFORCE|IMPLICIT_WHITELIST|IMPLICIT_WHITELIST_SYSTEM
10-09 15:19:36.813 31470 31527 I appium  : AppiumResponse: {"sessionId":"fce2bda5-724a-492e-b65e-6bb44988bdcf","value":"iVBORw0KGgoAAAANSUhEUgAABaAAAAtACAYAAADu24QXAAAAAXNSR0IArs4c6QAAAARzQklUCAgI\nCHwIZIgAACAASURBVHic7N13eBTl2j\/w7052N5tNNiHZhJKeEBKEUFSaFMUCKEixBAWPBI7YUbgU\nkKagHiTo4WA5R+AIiKiviugLgh6KICBNjiCg1IQkEEjvvezO8\/uDX\/ISdtN3dhL5fq7rvi6Y2Xnm\...
10-09 15:19:37.349   888   888 I android.hardware.health@2.0-service.wahoo: SRAM data: 3661000
10-09 15:19:37.356  1787 14446 D PowerUI : can't show warning due to - plugged: true status unknown: false
10-09 15:19:37.958  1365  2403 V UserManagerService: dumpPackageWhitelistProblems(): using mode ENFORCE|IMPLICIT_WHITELIST|IMPLICIT_WHITELIST_SYSTEM
