10-09 15:19:05.443 31547 31739 D RedstoneWeblabController: Successfully fetched new weblab treatments and updated cache.
10-09 15:19:05.443 31547 31742 D RedstoneWeblabController: Successfully fetched new weblab treatments and updated cache.
10-09 15:19:05.443 31547 31746 D RedstoneWeblabController: Successfully fetched new weblab treatments and updated cache.
10-09 15:19:05.443 31547 31745 D RedstoneWeblabController: Successfully fetched new weblab treatments and updated cache.
10-09 15:19:05.443 31547 31744 D RedstoneWeblabController: Successfully fetched new weblab treatments and updated cache.
10-09 15:19:05.500  1365  3532 V UserManagerService: dumpPackageWhitelistProblems(): using mode ENFORCE|IMPLICIT_WHITELIST|IMPLICIT_WHITELIST_SYSTEM
10-09 15:19:05.560 31470 31527 I appium  : AppiumResponse: {"sessionId":"fce2bda5-724a-492e-b65e-6bb44988bdcf","value":{"ELEMENT":"02b0d0e8-f6aa-4f43-bc3d-ab834f278a2c","element-6066-11e4-a52e-4f735466cecf":"02b0d0e8-f6aa-4f43-bc3d-ab834f278a2c"}}
10-09 15:19:05.642 31547 31748 D LocalizationConfigRequestTask: Starting Config data request task with https://www.amazon.in/gp/customer-preferences/mobile/ajax/config.html?c=IN&l=en&s=r&aiid=EU%3Amshop%3Ac61faf8c-a6fb-4d9b-b978-419970a52fac&since_1st_req=59005
10-09 15:19:05.703 31470 31527 I appium  : channel read invoked!
10-09 15:19:05.703 31470 31527 I appium  : channel read: POST /wd/hub/session/fce2bda5-724a-492e-b65e-6bb44988bdcf/element/02b0d0e8-f6aa-4f43-bc3d-ab834f278a2c/click
10-09 15:19:05.707 31470 31527 I appium  : Click element command
10-09 15:19:05.767 31547 31547 W BundleAuditor: com.amazon.mShop.home.web.MShopWebGatewayActivity starting com.amazon.mShop.search.RetailSearchActivity [680] (android.os.Bundle) Bundle[{paramShowSearchResultsAnimation=true, SHOW_SEARCH_RESULTS_AS_ROOT_VIEW=false, activity_start_time=410149601, clickStreamOrigin=Search, SHOW_SEARCH_ENTRY_VIEW=true, selectInitialQuery=true, com.amazon.search.resources.query.RetailSearchQuery=null, Launch_from_search_activity=false, Launch_From_Public_Url=false}]
10-09 15:19:05.767 31547 31547 V BundleAuditor: Audit took: 1ms
10-09 15:19:05.769  1365  3487 I ActivityTaskManager: START u0 {cmp=com.amazon.mShop.android.shopping/com.amazon.mShop.search.RetailSearchActivity (has extras)} from uid 10489
10-09 15:19:05.770  1365  1465 D EventSequenceValidator: IntentStarted during UNKNOWN. Intent { cmp=com.amazon.mShop.android.shopping/com.amazon.mShop.search.RetailSearchActivity (has extras) }
10-09 15:19:05.770  1365  1465 D EventSequenceValidator: java.lang.Throwable: EventSequenceValidator#getStackTrace
10-09 15:19:05.770  1365  1465 D EventSequenceValidator: 	at com.google.android.startop.iorap.EventSequenceValidator.logWarningWithStackTrace(EventSequenceValidator.java:260)
10-09 15:19:05.770  1365  1465 D EventSequenceValidator: 	at com.google.android.startop.iorap.EventSequenceValidator.onIntentStarted(EventSequenceValidator.java:106)
10-09 15:19:05.770  1365  1465 D EventSequenceValidator: 	at com.android.server.wm.LaunchObserverRegistryImpl.handleOnIntentStarted(LaunchObserverRegistryImpl.java:139)
10-09 15:19:05.770  1365  1465 D EventSequenceValidator: 	at com.android.server.wm.LaunchObserverRegistryImpl.lambda$veRn_GhgLZLlOHOJ0ZYT6KcfYqo(Unknown Source:0)
10-09 15:19:05.770  1365  1465 D EventSequenceValidator: 	at com.android.server.wm.-$$Lambda$LaunchObserverRegistryImpl$veRn_GhgLZLlOHOJ0ZYT6KcfYqo.accept(Unknown Source:10)
10-09 15:19:05.770  1365  1465 D EventSequenceValidator: 	at com.android.internal.util.function.pooled.PooledLambdaImpl.doInvoke(PooledLambdaImpl.java:292)
10-09 15:19:05.770  1365  1465 D EventSequenceValidator: 	at com.android.internal.util.function.pooled.PooledLambdaImpl.invoke(PooledLambdaImpl.java:201)
10-09 15:19:05.770  1365  1465 D EventSequenceValidator: 	at com.android.internal.util.function.pooled.OmniFunction.run(OmniFunction.java:97)
10-09 15:19:05.770  1365  1465 D EventSequenceValidator: 	at android.os.Handler.handleCallback(Handler.java:938)
10-09 15:19:05.770  1365  1465 D EventSequenceValidator: 	at android.os.Handler.dispatchMessage(Handler.java:99)
10-09 15:19:05.770  1365  1465 D EventSequenceValidator: 	at android.os.Looper.loop(Looper.java:223)
10-09 15:19:05.770  1365  1465 D EventSequenceValidator: 	at android.os.HandlerThread.run(HandlerThread.java:67)
10-09 15:19:05.770  1365  1465 D EventSequenceValidator: 	at com.android.server.ServiceThread.run(ServiceThread.java:44)
10-09 15:19:05.770  1365  1465 D EventSequenceValidator: inc AccIntentStartedEvents to 4
10-09 15:19:05.772   675   675 D android.hardware.power@1.3-service.pixel-libperfmgr: LAUNCH: 1
10-09 15:19:05.774  1032  1032 I perfetto: ing_service_impl.cc:758 Configured tracing session 1428, #sources:1, duration:5000 ms, #buffers:1, total buffer size:4096 KB, total sessions:2, uid:1071 session name: ""
10-09 15:19:05.774  1031  1031 I perfetto: probes_producer.cc:230  Ftrace setup (target_buf=1428)
10-09 15:19:05.776  1365  1465 D EventSequenceValidator: onIntentFailed during UNKNOWN.
10-09 15:19:05.776  1365  1465 D EventSequenceValidator: java.lang.Throwable: EventSequenceValidator#getStackTrace
10-09 15:19:05.776  1365  1465 D EventSequenceValidator: 	at com.google.android.startop.iorap.EventSequenceValidator.logWarningWithStackTrace(EventSequenceValidator.java:260)
10-09 15:19:05.776  1365  1465 D EventSequenceValidator: 	at com.google.android.startop.iorap.EventSequenceValidator.onIntentFailed(EventSequenceValidator.java:130)
10-09 15:19:05.776  1365  1465 D EventSequenceValidator: 	at com.android.server.wm.LaunchObserverRegistryImpl.handleOnIntentFailed(LaunchObserverRegistryImpl.java:147)
10-09 15:19:05.776  1365  1465 D EventSequenceValidator: 	at com.android.server.wm.LaunchObserverRegistryImpl.lambda$KukKmVpn5W_1xSV6Dnp8wW2H2Ks(Unknown Source:0)
10-09 15:19:05.776  1365  1465 D EventSequenceValidator: 	at com.android.server.wm.-$$Lambda$LaunchObserverRegistryImpl$KukKmVpn5W_1xSV6Dnp8wW2H2Ks.accept(Unknown Source:2)
10-09 15:19:05.776  1365  1465 D EventSequenceValidator: 	at com.android.internal.util.function.pooled.PooledLambdaImpl.doInvoke(PooledLambdaImpl.java:264)
10-09 15:19:05.776  1365  1465 D EventSequenceValidator: 	at com.android.internal.util.function.pooled.PooledLambdaImpl.invoke(PooledLambdaImpl.java:201)
10-09 15:19:05.776  1365  1465 D EventSequenceValidator: 	at com.android.internal.util.function.pooled.OmniFunction.run(OmniFunction.java:97)
10-09 15:19:05.776  1365  1465 D EventSequenceValidator: 	at android.os.Handler.handleCallback(Handler.java:938)
10-09 15:19:05.776  1365  1465 D EventSequenceValidator: 	at android.os.Handler.dispatchMessage(Handler.java:99)
10-09 15:19:05.776  1365  1465 D EventSequenceValidator: 	at android.os.Looper.loop(Looper.java:223)
10-09 15:19:05.776  1365  1465 D EventSequenceValidator: 	at android.os.HandlerThread.run(HandlerThread.java:67)
10-09 15:19:05.776  1365  1465 D EventSequenceValidator: 	at com.android.server.ServiceThread.run(ServiceThread.java:44)
10-09 15:19:05.776  1365  1465 D EventSequenceValidator: dec AccIntentStartedEvents to 3
10-09 15:19:05.779 31547 31719 D LogMetricsUtil: Metrics recorded for Navigation to both PMET and Clickstream: [ [msp_ap_am_nav_c_sf,1.0,1] ,  [appVersion,11,1] ,  [HTTP_USER_AGENT,AMZN(Smartphone/Pixel 2 XL/A1MPSLFC7L5AFK,Android/11,Amazon_Android/MShop/18.14.0.100),1] ,  [locale,en_IN,1] ,  [ref-override,msp_ap_am_nav_c_sf,1] ,  [page-type,Navigation,1] ,  [hitType,pageTouch,1] ,  [team-name,Navigation,1] ,  [site_variant,Android App,1] ,  [RequestId,84907B4E43ABF87F3235,1] ]
10-09 15:19:05.780 31547 31719 D LogMetricsUtil: Metrics recorded for Navigation to both PMET and Clickstream: [ [msp_ap_am_nav_c_sf_so,1.0,1] ,  [appVersion,11,1] ,  [HTTP_USER_AGENT,AMZN(Smartphone/Pixel 2 XL/A1MPSLFC7L5AFK,Android/11,Amazon_Android/MShop/18.14.0.100),1] ,  [locale,en_IN,1] ,  [ref-override,msp_ap_am_nav_c_sf_so,1] ,  [page-type,Navigation-DataOnly,1] ,  [hitType,dataOnly,1] ,  [team-name,Navigation,1] ,  [site_variant,Android App,1] ,  [RequestId,24446C1E4D4BB4175BD0,1] ]
10-09 15:19:05.781 31547 31719 D LogMetricsUtil: Metrics recorded for Navigation to both PMET and Clickstream: [ [msp_ap_am_nav_c_sf_so_p_ga,1.0,1] ,  [appVersion,11,1] ,  [HTTP_USER_AGENT,AMZN(Smartphone/Pixel 2 XL/A1MPSLFC7L5AFK,Android/11,Amazon_Android/MShop/18.14.0.100),1] ,  [locale,en_IN,1] ,  [ref-override,msp_ap_am_nav_c_sf_so_p_ga,1] ,  [page-type,Navigation-DataOnly,1] ,  [hitType,dataOnly,1] ,  [team-name,Navigation,1] ,  [site_variant,Android App,1] ,  [RequestId,5D002FBF4C67A9BBFCA5,1] ]
10-09 15:19:05.783  1365  1995 W ActivityTaskManager: Tried to set launchTime (0) < mLastActivityLaunchTime (225058248)
10-09 15:19:05.790 31547 31547 D ActiveActivityTracker: onActivityCreated: com.amazon.mShop.search.RetailSearchActivity@fdff917
10-09 15:19:05.791 31547 31719 D AppChromeNexusMetricsLogger: Appnav Nexus metrics updated weblabs, size=82
10-09 15:19:05.792 31547 31751 E ...ntity.auth.device.aa: No account mapping found for any account, returning null
10-09 15:19:05.795 31547 31719 E ...ntity.auth.device.aa: No account mapping found for any account, returning null
10-09 15:19:05.798 31547 31719 E ...ntity.auth.device.aa: No account mapping found for any account, returning null
10-09 15:19:05.799 31547 31719 D AppChromeNexusMetricsLogger: Nexus metrics v4 recorded for MAIN_MENU::null::UNDEFINED::null::null::null
10-09 15:19:05.801 31547 31719 D LogMetricsUtil: Metrics recorded for Navigation to both PMET and Clickstream: [ [msp_ap_am_wnd_weblab,1.0,1] ,  [appVersion,11,1] ,  [HTTP_USER_AGENT,AMZN(Smartphone/Pixel 2 XL/A1MPSLFC7L5AFK,Android/11,Amazon_Android/MShop/18.14.0.100),1] ,  [locale,en_IN,1] ,  [ref-override,msp_ap_am_wnd_weblab,1] ,  [page-type,Navigation-DataOnly,1] ,  [hitType,dataOnly,1] ,  [team-name,Navigation,1] ,  [site_variant,Android App,1] ,  [RequestId,2A9E311B5D7946229C26,1] ]
10-09 15:19:05.802 31547 31719 D LogMetricsUtil: Metrics recorded for Navigation to both PMET and Clickstream: [ [msp_ap_am_wnd_weblab_so,1.0,1] ,  [appVersion,11,1] ,  [HTTP_USER_AGENT,AMZN(Smartphone/Pixel 2 XL/A1MPSLFC7L5AFK,Android/11,Amazon_Android/MShop/18.14.0.100),1] ,  [locale,en_IN,1] ,  [ref-override,msp_ap_am_wnd_weblab_so,1] ,  [page-type,Navigation-DataOnly,1] ,  [hitType,dataOnly,1] ,  [team-name,Navigation,1] ,  [site_variant,Android App,1] ,  [RequestId,FEF415C8A60B5EF59BA3,1] ]
10-09 15:19:05.802 31547 31719 D LogMetricsUtil: Timer Metrics recorded for Navigation to both PMET and Clickstream: [ [msp_ap_am_nav_m_lat_o_so,7.0,1] ,  [appVersion,11,1] ,  [locale,en_IN,1] ]
10-09 15:19:05.824 31547 31547 D CompatibilityChangeReporter: Compat change id reported: 147798919; UID 10489; state: DISABLED
10-09 15:19:05.841 31547 31547 E ...ntity.auth.device.aa: No account mapping found for any account, returning null
10-09 15:19:05.842 31547 31547 E ...ntity.auth.device.aa: No account mapping found for any account, returning null
10-09 15:19:05.861 31547 31547 D ChromeActionBarView: Action Bar using migrated package
10-09 15:19:05.862 31547 31547 I SmileMarketplaceChecker: Marketplace not supported for smile: A21TJRUUN4KGV
10-09 15:19:05.863 31547 31547 E ...ntity.auth.device.aa: No account mapping found for any account, returning null
10-09 15:19:05.864 31547 31547 I chatty  : uid=10489(com.amazon.mShop.android.shopping) identical 1 line
10-09 15:19:05.880 31547 31547 E ...ntity.auth.device.aa: No account mapping found for any account, returning null
10-09 15:19:05.886 31547 31751 E ...ntity.auth.device.aa: No account mapping found for any account, returning null
10-09 15:19:05.892 31547 31547 E ...ntity.auth.device.aa: No account mapping found for any account, returning null
10-09 15:19:05.920 31547 31547 D LocalizationConfigRequestTask: LOPR endpoint response: {"next_call_minutes":60,"notification_result":{},"lop_regression":{"included":0}}
10-09 15:19:05.920 31547 31547 D LocalizationStartupServiceImpl: Wrong startup configuration
10-09 15:19:05.920 31547 31547 D LocalizationConfigRequestTask: NextCallMinutes updated: 60
10-09 15:19:05.920   643   643 I servicemanager: Notifying apexservice they have clients: 0
10-09 15:19:05.921   643   643 I BpBinder: onLastStrongRef automatically unlinking death recipients: <uncached descriptor>
10-09 15:19:05.922  1365  1470 I ActivityTaskManager: Displayed com.amazon.mShop.android.shopping/com.amazon.mShop.search.RetailSearchActivity: +153ms
10-09 15:19:05.935 31547 31547 I AssistStructure: Flattened final assist data: 9980 bytes, containing 1 windows, 88 views
10-09 15:19:05.935  1365  1995 D ContentCapturePerUserService: Notified activity assist data for activity: Token{7c64f58 ActivityRecord{59d9196 u0 com.amazon.mShop.android.shopping/com.amazon.mShop.search.RetailSearchActivity t488}} without a session Id
10-09 15:19:05.955 31547 31547 W BundleAuditor: com.amazon.mShop.home.web.MShopWebGatewayActivity-save [10,932] (android.os.Bundle) Bundle[{android:viewHierarchyState=Bundle[{android:views={16908290=android.view.AbsSavedState$1@8aec65a, 2131689636=android.view.AbsSavedState$1@8aec65a, 2131689639=android.view.AbsSavedState$1@8aec65a, 2131689640=android.view.AbsSavedState$1@8aec65a, 2131689647=android.view.AbsSavedState$1@8aec65a, 2131689686=android.view.AbsSavedState$1@8aec65a, 2131689937=android.view.AbsSavedState$1@8aec65a, 2131689943=android.view.AbsSavedState$1@8aec65a, 2131689944=android.view.AbsSavedState$1@8aec65a, 2131689945=android.view.AbsSavedState$1@8aec65a, 2131690332=android.view.AbsSavedState$1@8aec65a, 2131690333=android.view.AbsSavedState$1@8aec65a, 2131690334=android.view.AbsSavedState$1@8aec65a, 2131690335=android.view.AbsSavedState$1@8aec65a, 2131690336=android.view.AbsSavedState$1@8aec65a, 2131690337=android.view.AbsSavedState$1@8aec65a, 2131690338=android.view.AbsSavedState$1@8aec65a, 2131690339=android.view.AbsSavedState$1@8aec65a, 2131690341=android.view.AbsSavedState$1@8aec65a, 2131690342=android.view.AbsSavedState$1@8aec65a, 2131690343=android.view.AbsSavedState$1@8aec65a, 2131690344=android.view.AbsSavedState$1@8aec65a, 2131690345=android.view.AbsSavedState$1@8aec65a, 2131690346=android.view.AbsSavedState$1@8aec65a, 2131690824=android.support.v4.widget.DrawerLayout$SavedState@676108b, 2131690827=AbsListView.SavedState{fd19568 selectedId=-9223372036854775808 firstId=-1 viewTop=0 position=0 height=2404 filter=null checkState={}}, 2131690835=android.view.AbsSavedState$1@8aec65a, 2131690836=android.view.AbsSavedState$1@8aec65a, 2131690837=android.view.AbsSavedState$1@8aec65a, 2131690838=android.view.AbsSavedState$1@8aec65a, 2131690840=android.view.AbsSavedState$1@8aec65a, 2131690841=android.view.AbsSavedState$1@8aec65a, 2131690842=android.view.AbsSavedState$1@8aec65a, 2131690843=android.view.AbsSavedState$1@8aec65a, 2131690844=android.view.AbsSavedState$1@8aec65a, 2131690845=android.view.AbsSavedState$1@8aec65a, 2131690846=AbsListView.SavedState{e327d81 selectedId=-9223372036854775808 firstId=-1 viewTop=0 position=0 height=0 filter=null checkState={}}, 2131690847=android.view.AbsSavedState$1@8aec65a, 2131691185=Bundle[{superState=android.view.AbsSavedState$1@8aec65a, stackState=1 items
10-09 15:19:05.955 31547 31547 W BundleAuditor: 0: tag=de936c42-42c0-40e1-a24a-60b1b9de8433 children=1 items
10-09 15:19:05.955 31547 31547 W BundleAuditor: 0:bookmark=null
10-09 15:19:05.955 31547 31547 W BundleAuditor: 
10-09 15:19:05.955 31547 31547 W BundleAuditor: }], 2131691260=android.view.AbsSavedState$1@8aec65a, 2131691261=android.view.AbsSavedState$1@8aec65a, 2131691490=android.view.AbsSavedState$1@8aec65a, 2131691491=android.view.AbsSavedState$1@8aec65a, 2131691492=android.view.AbsSavedState$1@8aec65a, 2131691493=android.view.AbsSavedState$1@8aec65a, 2131691494=TextView.SavedState{82ee26 start=0 end=0 text=}, 2131691496=android.view.AbsSavedState$1@8aec65a, 2131691911=android.view.AbsSavedState$1@8aec65a}}], android:support:fragments=android.support.v4.app.FragmentManagerState@3b32a67, FirstGatewayHit=true, PrevGatewayUrl=https://www.amazon.in/gp/gw/ajax/mshop.html, BaseActivity.properties.session_id=com.amazon.mShop.net.SessionIdSnapshot@cdea014, android:lastAutofillId=1073741826, android:fragments=android.app.FragmentManagerState@30870bd}]
10-09 15:19:05.955 31547 31547 V BundleAuditor: Audit took: 1ms
10-09 15:19:05.961 11662 11662 I GoogleInputMethodService: GoogleInputMethodService.onFinishInput():3184 
10-09 15:19:05.968 31470 31527 I appium  : Waiting up to 10000ms for device to be idle
10-09 15:19:05.968 11662 11662 I GoogleInputMethodService: GoogleInputMethodService.onStartInput():1830 
10-09 15:19:05.982 11370 11370 W lax     : Pending fill request while another request in the same session was triggered. [CONTEXT service_id=177 ]
10-09 15:19:05.999 31547 31547 W Choreographer: Frame time is 0.310216 ms in the future!  Check that graphics HAL is generating vsync timestamps using the correct timebase.
10-09 15:19:05.999  9061  9061 W Choreographer: Frame time is 0.335529 ms in the future!  Check that graphics HAL is generating vsync timestamps using the correct timebase.
10-09 15:19:05.999 20979 20979 W Choreographer: Frame time is 0.008914 ms in the future!  Check that graphics HAL is generating vsync timestamps using the correct timebase.
10-09 15:19:06.009  1365  3487 I AssistStructure: Flattened final assist data: 10084 bytes, containing 1 windows, 88 views
10-09 15:19:06.102   675   675 D android.hardware.power@1.3-service.pixel-libperfmgr: LAUNCH: 0
10-09 15:19:06.109 31547 31748 E ...ntity.auth.device.aa: No account mapping found for any account, returning null
10-09 15:19:06.356  1031  1031 I perfetto: probes_producer.cc:329  Producer stop (id=1427)
10-09 15:19:06.359  1032  1032 I perfetto: ng_service_impl.cc:1948 Tracing session 1427 ended, total sessions:1
10-09 15:19:06.806  1365  2993 V UserManagerService: dumpPackageWhitelistProblems(): using mode ENFORCE|IMPLICIT_WHITELIST|IMPLICIT_WHITELIST_SYSTEM
10-09 15:19:06.985 31547 31547 E ...ntity.auth.device.aa: No account mapping found for any account, returning null
10-09 15:19:06.987 31470 31527 I appium  : AppiumResponse: {"sessionId":"fce2bda5-724a-492e-b65e-6bb44988bdcf","value":null}
10-09 15:19:06.994 31547 31547 E ...ntity.auth.device.aa: No account mapping found for any account, returning null
10-09 15:19:07.001 31547 31726 E ...ntity.auth.device.aa: No account mapping found for any account, returning null
10-09 15:19:07.007 31547 31726 I chatty  : uid=10489(com.amazon.mShop.android.shopping) com.amazon.mSho identical 1 line
10-09 15:19:07.020 31547 31726 E ...ntity.auth.device.aa: No account mapping found for any account, returning null
10-09 15:19:07.961   888   888 I android.hardware.health@2.0-service.wahoo: SRAM data: 3661000
10-09 15:19:07.974  1787 14446 D PowerUI : can't show warning due to - plugged: true status unknown: false
10-09 15:19:08.108  1365  2993 V UserManagerService: dumpPackageWhitelistProblems(): using mode ENFORCE|IMPLICIT_WHITELIST|IMPLICIT_WHITELIST_SYSTEM
10-09 15:19:08.340 31547 31806 E ...ntity.auth.device.aa: No account mapping found for any account, returning null
10-09 15:19:09.301 31470 31527 I appium  : channel read invoked!
10-09 15:19:09.302 31470 31527 I appium  : channel read: POST /wd/hub/session/fce2bda5-724a-492e-b65e-6bb44988bdcf/element
10-09 15:19:09.303 31470 31527 I appium  : Find element command using 'id' with selector 'com.amazon.mShop.android.shopping:id/rs_search_src_text'.
10-09 15:19:09.303 31470 31527 I appium  : Waiting up to 10000ms for device to be idle
10-09 15:19:09.342 31470 31527 I appium  : AppiumResponse: {"sessionId":"fce2bda5-724a-492e-b65e-6bb44988bdcf","value":{"ELEMENT":"ef57b592-00a9-485b-b849-11c410d6bb1a","element-6066-11e4-a52e-4f735466cecf":"ef57b592-00a9-485b-b849-11c410d6bb1a"}}
10-09 15:19:09.554 31470 31527 I appium  : channel read invoked!
10-09 15:19:09.554 31470 31527 I appium  : channel read: POST /wd/hub/session/fce2bda5-724a-492e-b65e-6bb44988bdcf/element/ef57b592-00a9-485b-b849-11c410d6bb1a/value
10-09 15:19:09.556 31470 31527 I appium  : send keys to element command
10-09 15:19:09.592 11662 11662 I GoogleInputMethodService: GoogleInputMethodService.onStartInput():1830 
10-09 15:19:09.592 11662 11662 W SessionManager: SessionManager.beginSession():53 Try to begin an already begun session [INPUT_SESSION], end it first
10-09 15:19:10.124 11662 11662 I GoogleInputMethodService: GoogleInputMethodService.onStartInput():1830 
10-09 15:19:10.124 11662 11662 W SessionManager: SessionManager.beginSession():53 Try to begin an already begun session [INPUT_SESSION], end it first
10-09 15:19:10.137 31470 31527 I appium  : AppiumResponse: {"sessionId":"fce2bda5-724a-492e-b65e-6bb44988bdcf","value":null}
10-09 15:19:10.140 11662 11662 I ShortcutsDataManager: ShortcutsDataManager.onContentChanged():89 onContentChanged()
10-09 15:19:10.705 31983 31983 D AndroidRuntime: >>>>>> START com.android.internal.os.RuntimeInit uid 2000 <<<<<<
10-09 15:19:10.709 31983 31983 E libc    : Access denied finding property "persist.device_config.runtime_native_boot.profilebootclasspath"
10-09 15:19:10.709 31983 31983 E libc    : Access denied finding property "persist.device_config.runtime_native_boot.enable_apex_image"
10-09 15:19:10.709 31983 31983 I AndroidRuntime: Using default boot image
10-09 15:19:10.709 31983 31983 E libc    : Access denied finding property "persist.device_config.runtime_native_boot.disable_lock_profiling"
10-09 15:19:10.709 31983 31983 I AndroidRuntime: Leaving lock profiling enabled
10-09 15:19:10.709 31983 31983 E libc    : Access denied finding property "persist.device_config.runtime_native_boot.enable_generational_cc"
10-09 15:19:10.706 31983 31983 W app_process: type=1400 audit(0.0:7038): avc: denied { read } for name="u:object_r:device_config_runtime_native_boot_prop:s0" dev="tmpfs" ino=17856 scontext=u:r:shell:s0 tcontext=u:object_r:device_config_runtime_native_boot_prop:s0 tclass=file permissive=0
10-09 15:19:10.706 31983 31983 I chatty  : uid=2000(shell) app_process identical 2 lines
10-09 15:19:10.706 31983 31983 W app_process: type=1400 audit(0.0:7041): avc: denied { read } for name="u:object_r:device_config_runtime_native_boot_prop:s0" dev="tmpfs" ino=17856 scontext=u:r:shell:s0 tcontext=u:object_r:device_config_runtime_native_boot_prop:s0 tclass=file permissive=0
10-09 15:19:10.782  1031  1031 I perfetto: probes_producer.cc:329  Producer stop (id=1428)
10-09 15:19:10.783  1031  1031 I perfetto: ftrace_procfs.cc:183    disabled ftrace
10-09 15:19:10.784  1032  1032 I perfetto: ng_service_impl.cc:1948 Tracing session 1428 ended, total sessions:0
10-09 15:19:10.805 31983 31983 D app_process: Time zone APEX ICU file found: /apex/com.android.tzdata/etc/icu/icu_tzdata.dat
10-09 15:19:10.806 31983 31983 D app_process: I18n APEX ICU file found: /apex/com.android.i18n/etc/icu/icudt66l.dat
10-09 15:19:10.817 31983 31983 I app_process: The ClassLoaderContext is a special shared library.
10-09 15:19:10.834 31983 31983 W app_process: JNI RegisterNativeMethods: attempt to register 0 native methods for android.media.AudioAttributes
10-09 15:19:10.840 31983 31983 D AndroidRuntime: Calling main entry com.android.commands.input.Input
10-09 15:19:10.848 31547 31719 D LogMetricsUtil: Metrics recorded for Navigation to both PMET and Clickstream: [ [msp_ap_am_nav_c_s_txt,1.0,1] ,  [appVersion,11,1] ,  [HTTP_USER_AGENT,AMZN(Smartphone/Pixel 2 XL/A1MPSLFC7L5AFK,Android/11,Amazon_Android/MShop/18.14.0.100),1] ,  [locale,en_IN,1] ,  [ref-override,msp_ap_am_nav_c_s_txt,1] ,  [page-type,Navigation,1] ,  [hitType,pageTouch,1] ,  [team-name,Navigation,1] ,  [site_variant,Android App,1] ,  [RequestId,1803025AC1D94ACE83D0,1] ]
10-09 15:19:10.850 31547 31719 D LogMetricsUtil: Metrics recorded for Navigation to both PMET and Clickstream: [ [msp_ap_am_nav_c_s_txt_so,1.0,1] ,  [appVersion,11,1] ,  [HTTP_USER_AGENT,AMZN(Smartphone/Pixel 2 XL/A1MPSLFC7L5AFK,Android/11,Amazon_Android/MShop/18.14.0.100),1] ,  [locale,en_IN,1] ,  [ref-override,msp_ap_am_nav_c_s_txt_so,1] ,  [page-type,Navigation-DataOnly,1] ,  [hitType,dataOnly,1] ,  [team-name,Navigation,1] ,  [site_variant,Android App,1] ,  [RequestId,F31051E664DCBA978A07,1] ]
10-09 15:19:10.852 31547 31719 D LogMetricsUtil: Metrics recorded for Navigation to both PMET and Clickstream: [ [msp_ap_am_nav_c_s_txt_so_p_se,1.0,1] ,  [appVersion,11,1] ,  [HTTP_USER_AGENT,AMZN(Smartphone/Pixel 2 XL/A1MPSLFC7L5AFK,Android/11,Amazon_Android/MShop/18.14.0.100),1] ,  [locale,en_IN,1] ,  [ref-override,msp_ap_am_nav_c_s_txt_so_p_se,1] ,  [page-type,Navigation-DataOnly,1] ,  [hitType,dataOnly,1] ,  [team-name,Navigation,1] ,  [site_variant,Android App,1] ,  [RequestId,8645F59C3DC91630A1DF,1] ]
10-09 15:19:10.876 31983 31983 D AndroidRuntime: Shutting down VM
10-09 15:19:10.876 11662 11662 I GoogleInputMethodService: GoogleInputMethodService.onFinishInput():3184 
10-09 15:19:10.876 11662 11662 I GoogleInputMethodService: GoogleInputMethodService.onStartInput():1830 
10-09 15:19:10.877 11662 11662 I ShortcutsDataManager: AbstractContentDataManager.startImportContentTask():208 startImportContentTask()
10-09 15:19:10.877 11662 11741 I ShortcutsDataManager: AbstractContentDataManager$ImportContentTask.doInBackground():222 doInBackground()
10-09 15:19:10.878 11662 11741 I PersonalDictionaryDataHandler: PersonalDictionaryDataHandler.beginProcess():111 LanguageTags = [en-US]
10-09 15:19:10.890   888   888 I android.hardware.health@2.0-service.wahoo: SRAM data: 3661000
10-09 15:19:09.470  1365  2993 I chatty  : uid=1000(system) Binder:1365_10 identical 1 line
10-09 15:19:10.746  1365  2993 V UserManagerService: dumpPackageWhitelistProblems(): using mode ENFORCE|IMPLICIT_WHITELIST|IMPLICIT_WHITELIST_SYSTEM
10-09 15:19:10.895  1787 15102 D PowerUI : can't show warning due to - plugged: true status unknown: false
10-09 15:19:10.899 11662 11741 I ShortcutsDataManager: AbstractContentDataManager.importRecords():312 importRecords() : Success : Count = 0
10-09 15:19:10.907 11662 11741 I ShortcutsDataManager: AbstractContentDataManager.importContentData():262 importContentData() : Ending import process
10-09 15:19:10.921 11662 11741 I PersonalLanguageModelUpdater: PersonalLanguageModelUpdater$UpdateOperation.performInternal():162 run() : Added 0 words and 0 shortcuts
10-09 15:19:10.921 11662 11741 I DynamicLanguageModelOperation: DynamicLanguageModelOperation.perform():37 perform() : 4 : cqp : Completed
10-09 15:19:10.921 11662 11733 I Delight5Decoder: Delight5DecoderWrapper.loadLanguageModel():571 loadLanguageModel() : 4, version [n/a]
10-09 15:19:10.922 11662 11662 I ShortcutsDataManager: AbstractContentDataManager$ImportContentTask.onPostExecute():233 onPostExecute() : Result = [2,0]
10-09 15:19:10.922 11662 11662 I ShortcutsDataManager: ShortcutsDataManager.onImportFinished():99 onImportFinished() : Result = 2 : Count = 0
10-09 15:19:10.922 11662 11733 I Delight5Decoder: Delight5DecoderWrapper.loadLanguageModel():609 Loaded dynamic LM 4.en
10-09 15:19:11.484 31470 31527 I appium  : channel read invoked!
10-09 15:19:11.484 31470 31527 I appium  : channel read: POST /wd/hub/session/fce2bda5-724a-492e-b65e-6bb44988bdcf/elements
10-09 15:19:11.487 31470 31527 I appium  : Find elements command using 'id' with selector 'com.amazon.mShop.android.shopping:id/item_title'.
10-09 15:19:11.487 31470 31527 I appium  : Waiting up to 10000ms for device to be idle
10-09 15:19:11.766 31547 31547 D AddToCartUtil: java.lang.reflect.InvocationTargetException
10-09 15:19:11.910  1365  3487 V UserManagerService: dumpPackageWhitelistProblems(): using mode ENFORCE|IMPLICIT_WHITELIST|IMPLICIT_WHITELIST_SYSTEM
10-09 15:19:11.834 31547 31547 I chatty  : uid=10489(com.amazon.mShop.android.shopping) identical 3 lines
10-09 15:19:11.914 31547 31547 D AddToCartUtil: java.lang.reflect.InvocationTargetException
10-09 15:19:11.929 31547 31547 E ...ntity.auth.device.aa: No account mapping found for any account, returning null
10-09 15:19:11.935 31547 31547 E ...ntity.auth.device.aa: No account mapping found for any account, returning null
10-09 15:19:11.936 31547 31547 I F3_Subnav_call_pattern: Current searchAlias: gateway
10-09 15:19:11.938 31547 31547 I F3_Subnav_call_pattern: Should display F3 Subnav.
10-09 15:19:11.938 31547 31547 W CSMValidator: Provided string data: Amazon Shopping does not match the accepted pattern [A-Za-z0-9_\-\.\:\;]+
10-09 15:19:11.942 31547 31547 E ...ntity.auth.device.aa: No account mapping found for any account, returning null
10-09 15:19:12.484 31547 31547 E ndroid.shoppin: No package ID 0a found for ID 0x0a9fc327.
10-09 15:19:12.528 31547 31547 E ndroid.shoppin: No package ID 89 found for ID 0x89b3ce14.
10-09 15:19:12.541 31547 31547 E ndroid.shoppin: No package ID ce found for ID 0xcef42c68.
10-09 15:19:12.553 31547 31547 E ndroid.shoppin: No package ID fe found for ID 0xfeac107c.
10-09 15:19:12.570 31547 31547 E ndroid.shoppin: No package ID bb found for ID 0xbbe79901.
10-09 15:19:12.592 31470 31527 I appium  : AppiumResponse: {"sessionId":"fce2bda5-724a-492e-b65e-6bb44988bdcf","value":[{"ELEMENT":"4e062fca-12ce-4df6-b429-9d9576d71133","element-6066-11e4-a52e-4f735466cecf":"4e062fca-12ce-4df6-b429-9d9576d71133"},{"ELEMENT":"8aad9def-d8bd-4a68-a249-e107cdb9cd0a","element-6066-11e4-a52e-4f735466cecf":"8aad9def-d8bd-4a68-...
10-09 15:19:12.659 31547 31559 I ndroid.shoppin: Background concurrent copying GC freed 442065(22MB) AllocSpace objects, 103(4464KB) LOS objects, 49% free, 12MB/25MB, paused 92us total 127.873ms
10-09 15:19:12.793 31470 31527 I appium  : channel read invoked!
10-09 15:19:12.793 31470 31527 I appium  : channel read: POST /wd/hub/session/fce2bda5-724a-492e-b65e-6bb44988bdcf/elements
10-09 15:19:12.797 31470 31527 I appium  : Find elements command using 'id' with selector 'com.amazon.mShop.android.shopping:id/item_title'.
10-09 15:19:12.797 31470 31527 I appium  : Waiting up to 10000ms for device to be idle
10-09 15:19:13.177  1365  3532 V UserManagerService: dumpPackageWhitelistProblems(): using mode ENFORCE|IMPLICIT_WHITELIST|IMPLICIT_WHITELIST_SYSTEM
10-09 15:19:13.335   888   888 I android.hardware.health@2.0-service.wahoo: SRAM data: 3661000
10-09 15:19:13.343  1787 15123 D PowerUI : can't show warning due to - plugged: true status unknown: false
10-09 15:19:13.391 31547 32043 V SunsetConfigDownloaderService: sunsetting-upgrade-config.json file already exists and not older than 86400000 millis
10-09 15:19:13.392 31547 32043 V SunsetConfigDownloaderService: sunsetting-version-update-config.json file already exists and not older than 86400000 millis
10-09 15:19:13.392 31547 32043 V SunsetConfigDownloaderService: sunsetting-black-days-config.json file already exists and not older than 604800000 millis
10-09 15:19:13.646 31547 31547 E ndroid.shoppin: No package ID 0a found for ID 0x0a9fc327.
10-09 15:19:13.697 31547 31547 E ndroid.shoppin: No package ID 89 found for ID 0x89b3ce14.
10-09 15:19:13.716 31547 31547 E ndroid.shoppin: No package ID ce found for ID 0xcef42c68.
10-09 15:19:13.734 31547 31547 E ndroid.shoppin: No package ID fe found for ID 0xfeac107c.
10-09 15:19:13.769 31547 31547 E ndroid.shoppin: No package ID bb found for ID 0xbbe79901.
10-09 15:19:13.806 31470 31527 I appium  : AppiumResponse: {"sessionId":"fce2bda5-724a-492e-b65e-6bb44988bdcf","value":[{"ELEMENT":"b447d71a-ab8e-45cc-8d50-2c3de89230f0","element-6066-11e4-a52e-4f735466cecf":"b447d71a-ab8e-45cc-8d50-2c3de89230f0"},{"ELEMENT":"e98ec149-e0db-490a-a94e-08f3ef2bca92","element-6066-11e4-a52e-4f735466cecf":"e98ec149-e0db-490a-...
10-09 15:19:13.915 31470 31527 I appium  : channel read invoked!
10-09 15:19:13.915 31470 31527 I appium  : channel read: GET /wd/hub/session/fce2bda5-724a-492e-b65e-6bb44988bdcf/element/b447d71a-ab8e-45cc-8d50-2c3de89230f0/text
10-09 15:19:13.917 31470 31527 I appium  : Get Text of element command
10-09 15:19:13.933 31470 31527 I appium  : Get Text :Mi TV 4X 163.9 cm (65 Inches) 4K Ultra HD Android LED TV (Black)
10-09 15:19:13.934 31470 31527 I appium  : AppiumResponse: {"sessionId":"fce2bda5-724a-492e-b65e-6bb44988bdcf","value":"Mi TV 4X 163.9 cm (65 Inches) 4K Ultra HD Android LED TV (Black)"}
10-09 15:19:13.978 31470 31527 I appium  : channel read invoked!
10-09 15:19:13.978 31470 31527 I appium  : channel read: POST /wd/hub/session/fce2bda5-724a-492e-b65e-6bb44988bdcf/elements
10-09 15:19:13.980 31470 31527 I appium  : Find elements command using 'id' with selector 'com.amazon.mShop.android.shopping:id/item_title'.
10-09 15:19:13.980 31470 31527 I appium  : Waiting up to 10000ms for device to be idle
10-09 15:19:14.005 31547 31547 E ndroid.shoppin: No package ID 0a found for ID 0x0a9fc327.
10-09 15:19:14.060 31547 31547 E ndroid.shoppin: No package ID 89 found for ID 0x89b3ce14.
10-09 15:19:14.078 31547 31547 E ndroid.shoppin: No package ID ce found for ID 0xcef42c68.
10-09 15:19:14.104 31547 31547 E ndroid.shoppin: No package ID fe found for ID 0xfeac107c.
10-09 15:19:14.142 31547 31547 E ndroid.shoppin: No package ID bb found for ID 0xbbe79901.
10-09 15:19:14.170 31470 31527 I appium  : AppiumResponse: {"sessionId":"fce2bda5-724a-492e-b65e-6bb44988bdcf","value":[{"ELEMENT":"862341e7-faba-4aec-b315-c6bae8a766dd","element-6066-11e4-a52e-4f735466cecf":"862341e7-faba-4aec-b315-c6bae8a766dd"},{"ELEMENT":"e6a0bb24-648a-4305-b445-c303ca8968ed","element-6066-11e4-a52e-4f735466cecf":"e6a0bb24-648a-4305-...
10-09 15:19:14.199 31470 31527 I appium  : channel read invoked!
10-09 15:19:14.199 31470 31527 I appium  : channel read: GET /wd/hub/session/fce2bda5-724a-492e-b65e-6bb44988bdcf/element/e6a0bb24-648a-4305-b445-c303ca8968ed/text
10-09 15:19:14.200 31470 31527 I appium  : Get Text of element command
10-09 15:19:14.210 31470 31527 I appium  : Get Text :LG 164 cm (65 inches) 4K Ultra HD Smart IPS LED TV 65UM7290PTD (Ceramic Black) (2020 Model)
10-09 15:19:14.211 31470 31527 I appium  : AppiumResponse: {"sessionId":"fce2bda5-724a-492e-b65e-6bb44988bdcf","value":"LG 164 cm (65 inches) 4K Ultra HD Smart IPS LED TV 65UM7290PTD (Ceramic Black) (2020 Model)"}
10-09 15:19:14.243 31470 31527 I appium  : channel read invoked!
10-09 15:19:14.243 31470 31527 I appium  : channel read: POST /wd/hub/session/fce2bda5-724a-492e-b65e-6bb44988bdcf/elements
10-09 15:19:14.245 31470 31527 I appium  : Find elements command using 'id' with selector 'com.amazon.mShop.android.shopping:id/item_title'.
10-09 15:19:14.245 31470 31527 I appium  : Waiting up to 10000ms for device to be idle
10-09 15:19:14.259 31547 31547 E ndroid.shoppin: No package ID 0a found for ID 0x0a9fc327.
10-09 15:19:14.310 31547 31547 E ndroid.shoppin: No package ID 89 found for ID 0x89b3ce14.
10-09 15:19:14.329 31547 31547 E ndroid.shoppin: No package ID ce found for ID 0xcef42c68.
10-09 15:19:14.346 31547 31547 E ndroid.shoppin: No package ID fe found for ID 0xfeac107c.
10-09 15:19:14.394  1365  3532 V UserManagerService: dumpPackageWhitelistProblems(): using mode ENFORCE|IMPLICIT_WHITELIST|IMPLICIT_WHITELIST_SYSTEM
10-09 15:19:14.397 31547 31547 E ndroid.shoppin: No package ID bb found for ID 0xbbe79901.
10-09 15:19:14.436 31470 31527 I appium  : AppiumResponse: {"sessionId":"fce2bda5-724a-492e-b65e-6bb44988bdcf","value":[{"ELEMENT":"703abad0-977a-46a5-9c27-642a1e839ca7","element-6066-11e4-a52e-4f735466cecf":"703abad0-977a-46a5-9c27-642a1e839ca7"},{"ELEMENT":"06bb3304-2966-4b3b-abd8-193bfa2952f0","element-6066-11e4-a52e-4f735466cecf":"06bb3304-2966-4b3b-...
10-09 15:19:14.457 31470 31527 I appium  : channel read invoked!
10-09 15:19:14.458 31470 31527 I appium  : channel read: GET /wd/hub/session/fce2bda5-724a-492e-b65e-6bb44988bdcf/element/06bb3304-2966-4b3b-abd8-193bfa2952f0/text
10-09 15:19:14.459 31470 31527 I appium  : Get Text of element command
10-09 15:19:14.484 31470 31527 I appium  : Get Text :LG 164 cm (65 inches) 4K Ultra HD Smart IPS LED TV 65UM7290PTD (Ceramic Black) (2020 Model)
10-09 15:19:14.485 31470 31527 I appium  : AppiumResponse: {"sessionId":"fce2bda5-724a-492e-b65e-6bb44988bdcf","value":"LG 164 cm (65 inches) 4K Ultra HD Smart IPS LED TV 65UM7290PTD (Ceramic Black) (2020 Model)"}
10-09 15:19:14.510 31470 31527 I appium  : channel read invoked!
10-09 15:19:14.511 31470 31527 I appium  : channel read: POST /wd/hub/session/fce2bda5-724a-492e-b65e-6bb44988bdcf/elements
10-09 15:19:14.512 31470 31527 I appium  : Find elements command using 'id' with selector 'com.amazon.mShop.android.shopping:id/item_title'.
10-09 15:19:14.513 31470 31527 I appium  : Waiting up to 10000ms for device to be idle
10-09 15:19:14.538 31547 31547 E ndroid.shoppin: No package ID 0a found for ID 0x0a9fc327.
10-09 15:19:14.558 31547 31547 E ndroid.shoppin: No package ID 89 found for ID 0x89b3ce14.
10-09 15:19:14.569 31547 31547 E ndroid.shoppin: No package ID ce found for ID 0xcef42c68.
10-09 15:19:14.579 31547 31547 E ndroid.shoppin: No package ID fe found for ID 0xfeac107c.
10-09 15:19:14.598 31547 31547 E ndroid.shoppin: No package ID bb found for ID 0xbbe79901.
10-09 15:19:14.618 31470 31527 I appium  : AppiumResponse: {"sessionId":"fce2bda5-724a-492e-b65e-6bb44988bdcf","value":[{"ELEMENT":"a22e8bab-6769-4ecd-a031-6c9f2a6f3d76","element-6066-11e4-a52e-4f735466cecf":"a22e8bab-6769-4ecd-a031-6c9f2a6f3d76"},{"ELEMENT":"6dca2136-a9ea-46b5-88e8-db62e999738c","element-6066-11e4-a52e-4f735466cecf":"6dca2136-a9ea-46b5-...
10-09 15:19:14.642 31470 31527 I appium  : channel read invoked!
10-09 15:19:14.643 31470 31527 I appium  : channel read: POST /wd/hub/session/fce2bda5-724a-492e-b65e-6bb44988bdcf/element/6dca2136-a9ea-46b5-88e8-db62e999738c/click
10-09 15:19:14.643 31470 31527 I appium  : Click element command
10-09 15:19:14.714 11662 11662 I GoogleInputMethodService: GoogleInputMethodService.onFinishInput():3184 
10-09 15:19:14.715 11662 11662 I GoogleInputMethodService: GoogleInputMethodService.onStartInput():1830 
10-09 15:19:14.726 31470 31527 I appium  : Waiting up to 10000ms for device to be idle
10-09 15:19:15.068 31547 31547 I SmileMarketplaceChecker: Marketplace not supported for smile: A21TJRUUN4KGV
10-09 15:19:15.069  1049  1558 W ServiceManager: Permission failure: android.permission.SYSTEM_CAMERA from uid=10489 pid=31547
10-09 15:19:15.070  1049  1558 I chatty  : uid=1047(cameraserver) Binder:1049_1 identical 2 lines
10-09 15:19:15.070  1049  1558 W ServiceManager: Permission failure: android.permission.SYSTEM_CAMERA from uid=10489 pid=31547
10-09 15:19:15.079 31547 31547 D InteractionNavigationListener: Received forward navigation
10-09 15:19:15.079 31547 31547 D InteractionMonitor: Creating new interaction for context com.amazon.mShop.web.MShopWebView{c3a00e0 VFEDH.C.. .F....I. 0,0-0,0}
10-09 15:19:15.090 31547 31547 D SmashBootstrapper: Bootstrapping registered with asset cordova-mash-full-1.11.js
10-09 15:19:15.093 31547 31547 W Amazon  : missing associate tag : 
10-09 15:19:15.100 11662 11662 I GoogleInputMethodService: GoogleInputMethodService.onFinishInput():3184 
10-09 15:19:15.100 11662 11662 I GoogleInputMethodService: GoogleInputMethodService.onStartInput():1830 
10-09 15:19:15.494 31547 31547 D MASHWebView: Clearing timeout
10-09 15:19:15.575  1365  1995 V UserManagerService: dumpPackageWhitelistProblems(): using mode ENFORCE|IMPLICIT_WHITELIST|IMPLICIT_WHITELIST_SYSTEM
10-09 15:19:15.581   888   888 I android.hardware.health@2.0-service.wahoo: SRAM data: 3661000
10-09 15:19:15.585  1787 15650 D PowerUI : can't show warning due to - plugged: true status unknown: false
10-09 15:19:15.773 31547 31774 D SmashBootstrapper: Initializing local loading using cordova-mash-full-1.11.js
10-09 15:19:15.834 31547 31774 D CordovaNetworkManager: toLower : wifi
10-09 15:19:15.834 31547 31774 D CordovaNetworkManager: wifi : wifi
10-09 15:19:15.834 31547 31774 D CordovaNetworkManager: Connection Type: wifi
10-09 15:19:15.834 31547 31774 D CordovaNetworkManager: Connection Extra Info: 
10-09 15:19:15.834 31547 31547 D CordovaNetworkManager: toLower : wifi
10-09 15:19:15.835 31547 31547 D CordovaNetworkManager: wifi : wifi
10-09 15:19:15.835 31547 31547 D CordovaNetworkManager: Connection Type: wifi
10-09 15:19:15.835 31547 31547 D CordovaNetworkManager: Connection Extra Info: 
10-09 15:19:16.101 31470 31527 I appium  : AppiumResponse: {"sessionId":"fce2bda5-724a-492e-b65e-6bb44988bdcf","value":null}
10-09 15:19:16.305 31547 31547 E ndroid.shoppin: No package ID 89 found for ID 0x89b3ce14.
10-09 15:19:16.306 31547 31547 E ndroid.shoppin: No package ID ce found for ID 0xcef42c68.
10-09 15:19:16.306 31547 31547 E ndroid.shoppin: No package ID fe found for ID 0xfeac107c.
10-09 15:19:16.306 31547 31547 E ndroid.shoppin: No package ID 0a found for ID 0x0a9fc327.
10-09 15:19:16.306 31547 31547 E ndroid.shoppin: No package ID bb found for ID 0xbbe79901.
10-09 15:19:16.306 31547 31547 E ndroid.shoppin: No package ID 89 found for ID 0x89b3ce14.
10-09 15:19:16.306 31547 31547 I chatty  : uid=10489(com.amazon.mShop.android.shopping) identical 1 line
10-09 15:19:16.308 31547 31547 E ndroid.shoppin: No package ID 89 found for ID 0x89b3ce14.
10-09 15:19:16.308 31547 31547 E ndroid.shoppin: No package ID ce found for ID 0xcef42c68.
10-09 15:19:16.308 31547 31547 I chatty  : uid=10489(com.amazon.mShop.android.shopping) identical 1 line
10-09 15:19:16.309 31547 31547 E ndroid.shoppin: No package ID ce found for ID 0xcef42c68.
10-09 15:19:16.309 31547 31547 E ndroid.shoppin: No package ID fe found for ID 0xfeac107c.
10-09 15:19:16.309 31547 31547 I chatty  : uid=10489(com.amazon.mShop.android.shopping) identical 1 line
10-09 15:19:16.311 31547 31547 E ndroid.shoppin: No package ID fe found for ID 0xfeac107c.
10-09 15:19:16.311 31547 31547 E ndroid.shoppin: No package ID 0a found for ID 0x0a9fc327.
10-09 15:19:16.311 31547 31547 I chatty  : uid=10489(com.amazon.mShop.android.shopping) identical 1 line
10-09 15:19:16.312 31547 31547 E ndroid.shoppin: No package ID 0a found for ID 0x0a9fc327.
10-09 15:19:16.313 31547 31547 E ndroid.shoppin: No package ID bb found for ID 0xbbe79901.
10-09 15:19:16.313 31547 31547 I chatty  : uid=10489(com.amazon.mShop.android.shopping) identical 1 line
10-09 15:19:16.316 31547 31547 E ndroid.shoppin: No package ID bb found for ID 0xbbe79901.
10-09 15:19:16.321 31547 31547 I AssistStructure: Flattened final assist data: 52144 bytes, containing 1 windows, 487 views
10-09 15:19:16.322  1365  3532 D ContentCapturePerUserService: Notified activity assist data for activity: Token{7c64f58 ActivityRecord{59d9196 u0 com.amazon.mShop.android.shopping/com.amazon.mShop.search.RetailSearchActivity t488}} without a session Id
10-09 15:19:16.332 11370 11370 W lax     : Pending fill request while another request in the same session was triggered. [CONTEXT service_id=177 ]
10-09 15:19:16.336  1365  1995 I AssistStructure: Flattened final assist data: 51368 bytes, containing 1 windows, 487 views
10-09 15:19:16.398 11370 22312 I kfv     : Unsupported field type provided by Chrome= [CONTEXT service_id=177 ]
10-09 15:19:16.679  1365  3002 V UserManagerService: dumpPackageWhitelistProblems(): using mode ENFORCE|IMPLICIT_WHITELIST|IMPLICIT_WHITELIST_SYSTEM
10-09 15:19:16.877  1365  1365 W AutofillSession: handleLogContextCommitted(): last response is null
10-09 15:19:16.879  2141  2141 V InlineSuggestionRenderService: handleDestroySuggestionViews called for 0:915515664
10-09 15:19:16.958 31547 31729 D MobileLoggingSuite: Executing Sushi UploadTask...
10-09 15:19:16.958 31547 31729 D MobileLoggingSuite: Starting upload of previously persisted events in path /data/user/0/com.amazon.mShop.android.shopping/files/mls/nexus/sushi_normal
10-09 15:19:16.962 31547 31729 D MobileLoggingSuite: Uploading sushi file '/data/user/0/com.amazon.mShop.android.shopping/files/mls/nexus/sushi_normal/file_ring/v2_1_eu_15'...
10-09 15:19:17.943  1365  3532 V UserManagerService: dumpPackageWhitelistProblems(): using mode ENFORCE|IMPLICIT_WHITELIST|IMPLICIT_WHITELIST_SYSTEM
10-09 15:19:18.016 31547 31729 I MobileLoggingSuite: Received HTTP_OK when uploading file
10-09 15:19:18.016 31547 31729 D MobileLoggingSuite: Upload of Sushi file '/data/user/0/com.amazon.mShop.android.shopping/files/mls/nexus/sushi_normal/file_ring/v2_1_eu_15' successful.
10-09 15:19:18.016 31547 31729 D MobileLoggingSuite: Completed upload of previously persisted events in path /data/user/0/com.amazon.mShop.android.shopping/files/mls/nexus/sushi_normal
10-09 15:19:18.016 31547 31729 D MobileLoggingSuite: Sushi UploadTask completed successfully
10-09 15:19:18.825 31547 31547 I EventCenter: Forwarded event: <productKnowledgeContextChanged, {"metadata":{"source":"DETAILS_PAGE"},"products":[{"asin":"B08CBZ4JQ2","marketplaceId":"A21TJRUUN4KGV"}],"__private_already_forwarded":true}>
10-09 15:19:18.825 31547 31547 D ListAppBarEventHandler: Unknown intent type Intent { act=com.amazon.mShop.mash.notification (has extras) }
10-09 15:19:18.825 31547 32091 D EventCenter: Dropping event as it was already forwarded: <productKnowledgeContextChanged, {"metadata":{"source":"DETAILS_PAGE"},"products":[{"asin":"B08CBZ4JQ2","marketplaceId":"A21TJRUUN4KGV"}],"__private_already_forwarded":true}>
10-09 15:19:19.144 31470 31527 I appium  : channel read invoked!
10-09 15:19:19.144 31470 31527 I appium  : channel read: POST /wd/hub/session/fce2bda5-724a-492e-b65e-6bb44988bdcf/element
10-09 15:19:19.144 31470 31527 I appium  : Find element command using 'id' with selector 'com.amazon.mShop.android.shopping:id/name'.
10-09 15:19:19.145 31470 31527 I appium  : Waiting up to 10000ms for device to be idle
10-09 15:19:19.318 31470 31527 I appium  : AppiumResponse: {"sessionId":"fce2bda5-724a-492e-b65e-6bb44988bdcf","value":{"error":"no such element","message":"An element could not be located on the page using the given search parameters","stacktrace":"io.appium.uiautomator2.common.exceptions.ElementNotFoundException: An element could not be located on the ...
10-09 15:19:19.844 31470 31527 I appium  : channel read invoked!
10-09 15:19:19.844 31470 31527 I appium  : channel read: POST /wd/hub/session/fce2bda5-724a-492e-b65e-6bb44988bdcf/element
10-09 15:19:19.845 31470 31527 I appium  : Find element command using 'id' with selector 'com.amazon.mShop.android.shopping:id/name'.
10-09 15:19:19.845 31470 31527 I appium  : Waiting up to 10000ms for device to be idle
10-09 15:19:19.075  1365  3532 V UserManagerService: dumpPackageWhitelistProblems(): using mode ENFORCE|IMPLICIT_WHITELIST|IMPLICIT_WHITELIST_SYSTEM
10-09 15:19:20.187  1365  3002 V UserManagerService: dumpPackageWhitelistProblems(): using mode ENFORCE|IMPLICIT_WHITELIST|IMPLICIT_WHITELIST_SYSTEM
10-09 15:19:20.271 31547 31547 I EventCenter: Forwarded event: <wishlist.ListenersEnabled, {"__private_already_forwarded":true}>
10-09 15:19:20.271 31547 32091 D EventCenter: Dropping event as it was already forwarded: <wishlist.ListenersEnabled, {"__private_already_forwarded":true}>
10-09 15:19:20.271 31547 31547 D ListAppBarEventHandler: Unknown intent type Intent { act=com.amazon.mShop.mash.notification (has extras) }
10-09 15:19:21.136 31547 31547 I EventCenter: Forwarded event: <productKnowledgeContextChanged, {"metadata":{"source":"DETAILS_PAGE"},"products":[{"asin":"B08CBZ4JQ2","marketplaceId":"A21TJRUUN4KGV"}],"__private_already_forwarded":true}>
10-09 15:19:21.136 31547 32091 D EventCenter: Dropping event as it was already forwarded: <productKnowledgeContextChanged, {"metadata":{"source":"DETAILS_PAGE"},"products":[{"asin":"B08CBZ4JQ2","marketplaceId":"A21TJRUUN4KGV"}],"__private_already_forwarded":true}>
10-09 15:19:21.136 31547 31547 D ListAppBarEventHandler: Unknown intent type Intent { act=com.amazon.mShop.mash.notification (has extras) }
10-09 15:19:21.298  1365  9987 V UserManagerService: dumpPackageWhitelistProblems(): using mode ENFORCE|IMPLICIT_WHITELIST|IMPLICIT_WHITELIST_SYSTEM
10-09 15:19:25.405 31470 31527 I appium  : AppiumResponse: {"sessionId":"fce2bda5-724a-492e-b65e-6bb44988bdcf","value":{"error":"no such element","message":"An element could not be located on the page using the given search parameters","stacktrace":"io.appium.uiautomator2.common.exceptions.ElementNotFoundException: An element could not be located on the ...
10-09 15:19:25.633   888   888 I android.hardware.health@2.0-service.wahoo: SRAM data: 3661000
10-09 15:19:23.536  1365  9987 I chatty  : uid=1000(system) Binder:1365_20 identical 2 lines
10-09 15:19:24.646  1365  9987 V UserManagerService: dumpPackageWhitelistProblems(): using mode ENFORCE|IMPLICIT_WHITELIST|IMPLICIT_WHITELIST_SYSTEM
10-09 15:19:25.639  1787  8438 D PowerUI : can't show warning due to - plugged: true status unknown: false
10-09 15:19:25.868  1365  3532 V UserManagerService: dumpPackageWhitelistProblems(): using mode ENFORCE|IMPLICIT_WHITELIST|IMPLICIT_WHITELIST_SYSTEM
10-09 15:19:25.939 31470 31527 I appium  : channel read invoked!
10-09 15:19:25.940 31470 31527 I appium  : channel read: POST /wd/hub/session/fce2bda5-724a-492e-b65e-6bb44988bdcf/element
10-09 15:19:25.943 31470 31527 I appium  : Find element command using 'id' with selector 'com.amazon.mShop.android.shopping:id/name'.
10-09 15:19:25.944 31470 31527 I appium  : Waiting up to 10000ms for device to be idle
10-09 15:19:26.022   888   888 I android.hardware.health@2.0-service.wahoo: SRAM data: 3661000
10-09 15:19:26.170 31470 31527 I appium  : AppiumResponse: {"sessionId":"fce2bda5-724a-492e-b65e-6bb44988bdcf","value":{"error":"no such element","message":"An element could not be located on the page using the given search parameters","stacktrace":"io.appium.uiautomator2.common.exceptions.ElementNotFoundException: An element could not be located on the ...
10-09 15:19:26.394   888   888 I android.hardware.health@2.0-service.wahoo: SRAM data: 3661000
10-09 15:19:26.400  1787  2373 D PowerUI : can't show warning due to - plugged: true status unknown: false
10-09 15:19:26.688 31470 31527 I appium  : channel read invoked!
