--------- beginning of main
10-09 15:18:12.674   888   888 I android.hardware.health@2.0-service.wahoo: SRAM data: 3661000
--------- beginning of system
10-09 15:18:12.684  1787  2373 D PowerUI : can't show warning due to - plugged: true status unknown: false
10-09 15:18:14.528 31097 31099 I cmd     : oneway function results will be dropped but finished with status OK and parcel size 4
10-09 15:18:14.631 31103 31105 I cmd     : oneway function results will be dropped but finished with status OK and parcel size 4
10-09 15:18:14.716 31109 31111 I cmd     : oneway function results will be dropped but finished with status OK and parcel size 4
10-09 15:18:14.868   643   643 I servicemanager: Since 'apexservice' could not be found, trying to start it as a lazy AIDL service
10-09 15:18:14.923   643   643 I BpBinder: onLastStrongRef automatically unlinking death recipients: <uncached descriptor>
10-09 15:18:14.923   643   643 I servicemanager: Tried to unregister apexservice, but there is about to be a client.
10-09 15:18:15.640 31133 31134 I cmd     : oneway function results will be dropped but finished with status OK and parcel size 4
10-09 15:18:15.922   643   643 I servicemanager: Notifying apexservice they have clients: 1
10-09 15:18:16.663  1365  2988 V UserManagerService: dumpPackageWhitelistProblems(): using mode ENFORCE|IMPLICIT_WHITELIST|IMPLICIT_WHITELIST_SYSTEM
10-09 15:18:18.103  1365  2983 V UserManagerService: dumpPackageWhitelistProblems(): using mode ENFORCE|IMPLICIT_WHITELIST|IMPLICIT_WHITELIST_SYSTEM
10-09 15:18:19.497  1365  2983 I chatty  : uid=1000(system) Binder:1365_B identical 1 line
10-09 15:18:21.005  1365  2983 V UserManagerService: dumpPackageWhitelistProblems(): using mode ENFORCE|IMPLICIT_WHITELIST|IMPLICIT_WHITELIST_SYSTEM
10-09 15:18:23.425  1365  2998 V UserManagerService: dumpPackageWhitelistProblems(): using mode ENFORCE|IMPLICIT_WHITELIST|IMPLICIT_WHITELIST_SYSTEM
10-09 15:18:31.061  1365  1634 V UserManagerService: dumpPackageWhitelistProblems(): using mode ENFORCE|IMPLICIT_WHITELIST|IMPLICIT_WHITELIST_SYSTEM
10-09 15:18:31.215  1365  1374 I system_server: Background young concurrent copying GC freed 299296(14MB) AllocSpace objects, 137(6448KB) LOS objects, 37% free, 34MB/55MB, paused 448us total 152.808ms
10-09 15:18:31.248  1365  1376 W System  : A resource failed to call release. 
10-09 15:18:31.664  6220  6232 W gle.android.im: Reducing the number of considered missed Gc histogram windows from 120 to 100
10-09 15:18:32.434  1365  3490 V UserManagerService: dumpPackageWhitelistProblems(): using mode ENFORCE|IMPLICIT_WHITELIST|IMPLICIT_WHITELIST_SYSTEM
10-09 15:18:35.921   643   643 I servicemanager: Notifying apexservice they have clients: 0
10-09 15:18:35.922   643   643 I BpBinder: onLastStrongRef automatically unlinking death recipients: <uncached descriptor>
10-09 15:18:36.385   643   643 I servicemanager: Since 'apexservice' could not be found, trying to start it as a lazy AIDL service
10-09 15:18:34.809  1365  3490 V UserManagerService: dumpPackageWhitelistProblems(): using mode ENFORCE|IMPLICIT_WHITELIST|IMPLICIT_WHITELIST_SYSTEM
10-09 15:18:36.413  1365  2998 V UserManagerService: dumpPackageWhitelistProblems(): using mode ENFORCE|IMPLICIT_WHITELIST|IMPLICIT_WHITELIST_SYSTEM
10-09 15:18:36.430   643   643 I BpBinder: onLastStrongRef automatically unlinking death recipients: <uncached descriptor>
10-09 15:18:36.431   643   643 I servicemanager: Tried to unregister apexservice, but there is about to be a client.
10-09 15:18:38.286  1365  3490 V UserManagerService: dumpPackageWhitelistProblems(): using mode ENFORCE|IMPLICIT_WHITELIST|IMPLICIT_WHITELIST_SYSTEM
10-09 15:18:38.577   936  1009 I CHRE    : @ 410126.448: [ImuCal] [NanoSensorCal:GYRO_RPS] Offset | Temperature [C]: 0.007663, -0.002061, 0.000313 | 25.81
10-09 15:18:38.579   936  1009 I CHRE    : @ 410126.448: [ImuCal] [NanoSensorCal:GYRO_RPS] Temp Sensitivity: -0.000143, -0.000223, 0.000092
10-09 15:18:38.579   936  1009 I CHRE    : @ 410126.448: [ImuCal] [NanoSensorCal:GYRO_RPS] Temp Intercept: 0.011459, 0.003907, -0.002329
10-09 15:18:40.921   643   643 I servicemanager: Notifying apexservice they have clients: 1
10-09 15:18:40.864  1365  3490 I chatty  : uid=1000(system) Binder:1365_1A identical 2 lines
10-09 15:18:42.143  1365  3490 V UserManagerService: dumpPackageWhitelistProblems(): using mode ENFORCE|IMPLICIT_WHITELIST|IMPLICIT_WHITELIST_SYSTEM
10-09 15:18:43.424  1365  2998 V UserManagerService: dumpPackageWhitelistProblems(): using mode ENFORCE|IMPLICIT_WHITELIST|IMPLICIT_WHITELIST_SYSTEM
10-09 15:18:43.876 31325 31327 I cmd     : oneway function results will be dropped but finished with status OK and parcel size 4
10-09 15:18:44.676   888   888 I android.hardware.health@2.0-service.wahoo: SRAM data: 3661000
10-09 15:18:44.686  1787  9865 D PowerUI : can't show warning due to - plugged: true status unknown: false
10-09 15:18:44.739  1365  3490 V UserManagerService: dumpPackageWhitelistProblems(): using mode ENFORCE|IMPLICIT_WHITELIST|IMPLICIT_WHITELIST_SYSTEM
10-09 15:18:44.743  1365  1479 W ProcessCpuTracker: Failed to stat(/proc/31336): android.system.ErrnoException: stat failed: ENOENT (No such file or directory)
10-09 15:18:44.743  1365  1479 W ProcessCpuTracker: Skipping unknown process pid 31336
10-09 15:18:46.107  1365  3490 V UserManagerService: dumpPackageWhitelistProblems(): using mode ENFORCE|IMPLICIT_WHITELIST|IMPLICIT_WHITELIST_SYSTEM
10-09 15:18:46.789 11370 23142 I NetworkScheduler.Stats: Task com.google.android.gms/com.google.android.gms.icing.service.IcingGcmTaskService started execution. cause:4 exec_start_elapsed_seconds: 410130 [CONTEXT service_id=218 ]
10-09 15:18:46.794 11370 18035 I NetworkScheduler.Stats: Task com.google.android.gms/com.google.android.gms.icing.service.IcingGcmTaskService finished executing. cause:4 result: 1 elapsed_millis: 26 uptime_millis: 26 exec_start_elapsed_seconds: 410130 [CONTEXT service_id=218 ]
10-09 15:18:57.201  1146  1146 E adbd    : failed to connect to socket 'tcp:6790': Connection refused
10-09 15:18:55.432  1365  3490 I chatty  : uid=1000(system) Binder:1365_1A identical 7 lines
10-09 15:18:56.694  1365  3490 V UserManagerService: dumpPackageWhitelistProblems(): using mode ENFORCE|IMPLICIT_WHITELIST|IMPLICIT_WHITELIST_SYSTEM
10-09 15:18:57.395  1365  2998 I ActivityManager: Force stopping io.appium.uiautomator2.server.test appid=10488 user=0: from pid 31451
10-09 15:18:57.412  2101  2101 E PhoneInterfaceManager: [PhoneIntfMgr] getCarrierPackageNamesForIntentAndPhone: No UICC
10-09 15:18:57.412  2101  2101 D CarrierSvcBindHelper: No carrier app for: 0
10-09 15:18:57.418 17997 31454 I EuiccGoogle: [15264] EuiccServiceImpl.onGetEuiccProfileInfoList: onGetEuiccProfileInfoList: slotId = -1
10-09 15:18:57.419  2957  2957 D RegisteredNfcFServicesCache: Service unchanged, not updating
10-09 15:18:57.430  1916  1916 D QcrilMsgTunnelIfaceManager: handleMessage what = 1
10-09 15:18:57.432  1916  1916 I QcrilOemhookMsgTunnel: [0]invokeOemRilRequestRaw: serial=1448 length=16
10-09 15:18:57.436  1916  1952 I QcrilOemhookMsgTunnel: [0]processOemHookResponse serial no: 1448 error: 0length=88
10-09 15:18:57.436  1916  1916 D QcrilMsgTunnelIfaceManager: handleMessage what = 2
10-09 15:18:57.437 17997 31454 I EuiccGoogle: [15264] UiccLogicalChannel.open: Locked on aid: A0000005591010FFFFFFFF8900000100
10-09 15:18:57.440  2101  2101 E PhoneInterfaceManager: [PhoneIntfMgr] iccOpenLogicalChannel: No UICC
10-09 15:18:57.441 17997 31454 E EuiccGoogle: [15264] UiccLogicalChannel.open: selectResponse is null. Unlocked for aid: A0000005591010FFFFFFFF8900000100
10-09 15:18:57.441 17997 31454 W EuiccGoogle: [15264] EuiccServiceImpl.onGetEuiccProfileInfoList: slotId=-1. No eUICC is active. Return null.
10-09 15:18:57.562 31455 31455 D AndroidRuntime: >>>>>> START com.android.internal.os.RuntimeInit uid 2000 <<<<<<
10-09 15:18:57.567 31455 31455 E libc    : Access denied finding property "persist.device_config.runtime_native_boot.profilebootclasspath"
10-09 15:18:57.567 31455 31455 E libc    : Access denied finding property "persist.device_config.runtime_native_boot.enable_apex_image"
10-09 15:18:57.567 31455 31455 I AndroidRuntime: Using default boot image
10-09 15:18:57.567 31455 31455 E libc    : Access denied finding property "persist.device_config.runtime_native_boot.disable_lock_profiling"
10-09 15:18:57.567 31455 31455 I AndroidRuntime: Leaving lock profiling enabled
10-09 15:18:57.567 31455 31455 E libc    : Access denied finding property "persist.device_config.runtime_native_boot.enable_generational_cc"
10-09 15:18:57.562 31455 31455 W app_process: type=1400 audit(0.0:7033): avc: denied { read } for name="u:object_r:device_config_runtime_native_boot_prop:s0" dev="tmpfs" ino=17856 scontext=u:r:shell:s0 tcontext=u:object_r:device_config_runtime_native_boot_prop:s0 tclass=file permissive=0
10-09 15:18:57.562 31455 31455 I chatty  : uid=2000(shell) main identical 2 lines
10-09 15:18:57.562 31455 31455 W app_process: type=1400 audit(0.0:7036): avc: denied { read } for name="u:object_r:device_config_runtime_native_boot_prop:s0" dev="tmpfs" ino=17856 scontext=u:r:shell:s0 tcontext=u:object_r:device_config_runtime_native_boot_prop:s0 tclass=file permissive=0
10-09 15:18:57.663 31455 31455 D app_process: Time zone APEX ICU file found: /apex/com.android.tzdata/etc/icu/icu_tzdata.dat
10-09 15:18:57.664 31455 31455 D app_process: I18n APEX ICU file found: /apex/com.android.i18n/etc/icu/icudt66l.dat
10-09 15:18:57.673 31455 31455 I app_process: The ClassLoaderContext is a special shared library.
10-09 15:18:57.691 31455 31455 W app_process: JNI RegisterNativeMethods: attempt to register 0 native methods for android.media.AudioAttributes
10-09 15:18:57.697 31455 31455 D AndroidRuntime: Calling main entry com.android.commands.am.Am
10-09 15:18:57.708  1365  2988 I ActivityManager: Force stopping io.appium.uiautomator2.server appid=10487 user=0: start instr
10-09 15:18:57.711  1365  2988 D CompatibilityChangeReporter: Compat change id reported: 135634846; UID 10487; state: DISABLED
10-09 15:18:57.711  1365  1472 D CompatibilityChangeReporter: Compat change id reported: 143937733; UID 10487; state: DISABLED
10-09 15:18:57.721   862   862 D Zygote  : Forked child process 31470
10-09 15:18:57.723  1365  1472 I ActivityManager: Start proc 31470:io.appium.uiautomator2.server/u0a487 for added application io.appium.uiautomator2.server
10-09 15:18:57.727 31470 31470 I tomator2.serve: Late-enabling -Xcheck:jni
10-09 15:18:57.763 31470 31470 I tomator2.serve: Unquickening 12 vdex files!
10-09 15:18:57.790  1146  1206 I adbd    : jdwp connection from 31470
10-09 15:18:57.877 31470 31470 D ApplicationLoaders: Returning zygote-cached class loader: /system/framework/android.test.base.jar
10-09 15:18:57.879 31470 31470 I tomator2.serve: The ClassLoaderContext is a special shared library.
10-09 15:18:57.976  1365  2988 V UserManagerService: dumpPackageWhitelistProblems(): using mode ENFORCE|IMPLICIT_WHITELIST|IMPLICIT_WHITELIST_SYSTEM
10-09 15:18:57.881 31470 31470 I chatty  : uid=10487(io.appium.uiautomator2.server) identical 1 line
10-09 15:18:57.886 31470 31470 I tomator2.serve: The ClassLoaderContext is a special shared library.
10-09 15:18:58.014 31470 31470 D ApplicationLoaders: Returning zygote-cached class loader: /system/framework/android.test.base.jar
10-09 15:18:58.014 31470 31470 D ApplicationLoaders: Returning zygote-cached class loader: /system/framework/android.test.base.jar
10-09 15:18:58.019 31470 31470 I tomator2.serve: The ClassLoaderContext is a special shared library.
10-09 15:18:58.022 31470 31470 D ApplicationLoaders: Returning zygote-cached class loader: /system/framework/android.test.base.jar
10-09 15:18:58.022 31470 31470 D ApplicationLoaders: Returning zygote-cached class loader: /system/framework/android.test.base.jar
10-09 15:18:58.026 31470 31470 I tomator2.serve: The ClassLoaderContext is a special shared library.
10-09 15:18:58.029 31470 31470 I chatty  : uid=10487(io.appium.uiautomator2.server) identical 2 lines
10-09 15:18:58.030 31470 31470 I tomator2.serve: The ClassLoaderContext is a special shared library.
10-09 15:18:58.128 31470 31470 W tomator2.serve: Accessing hidden method Landroid/app/Instrumentation;->execStartActivity(Landroid/content/Context;Landroid/os/IBinder;Landroid/os/IBinder;Landroid/app/Activity;Landroid/content/Intent;ILandroid/os/Bundle;)Landroid/app/Instrumentation$ActivityResult; (greylist, linking, allowed)
10-09 15:18:58.128 31470 31470 W tomator2.serve: Accessing hidden method Landroid/app/Instrumentation;->execStartActivity(Landroid/content/Context;Landroid/os/IBinder;Landroid/os/IBinder;Ljava/lang/String;Landroid/content/Intent;ILandroid/os/Bundle;)Landroid/app/Instrumentation$ActivityResult; (greylist, linking, allowed)
10-09 15:18:58.134 31470 31470 D NetworkSecurityConfig: No Network Security Config specified, using platform default
10-09 15:18:58.135 31470 31470 D NetworkSecurityConfig: No Network Security Config specified, using platform default
10-09 15:18:58.144 31470 31470 I MonitoringInstr: Instrumentation started!
10-09 15:18:58.147 31470 31470 I MonitoringInstr: Setting context classloader to 'dalvik.system.PathClassLoader[DexPathList[[zip file "/system/framework/android.test.runner.jar", zip file "/system/framework/android.test.mock.jar", zip file "/system/framework/android.test.base.jar", zip file "/data/app/~~xN2SESFGzH4yA1n4ZA-G8A==/io.appium.uiautomator2.server.test-nbFP3kO2GE82pghKjugTlw==/base.apk", zip file "/data/app/~~PdQymxfO7tzEJgn_bEMRMw==/io.appium.uiautomator2.server-3W4AFDbmk8nUdTCf6yu34Q==/base.apk"],nativeLibraryDirectories=[/data/app/~~xN2SESFGzH4yA1n4ZA-G8A==/io.appium.uiautomator2.server.test-nbFP3kO2GE82pghKjugTlw==/lib/arm64, /data/app/~~PdQymxfO7tzEJgn_bEMRMw==/io.appium.uiautomator2.server-3W4AFDbmk8nUdTCf6yu34Q==/lib/arm64, /system/lib64, /system/product/lib64]]]', Original: 'dalvik.system.PathClassLoader[DexPathList[[zip file "/system/framework/android.test.runner.jar", zip file "/system/framework/android.test.mock.jar", zip file "/system/framework/android.test.base.jar", zip file "/data/app/~~xN2SESFGzH4yA1n4ZA-G8A==/io.appium.uiautomator2.server.test-nbFP3kO2GE82pghKjugTlw==/base.apk", zip file "/data/app/~~PdQymxfO7tzEJgn_bEMRMw==/io.appium.uiautomator2.server-3W4AFDbmk8nUdTCf6yu34Q==/base.apk"],nativeLibraryDirectories=[/data/app/~~xN2SESFGzH4yA1n4ZA-G8A==/io.appium.uiautomator2.server.test-nbFP3kO2GE82pghKjugTlw==/lib/arm64, /data/app/~~PdQymxfO7tzEJgn_bEMRMw==/io.appium.uiautomator2.server-3W4AFDbmk8nUdTCf6yu34Q==/lib/arm64, /system/lib64, /system/product/lib64]]]'
10-09 15:18:58.153 31470 31470 I MonitoringInstr: No JSBridge.
10-09 15:18:58.157 31470 31503 I MonitoringInstr: Setting context classloader to 'dalvik.system.PathClassLoader[DexPathList[[zip file "/system/framework/android.test.runner.jar", zip file "/system/framework/android.test.mock.jar", zip file "/system/framework/android.test.base.jar", zip file "/data/app/~~xN2SESFGzH4yA1n4ZA-G8A==/io.appium.uiautomator2.server.test-nbFP3kO2GE82pghKjugTlw==/base.apk", zip file "/data/app/~~PdQymxfO7tzEJgn_bEMRMw==/io.appium.uiautomator2.server-3W4AFDbmk8nUdTCf6yu34Q==/base.apk"],nativeLibraryDirectories=[/data/app/~~xN2SESFGzH4yA1n4ZA-G8A==/io.appium.uiautomator2.server.test-nbFP3kO2GE82pghKjugTlw==/lib/arm64, /data/app/~~PdQymxfO7tzEJgn_bEMRMw==/io.appium.uiautomator2.server-3W4AFDbmk8nUdTCf6yu34Q==/lib/arm64, /system/lib64, /system/product/lib64]]]', Original: 'dalvik.system.PathClassLoader[DexPathList[[zip file "/system/framework/android.test.runner.jar", zip file "/system/framework/android.test.mock.jar", zip file "/system/framework/android.test.base.jar", zip file "/data/app/~~xN2SESFGzH4yA1n4ZA-G8A==/io.appium.uiautomator2.server.test-nbFP3kO2GE82pghKjugTlw==/base.apk", zip file "/data/app/~~PdQymxfO7tzEJgn_bEMRMw==/io.appium.uiautomator2.server-3W4AFDbmk8nUdTCf6yu34Q==/base.apk"],nativeLibraryDirectories=[/data/app/~~xN2SESFGzH4yA1n4ZA-G8A==/io.appium.uiautomator2.server.test-nbFP3kO2GE82pghKjugTlw==/lib/arm64, /data/app/~~PdQymxfO7tzEJgn_bEMRMw==/io.appium.uiautomator2.server-3W4AFDbmk8nUdTCf6yu34Q==/lib/arm64, /system/lib64, /system/product/lib64]]]'
10-09 15:18:58.193 31470 31503 I UsageTrackerFacilitator: Usage tracking enabled
10-09 15:18:58.200 31470 31503 I TestRequestBuilder: Scanning classpath to find tests in paths [/data/app/~~xN2SESFGzH4yA1n4ZA-G8A==/io.appium.uiautomator2.server.test-nbFP3kO2GE82pghKjugTlw==/base.apk]
10-09 15:18:58.203 31470 31503 W tomator2.serve: Opening an oat file without a class loader. Are you using the deprecated DexFile APIs?
10-09 15:18:58.389 31470 31503 D TestExecutor: Adding listener androidx.test.internal.runner.listener.LogRunListener
10-09 15:18:58.389 31470 31503 D TestExecutor: Adding listener androidx.test.internal.runner.listener.InstrumentationResultPrinter
10-09 15:18:58.389 31470 31503 D TestExecutor: Adding listener androidx.test.internal.runner.listener.ActivityFinisherRunListener
10-09 15:18:58.391 31470 31503 I TestRunner: run started: 1 tests
10-09 15:18:58.393 31470 31503 I TestRunner: started: startServer(io.appium.uiautomator2.server.test.AppiumUiAutomator2Server)
10-09 15:18:58.399 31470 31470 I MonitoringInstr: Activities that are still in CREATED to STOPPED: 0
10-09 15:18:58.406 31470 31503 I appium  : [AppiumUiAutomator2Server] Starting Server
10-09 15:18:58.453  1146  1146 E adbd    : failed to connect to socket 'tcp:6790': Connection refused
10-09 15:18:59.399  1365  1634 V UserManagerService: dumpPackageWhitelistProblems(): using mode ENFORCE|IMPLICIT_WHITELIST|IMPLICIT_WHITELIST_SYSTEM
10-09 15:18:59.464 31470 31503 I appium  : AndroidServer created on port 6790
10-09 15:18:59.465 31470 31503 I appium  : io.appium.uiautomator2.server started:
10-09 15:18:59.483  1146  1146 E adbd    : failed to connect to socket 'tcp:6790': Connection refused
10-09 15:18:59.535  1365  1466 W WindowManager: Cannot find window which accessibility connection is added to
10-09 15:18:59.553 31470 31516 I appium  : Started UiAutomator2 io.appium.uiautomator2.http io.appium.uiautomator2.server on port 6790
10-09 15:18:59.649 31470 31519 W tomator2.serve: Accessing hidden method Lsun/misc/VM;->maxDirectMemory()J (greylist, reflection, allowed)
10-09 15:18:59.659 31470 31519 W tomator2.serve: Accessing hidden field Lsun/nio/ch/SelectorImpl;->selectedKeys:Ljava/util/Set; (greylist, reflection, allowed)
10-09 15:18:59.659 31470 31519 W tomator2.serve: Accessing hidden field Lsun/nio/ch/SelectorImpl;->publicSelectedKeys:Ljava/util/Set; (greylist, reflection, allowed)
10-09 15:18:59.682 31470 31470 W Thread-3: type=1400 audit(0.0:7037): avc: denied { read } for name="somaxconn" dev="proc" ino=3880579 scontext=u:r:untrusted_app_27:s0:c231,c257,c512,c768 tcontext=u:object_r:proc_net:s0 tclass=file permissive=0 app=io.appium.uiautomator2.server
10-09 15:19:00.614 31470 31527 I appium  : channel read invoked!
10-09 15:19:00.615 31470 31527 I appium  : channel read: GET /wd/hub/status
10-09 15:19:00.622 31470 31527 I appium  : AppiumResponse: {"sessionId":"None","value":{"ready":true,"message":"UiAutomator2 Server is ready to accept commands"}}
10-09 15:19:00.649 31470 31527 I appium  : channel read invoked!
10-09 15:19:00.650 31470 31527 I appium  : channel read: POST /wd/hub/session
10-09 15:19:00.668 31470 31527 W tomator2.serve: Accessing hidden field Landroid/app/UiAutomation;->mOnAccessibilityEventListener:Landroid/app/UiAutomation$OnAccessibilityEventListener; (greylist-max-o, reflection, allowed)
10-09 15:19:00.668 31470 31527 I appium  : Created the new session with SessionID: fce2bda5-724a-492e-b65e-6bb44988bdcf
10-09 15:19:00.672 31470 31527 I appium  : AppiumResponse: {"sessionId":"fce2bda5-724a-492e-b65e-6bb44988bdcf","value":{"sessionId":"fce2bda5-724a-492e-b65e-6bb44988bdcf","capabilities":{"firstMatch":[{"platform":"LINUX","webStorageEnabled":false,"takesScreenshot":true,"javascriptEnabled":true,"databaseEnabled":false,"networkConnectionEnabled":true,"loca...
10-09 15:19:00.690  1365  3532 V UserManagerService: dumpPackageWhitelistProblems(): using mode ENFORCE|IMPLICIT_WHITELIST|IMPLICIT_WHITELIST_SYSTEM
10-09 15:19:00.698 31470 31527 I appium  : channel read invoked!
10-09 15:19:00.699 31470 31527 I appium  : channel read: GET /wd/hub/session/fce2bda5-724a-492e-b65e-6bb44988bdcf/appium/device/info
10-09 15:19:00.699 31470 31527 I appium  : Get Device Info command
10-09 15:19:00.704 31470 31527 I TetheringManager: registerTetheringEventCallback:io.appium.uiautomator2.server
10-09 15:19:00.717 31470 31527 W tomator2.serve: Accessing hidden field Landroid/net/NetworkCapabilities;->mSignalStrength:I (greylist-max-p, reflection, allowed)
10-09 15:19:00.717 31470 31527 W tomator2.serve: Accessing hidden field Landroid/net/NetworkCapabilities;->mNetworkSpecifier:Landroid/net/NetworkSpecifier; (greylist-max-o, reflection, allowed)
10-09 15:19:00.718 31470 31527 W tomator2.serve: Accessing hidden field Landroid/net/NetworkCapabilities;->mSSID:Ljava/lang/String; (greylist-max-o, reflection, allowed)
10-09 15:19:00.731 31470 31527 I appium  : AppiumResponse: {"sessionId":"fce2bda5-724a-492e-b65e-6bb44988bdcf","value":{"androidId":"5ffc083a0992a604","manufacturer":"Google","model":"Pixel 2 XL","brand":"google","apiVersion":"30","platformVersion":"11","carrierName":"","realDisplaySize":"1440x2880","displayDensity":560,"networks":[{"type":1,"typeName":"...
10-09 15:19:01.079  1365  2998 I ActivityManager: Force stopping com.amazon.mShop.android.shopping appid=10489 user=0: from pid 31538
10-09 15:19:01.092  2101  2101 E PhoneInterfaceManager: [PhoneIntfMgr] getCarrierPackageNamesForIntentAndPhone: No UICC
10-09 15:19:01.092  2101  2101 D CarrierSvcBindHelper: No carrier app for: 0
10-09 15:19:01.096  2957  2957 D RegisteredNfcFServicesCache: Service unchanged, not updating
10-09 15:19:01.099 17997 31541 I EuiccGoogle: [15265] EuiccServiceImpl.onGetEuiccProfileInfoList: onGetEuiccProfileInfoList: slotId = -1
10-09 15:19:01.117  1916  1916 D QcrilMsgTunnelIfaceManager: handleMessage what = 1
10-09 15:19:01.119  1916  1916 I QcrilOemhookMsgTunnel: [0]invokeOemRilRequestRaw: serial=1449 length=16
10-09 15:19:01.128  1916  1952 I QcrilOemhookMsgTunnel: [0]processOemHookResponse serial no: 1449 error: 0length=88
10-09 15:19:01.128  1916  1916 D QcrilMsgTunnelIfaceManager: handleMessage what = 2
10-09 15:19:01.129 17997 31541 I EuiccGoogle: [15265] UiccLogicalChannel.open: Locked on aid: A0000005591010FFFFFFFF8900000100
10-09 15:19:01.134  2101  2101 E PhoneInterfaceManager: [PhoneIntfMgr] iccOpenLogicalChannel: No UICC
10-09 15:19:01.135 17997 31541 E EuiccGoogle: [15265] UiccLogicalChannel.open: selectResponse is null. Unlocked for aid: A0000005591010FFFFFFFF8900000100
10-09 15:19:01.136 17997 31541 W EuiccGoogle: [15265] EuiccServiceImpl.onGetEuiccProfileInfoList: slotId=-1. No eUICC is active. Return null.
10-09 15:19:01.337  1365  2998 I ActivityTaskManager: START u0 {flg=0x10000000 cmp=com.amazon.mShop.android.shopping/com.amazon.mShop.splashscreen.StartupActivity} from uid 2000
10-09 15:19:01.339  1365  1465 D EventSequenceValidator: IntentStarted during UNKNOWN. Intent { flg=0x10000000 cmp=com.amazon.mShop.android.shopping/com.amazon.mShop.splashscreen.StartupActivity }
10-09 15:19:01.339  1365  1465 D EventSequenceValidator: java.lang.Throwable: EventSequenceValidator#getStackTrace
10-09 15:19:01.339  1365  1465 D EventSequenceValidator: 	at com.google.android.startop.iorap.EventSequenceValidator.logWarningWithStackTrace(EventSequenceValidator.java:260)
10-09 15:19:01.339  1365  1465 D EventSequenceValidator: 	at com.google.android.startop.iorap.EventSequenceValidator.onIntentStarted(EventSequenceValidator.java:106)
10-09 15:19:01.339  1365  1465 D EventSequenceValidator: 	at com.android.server.wm.LaunchObserverRegistryImpl.handleOnIntentStarted(LaunchObserverRegistryImpl.java:139)
10-09 15:19:01.339  1365  1465 D EventSequenceValidator: 	at com.android.server.wm.LaunchObserverRegistryImpl.lambda$veRn_GhgLZLlOHOJ0ZYT6KcfYqo(Unknown Source:0)
10-09 15:19:01.339  1365  1465 D EventSequenceValidator: 	at com.android.server.wm.-$$Lambda$LaunchObserverRegistryImpl$veRn_GhgLZLlOHOJ0ZYT6KcfYqo.accept(Unknown Source:10)
10-09 15:19:01.339  1365  1465 D EventSequenceValidator: 	at com.android.internal.util.function.pooled.PooledLambdaImpl.doInvoke(PooledLambdaImpl.java:292)
10-09 15:19:01.339  1365  1465 D EventSequenceValidator: 	at com.android.internal.util.function.pooled.PooledLambdaImpl.invoke(PooledLambdaImpl.java:201)
10-09 15:19:01.339  1365  1465 D EventSequenceValidator: 	at com.android.internal.util.function.pooled.OmniFunction.run(OmniFunction.java:97)
10-09 15:19:01.339  1365  1465 D EventSequenceValidator: 	at android.os.Handler.handleCallback(Handler.java:938)
10-09 15:19:01.339  1365  1465 D EventSequenceValidator: 	at android.os.Handler.dispatchMessage(Handler.java:99)
10-09 15:19:01.339  1365  1465 D EventSequenceValidator: 	at android.os.Looper.loop(Looper.java:223)
10-09 15:19:01.339  1365  1465 D EventSequenceValidator: 	at android.os.HandlerThread.run(HandlerThread.java:67)
10-09 15:19:01.339  1365  1465 D EventSequenceValidator: 	at com.android.server.ServiceThread.run(ServiceThread.java:44)
10-09 15:19:01.339  1365  1465 D EventSequenceValidator: inc AccIntentStartedEvents to 4
10-09 15:19:01.350  1032  1032 I perfetto: ing_service_impl.cc:758 Configured tracing session 1427, #sources:1, duration:5000 ms, #buffers:1, total buffer size:4096 KB, total sessions:1, uid:1071 session name: ""
10-09 15:19:01.350  1031  1031 I perfetto: probes_producer.cc:230  Ftrace setup (target_buf=1427)
10-09 15:19:01.353   675   675 D android.hardware.power@1.3-service.pixel-libperfmgr: LAUNCH: 1
10-09 15:19:01.363  1031  1031 I perfetto: ftrace_procfs.cc:176    enabled ftrace
10-09 15:19:01.366  1365  1465 D CompatibilityChangeReporter: Compat change id reported: 135634846; UID 10489; state: DISABLED
10-09 15:19:01.366  1365  1472 D CompatibilityChangeReporter: Compat change id reported: 143937733; UID 10489; state: DISABLED
10-09 15:19:01.366  1365  1465 D EventSequenceValidator: onActivityLaunched during UNKNOWN.
10-09 15:19:01.366  1365  1465 D EventSequenceValidator: java.lang.Throwable: EventSequenceValidator#getStackTrace
10-09 15:19:01.366  1365  1465 D EventSequenceValidator: 	at com.google.android.startop.iorap.EventSequenceValidator.logWarningWithStackTrace(EventSequenceValidator.java:260)
10-09 15:19:01.366  1365  1465 D EventSequenceValidator: 	at com.google.android.startop.iorap.EventSequenceValidator.onActivityLaunched(EventSequenceValidator.java:149)
10-09 15:19:01.366  1365  1465 D EventSequenceValidator: 	at com.android.server.wm.LaunchObserverRegistryImpl.handleOnActivityLaunched(LaunchObserverRegistryImpl.java:157)
10-09 15:19:01.366  1365  1465 D EventSequenceValidator: 	at com.android.server.wm.LaunchObserverRegistryImpl.lambda$UGY1OclnLIQLMEL9B55qjERFf4o(Unknown Source:0)
10-09 15:19:01.366  1365  1465 D EventSequenceValidator: 	at com.android.server.wm.-$$Lambda$LaunchObserverRegistryImpl$UGY1OclnLIQLMEL9B55qjERFf4o.accept(Unknown Source:10)
10-09 15:19:01.366  1365  1465 D EventSequenceValidator: 	at com.android.internal.util.function.pooled.PooledLambdaImpl.doInvoke(PooledLambdaImpl.java:292)
10-09 15:19:01.366  1365  1465 D EventSequenceValidator: 	at com.android.internal.util.function.pooled.PooledLambdaImpl.invoke(PooledLambdaImpl.java:201)
10-09 15:19:01.366  1365  1465 D EventSequenceValidator: 	at com.android.internal.util.function.pooled.OmniFunction.run(OmniFunction.java:97)
10-09 15:19:01.366  1365  1465 D EventSequenceValidator: 	at android.os.Handler.handleCallback(Handler.java:938)
10-09 15:19:01.366  1365  1465 D EventSequenceValidator: 	at android.os.Handler.dispatchMessage(Handler.java:99)
10-09 15:19:01.366  1365  1465 D EventSequenceValidator: 	at android.os.Looper.loop(Looper.java:223)
10-09 15:19:01.366  1365  1465 D EventSequenceValidator: 	at android.os.HandlerThread.run(HandlerThread.java:67)
10-09 15:19:01.366  1365  1465 D EventSequenceValidator: 	at com.android.server.ServiceThread.run(ServiceThread.java:44)
10-09 15:19:01.371   863   863 D Zygote  : Forked child process 31547
10-09 15:19:01.373  1365  1472 I ActivityManager: Start proc 31547:com.amazon.mShop.android.shopping/u0a489 for pre-top-activity {com.amazon.mShop.android.shopping/com.amazon.mShop.splashscreen.StartupActivity}
10-09 15:19:01.384 31547 31547 E ndroid.shoppin: Not starting debugger since process cannot load the jdwp agent.
10-09 15:19:01.403 31547 31547 D ApplicationLoaders: Returning zygote-cached class loader: /system/framework/android.test.base.jar
10-09 15:19:01.404 31547 31547 I ndroid.shoppin: The ClassLoaderContext is a special shared library.
10-09 15:19:01.416 31547 31547 D NetworkSecurityConfig: Using Network Security Config from resource network_security_config debugBuild: false
10-09 15:19:01.417 31547 31547 D NetworkSecurityConfig: Using Network Security Config from resource network_security_config debugBuild: false
10-09 15:19:01.420 31547 31547 V ApplicationStateListener: Application is created at time: 1602236941420
10-09 15:19:01.431 31547 31547 I TetheringManager: registerTetheringEventCallback:com.amazon.mShop.android.shopping
10-09 15:19:01.434 31547 31547 I com.amazon.device.crashmanager.CrashDetectionHelper: Installing crash detector as default exception handler.
10-09 15:19:01.435 31547 31570 I DPLogger: DPLogger - Name was too long. Truncating; original name: AbstractDetArtifactProcessor, truncated name: AbstractDetArtifactProc
10-09 15:19:01.435 31547 31570 I DPLogger: DPLogger - Name was too long. Truncating; original name: JavaCrashArtifactProcessor, truncated name: JavaCrashArtifactProces
10-09 15:19:01.437 31547 31570 I ArtifactUploader: ArtifactUploader - Finished uploading artifacts. Uploaded 0 artifacts.;
10-09 15:19:01.444 31547 31547 D PluginParser: Loading configuration with prefix com.amazon.platform.plugin.
10-09 15:19:01.445 31547 31547 D PluginParser: Adding configuration for meta-data key 'com.amazon.platform.plugin.httpUrlDeepLink' = com.amazon.mShop.android.shopping:array/deeplinking_plugins
10-09 15:19:01.445 31547 31547 D PluginParser: Loading configuration from com.amazon.mShop.android.shopping:array/deeplinking_plugins
10-09 15:19:01.445 31547 31547 E ndroid.shoppin: Resource 7f080015 is a complex map type.
10-09 15:19:01.445 31547 31547 D PluginParser: Loading configuration from com.amazon.mShop.android.shopping:xml/deeplinking_plugin
10-09 15:19:01.446 31547 31547 D PluginParser: Adding access for plugin: com.amazon.mShop.appgrade.startup
10-09 15:19:01.446 31547 31547 D PluginParser: Loading configuration from com.amazon.mShop.android.shopping:xml/deeplinking_weblabs
10-09 15:19:01.446 31547 31547 D PluginParser: Adding configuration for meta-data key 'com.amazon.platform.plugin.amazonStore' = com.amazon.mShop.android.shopping:array/amazonstore_plugins
10-09 15:19:01.446 31547 31547 D PluginParser: Loading configuration from com.amazon.mShop.android.shopping:array/amazonstore_plugins
10-09 15:19:01.446 31547 31547 E ndroid.shoppin: Resource 7f08000e is a complex map type.
10-09 15:19:01.446 31547 31547 D PluginParser: Loading configuration from com.amazon.mShop.android.shopping:xml/chrome_extension_plugin
10-09 15:19:01.447 31547 31547 D PluginParser: Loading configuration from com.amazon.mShop.android.shopping:xml/amazon_store_weblab_plugin
10-09 15:19:01.447 31547 31547 D PluginParser: Adding configuration for meta-data key 'com.amazon.platform.plugin.inlineSearchSuggestionsLibPlugins' = com.amazon.mShop.android.shopping:array/iss_plugins
10-09 15:19:01.447 31547 31547 D PluginParser: Loading configuration from com.amazon.mShop.android.shopping:array/iss_plugins
10-09 15:19:01.447 31547 31547 E ndroid.shoppin: Resource 7f080019 is a complex map type.
10-09 15:19:01.447 31547 31547 D PluginParser: Loading configuration from com.amazon.mShop.android.shopping:xml/iss_weblabs
10-09 15:19:01.447 31547 31547 D PluginParser: Adding configuration for meta-data key 'com.amazon.platform.plugin.regionmonitoring' = com.amazon.mShop.android.shopping:xml/regionmonitoring_plugin
10-09 15:19:01.447 31547 31547 D PluginParser: Loading configuration from com.amazon.mShop.android.shopping:xml/regionmonitoring_plugin
10-09 15:19:01.447 31547 31547 D PluginParser: Adding configuration for meta-data key 'com.amazon.platform.plugin.packard' = com.amazon.mShop.android.shopping:xml/packard_weblabs
10-09 15:19:01.447 31547 31547 D PluginParser: Loading configuration from com.amazon.mShop.android.shopping:xml/packard_weblabs
10-09 15:19:01.448 31547 31547 D PluginParser: Adding configuration for meta-data key 'com.amazon.platform.plugin.ps_ssnap' = com.amazon.mShop.android.shopping:xml/ps_plugin
10-09 15:19:01.448 31547 31547 D PluginParser: Loading configuration from com.amazon.mShop.android.shopping:xml/ps_plugin
10-09 15:19:01.448 31547 31547 D PluginParser: Adding configuration for meta-data key 'com.amazon.platform.plugin.chrome' = com.amazon.mShop.android.shopping:array/chrome_plugins
10-09 15:19:01.448 31547 31547 D PluginParser: Loading configuration from com.amazon.mShop.android.shopping:array/chrome_plugins
10-09 15:19:01.448 31547 31547 E ndroid.shoppin: Resource 7f080013 is a complex map type.
10-09 15:19:01.448 31547 31547 D PluginParser: Loading configuration from com.amazon.mShop.android.shopping:xml/chrome_startup_plugin
10-09 15:19:01.448 31547 31547 D PluginParser: Loading configuration from com.amazon.mShop.android.shopping:xml/chrome_plugin
10-09 15:19:01.448 31547 31547 D PluginParser: Loading configuration from com.amazon.mShop.android.shopping:xml/appx_weblabs
10-09 15:19:01.448 31547 31571 I WebViewFactory: Loading com.google.android.webview version 85.0.4183.127 (code 418312783)
10-09 15:19:01.450 31547 31547 D PluginParser: Adding configuration for meta-data key 'com.amazon.platform.plugin.shortcut' = com.amazon.mShop.android.shopping:array/shortcut_plugins
10-09 15:19:01.451 31547 31547 D PluginParser: Loading configuration from com.amazon.mShop.android.shopping:array/shortcut_plugins
10-09 15:19:01.451 31547 31547 E ndroid.shoppin: Resource 7f08002b is a complex map type.
10-09 15:19:01.451 31547 31547 D PluginParser: Loading configuration from com.amazon.mShop.android.shopping:xml/shortcut_startup_plugin
10-09 15:19:01.452 31547 31547 D PluginParser: Loading configuration from com.amazon.mShop.android.shopping:xml/shortcut_weblab_plugin
10-09 15:19:01.452 31547 31547 D PluginParser: Adding configuration for meta-data key 'com.amazon.platform.plugin.searchLibPlugins' = com.amazon.mShop.android.shopping:array/search_plugins
10-09 15:19:01.452 31547 31547 D PluginParser: Loading configuration from com.amazon.mShop.android.shopping:array/search_plugins
10-09 15:19:01.452 31547 31547 E ndroid.shoppin: Resource 7f080029 is a complex map type.
10-09 15:19:01.452 31547 31547 D PluginParser: Loading configuration from com.amazon.mShop.android.shopping:xml/search_weblabs
10-09 15:19:01.452 31547 31547 D PluginParser: Adding configuration for meta-data key 'com.amazon.platform.plugin.mshopmetrics' = com.amazon.mShop.android.shopping:xml/mshopmetrics_plugin
10-09 15:19:01.452 31547 31547 D PluginParser: Loading configuration from com.amazon.mShop.android.shopping:xml/mshopmetrics_plugin
10-09 15:19:01.453 31547 31547 D PluginParser: Adding configuration for meta-data key 'com.amazon.platform.plugin.a9vsPlugins' = com.amazon.mShop.android.shopping:array/weblab_plugins
10-09 15:19:01.453 31547 31547 D PluginParser: Loading configuration from com.amazon.mShop.android.shopping:array/weblab_plugins
10-09 15:19:01.453 31547 31547 E ndroid.shoppin: Resource 7f080040 is a complex map type.
10-09 15:19:01.453 31547 31547 D PluginParser: Loading configuration from com.amazon.mShop.android.shopping:xml/modes_weblab_plugin
10-09 15:19:01.453 31547 31547 D PluginParser: Adding configuration for meta-data key 'com.amazon.platform.plugin.core' = com.amazon.mShop.android.shopping:xml/core_plugin
10-09 15:19:01.453 31547 31547 D PluginParser: Loading configuration from com.amazon.mShop.android.shopping:xml/core_plugin
10-09 15:19:01.453 31547 31547 D PluginParser: Adding access for plugin: com.amazon.platform.core
10-09 15:19:01.453 31547 31547 D PluginParser: Adding access for plugin: com.amazon.mShop.android.startup
10-09 15:19:01.453 31547 31547 D PluginParser: Adding access for plugin: com.amazon.mShop.riolib
10-09 15:19:01.454 31547 31547 D PluginParser: Adding configuration for meta-data key 'com.amazon.platform.plugin.dash' = com.amazon.mShop.android.shopping:xml/dash_plugin
10-09 15:19:01.454 31547 31547 D PluginParser: Loading configuration from com.amazon.mShop.android.shopping:xml/dash_plugin
10-09 15:19:01.454 31547 31547 D PluginParser: Adding configuration for meta-data key 'com.amazon.platform.plugin.font' = com.amazon.mShop.android.shopping:array/fontplugins
10-09 15:19:01.455 31547 31547 D PluginParser: Loading configuration from com.amazon.mShop.android.shopping:array/fontplugins
10-09 15:19:01.455 31547 31547 E ndroid.shoppin: Resource 7f080017 is a complex map type.
10-09 15:19:01.455 31547 31547 D PluginParser: Loading configuration from com.amazon.mShop.android.shopping:xml/ember_v2_weblab
10-09 15:19:01.455 31547 31547 D PluginParser: Adding configuration for meta-data key 'com.amazon.platform.plugin.vision' = com.amazon.mShop.android.shopping:xml/vision_plugin
10-09 15:19:01.455 31547 31547 D PluginParser: Loading configuration from com.amazon.mShop.android.shopping:xml/vision_plugin
10-09 15:19:01.455 31547 31547 D PluginParser: Adding configuration for meta-data key 'com.amazon.platform.plugin.weblab' = com.amazon.mShop.android.shopping:xml/weblab_plugin
10-09 15:19:01.455 31547 31547 D PluginParser: Loading configuration from com.amazon.mShop.android.shopping:xml/weblab_plugin
10-09 15:19:01.455 31547 31547 D PluginParser: Adding configuration for meta-data key 'com.amazon.platform.plugin.issWidgetsPlugins' = com.amazon.mShop.android.shopping:array/iss_widgets_plugins
10-09 15:19:01.455 31547 31547 D PluginParser: Loading configuration from com.amazon.mShop.android.shopping:array/iss_widgets_plugins
10-09 15:19:01.455 31547 31547 E ndroid.shoppin: Resource 7f08001a is a complex map type.
10-09 15:19:01.456 31547 31547 D PluginParser: Loading configuration from com.amazon.mShop.android.shopping:xml/iss_widgets_weblabs
10-09 15:19:01.456 31547 31547 D PluginParser: Adding configuration for meta-data key 'com.amazon.platform.plugin.aeeResolver' = com.amazon.mShop.android.shopping:array/aee_plugins
10-09 15:19:01.456 31547 31547 D PluginParser: Loading configuration from com.amazon.mShop.android.shopping:array/aee_plugins
10-09 15:19:01.456 31547 31547 E ndroid.shoppin: Resource 7f08000c is a complex map type.
10-09 15:19:01.456 31547 31547 D PluginParser: Loading configuration from com.amazon.mShop.android.shopping:xml/aee_resolver_startup_plugin
10-09 15:19:01.456 31547 31547 D PluginParser: Adding configuration for meta-data key 'com.amazon.platform.plugin.searchScopePlugins' = com.amazon.mShop.android.shopping:array/search_scope_plugins
10-09 15:19:01.456 31547 31547 D PluginParser: Loading configuration from com.amazon.mShop.android.shopping:array/search_scope_plugins
10-09 15:19:01.456 31547 31547 E ndroid.shoppin: Resource 7f08002a is a complex map type.
10-09 15:19:01.456 31547 31547 D PluginParser: Loading configuration from com.amazon.mShop.android.shopping:xml/search_scope_weblabs
10-09 15:19:01.456 31547 31547 D PluginParser: Adding configuration for meta-data key 'com.amazon.platform.plugin.localizationService' = com.amazon.mShop.android.shopping:xml/ls_weblabs
10-09 15:19:01.456 31547 31547 D PluginParser: Loading configuration from com.amazon.mShop.android.shopping:xml/ls_weblabs
10-09 15:19:01.456 31547 31547 D PluginParser: Adding configuration for meta-data key 'com.amazon.platform.plugin.outboundMarketingPlugins' = com.amazon.mShop.android.shopping:array/outbound_marketing_plugins
10-09 15:19:01.456 31547 31547 D PluginParser: Loading configuration from com.amazon.mShop.android.shopping:array/outbound_marketing_plugins
10-09 15:19:01.456 31547 31547 E ndroid.shoppin: Resource 7f080024 is a complex map type.
10-09 15:19:01.457 31547 31547 D PluginParser: Loading configuration from com.amazon.mShop.android.shopping:xml/outbound_marketing_weblab
10-09 15:19:01.457 31547 31547 D PluginParser: Adding configuration for meta-data key 'com.amazon.platform.plugin.a9vsARViewPlugins' = com.amazon.mShop.android.shopping:array/arview_weblab_plugins
10-09 15:19:01.457 31547 31547 D PluginParser: Loading configuration from com.amazon.mShop.android.shopping:array/arview_weblab_plugins
10-09 15:19:01.457 31547 31547 E ndroid.shoppin: Resource 7f080012 is a complex map type.
10-09 15:19:01.457 31547 31547 D PluginParser: Loading configuration from com.amazon.mShop.android.shopping:xml/a9vs_weblab_plugin
10-09 15:19:01.457 31547 31547 D PluginParser: Adding configuration for meta-data key 'com.amazon.platform.plugin.shoppingaids' = com.amazon.mShop.android.shopping:xml/shopping_aids_weblabs
10-09 15:19:01.457 31547 31547 D PluginParser: Loading configuration from com.amazon.mShop.android.shopping:xml/shopping_aids_weblabs
10-09 15:19:01.458 31547 31547 D PluginParser: Adding configuration for meta-data key 'com.amazon.platform.plugin.searchBarPlugins' = com.amazon.mShop.android.shopping:array/search_bar_plugins
10-09 15:19:01.458 31547 31547 D PluginParser: Loading configuration from com.amazon.mShop.android.shopping:array/search_bar_plugins
10-09 15:19:01.458 31547 31547 E ndroid.shoppin: Resource 7f080028 is a complex map type.
10-09 15:19:01.458 31547 31547 D PluginParser: Loading configuration from com.amazon.mShop.android.shopping:xml/search_bar_weblabs
10-09 15:19:01.458 31547 31547 D PluginParser: Adding configuration for meta-data key 'com.amazon.platform.plugin.appgrade' = com.amazon.mShop.android.shopping:array/appgrade_plugins
10-09 15:19:01.458 31547 31547 D PluginParser: Loading configuration from com.amazon.mShop.android.shopping:array/appgrade_plugins
10-09 15:19:01.458 31547 31547 E ndroid.shoppin: Resource 7f080010 is a complex map type.
10-09 15:19:01.458 31547 31547 D PluginParser: Loading configuration from com.amazon.mShop.android.shopping:xml/appgrade_plugin
10-09 15:19:01.458 31547 31547 D PluginParser: Loading configuration from com.amazon.mShop.android.shopping:xml/appgrade_weblabs
10-09 15:19:01.459 31547 31547 D PluginParser: Adding configuration for meta-data key 'com.amazon.platform.plugin.i18n_smash' = com.amazon.mShop.android.shopping:xml/i18n_smash_plugin
10-09 15:19:01.459 31547 31547 D PluginParser: Loading configuration from com.amazon.mShop.android.shopping:xml/i18n_smash_plugin
10-09 15:19:01.459 31547 31547 D PluginParser: Adding configuration for meta-data key 'com.amazon.platform.plugin.phoneLibPlugins' = com.amazon.mShop.android.shopping:array/plugins
10-09 15:19:01.459 31547 31547 D PluginParser: Loading configuration from com.amazon.mShop.android.shopping:array/plugins
10-09 15:19:01.459 31547 31547 E ndroid.shoppin: Resource 7f080025 is a complex map type.
10-09 15:19:01.459 31547 31547 D PluginParser: Loading configuration from com.amazon.mShop.android.shopping:xml/phonelib_plugin
10-09 15:19:01.460 31547 31547 D PluginParser: Loading configuration from com.amazon.mShop.android.shopping:xml/startup_plugin
10-09 15:19:01.460 31547 31547 D PluginParser: Adding access for plugin: com.amazon.mShop.android.net
10-09 15:19:01.460 31547 31547 D PluginParser: Adding access for plugin: com.amazon.mShop.android.startup
10-09 15:19:01.460 31547 31547 D PluginParser: Adding access for plugin: com.amazon.mShop.fling.startup
10-09 15:19:01.460 31547 31547 D PluginParser: Adding access for plugin: com.amazon.mShop.pushnotification.startup
10-09 15:19:01.460 31547 31547 D PluginParser: Adding access for plugin: com.amazon.mShop.CustomerInfo
10-09 15:19:01.461 31547 31547 D PluginParser: Adding access for plugin: com.amazon.mShop.freshLib.startup
10-09 15:19:01.461 31547 31547 D PluginParser: Adding access for plugin: com.amazon.mShop.chrome.startup
10-09 15:19:01.461 31547 31547 D PluginParser: Adding access for plugin: com.amazon.mShop.appgrade.startup
10-09 15:19:01.461 31547 31547 D PluginParser: Adding access for plugin: com.amazon.mShop.shortcut.startup
10-09 15:19:01.461 31547 31547 D PluginParser: Adding access for plugin: com.amazon.mShop.aeeResolver.startup
10-09 15:19:01.461 31547 31547 D PluginParser: Adding access for plugin: com.amazon.mShop.permission.v2.plugin
10-09 15:19:01.461 31547 31547 D PluginParser: Loading configuration from com.amazon.mShop.android.shopping:xml/networking_plugin
10-09 15:19:01.461 31547 31547 D PluginParser: Loading configuration from com.amazon.mShop.android.shopping:xml/core_team_weblabs
10-09 15:19:01.461 31547 31547 D PluginParser: Loading configuration from com.amazon.mShop.android.shopping:xml/push_notification_weblabs
10-09 15:19:01.462 31547 31547 D PluginParser: Loading configuration from com.amazon.mShop.android.shopping:xml/i18n_weblabs
10-09 15:19:01.462 31547 31547 D PluginParser: Loading configuration from com.amazon.mShop.android.shopping:xml/push_notification_startup_plugin
10-09 15:19:01.462 31547 31547 D PluginParser: Loading configuration from com.amazon.mShop.android.shopping:xml/customer_info_plugin
10-09 15:19:01.462 31547 31547 D PluginParser: Loading configuration from com.amazon.mShop.android.shopping:xml/alexa_plugin
10-09 15:19:01.462 31547 31547 D PluginParser: Loading configuration from com.amazon.mShop.android.shopping:xml/contextual_navigation
10-09 15:19:01.462 31547 31547 D PluginParser: Loading configuration from com.amazon.mShop.android.shopping:xml/real_name_verification_weblabs
10-09 15:19:01.463 31547 31547 D PluginParser: Loading configuration from com.amazon.mShop.android.shopping:xml/upi_weblabs
10-09 15:19:01.463 31547 31547 D PluginParser: Loading configuration from com.amazon.mShop.android.shopping:xml/appnav_search_bar_weblabs
10-09 15:19:01.463 31547 31547 D PluginParser: Loading configuration from com.amazon.mShop.android.shopping:xml/mash_weblabs
10-09 15:19:01.463 31547 31547 D PluginParser: Loading configuration from com.amazon.mShop.android.shopping:xml/ssnap_weblabs
10-09 15:19:01.463 31547 31547 D PluginParser: Loading configuration from com.amazon.mShop.android.shopping:xml/mobile_growth_weblabs
10-09 15:19:01.464 31547 31547 D PluginParser: Loading configuration from com.amazon.mShop.android.shopping:xml/bootstrap_sso_weblabs
10-09 15:19:01.464 31547 31547 D PluginParser: Loading configuration from com.amazon.mShop.android.shopping:xml/appx_team_weblabs
10-09 15:19:01.464 31547 31547 D PluginParser: Loading configuration from com.amazon.mShop.android.shopping:xml/account_switcher_weblabs
10-09 15:19:01.464 31547 31547 D PluginParser: Loading configuration from com.amazon.mShop.android.shopping:xml/user_listener_plugin
10-09 15:19:01.464 31547 31547 D PluginParser: Loading configuration from com.amazon.mShop.android.shopping:xml/localization_plugin
10-09 15:19:01.464 31547 31547 D PluginParser: Loading configuration from com.amazon.mShop.android.shopping:xml/signin_event_plugin
10-09 15:19:01.465 31547 31547 D PluginParser: Loading configuration from com.amazon.mShop.android.shopping:xml/mobile_metrics_plugin
10-09 15:19:01.465 31547 31547 D PluginParser: Adding configuration for meta-data key 'com.amazon.platform.plugin.trendingSearchesPlugins' = com.amazon.mShop.android.shopping:array/trending_searches_plugins
10-09 15:19:01.465 31547 31547 D PluginParser: Loading configuration from com.amazon.mShop.android.shopping:array/trending_searches_plugins
10-09 15:19:01.465 31547 31547 E ndroid.shoppin: Resource 7f08002f is a complex map type.
10-09 15:19:01.465 31547 31547 D PluginParser: Loading configuration from com.amazon.mShop.android.shopping:xml/trending_searches_weblabs
10-09 15:19:01.465 31547 31547 D PluginParser: Adding configuration for meta-data key 'com.amazon.platform.plugin.location' = com.amazon.mShop.android.shopping:array/location_plugins_list
10-09 15:19:01.465 31547 31547 D PluginParser: Loading configuration from com.amazon.mShop.android.shopping:array/location_plugins_list
10-09 15:19:01.465 31547 31547 E ndroid.shoppin: Resource 7f08001e is a complex map type.
10-09 15:19:01.465 31547 31547 D PluginParser: Loading configuration from com.amazon.mShop.android.shopping:xml/location_weblabs
10-09 15:19:01.465 31547 31547 D PluginParser: Loading configuration from com.amazon.mShop.android.shopping:xml/location_service_plugin
10-09 15:19:01.466 31547 31547 D PluginParser: Adding configuration for meta-data key 'com.amazon.platform.plugin.startPlugins' = com.amazon.mShop.android.shopping:xml/startup_weblabs
10-09 15:19:01.466 31547 31547 D PluginParser: Loading configuration from com.amazon.mShop.android.shopping:xml/startup_weblabs
10-09 15:19:01.466 31547 31547 D PluginParser: Adding configuration for meta-data key 'com.amazon.platform.plugin.mshop_mls' = com.amazon.mShop.android.shopping:xml/mshop_mls_plugin
10-09 15:19:01.466 31547 31547 D PluginParser: Loading configuration from com.amazon.mShop.android.shopping:xml/mshop_mls_plugin
10-09 15:19:01.466 31547 31547 D PluginParser: Adding configuration for meta-data key 'com.amazon.platform.plugin.clouddrive' = com.amazon.mShop.android.shopping:xml/cloud_drive_plugin
10-09 15:19:01.466 31547 31547 D PluginParser: Loading configuration from com.amazon.mShop.android.shopping:xml/cloud_drive_plugin
10-09 15:19:01.466 31547 31547 D PluginParser: Adding configuration for meta-data key 'com.amazon.platform.plugin.rviPlugins' = com.amazon.mShop.android.shopping:array/rvi_plugins
