12-11 11:57:30.572  7765  7765 W FirebaseRemoteConfig: No value of type 'String' exists for parameter key 'sessions_max_length_minutes'.
12-11 11:57:30.573  7765  7765 I FirebasePerformance: Session ID - cbf28240ccb741ecb5b5f4aad82de11d
12-11 11:57:30.576  7765  7863 W FirebaseRemoteConfig: No value of type 'String' exists for parameter key 'sessions_feature_enabled'.
12-11 11:57:30.576  7765  7765 W FirebaseRemoteConfig: No value of type 'String' exists for parameter key 'sessions_max_length_minutes'.
12-11 11:57:30.576  7765  7765 I FirebasePerformance: Session ID - cbf28240ccb741ecb5b5f4aad82de11d
12-11 11:57:30.577  7765  7863 W FirebaseRemoteConfig: No value of type 'String' exists for parameter key 'sessions_feature_enabled'.
12-11 11:57:30.577  7765  7765 W FirebaseRemoteConfig: No value of type 'String' exists for parameter key 'sessions_max_length_minutes'.
12-11 11:57:30.577  7765  7765 I FirebasePerformance: Session ID - cbf28240ccb741ecb5b5f4aad82de11d
12-11 11:57:30.586  7765  7863 W FirebaseRemoteConfig: No value of type 'String' exists for parameter key 'sessions_feature_enabled'.
12-11 11:57:30.586  7765  7765 W FirebaseRemoteConfig: No value of type 'String' exists for parameter key 'sessions_max_length_minutes'.
12-11 11:57:30.587  7765  7765 I FirebasePerformance: Session ID - cbf28240ccb741ecb5b5f4aad82de11d
12-11 11:57:30.588  7765  7863 W FirebaseRemoteConfig: No value of type 'String' exists for parameter key 'sessions_feature_enabled'.
12-11 11:57:30.588  7765  7765 W FirebaseRemoteConfig: No value of type 'String' exists for parameter key 'sessions_max_length_minutes'.
12-11 11:57:30.588  7765  7765 I FirebasePerformance: Session ID - cbf28240ccb741ecb5b5f4aad82de11d
12-11 11:57:30.590  7765  7765 W FirebaseRemoteConfig: No value of type 'String' exists for parameter key 'sessions_max_length_minutes'.
12-11 11:57:30.590  7765  7863 W FirebaseRemoteConfig: No value of type 'String' exists for parameter key 'sessions_feature_enabled'.
12-11 11:57:30.591  7765  7765 I FirebasePerformance: Session ID - cbf28240ccb741ecb5b5f4aad82de11d
12-11 11:57:30.594  7765  7863 W FirebaseRemoteConfig: No value of type 'String' exists for parameter key 'sessions_feature_enabled'.
12-11 11:57:30.594  7765  7765 W FirebaseRemoteConfig: No value of type 'String' exists for parameter key 'sessions_max_length_minutes'.
12-11 11:57:30.619  7765  7765 E RecyclerView: No adapter attached; skipping layout
12-11 11:57:30.673  2153  2153 V InlineSuggestionRenderService: handleDestroySuggestionViews called for 0:722943812
12-11 11:57:30.682  7765  7874 E CursorWindow: Failed to read row 0, column 29 from a CursorWindow which has 1 rows, 29 columns.
12-11 11:57:30.682  7765  7872 E CursorWindow: Failed to read row 0, column 29 from a CursorWindow which has 1 rows, 29 columns.
12-11 11:57:30.692 19878 19878 I GoogleInputMethodService: GoogleInputMethodService.onFinishInput():3308 
12-11 11:57:30.700 19878 19878 I GoogleInputMethodService: GoogleInputMethodService.onStartInput():1887 
12-11 11:57:30.710 19878 19878 I GoogleInputMethodService: GoogleInputMethodService.onStartInput():1887 
12-11 11:57:30.710 19878 19878 W SessionManager: SessionManager.beginSession():53 Try to begin an already begun session [INPUT_SESSION], end it first
12-11 11:57:30.711 19878 19878 I GoogleInputMethodService: GoogleInputMethodService.onStartInput():1887 
12-11 11:57:30.711 19878 19878 W SessionManager: SessionManager.beginSession():53 Try to begin an already begun session [INPUT_SESSION], end it first
12-11 11:57:30.795 21818 21832 I gle.android.gm: Background young concurrent copying GC freed 250791(16MB) AllocSpace objects, 51(2156KB) LOS objects, 47% free, 20MB/39MB, paused 71us total 108.243ms
12-11 11:57:30.817  1406  3273 I ActivityTaskManager: START u0 {act=com.google.android.gms.auth.api.credentials.PICKER cmp=com.google.android.gms/.auth.api.credentials.ui.CredentialPickerActivity (has extras)} from uid 10340
12-11 11:57:30.817  1406  1469 D EventSequenceValidator: IntentStarted during UNKNOWN. Intent { act=com.google.android.gms.auth.api.credentials.PICKER (has extras) }
12-11 11:57:30.817  1406  1469 D EventSequenceValidator: java.lang.Throwable: EventSequenceValidator#getStackTrace
12-11 11:57:30.817  1406  1469 D EventSequenceValidator: 	at com.google.android.startop.iorap.EventSequenceValidator.logWarningWithStackTrace(EventSequenceValidator.java:260)
12-11 11:57:30.817  1406  1469 D EventSequenceValidator: 	at com.google.android.startop.iorap.EventSequenceValidator.onIntentStarted(EventSequenceValidator.java:106)
12-11 11:57:30.817  1406  1469 D EventSequenceValidator: 	at com.android.server.wm.LaunchObserverRegistryImpl.handleOnIntentStarted(LaunchObserverRegistryImpl.java:139)
12-11 11:57:30.817  1406  1469 D EventSequenceValidator: 	at com.android.server.wm.LaunchObserverRegistryImpl.lambda$veRn_GhgLZLlOHOJ0ZYT6KcfYqo(Unknown Source:0)
12-11 11:57:30.817  1406  1469 D EventSequenceValidator: 	at com.android.server.wm.-$$Lambda$LaunchObserverRegistryImpl$veRn_GhgLZLlOHOJ0ZYT6KcfYqo.accept(Unknown Source:10)
12-11 11:57:30.817  1406  1469 D EventSequenceValidator: 	at com.android.internal.util.function.pooled.PooledLambdaImpl.doInvoke(PooledLambdaImpl.java:292)
12-11 11:57:30.817  1406  1469 D EventSequenceValidator: 	at com.android.internal.util.function.pooled.PooledLambdaImpl.invoke(PooledLambdaImpl.java:201)
12-11 11:57:30.817  1406  1469 D EventSequenceValidator: 	at com.android.internal.util.function.pooled.OmniFunction.run(OmniFunction.java:97)
12-11 11:57:30.817  1406  1469 D EventSequenceValidator: 	at android.os.Handler.handleCallback(Handler.java:938)
12-11 11:57:30.817  1406  1469 D EventSequenceValidator: 	at android.os.Handler.dispatchMessage(Handler.java:99)
12-11 11:57:30.817  1406  1469 D EventSequenceValidator: 	at android.os.Looper.loop(Looper.java:223)
12-11 11:57:30.817  1406  1469 D EventSequenceValidator: 	at android.os.HandlerThread.run(HandlerThread.java:67)
12-11 11:57:30.817  1406  1469 D EventSequenceValidator: 	at com.android.server.ServiceThread.run(ServiceThread.java:44)
12-11 11:57:30.817  1406  1469 D EventSequenceValidator: inc AccIntentStartedEvents to 2
12-11 11:57:30.819 21818 21834 W System  : A resource failed to call close. 
12-11 11:57:30.820   671   671 D android.hardware.power@1.3-service.pixel-libperfmgr: LAUNCH: 1
12-11 11:57:30.823  1406  1469 D EventSequenceValidator: onActivityLaunched during UNKNOWN.
12-11 11:57:30.823  1406  1469 D EventSequenceValidator: java.lang.Throwable: EventSequenceValidator#getStackTrace
12-11 11:57:30.823  1406  1469 D EventSequenceValidator: 	at com.google.android.startop.iorap.EventSequenceValidator.logWarningWithStackTrace(EventSequenceValidator.java:260)
12-11 11:57:30.823  1406  1469 D EventSequenceValidator: 	at com.google.android.startop.iorap.EventSequenceValidator.onActivityLaunched(EventSequenceValidator.java:149)
12-11 11:57:30.823  1406  1469 D EventSequenceValidator: 	at com.android.server.wm.LaunchObserverRegistryImpl.handleOnActivityLaunched(LaunchObserverRegistryImpl.java:157)
12-11 11:57:30.823  1406  1469 D EventSequenceValidator: 	at com.android.server.wm.LaunchObserverRegistryImpl.lambda$UGY1OclnLIQLMEL9B55qjERFf4o(Unknown Source:0)
12-11 11:57:30.823  1406  1469 D EventSequenceValidator: 	at com.android.server.wm.-$$Lambda$LaunchObserverRegistryImpl$UGY1OclnLIQLMEL9B55qjERFf4o.accept(Unknown Source:10)
12-11 11:57:30.823  1406  1469 D EventSequenceValidator: 	at com.android.internal.util.function.pooled.PooledLambdaImpl.doInvoke(PooledLambdaImpl.java:292)
12-11 11:57:30.823  1406  1469 D EventSequenceValidator: 	at com.android.internal.util.function.pooled.PooledLambdaImpl.invoke(PooledLambdaImpl.java:201)
12-11 11:57:30.823  1406  1469 D EventSequenceValidator: 	at com.android.internal.util.function.pooled.OmniFunction.run(OmniFunction.java:97)
12-11 11:57:30.823  1406  1469 D EventSequenceValidator: 	at android.os.Handler.handleCallback(Handler.java:938)
12-11 11:57:30.823  1406  1469 D EventSequenceValidator: 	at android.os.Handler.dispatchMessage(Handler.java:99)
12-11 11:57:30.823  1406  1469 D EventSequenceValidator: 	at android.os.Looper.loop(Looper.java:223)
12-11 11:57:30.823  1406  1469 D EventSequenceValidator: 	at android.os.HandlerThread.run(HandlerThread.java:67)
12-11 11:57:30.823  1406  1469 D EventSequenceValidator: 	at com.android.server.ServiceThread.run(ServiceThread.java:44)
12-11 11:57:30.835  1406  3273 W ActivityTaskManager: Tried to set launchTime (0) < mLastActivityLaunchTime (464967633)
12-11 11:57:30.908 21818 21818 D BoundBrokerSvc: onBind: Intent { act=com.google.android.gms.auth.api.credentials.internal_service.START cmp=com.google.android.gms/.chimera.GmsInternalBoundBrokerService }
12-11 11:57:30.908 24345  6427 W NetworkScheduler: Error inserting flex_time=3472000 job_id=-1 period=6945000 source=16 requires_charging=0 preferred_network_type=1 target_class=com.google.android.gms.measurement.PackageMeasurementTaskService user_id=0 target_package=com.google.android.gms tag=Measurement.PackageMeasurementTaskService.UPLOAD_TASK_TAG task_type=0 required_idleness_state=0 service_kind=0 source_version=204516000 persistence_level=1 preferred_charging_state=1 required_network_type=0 runtime=1607668050905 retry_strategy={"maximum_backoff_seconds":{"3600":0},"initial_backoff_seconds":{"30":0},"retry_policy":{"0":0}} last_runtime=0, error message: UNIQUE constraint failed: pending_ops.tag, pending_ops.target_class, pending_ops.target_package, pending_ops.user_id (code 2067 SQLITE_CONSTRAINT_UNIQUE) [CONTEXT service_id=218 ]
12-11 11:57:30.908 21818 21818 D BoundBrokerSvc: Loading bound service for intent: Intent { act=com.google.android.gms.auth.api.credentials.internal_service.START cmp=com.google.android.gms/.chimera.GmsInternalBoundBrokerService }
12-11 11:57:30.948  1406  1469 D EventSequenceValidator: onActivityLaunchFinished during UNKNOWN.
12-11 11:57:30.948  1406  1469 D EventSequenceValidator: java.lang.Throwable: EventSequenceValidator#getStackTrace
12-11 11:57:30.948  1406  1469 D EventSequenceValidator: 	at com.google.android.startop.iorap.EventSequenceValidator.logWarningWithStackTrace(EventSequenceValidator.java:260)
12-11 11:57:30.948  1406  1469 D EventSequenceValidator: 	at com.google.android.startop.iorap.EventSequenceValidator.onActivityLaunchFinished(EventSequenceValidator.java:185)
12-11 11:57:30.948  1406  1469 D EventSequenceValidator: 	at com.android.server.wm.LaunchObserverRegistryImpl.handleOnActivityLaunchFinished(LaunchObserverRegistryImpl.java:175)
12-11 11:57:30.948  1406  1469 D EventSequenceValidator: 	at com.android.server.wm.LaunchObserverRegistryImpl.lambda$QcawcFcJtEX4EhYptq_Vb4j368Y(Unknown Source:0)
12-11 11:57:30.948  1406  1469 D EventSequenceValidator: 	at com.android.server.wm.-$$Lambda$LaunchObserverRegistryImpl$QcawcFcJtEX4EhYptq_Vb4j368Y.accept(Unknown Source:10)
12-11 11:57:30.948  1406  1469 D EventSequenceValidator: 	at com.android.internal.util.function.pooled.PooledLambdaImpl.doInvoke(PooledLambdaImpl.java:292)
12-11 11:57:30.948  1406  1469 D EventSequenceValidator: 	at com.android.internal.util.function.pooled.PooledLambdaImpl.invoke(PooledLambdaImpl.java:201)
12-11 11:57:30.948  1406  1469 D EventSequenceValidator: 	at com.android.internal.util.function.pooled.OmniFunction.run(OmniFunction.java:97)
12-11 11:57:30.948  1406  1469 D EventSequenceValidator: 	at android.os.Handler.handleCallback(Handler.java:938)
12-11 11:57:30.948  1406  1469 D EventSequenceValidator: 	at android.os.Handler.dispatchMessage(Handler.java:99)
12-11 11:57:30.948  1406  1469 D EventSequenceValidator: 	at android.os.Looper.loop(Looper.java:223)
12-11 11:57:30.948  1406  1469 D EventSequenceValidator: 	at android.os.HandlerThread.run(HandlerThread.java:67)
12-11 11:57:30.948  1406  1469 D EventSequenceValidator: 	at com.android.server.ServiceThread.run(ServiceThread.java:44)
12-11 11:57:30.948  1406  1469 D EventSequenceValidator: dec AccIntentStartedEvents to 1
12-11 11:57:30.957  1406  1474 D ArtManagerInternalImpl: /data/misc/iorapd/com.google.android.gms/204516046/com.google.android.gms.auth.api.credentials.ui.CredentialPickerActivity/compiled_traces/compiled_trace.pb exists
12-11 11:57:30.957  1406  1474 D ArtManagerInternalImpl: /data/misc/iorapd/com.google.android.gms/204516046/com.google.android.gms.auth.api.credentials.ui.CredentialPickerActivity/compiled_traces/compiled_trace.pb size is 138094
12-11 11:57:30.958  1406  1474 I ActivityTaskManager: Displayed com.google.android.gms/.auth.api.credentials.ui.CredentialPickerActivity: +124ms
12-11 11:57:30.992  7765  7765 W Choreographer: Frame time is 0.268696 ms in the future!  Check that graphics HAL is generating vsync timestamps using the correct timebase.
12-11 11:57:30.992 24762 24762 W Choreographer: Frame time is 0.268488 ms in the future!  Check that graphics HAL is generating vsync timestamps using the correct timebase.
12-11 11:57:31.002 19878 19878 I GoogleInputMethodService: GoogleInputMethodService.onFinishInput():3308 
12-11 11:57:31.002 19878 19878 I GoogleInputMethodService: GoogleInputMethodService.onStartInput():1887 
12-11 11:57:31.010   671   671 D android.hardware.power@1.3-service.pixel-libperfmgr: LAUNCH: 0
12-11 11:57:31.542  7715  7744 I appium  : AppiumResponse: {"sessionId":"fd2461c5-2de1-4cb4-b46b-70947babd746","value":null}
12-11 11:57:31.591  7715  7744 I appium  : channel read invoked!
12-11 11:57:31.592  7715  7744 I appium  : channel read: POST /wd/hub/session/fd2461c5-2de1-4cb4-b46b-70947babd746/element
12-11 11:57:31.595  7715  7744 I appium  : Find element command using 'id' with selector 'com.google.android.gms:id/cancel'.
12-11 11:57:31.595  7715  7744 I appium  : Waiting up to 10000ms for device to be idle
12-11 11:57:31.621  7715  7744 I appium  : AppiumResponse: {"sessionId":"fd2461c5-2de1-4cb4-b46b-70947babd746","value":{"ELEMENT":"a2a03946-6147-4fcd-aba1-5aa78f96fd59","element-6066-11e4-a52e-4f735466cecf":"a2a03946-6147-4fcd-aba1-5aa78f96fd59"}}
12-11 11:57:31.644  7715  7744 I appium  : channel read invoked!
12-11 11:57:31.644  7715  7744 I appium  : channel read: POST /wd/hub/session/fd2461c5-2de1-4cb4-b46b-70947babd746/element/a2a03946-6147-4fcd-aba1-5aa78f96fd59/click
12-11 11:57:31.646  7715  7744 I appium  : Click element command
12-11 11:57:31.711  7715  7744 I appium  : Waiting up to 10000ms for device to be idle
12-11 11:57:31.711  7715  7744 I appium  : AppiumResponse: {"sessionId":"fd2461c5-2de1-4cb4-b46b-70947babd746","value":null}
12-11 11:57:31.730  7765  7765 W System.err: java.net.MalformedURLException: no protocol: login_v4_dialog
12-11 11:57:31.730  7765  7765 W System.err: 	at java.net.URL.<init>(URL.java:601)
12-11 11:57:31.730  7765  7765 W System.err: 	at java.net.URL.<init>(URL.java:498)
12-11 11:57:31.730  7765  7765 W System.err: 	at java.net.URL.<init>(URL.java:447)
12-11 11:57:31.730  7765  7765 W System.err: 	at com.flipkart.android.utils.cc.getUrlPath(Unknown Source:2)
12-11 11:57:31.730  7765  7765 W System.err: 	at com.flipkart.android.bottomnavigation.c.a(Unknown Source:139)
12-11 11:57:31.730  7765  7765 W System.err: 	at com.flipkart.android.bottomnavigation.c.update(Unknown Source:135)
12-11 11:57:31.730  7765  7765 W System.err: 	at com.flipkart.android.reactnative.nativeuimodules.reactbottombar.ReactBottomNavigationFragment.onResume(Unknown Source:13)
12-11 11:57:31.730  7765  7765 W System.err: 	at androidx.fragment.app.Fragment.performResume(Unknown Source:18)
12-11 11:57:31.730  7765  7765 W System.err: 	at androidx.fragment.app.h.a(Unknown Source:740)
12-11 11:57:31.730  7765  7765 W System.err: 	at androidx.fragment.app.h.f(Unknown Source:38)
12-11 11:57:31.730  7765  7765 W System.err: 	at androidx.fragment.app.h.a(Unknown Source:46)
12-11 11:57:31.730  7765  7765 W System.err: 	at androidx.fragment.app.h.f(Unknown Source:4)
12-11 11:57:31.730  7765  7765 W System.err: 	at androidx.fragment.app.h.u(Unknown Source:6)
12-11 11:57:31.730  7765  7765 W System.err: 	at androidx.fragment.app.Fragment.performResume(Unknown Source:29)
12-11 11:57:31.730  7765  7765 W System.err: 	at androidx.fragment.app.h.a(Unknown Source:740)
12-11 11:57:31.730  7765  7765 W System.err: 	at androidx.fragment.app.h.f(Unknown Source:38)
12-11 11:57:31.730  7765  7765 W System.err: 	at androidx.fragment.app.h.a(Unknown Source:46)
12-11 11:57:31.730  7765  7765 W System.err: 	at androidx.fragment.app.h.f(Unknown Source:4)
12-11 11:57:31.730  7765  7765 W System.err: 	at androidx.fragment.app.h.u(Unknown Source:6)
12-11 11:57:31.730  7765  7765 W System.err: 	at androidx.fragment.app.e.h(Unknown Source:4)
12-11 11:57:31.730  7765  7765 W System.err: 	at androidx.fragment.app.c.onResumeFragments(Unknown Source:2)
12-11 11:57:31.730  7765  7765 W System.err: 	at androidx.fragment.app.c.onPostResume(Unknown Source:9)
12-11 11:57:31.730  7765  7765 W System.err: 	at androidx.appcompat.app.c.onPostResume(Unknown Source:0)
12-11 11:57:31.730  7765  7765 W System.err: 	at com.flipkart.android.activity.HomeFragmentHolderActivity.onPostResume(Unknown Source:0)
12-11 11:57:31.730  7765  7765 W System.err: 	at android.app.Activity.performResume(Activity.java:8160)
12-11 11:57:31.730  7765  7765 W System.err: 	at android.app.ActivityThread.performResumeActivity(ActivityThread.java:4434)
12-11 11:57:31.730  7765  7765 W System.err: 	at android.app.ActivityThread.handleResumeActivity(ActivityThread.java:4476)
12-11 11:57:31.730  7765  7765 W System.err: 	at android.app.servertransaction.ResumeActivityItem.execute(ResumeActivityItem.java:52)
12-11 11:57:31.730  7765  7765 W System.err: 	at android.app.servertransaction.TransactionExecutor.executeLifecycleState(TransactionExecutor.java:176)
12-11 11:57:31.730  7765  7765 W System.err: 	at android.app.servertransaction.TransactionExecutor.execute(TransactionExecutor.java:97)
12-11 11:57:31.730  7765  7765 W System.err: 	at android.app.ActivityThread$H.handleMessage(ActivityThread.java:2066)
12-11 11:57:31.730  7765  7765 W System.err: 	at android.os.Handler.dispatchMessage(Handler.java:106)
12-11 11:57:31.730  7765  7765 W System.err: 	at android.os.Looper.loop(Looper.java:223)
12-11 11:57:31.730  7765  7765 W System.err: 	at android.app.ActivityThread.main(ActivityThread.java:7656)
12-11 11:57:31.730  7765  7765 W System.err: 	at java.lang.reflect.Method.invoke(Native Method)
12-11 11:57:31.730  7765  7765 W System.err: 	at com.android.internal.os.RuntimeInit$MethodAndArgsCaller.run(RuntimeInit.java:592)
12-11 11:57:31.730  7765  7765 W System.err: 	at com.android.internal.os.ZygoteInit.main(ZygoteInit.java:947)
12-11 11:57:31.731  7765  7765 W System.err: java.net.MalformedURLException: no protocol: login_v4_dialog
12-11 11:57:31.731  7765  7765 W System.err: 	at java.net.URL.<init>(URL.java:601)
12-11 11:57:31.731  7765  7765 W System.err: 	at java.net.URL.<init>(URL.java:498)
12-11 11:57:31.731  7765  7765 W System.err: 	at java.net.URL.<init>(URL.java:447)
12-11 11:57:31.731  7765  7765 W System.err: 	at com.flipkart.android.utils.cc.getUrlPath(Unknown Source:2)
12-11 11:57:31.731  7765  7765 W System.err: 	at com.flipkart.android.reactnative.nativeuimodules.reactbottombar.ReactBottomNavigationFragment.findBottomBarEligibleUrl(Unknown Source:48)
12-11 11:57:31.731  7765  7765 W System.err: 	at com.flipkart.android.bottomnavigation.c.update(Unknown Source:151)
12-11 11:57:31.731  7765  7765 W System.err: 	at com.flipkart.android.reactnative.nativeuimodules.reactbottombar.ReactBottomNavigationFragment.onResume(Unknown Source:13)
12-11 11:57:31.731  7765  7765 W System.err: 	at androidx.fragment.app.Fragment.performResume(Unknown Source:18)
12-11 11:57:31.731  7765  7765 W System.err: 	at androidx.fragment.app.h.a(Unknown Source:740)
12-11 11:57:31.731  7765  7765 W System.err: 	at androidx.fragment.app.h.f(Unknown Source:38)
12-11 11:57:31.731  7765  7765 W System.err: 	at androidx.fragment.app.h.a(Unknown Source:46)
12-11 11:57:31.731  7765  7765 W System.err: 	at androidx.fragment.app.h.f(Unknown Source:4)
12-11 11:57:31.731  7765  7765 W System.err: 	at androidx.fragment.app.h.u(Unknown Source:6)
12-11 11:57:31.731  7765  7765 W System.err: 	at androidx.fragment.app.Fragment.performResume(Unknown Source:29)
12-11 11:57:31.731  7765  7765 W System.err: 	at androidx.fragment.app.h.a(Unknown Source:740)
12-11 11:57:31.731  7765  7765 W System.err: 	at androidx.fragment.app.h.f(Unknown Source:38)
12-11 11:57:31.731  7765  7765 W System.err: 	at androidx.fragment.app.h.a(Unknown Source:46)
12-11 11:57:31.731  7765  7765 W System.err: 	at androidx.fragment.app.h.f(Unknown Source:4)
12-11 11:57:31.731  7765  7765 W System.err: 	at androidx.fragment.app.h.u(Unknown Source:6)
12-11 11:57:31.731  7765  7765 W System.err: 	at androidx.fragment.app.e.h(Unknown Source:4)
12-11 11:57:31.731  7765  7765 W System.err: 	at androidx.fragment.app.c.onResumeFragments(Unknown Source:2)
12-11 11:57:31.731  7765  7765 W System.err: 	at androidx.fragment.app.c.onPostResume(Unknown Source:9)
12-11 11:57:31.731  7765  7765 W System.err: 	at androidx.appcompat.app.c.onPostResume(Unknown Source:0)
12-11 11:57:31.731  7765  7765 W System.err: 	at com.flipkart.android.activity.HomeFragmentHolderActivity.onPostResume(Unknown Source:0)
12-11 11:57:31.731  7765  7765 W System.err: 	at android.app.Activity.performResume(Activity.java:8160)
12-11 11:57:31.731  7765  7765 W System.err: 	at android.app.ActivityThread.performResumeActivity(ActivityThread.java:4434)
12-11 11:57:31.731  7765  7765 W System.err: 	at android.app.ActivityThread.handleResumeActivity(ActivityThread.java:4476)
12-11 11:57:31.731  7765  7765 W System.err: 	at android.app.servertransaction.ResumeActivityItem.execute(ResumeActivityItem.java:52)
12-11 11:57:31.731  7765  7765 W System.err: 	at android.app.servertransaction.TransactionExecutor.executeLifecycleState(TransactionExecutor.java:176)
12-11 11:57:31.731  7765  7765 W System.err: 	at android.app.servertransaction.TransactionExecutor.execute(TransactionExecutor.java:97)
12-11 11:57:31.731  7765  7765 W System.err: 	at android.app.ActivityThread$H.handleMessage(ActivityThread.java:2066)
12-11 11:57:31.732  7765  7765 W System.err: 	at android.os.Handler.dispatchMessage(Handler.java:106)
12-11 11:57:31.732  7765  7765 W System.err: 	at android.os.Looper.loop(Looper.java:223)
12-11 11:57:31.732  7765  7765 W System.err: 	at android.app.ActivityThread.main(ActivityThread.java:7656)
12-11 11:57:31.732  7765  7765 W System.err: 	at java.lang.reflect.Method.invoke(Native Method)
12-11 11:57:31.732  7765  7765 W System.err: 	at com.android.internal.os.RuntimeInit$MethodAndArgsCaller.run(RuntimeInit.java:592)
12-11 11:57:31.732  7765  7765 W System.err: 	at com.android.internal.os.ZygoteInit.main(ZygoteInit.java:947)
12-11 11:57:31.732  7765  7765 W System.err: java.net.MalformedURLException: no protocol: login_v4_dialog
12-11 11:57:31.732  7765  7765 W System.err: 	at java.net.URL.<init>(URL.java:601)
12-11 11:57:31.732  7765  7765 W System.err: 	at java.net.URL.<init>(URL.java:498)
12-11 11:57:31.732  7765  7765 W System.err: 	at java.net.URL.<init>(URL.java:447)
12-11 11:57:31.732  7765  7765 W System.err: 	at com.flipkart.android.utils.cc.getUrlPath(Unknown Source:2)
12-11 11:57:31.732  7765  7765 W System.err: 	at com.flipkart.android.reactnative.nativeuimodules.reactbottombar.ReactBottomNavigationFragment.findBottomBarEligibleUrl(Unknown Source:113)
12-11 11:57:31.732  7765  7765 W System.err: 	at com.flipkart.android.bottomnavigation.c.update(Unknown Source:151)
12-11 11:57:31.732  7765  7765 W System.err: 	at com.flipkart.android.reactnative.nativeuimodules.reactbottombar.ReactBottomNavigationFragment.onResume(Unknown Source:13)
12-11 11:57:31.732  7765  7765 W System.err: 	at androidx.fragment.app.Fragment.performResume(Unknown Source:18)
12-11 11:57:31.732  7765  7765 W System.err: 	at androidx.fragment.app.h.a(Unknown Source:740)
12-11 11:57:31.732  7765  7765 W System.err: 	at androidx.fragment.app.h.f(Unknown Source:38)
12-11 11:57:31.732  7765  7765 W System.err: 	at androidx.fragment.app.h.a(Unknown Source:46)
12-11 11:57:31.732  7765  7765 W System.err: 	at androidx.fragment.app.h.f(Unknown Source:4)
12-11 11:57:31.732  7765  7765 W System.err: 	at androidx.fragment.app.h.u(Unknown Source:6)
12-11 11:57:31.732  7765  7765 W System.err: 	at androidx.fragment.app.Fragment.performResume(Unknown Source:29)
12-11 11:57:31.732  7765  7765 W System.err: 	at androidx.fragment.app.h.a(Unknown Source:740)
12-11 11:57:31.732  7765  7765 W System.err: 	at androidx.fragment.app.h.f(Unknown Source:38)
12-11 11:57:31.732  7765  7765 W System.err: 	at androidx.fragment.app.h.a(Unknown Source:46)
12-11 11:57:31.732  7765  7765 W System.err: 	at androidx.fragment.app.h.f(Unknown Source:4)
12-11 11:57:31.732  7765  7765 W System.err: 	at androidx.fragment.app.h.u(Unknown Source:6)
12-11 11:57:31.732  7765  7765 W System.err: 	at androidx.fragment.app.e.h(Unknown Source:4)
12-11 11:57:31.732  7765  7765 W System.err: 	at androidx.fragment.app.c.onResumeFragments(Unknown Source:2)
12-11 11:57:31.732  7765  7765 W System.err: 	at androidx.fragment.app.c.onPostResume(Unknown Source:9)
12-11 11:57:31.732  7765  7765 W System.err: 	at androidx.appcompat.app.c.onPostResume(Unknown Source:0)
12-11 11:57:31.732  7765  7765 W System.err: 	at com.flipkart.android.activity.HomeFragmentHolderActivity.onPostResume(Unknown Source:0)
12-11 11:57:31.732  7765  7765 W System.err: 	at android.app.Activity.performResume(Activity.java:8160)
12-11 11:57:31.732  7765  7765 W System.err: 	at android.app.ActivityThread.performResumeActivity(ActivityThread.java:4434)
12-11 11:57:31.732  7765  7765 W System.err: 	at android.app.ActivityThread.handleResumeActivity(ActivityThread.java:4476)
12-11 11:57:31.732  7765  7765 W System.err: 	at android.app.servertransaction.ResumeActivityItem.execute(ResumeActivityItem.java:52)
12-11 11:57:31.732  7765  7765 W System.err: 	at android.app.servertransaction.TransactionExecutor.executeLifecycleState(TransactionExecutor.java:176)
12-11 11:57:31.732  7765  7765 W System.err: 	at android.app.servertransaction.TransactionExecutor.execute(TransactionExecutor.java:97)
12-11 11:57:31.732  7765  7765 W System.err: 	at android.app.ActivityThread$H.handleMessage(ActivityThread.java:2066)
12-11 11:57:31.733  7765  7765 W System.err: 	at android.os.Handler.dispatchMessage(Handler.java:106)
12-11 11:57:31.733  7765  7765 W System.err: 	at android.os.Looper.loop(Looper.java:223)
12-11 11:57:31.733  7765  7765 W System.err: 	at android.app.ActivityThread.main(ActivityThread.java:7656)
12-11 11:57:31.733  7765  7765 W System.err: 	at java.lang.reflect.Method.invoke(Native Method)
12-11 11:57:31.733  7765  7765 W System.err: 	at com.android.internal.os.RuntimeInit$MethodAndArgsCaller.run(RuntimeInit.java:592)
12-11 11:57:31.733  7765  7765 W System.err: 	at com.android.internal.os.ZygoteInit.main(ZygoteInit.java:947)
12-11 11:57:31.733  7765  7765 W System.err: java.net.MalformedURLException: no protocol: login_v4_dialog
12-11 11:57:31.733  7765  7765 W System.err: 	at java.net.URL.<init>(URL.java:601)
12-11 11:57:31.733  7765  7765 W System.err: 	at java.net.URL.<init>(URL.java:498)
12-11 11:57:31.733  7765  7765 W System.err: 	at java.net.URL.<init>(URL.java:447)
12-11 11:57:31.733  7765  7765 W System.err: 	at com.flipkart.android.utils.cc.getUrlPath(Unknown Source:2)
12-11 11:57:31.733  7765  7765 W System.err: 	at com.flipkart.android.reactnative.nativeuimodules.reactbottombar.ReactBottomNavigationFragment.findBottomBarEligibleUrl(Unknown Source:113)
12-11 11:57:31.733  7765  7765 W System.err: 	at com.flipkart.android.bottomnavigation.c.update(Unknown Source:151)
12-11 11:57:31.733  7765  7765 W System.err: 	at com.flipkart.android.reactnative.nativeuimodules.reactbottombar.ReactBottomNavigationFragment.onResume(Unknown Source:13)
12-11 11:57:31.733  7765  7765 W System.err: 	at androidx.fragment.app.Fragment.performResume(Unknown Source:18)
12-11 11:57:31.733  7765  7765 W System.err: 	at androidx.fragment.app.h.a(Unknown Source:740)
12-11 11:57:31.733  7765  7765 W System.err: 	at androidx.fragment.app.h.f(Unknown Source:38)
12-11 11:57:31.733  7765  7765 W System.err: 	at androidx.fragment.app.h.a(Unknown Source:46)
12-11 11:57:31.733  7765  7765 W System.err: 	at androidx.fragment.app.h.f(Unknown Source:4)
12-11 11:57:31.733  7765  7765 W System.err: 	at androidx.fragment.app.h.u(Unknown Source:6)
12-11 11:57:31.733  7765  7765 W System.err: 	at androidx.fragment.app.Fragment.performResume(Unknown Source:29)
12-11 11:57:31.733  7765  7765 W System.err: 	at androidx.fragment.app.h.a(Unknown Source:740)
12-11 11:57:31.733  7765  7765 W System.err: 	at androidx.fragment.app.h.f(Unknown Source:38)
12-11 11:57:31.733  7765  7765 W System.err: 	at androidx.fragment.app.h.a(Unknown Source:46)
12-11 11:57:31.734  7765  7765 W System.err: 	at androidx.fragment.app.h.f(Unknown Source:4)
12-11 11:57:31.734  7765  7765 W System.err: 	at androidx.fragment.app.h.u(Unknown Source:6)
12-11 11:57:31.734  7765  7765 W System.err: 	at androidx.fragment.app.e.h(Unknown Source:4)
12-11 11:57:31.734  7765  7765 W System.err: 	at androidx.fragment.app.c.onResumeFragments(Unknown Source:2)
12-11 11:57:31.734  7765  7765 W System.err: 	at androidx.fragment.app.c.onPostResume(Unknown Source:9)
12-11 11:57:31.734  7765  7765 W System.err: 	at androidx.appcompat.app.c.onPostResume(Unknown Source:0)
12-11 11:57:31.734  7765  7765 W System.err: 	at com.flipkart.android.activity.HomeFragmentHolderActivity.onPostResume(Unknown Source:0)
12-11 11:57:31.734  7765  7765 W System.err: 	at android.app.Activity.performResume(Activity.java:8160)
12-11 11:57:31.734  7765  7765 W System.err: 	at android.app.ActivityThread.performResumeActivity(ActivityThread.java:4434)
12-11 11:57:31.734  7765  7765 W System.err: 	at android.app.ActivityThread.handleResumeActivity(ActivityThread.java:4476)
12-11 11:57:31.734  7765  7765 W System.err: 	at android.app.servertransaction.ResumeActivityItem.execute(ResumeActivityItem.java:52)
12-11 11:57:31.734  7765  7765 W System.err: 	at android.app.servertransaction.TransactionExecutor.executeLifecycleState(TransactionExecutor.java:176)
12-11 11:57:31.734  7765  7765 W System.err: 	at android.app.servertransaction.TransactionExecutor.execute(TransactionExecutor.java:97)
12-11 11:57:31.734  7765  7765 W System.err: 	at android.app.ActivityThread$H.handleMessage(ActivityThread.java:2066)
12-11 11:57:31.734  7765  7765 W System.err: 	at android.os.Handler.dispatchMessage(Handler.java:106)
12-11 11:57:31.734  7765  7765 W System.err: 	at android.os.Looper.loop(Looper.java:223)
12-11 11:57:31.734  7765  7765 W System.err: 	at android.app.ActivityThread.main(ActivityThread.java:7656)
12-11 11:57:31.734  7765  7765 W System.err: 	at java.lang.reflect.Method.invoke(Native Method)
12-11 11:57:31.734  7765  7765 W System.err: 	at com.android.internal.os.RuntimeInit$MethodAndArgsCaller.run(RuntimeInit.java:592)
12-11 11:57:31.734  7765  7765 W System.err: 	at com.android.internal.os.ZygoteInit.main(ZygoteInit.java:947)
12-11 11:57:31.735  7765  7765 W System.err: java.net.MalformedURLException: no protocol: login_v4_dialog
12-11 11:57:31.735  7765  7765 W System.err: 	at java.net.URL.<init>(URL.java:601)
12-11 11:57:31.735  7765  7765 W System.err: 	at java.net.URL.<init>(URL.java:498)
12-11 11:57:31.735  7765  7765 W System.err: 	at java.net.URL.<init>(URL.java:447)
12-11 11:57:31.735  7765  7765 W System.err: 	at com.flipkart.android.utils.cc.getUrlPath(Unknown Source:2)
12-11 11:57:31.735  7765  7765 W System.err: 	at com.flipkart.android.reactnative.nativeuimodules.reactbottombar.ReactBottomNavigationFragment.findBottomBarEligibleUrl(Unknown Source:113)
12-11 11:57:31.735  7765  7765 W System.err: 	at com.flipkart.android.bottomnavigation.c.update(Unknown Source:151)
12-11 11:57:31.735  7765  7765 W System.err: 	at com.flipkart.android.reactnative.nativeuimodules.reactbottombar.ReactBottomNavigationFragment.onResume(Unknown Source:13)
12-11 11:57:31.735  7765  7765 W System.err: 	at androidx.fragment.app.Fragment.performResume(Unknown Source:18)
12-11 11:57:31.735  7765  7765 W System.err: 	at androidx.fragment.app.h.a(Unknown Source:740)
12-11 11:57:31.735  7765  7765 W System.err: 	at androidx.fragment.app.h.f(Unknown Source:38)
12-11 11:57:31.735  7765  7765 W System.err: 	at androidx.fragment.app.h.a(Unknown Source:46)
12-11 11:57:31.735  7765  7765 W System.err: 	at androidx.fragment.app.h.f(Unknown Source:4)
12-11 11:57:31.735  7765  7765 W System.err: 	at androidx.fragment.app.h.u(Unknown Source:6)
12-11 11:57:31.735  7765  7765 W System.err: 	at androidx.fragment.app.Fragment.performResume(Unknown Source:29)
12-11 11:57:31.735  7765  7765 W System.err: 	at androidx.fragment.app.h.a(Unknown Source:740)
12-11 11:57:31.735  7765  7765 W System.err: 	at androidx.fragment.app.h.f(Unknown Source:38)
12-11 11:57:31.735  7765  7765 W System.err: 	at androidx.fragment.app.h.a(Unknown Source:46)
12-11 11:57:31.735  7765  7765 W System.err: 	at androidx.fragment.app.h.f(Unknown Source:4)
12-11 11:57:31.735  7765  7765 W System.err: 	at androidx.fragment.app.h.u(Unknown Source:6)
12-11 11:57:31.735  7765  7765 W System.err: 	at androidx.fragment.app.e.h(Unknown Source:4)
12-11 11:57:31.736  7765  7765 W System.err: 	at androidx.fragment.app.c.onResumeFragments(Unknown Source:2)
12-11 11:57:31.736  7765  7765 W System.err: 	at androidx.fragment.app.c.onPostResume(Unknown Source:9)
12-11 11:57:31.736  7765  7765 W System.err: 	at androidx.appcompat.app.c.onPostResume(Unknown Source:0)
12-11 11:57:31.736  7765  7765 W System.err: 	at com.flipkart.android.activity.HomeFragmentHolderActivity.onPostResume(Unknown Source:0)
12-11 11:57:31.736  7765  7765 W System.err: 	at android.app.Activity.performResume(Activity.java:8160)
12-11 11:57:31.736  7765  7765 W System.err: 	at android.app.ActivityThread.performResumeActivity(ActivityThread.java:4434)
12-11 11:57:31.736  7765  7765 W System.err: 	at android.app.ActivityThread.handleResumeActivity(ActivityThread.java:4476)
12-11 11:57:31.736  7765  7765 W System.err: 	at android.app.servertransaction.ResumeActivityItem.execute(ResumeActivityItem.java:52)
12-11 11:57:31.736  7765  7765 W System.err: 	at android.app.servertransaction.TransactionExecutor.executeLifecycleState(TransactionExecutor.java:176)
12-11 11:57:31.736  7765  7765 W System.err: 	at android.app.servertransaction.TransactionExecutor.execute(TransactionExecutor.java:97)
12-11 11:57:31.736  7765  7765 W System.err: 	at android.app.ActivityThread$H.handleMessage(ActivityThread.java:2066)
12-11 11:57:31.736  7765  7765 W System.err: 	at android.os.Handler.dispatchMessage(Handler.java:106)
12-11 11:57:31.736  7765  7765 W System.err: 	at android.os.Looper.loop(Looper.java:223)
12-11 11:57:31.736  7765  7765 W System.err: 	at android.app.ActivityThread.main(ActivityThread.java:7656)
12-11 11:57:31.736  7765  7765 W System.err: 	at java.lang.reflect.Method.invoke(Native Method)
12-11 11:57:31.736  7765  7765 W System.err: 	at com.android.internal.os.RuntimeInit$MethodAndArgsCaller.run(RuntimeInit.java:592)
12-11 11:57:31.736  7765  7765 W System.err: 	at com.android.internal.os.ZygoteInit.main(ZygoteInit.java:947)
12-11 11:57:31.736  7765  7765 W System.err: java.net.MalformedURLException: no protocol: login_v4_dialog
12-11 11:57:31.736  7765  7765 W System.err: 	at java.net.URL.<init>(URL.java:601)
12-11 11:57:31.736  7765  7765 W System.err: 	at java.net.URL.<init>(URL.java:498)
12-11 11:57:31.736  7765  7765 W System.err: 	at java.net.URL.<init>(URL.java:447)
12-11 11:57:31.736  7765  7765 W System.err: 	at com.flipkart.android.utils.cc.getUrlPath(Unknown Source:2)
12-11 11:57:31.736  7765  7765 W System.err: 	at com.flipkart.android.reactnative.nativeuimodules.reactbottombar.ReactBottomNavigationFragment.findBottomBarEligibleUrl(Unknown Source:113)
12-11 11:57:31.736  7765  7765 W System.err: 	at com.flipkart.android.bottomnavigation.c.update(Unknown Source:151)
12-11 11:57:31.736  7765  7765 W System.err: 	at com.flipkart.android.reactnative.nativeuimodules.reactbottombar.ReactBottomNavigationFragment.onResume(Unknown Source:13)
12-11 11:57:31.736  7765  7765 W System.err: 	at androidx.fragment.app.Fragment.performResume(Unknown Source:18)
12-11 11:57:31.736  7765  7765 W System.err: 	at androidx.fragment.app.h.a(Unknown Source:740)
12-11 11:57:31.736  7765  7765 W System.err: 	at androidx.fragment.app.h.f(Unknown Source:38)
12-11 11:57:31.736  7765  7765 W System.err: 	at androidx.fragment.app.h.a(Unknown Source:46)
12-11 11:57:31.736  7765  7765 W System.err: 	at androidx.fragment.app.h.f(Unknown Source:4)
12-11 11:57:31.736  7765  7765 W System.err: 	at androidx.fragment.app.h.u(Unknown Source:6)
12-11 11:57:31.736  7765  7765 W System.err: 	at androidx.fragment.app.Fragment.performResume(Unknown Source:29)
12-11 11:57:31.736  7765  7765 W System.err: 	at androidx.fragment.app.h.a(Unknown Source:740)
12-11 11:57:31.736  7765  7765 W System.err: 	at androidx.fragment.app.h.f(Unknown Source:38)
12-11 11:57:31.737  7765  7765 W System.err: 	at androidx.fragment.app.h.a(Unknown Source:46)
12-11 11:57:31.737  7765  7765 W System.err: 	at androidx.fragment.app.h.f(Unknown Source:4)
12-11 11:57:31.737  7765  7765 W System.err: 	at androidx.fragment.app.h.u(Unknown Source:6)
12-11 11:57:31.737  7765  7765 W System.err: 	at androidx.fragment.app.e.h(Unknown Source:4)
12-11 11:57:31.737  7765  7765 W System.err: 	at androidx.fragment.app.c.onResumeFragments(Unknown Source:2)
12-11 11:57:31.737  7765  7765 W System.err: 	at androidx.fragment.app.c.onPostResume(Unknown Source:9)
12-11 11:57:31.737  7765  7765 W System.err: 	at androidx.appcompat.app.c.onPostResume(Unknown Source:0)
12-11 11:57:31.737  7765  7765 W System.err: 	at com.flipkart.android.activity.HomeFragmentHolderActivity.onPostResume(Unknown Source:0)
12-11 11:57:31.737  7765  7765 W System.err: 	at android.app.Activity.performResume(Activity.java:8160)
12-11 11:57:31.737  7765  7765 W System.err: 	at android.app.ActivityThread.performResumeActivity(ActivityThread.java:4434)
12-11 11:57:31.737  7765  7765 W System.err: 	at android.app.ActivityThread.handleResumeActivity(ActivityThread.java:4476)
12-11 11:57:31.737  7765  7765 W System.err: 	at android.app.servertransaction.ResumeActivityItem.execute(ResumeActivityItem.java:52)
12-11 11:57:31.737  7765  7765 W System.err: 	at android.app.servertransaction.TransactionExecutor.executeLifecycleState(TransactionExecutor.java:176)
12-11 11:57:31.737  7765  7765 W System.err: 	at android.app.servertransaction.TransactionExecutor.execute(TransactionExecutor.java:97)
12-11 11:57:31.737  7765  7765 W System.err: 	at android.app.ActivityThread$H.handleMessage(ActivityThread.java:2066)
12-11 11:57:31.737  7765  7765 W System.err: 	at android.os.Handler.dispatchMessage(Handler.java:106)
12-11 11:57:31.737  7765  7765 W System.err: 	at android.os.Looper.loop(Looper.java:223)
12-11 11:57:31.737  7765  7765 W System.err: 	at android.app.ActivityThread.main(ActivityThread.java:7656)
12-11 11:57:31.737  7765  7765 W System.err: 	at java.lang.reflect.Method.invoke(Native Method)
12-11 11:57:31.737  7765  7765 W System.err: 	at com.android.internal.os.RuntimeInit$MethodAndArgsCaller.run(RuntimeInit.java:592)
12-11 11:57:31.737  7765  7765 W System.err: 	at com.android.internal.os.ZygoteInit.main(ZygoteInit.java:947)
12-11 11:57:31.737  7765  7765 W System.err: java.net.MalformedURLException: no protocol: login_v4_dialog
12-11 11:57:31.737  7765  7765 W System.err: 	at java.net.URL.<init>(URL.java:601)
12-11 11:57:31.737  7765  7765 W System.err: 	at java.net.URL.<init>(URL.java:498)
12-11 11:57:31.737  7765  7765 W System.err: 	at java.net.URL.<init>(URL.java:447)
12-11 11:57:31.737  7765  7765 W System.err: 	at com.flipkart.android.utils.cc.getUrlPath(Unknown Source:2)
12-11 11:57:31.737  7765  7765 W System.err: 	at com.flipkart.android.reactnative.nativeuimodules.reactbottombar.ReactBottomNavigationFragment.findBottomBarEligibleUrl(Unknown Source:113)
12-11 11:57:31.737  7765  7765 W System.err: 	at com.flipkart.android.bottomnavigation.c.update(Unknown Source:151)
12-11 11:57:31.737  7765  7765 W System.err: 	at com.flipkart.android.reactnative.nativeuimodules.reactbottombar.ReactBottomNavigationFragment.onResume(Unknown Source:13)
12-11 11:57:31.738  7765  7765 W System.err: 	at androidx.fragment.app.Fragment.performResume(Unknown Source:18)
12-11 11:57:31.738  7765  7765 W System.err: 	at androidx.fragment.app.h.a(Unknown Source:740)
12-11 11:57:31.738  7765  7765 W System.err: 	at androidx.fragment.app.h.f(Unknown Source:38)
12-11 11:57:31.738  7765  7765 W System.err: 	at androidx.fragment.app.h.a(Unknown Source:46)
12-11 11:57:31.738  7765  7765 W System.err: 	at androidx.fragment.app.h.f(Unknown Source:4)
12-11 11:57:31.738  7765  7765 W System.err: 	at androidx.fragment.app.h.u(Unknown Source:6)
12-11 11:57:31.738  7765  7765 W System.err: 	at androidx.fragment.app.Fragment.performResume(Unknown Source:29)
12-11 11:57:31.738  7765  7765 W System.err: 	at androidx.fragment.app.h.a(Unknown Source:740)
12-11 11:57:31.738  7765  7765 W System.err: 	at androidx.fragment.app.h.f(Unknown Source:38)
12-11 11:57:31.738  7765  7765 W System.err: 	at androidx.fragment.app.h.a(Unknown Source:46)
12-11 11:57:31.738  7765  7765 W System.err: 	at androidx.fragment.app.h.f(Unknown Source:4)
12-11 11:57:31.738  7765  7765 W System.err: 	at androidx.fragment.app.h.u(Unknown Source:6)
12-11 11:57:31.738  7765  7765 W System.err: 	at androidx.fragment.app.e.h(Unknown Source:4)
12-11 11:57:31.738  7765  7765 W System.err: 	at androidx.fragment.app.c.onResumeFragments(Unknown Source:2)
12-11 11:57:31.738  7765  7765 W System.err: 	at androidx.fragment.app.c.onPostResume(Unknown Source:9)
12-11 11:57:31.738  7765  7765 W System.err: 	at androidx.appcompat.app.c.onPostResume(Unknown Source:0)
12-11 11:57:31.738  7765  7765 W System.err: 	at com.flipkart.android.activity.HomeFragmentHolderActivity.onPostResume(Unknown Source:0)
12-11 11:57:31.738  7765  7765 W System.err: 	at android.app.Activity.performResume(Activity.java:8160)
12-11 11:57:31.738  7765  7765 W System.err: 	at android.app.ActivityThread.performResumeActivity(ActivityThread.java:4434)
12-11 11:57:31.738  7765  7765 W System.err: 	at android.app.ActivityThread.handleResumeActivity(ActivityThread.java:4476)
12-11 11:57:31.738  7765  7765 W System.err: 	at android.app.servertransaction.ResumeActivityItem.execute(ResumeActivityItem.java:52)
12-11 11:57:31.738  7765  7765 W System.err: 	at android.app.servertransaction.TransactionExecutor.executeLifecycleState(TransactionExecutor.java:176)
12-11 11:57:31.738  7765  7765 W System.err: 	at android.app.servertransaction.TransactionExecutor.execute(TransactionExecutor.java:97)
12-11 11:57:31.738  7765  7765 W System.err: 	at android.app.ActivityThread$H.handleMessage(ActivityThread.java:2066)
12-11 11:57:31.738  7765  7765 W System.err: 	at android.os.Handler.dispatchMessage(Handler.java:106)
12-11 11:57:31.738  7765  7765 W System.err: 	at android.os.Looper.loop(Looper.java:223)
12-11 11:57:31.738  7765  7765 W System.err: 	at android.app.ActivityThread.main(ActivityThread.java:7656)
12-11 11:57:31.738  7765  7765 W System.err: 	at java.lang.reflect.Method.invoke(Native Method)
12-11 11:57:31.738  7765  7765 W System.err: 	at com.android.internal.os.RuntimeInit$MethodAndArgsCaller.run(RuntimeInit.java:592)
12-11 11:57:31.738  7765  7765 W System.err: 	at com.android.internal.os.ZygoteInit.main(ZygoteInit.java:947)
12-11 11:57:31.738  7765  7765 W System.err: java.net.MalformedURLException: no protocol: login_v4_dialog
12-11 11:57:31.738  7765  7765 W System.err: 	at java.net.URL.<init>(URL.java:601)
12-11 11:57:31.738  7765  7765 W System.err: 	at java.net.URL.<init>(URL.java:498)
12-11 11:57:31.738  7765  7765 W System.err: 	at java.net.URL.<init>(URL.java:447)
12-11 11:57:31.738  7765  7765 W System.err: 	at com.flipkart.android.utils.cc.getUrlPath(Unknown Source:2)
12-11 11:57:31.738  7765  7765 W System.err: 	at com.flipkart.android.reactnative.nativeuimodules.reactbottombar.ReactBottomNavigationFragment.findBottomBarEligibleUrl(Unknown Source:113)
12-11 11:57:31.738  7765  7765 W System.err: 	at com.flipkart.android.bottomnavigation.c.update(Unknown Source:151)
12-11 11:57:31.738  7765  7765 W System.err: 	at com.flipkart.android.reactnative.nativeuimodules.reactbottombar.ReactBottomNavigationFragment.onResume(Unknown Source:13)
12-11 11:57:31.738  7765  7765 W System.err: 	at androidx.fragment.app.Fragment.performResume(Unknown Source:18)
12-11 11:57:31.738  7765  7765 W System.err: 	at androidx.fragment.app.h.a(Unknown Source:740)
12-11 11:57:31.738  7765  7765 W System.err: 	at androidx.fragment.app.h.f(Unknown Source:38)
12-11 11:57:31.738  7765  7765 W System.err: 	at androidx.fragment.app.h.a(Unknown Source:46)
12-11 11:57:31.738  7765  7765 W System.err: 	at androidx.fragment.app.h.f(Unknown Source:4)
12-11 11:57:31.738  7765  7765 W System.err: 	at androidx.fragment.app.h.u(Unknown Source:6)
12-11 11:57:31.738  7765  7765 W System.err: 	at androidx.fragment.app.Fragment.performResume(Unknown Source:29)
12-11 11:57:31.738  7765  7765 W System.err: 	at androidx.fragment.app.h.a(Unknown Source:740)
12-11 11:57:31.738  7765  7765 W System.err: 	at androidx.fragment.app.h.f(Unknown Source:38)
12-11 11:57:31.738  7765  7765 W System.err: 	at androidx.fragment.app.h.a(Unknown Source:46)
12-11 11:57:31.738  7765  7765 W System.err: 	at androidx.fragment.app.h.f(Unknown Source:4)
12-11 11:57:31.738  7765  7765 W System.err: 	at androidx.fragment.app.h.u(Unknown Source:6)
12-11 11:57:31.738  7765  7765 W System.err: 	at androidx.fragment.app.e.h(Unknown Source:4)
12-11 11:57:31.738  7765  7765 W System.err: 	at androidx.fragment.app.c.onResumeFragments(Unknown Source:2)
12-11 11:57:31.738  7765  7765 W System.err: 	at androidx.fragment.app.c.onPostResume(Unknown Source:9)
12-11 11:57:31.738  7765  7765 W System.err: 	at androidx.appcompat.app.c.onPostResume(Unknown Source:0)
12-11 11:57:31.739  7765  7765 W System.err: 	at com.flipkart.android.activity.HomeFragmentHolderActivity.onPostResume(Unknown Source:0)
12-11 11:57:31.739  7765  7765 W System.err: 	at android.app.Activity.performResume(Activity.java:8160)
12-11 11:57:31.739  7765  7765 W System.err: 	at android.app.ActivityThread.performResumeActivity(ActivityThread.java:4434)
12-11 11:57:31.739  7765  7765 W System.err: 	at android.app.ActivityThread.handleResumeActivity(ActivityThread.java:4476)
12-11 11:57:31.739  7765  7765 W System.err: 	at android.app.servertransaction.ResumeActivityItem.execute(ResumeActivityItem.java:52)
12-11 11:57:31.739  7765  7765 W System.err: 	at android.app.servertransaction.TransactionExecutor.executeLifecycleState(TransactionExecutor.java:176)
12-11 11:57:31.739  7765  7765 W System.err: 	at android.app.servertransaction.TransactionExecutor.execute(TransactionExecutor.java:97)
12-11 11:57:31.739  7765  7765 W System.err: 	at android.app.ActivityThread$H.handleMessage(ActivityThread.java:2066)
12-11 11:57:31.739  7765  7765 W System.err: 	at android.os.Handler.dispatchMessage(Handler.java:106)
12-11 11:57:31.739  7765  7765 W System.err: 	at android.os.Looper.loop(Looper.java:223)
12-11 11:57:31.739  7765  7765 W System.err: 	at android.app.ActivityThread.main(ActivityThread.java:7656)
12-11 11:57:31.739  7765  7765 W System.err: 	at java.lang.reflect.Method.invoke(Native Method)
12-11 11:57:31.739  7765  7765 W System.err: 	at com.android.internal.os.RuntimeInit$MethodAndArgsCaller.run(RuntimeInit.java:592)
12-11 11:57:31.739  7765  7765 W System.err: 	at com.android.internal.os.ZygoteInit.main(ZygoteInit.java:947)
12-11 11:57:31.739  7765  7765 W System.err: java.net.MalformedURLException: no protocol: login_v4_dialog
12-11 11:57:31.739  7765  7765 W System.err: 	at java.net.URL.<init>(URL.java:601)
12-11 11:57:31.739  7765  7765 W System.err: 	at java.net.URL.<init>(URL.java:498)
12-11 11:57:31.739  7765  7765 W System.err: 	at java.net.URL.<init>(URL.java:447)
12-11 11:57:31.739  7765  7765 W System.err: 	at com.flipkart.android.utils.cc.getUrlPath(Unknown Source:2)
12-11 11:57:31.739  7765  7765 W System.err: 	at com.flipkart.android.reactnative.nativeuimodules.reactbottombar.ReactBottomNavigationFragment.findBottomBarEligibleUrl(Unknown Source:113)
12-11 11:57:31.739  7765  7765 W System.err: 	at com.flipkart.android.bottomnavigation.c.update(Unknown Source:151)
12-11 11:57:31.739  7765  7765 W System.err: 	at com.flipkart.android.reactnative.nativeuimodules.reactbottombar.ReactBottomNavigationFragment.onResume(Unknown Source:13)
12-11 11:57:31.739  7765  7765 W System.err: 	at androidx.fragment.app.Fragment.performResume(Unknown Source:18)
12-11 11:57:31.739  7765  7765 W System.err: 	at androidx.fragment.app.h.a(Unknown Source:740)
12-11 11:57:31.739  7765  7765 W System.err: 	at androidx.fragment.app.h.f(Unknown Source:38)
12-11 11:57:31.739  7765  7765 W System.err: 	at androidx.fragment.app.h.a(Unknown Source:46)
12-11 11:57:31.739  7765  7765 W System.err: 	at androidx.fragment.app.h.f(Unknown Source:4)
12-11 11:57:31.739  7765  7765 W System.err: 	at androidx.fragment.app.h.u(Unknown Source:6)
12-11 11:57:31.739  7765  7765 W System.err: 	at androidx.fragment.app.Fragment.performResume(Unknown Source:29)
12-11 11:57:31.739  7765  7765 W System.err: 	at androidx.fragment.app.h.a(Unknown Source:740)
12-11 11:57:31.739  7765  7765 W System.err: 	at androidx.fragment.app.h.f(Unknown Source:38)
12-11 11:57:31.739  7765  7765 W System.err: 	at androidx.fragment.app.h.a(Unknown Source:46)
12-11 11:57:31.739  7765  7765 W System.err: 	at androidx.fragment.app.h.f(Unknown Source:4)
12-11 11:57:31.739  7765  7765 W System.err: 	at androidx.fragment.app.h.u(Unknown Source:6)
