12-11 11:57:33.098 19878 19878 W AndroidIME: KeyboardViewManager.initializeViews():345 initializeViews() : keyboard full width = -1; root view width = 1440; measured keyboard height = 2782
12-11 11:57:33.098 19878 19878 I AndroidIME: KeyboardViewManager.updateKeyboardHeaderViewWidth():767 keyboard header ratio:1.000000 body ratio:1.000000
12-11 11:57:33.098 19878 19878 I AndroidIME: KeyboardViewManager.updateKeyboardHeaderViewWidth():767 keyboard header ratio:1.000000 body ratio:1.000000
12-11 11:57:33.098 19878 19878 I AndroidIME: KeyboardViewManager.getInputViewBottomGapFromScreen():276 get inputViewBottomGapFromScreen = 168 from keyboard size helper.
12-11 11:57:33.099 19878 19878 I GoogleInputMethodService: GoogleInputMethodService$10.getKeyboardBottomCoverNavigationHeight():3219 Returns default 0 as the coverNavigationHeight while extendsTouchBelowSpace=false decorViewWindowInsets=WindowInsets{
12-11 11:57:33.099 19878 19878 I GoogleInputMethodService:     statusBars=Insets{left=0, top=0, right=0, bottom=0} max=Insets{left=0, top=0, right=0, bottom=0} vis=true
12-11 11:57:33.099 19878 19878 I GoogleInputMethodService:     navigationBars=Insets{left=0, top=0, right=0, bottom=168} max=Insets{left=0, top=0, right=0, bottom=168} vis=true
12-11 11:57:33.099 19878 19878 I GoogleInputMethodService:     =Insets{left=0, top=0, right=0, bottom=0} max=null vis=false
12-11 11:57:33.099 19878 19878 I GoogleInputMethodService:     ime=Insets{left=0, top=0, right=0, bottom=0} max=null vis=false
12-11 11:57:33.099 19878 19878 I GoogleInputMethodService:     systemGestures=Insets{left=0, top=0, right=0, bottom=168} max=Insets{left=0, top=0, right=0, bottom=168} vis=true
12-11 11:57:33.099 19878 19878 I GoogleInputMethodService:     mandatorySystemGestures=Insets{left=0, top=0, right=0, bottom=168} max=Insets{left=0, top=0, right=0, bottom=168} vis=true
12-11 11:57:33.099 19878 19878 I GoogleInputMethodService:     tappableElement=Insets{left=0, top=0, right=0, bottom=168} max=Insets{left=0, top=0, right=0, bottom=168} vis=true
12-11 11:57:33.099 19878 19878 I GoogleInputMethodService:     displayCutout=Insets{left=0, top=0, right=0, bottom=0} max=null vis=false
12-11 11:57:33.099 19878 19878 I GoogleInputMethodService:     windowDecor=null max=null vis=false
12-11 11:57:33.099 19878 19878 I GoogleInputMethodService:     
12-11 11:57:33.099 19878 19878 I GoogleInputMethodService:     }
12-11 11:57:33.100 19878 19878 I CurrentMicStatusHolder: CurrentMicStatusHolder.onStartInputView():79 Current Mic status = {MicIconHidden-EmailInputType,}
12-11 11:57:33.100 19878 19878 I VoiceImeExtension: VoiceImeExtension.shouldStartVoiceInputAutomatically():342 No private IME option set to start voice input.
12-11 11:57:33.103 19878 19878 I GoogleInputMethodService: GoogleInputMethodService.onStartInput():1887 
12-11 11:57:33.103 19878 19878 W SessionManager: SessionManager.beginSession():53 Try to begin an already begun session [INPUT_SESSION], end it first
12-11 11:57:33.103 19878 19878 W SessionManager: SessionManager.endSession():96 Child session [INPUT_VIEW_SESSION] is not ended while ending session [{IME_SESSION=1607668053092, INPUT_VIEW_SESSION=1607668053022, INPUT_SESSION=1607668053021, TRAINING_CACHE_SESSION=1607668053092}], ending it now.
12-11 11:57:33.103 19878 19878 W SessionManager: SessionManager.endSession():96 Child session [IME_SESSION] is not ended while ending session [{IME_SESSION=1607668053092, INPUT_VIEW_SESSION=1607668053022, INPUT_SESSION=1607668053021, TRAINING_CACHE_SESSION=1607668053092}], ending it now.
12-11 11:57:33.103 19878 19878 W SessionManager: SessionManager.endSession():96 Child session [TRAINING_CACHE_SESSION] is not ended while ending session [{IME_SESSION=1607668053092, INPUT_VIEW_SESSION=1607668053022, INPUT_SESSION=1607668053021, TRAINING_CACHE_SESSION=1607668053092}], ending it now.
12-11 11:57:33.104 19878 19878 I GoogleInputMethodService: GoogleInputMethodService.onStartInputView():2012 
12-11 11:57:33.118  7765  7765 W IInputConnectionWrapper: beginBatchEdit on inactive InputConnection
12-11 11:57:33.118  7765  7765 W IInputConnectionWrapper: endBatchEdit on inactive InputConnection
12-11 11:57:33.141 19878 19878 I KeyboardViewUtil: KeyboardViewUtil.getKeyboardHeightRatio():175 systemKeyboardHeightRatio:1.000000; userKeyboardHeightRatio:1.000000.
12-11 11:57:33.141 19878 19878 I InlineSuggestionCandidateViewController: InlineSuggestionCandidateViewController.setInlineSuggestionCandidateImpl():1207 set  to inlineSuggestionTextView
12-11 11:57:33.142 19878 19878 I KeyboardWrapper: KeyboardWrapper.consumeEvent():281 Skip consuming an event as current keyboard is deactivated (state=0, keyboard existence=true)
12-11 11:57:33.142 19878 19878 I VoiceInputManagerWrapper: VoiceInputManagerWrapper.shutdown():77 shutdown()
12-11 11:57:33.142 19878 19878 W SessionManager: SessionManager.endSession():88 Try to end a not begun session [TRAINING_CACHE_SESSION].
12-11 11:57:33.142 19878 19878 I AndroidIME: AbstractIme.onDeactivate():161 LatinIme.onDeactivate()
12-11 11:57:33.143 19878 19878 W SessionManager: SessionManager.endSession():88 Try to end a not begun session [IME_SESSION].
12-11 11:57:33.143 19878 19878 I AndroidIME: AbstractIme.onActivate():84 LatinIme.onActivate() : EditorInfo = Package = com.flipkart.android : Type = Email : Learning = Disable : Suggestion = Show : AutoCorrection = Disable : Microphone = DisabledMic : NoPersonalizedLearning = Disable : AutoStartVoiceInput = Disable, IncognitoMode = false
12-11 11:57:33.143 19878 19878 I Delight5Facilitator: Delight5Facilitator.initializeForIme():594 initializeForIme() : Locale = [en_US, es_US], layout = qwerty
12-11 11:57:33.143 19878 19878 I VoiceInputManagerWrapper: VoiceInputManagerWrapper.cancelShutdown():55 cancelShutdown()
12-11 11:57:33.143 19878 19878 I VoiceInputManagerWrapper: VoiceInputManagerWrapper.syncLanguagePacks():67 syncLanguagePacks()
12-11 11:57:33.143 19878 28138 I SpeechFactory: SpeechRecognitionFactory.maybeScheduleAutoPackDownloadForFallback():160 maybeScheduleAutoPackDownloadForFallback()
12-11 11:57:33.143 19878 19878 I LatinIme: LatinIme.updateEnableInlineSuggestionsOnDecoderSideFlags():1221 inline flag updated to:false
12-11 11:57:33.143 19878 28138 I FallbackOnDeviceRecognitionProvider: FallbackOnDeviceRecognitionProvider.maybeScheduleAutoPackDownload():196 maybeScheduleAutoPackDownload() for language tag en-US
12-11 11:57:33.143 19878 28138 I FallbackOnDeviceRecognitionProvider: FallbackOnDeviceRecognitionProvider.maybeScheduleAutoPackDownload():196 maybeScheduleAutoPackDownload() for language tag es-US
12-11 11:57:33.145 19878 19878 I KeyboardWrapper: KeyboardWrapper.consumeEvent():281 Skip consuming an event as current keyboard is deactivated (state=0, keyboard existence=true)
12-11 11:57:33.154 19878 19878 I KeyboardViewUtil: KeyboardViewUtil.calculateMaxKeyboardBodyHeight():66 leave 473 height for app when screen height:2712, header height:154 and isFullscreenMode:false, so the max keyboard body height is:2085
12-11 11:57:33.156 19878 19934 I Delight5Decoder: Delight5DecoderWrapper.handleMessage():1834 handleMessage(): UPDATE_KEYBOARD_LAYOUT
12-11 11:57:33.157 19878 19878 I KeyboardViewUtil: KeyboardViewUtil.calculateMaxKeyboardBodyHeight():66 leave 473 height for app when screen height:2712, header height:154 and isFullscreenMode:false, so the max keyboard body height is:2085
12-11 11:57:33.158 19878 19878 W KeyboardModeManager: KeyboardModeManager.setInputView():307 setInputView() : inputView = com.google.android.apps.inputmethod.libs.framework.core.InputView{65dc64b V.E...... ......ID 0,0-1440,2614}
12-11 11:57:33.158 19878 19878 I NormalModeController: NormalModeController.getKeyboardBodyViewHolderPaddingBottom():112 currentPrimeKeyboardType:SOFT systemPaddingBottom:-1
12-11 11:57:33.158 19878 19878 I AndroidIME: KeyboardViewManager.getInputViewBottomGapFromScreen():276 get inputViewBottomGapFromScreen = 168 from keyboard size helper.
12-11 11:57:33.158 19878 19878 I GoogleInputMethodService: GoogleInputMethodService$10.getKeyboardBottomCoverNavigationHeight():3219 Returns default 0 as the coverNavigationHeight while extendsTouchBelowSpace=false decorViewWindowInsets=WindowInsets{
12-11 11:57:33.158 19878 19878 I GoogleInputMethodService:     statusBars=Insets{left=0, top=0, right=0, bottom=0} max=Insets{left=0, top=0, right=0, bottom=0} vis=true
12-11 11:57:33.158 19878 19878 I GoogleInputMethodService:     navigationBars=Insets{left=0, top=0, right=0, bottom=168} max=Insets{left=0, top=0, right=0, bottom=168} vis=true
12-11 11:57:33.158 19878 19878 I GoogleInputMethodService:     =Insets{left=0, top=0, right=0, bottom=0} max=null vis=false
12-11 11:57:33.158 19878 19878 I GoogleInputMethodService:     ime=Insets{left=0, top=0, right=0, bottom=0} max=null vis=false
12-11 11:57:33.158 19878 19878 I GoogleInputMethodService:     systemGestures=Insets{left=0, top=0, right=0, bottom=168} max=Insets{left=0, top=0, right=0, bottom=168} vis=true
12-11 11:57:33.158 19878 19878 I GoogleInputMethodService:     mandatorySystemGestures=Insets{left=0, top=0, right=0, bottom=168} max=Insets{left=0, top=0, right=0, bottom=168} vis=true
12-11 11:57:33.158 19878 19878 I GoogleInputMethodService:     tappableElement=Insets{left=0, top=0, right=0, bottom=168} max=Insets{left=0, top=0, right=0, bottom=168} vis=true
12-11 11:57:33.158 19878 19878 I GoogleInputMethodService:     displayCutout=Insets{left=0, top=0, right=0, bottom=0} max=null vis=false
12-11 11:57:33.158 19878 19878 I GoogleInputMethodService:     windowDecor=null max=null vis=false
12-11 11:57:33.158 19878 19878 I GoogleInputMethodService:     
12-11 11:57:33.158 19878 19878 I GoogleInputMethodService:     }
12-11 11:57:33.158 19878 19878 W AndroidIME: KeyboardViewManager.initializeViews():345 initializeViews() : keyboard full width = -1; root view width = 1440; measured keyboard height = 2782
12-11 11:57:33.158 19878 19878 I AndroidIME: KeyboardViewManager.updateKeyboardHeaderViewWidth():767 keyboard header ratio:1.000000 body ratio:1.000000
12-11 11:57:33.159 19878 19878 I AndroidIME: KeyboardViewManager.updateKeyboardHeaderViewWidth():767 keyboard header ratio:1.000000 body ratio:1.000000
12-11 11:57:33.159 19878 19878 I AndroidIME: KeyboardViewManager.getInputViewBottomGapFromScreen():276 get inputViewBottomGapFromScreen = 168 from keyboard size helper.
12-11 11:57:33.159 19878 19878 I GoogleInputMethodService: GoogleInputMethodService$10.getKeyboardBottomCoverNavigationHeight():3219 Returns default 0 as the coverNavigationHeight while extendsTouchBelowSpace=false decorViewWindowInsets=WindowInsets{
12-11 11:57:33.159 19878 19878 I GoogleInputMethodService:     statusBars=Insets{left=0, top=0, right=0, bottom=0} max=Insets{left=0, top=0, right=0, bottom=0} vis=true
12-11 11:57:33.159 19878 19878 I GoogleInputMethodService:     navigationBars=Insets{left=0, top=0, right=0, bottom=168} max=Insets{left=0, top=0, right=0, bottom=168} vis=true
12-11 11:57:33.159 19878 19878 I GoogleInputMethodService:     =Insets{left=0, top=0, right=0, bottom=0} max=null vis=false
12-11 11:57:33.159 19878 19878 I GoogleInputMethodService:     ime=Insets{left=0, top=0, right=0, bottom=0} max=null vis=false
12-11 11:57:33.159 19878 19878 I GoogleInputMethodService:     systemGestures=Insets{left=0, top=0, right=0, bottom=168} max=Insets{left=0, top=0, right=0, bottom=168} vis=true
12-11 11:57:33.159 19878 19878 I GoogleInputMethodService:     mandatorySystemGestures=Insets{left=0, top=0, right=0, bottom=168} max=Insets{left=0, top=0, right=0, bottom=168} vis=true
12-11 11:57:33.159 19878 19878 I GoogleInputMethodService:     tappableElement=Insets{left=0, top=0, right=0, bottom=168} max=Insets{left=0, top=0, right=0, bottom=168} vis=true
12-11 11:57:33.159 19878 19878 I GoogleInputMethodService:     displayCutout=Insets{left=0, top=0, right=0, bottom=0} max=null vis=false
12-11 11:57:33.159 19878 19878 I GoogleInputMethodService:     windowDecor=null max=null vis=false
12-11 11:57:33.159 19878 19878 I GoogleInputMethodService:     
12-11 11:57:33.159 19878 19878 I GoogleInputMethodService:     }
12-11 11:57:33.161 19878 19878 I CurrentMicStatusHolder: CurrentMicStatusHolder.onStartInputView():79 Current Mic status = {MicIconHidden-EmailInputType,}
12-11 11:57:33.161 19878 19878 I VoiceImeExtension: VoiceImeExtension.shouldStartVoiceInputAutomatically():342 No private IME option set to start voice input.
12-11 11:57:33.177 19878 19878 W InputContextProxy: InputContextProxy.applyClientDiffInternal():844 Ignore [FetchSuggestions] diff due to stale request: 8115<8119, inputStateId=5992, lastInputStateId=5995
12-11 11:57:33.178 19878 19878 W InputContextProxy: InputContextProxy.applyClientDiffInternal():844 Ignore [FetchSuggestions] diff due to stale request: 8117<8119, inputStateId=5994, lastInputStateId=5995
12-11 11:57:33.725  7715  7744 I appium  : AppiumResponse: {"sessionId":"fd2461c5-2de1-4cb4-b46b-70947babd746","value":{"ELEMENT":"6e5848f7-8d0d-4062-bc56-fc24fc858a8e","element-6066-11e4-a52e-4f735466cecf":"6e5848f7-8d0d-4062-bc56-fc24fc858a8e"}}
12-11 11:57:33.752  7715  7744 I appium  : channel read invoked!
12-11 11:57:33.752  7715  7744 I appium  : channel read: POST /wd/hub/session/fd2461c5-2de1-4cb4-b46b-70947babd746/element/6e5848f7-8d0d-4062-bc56-fc24fc858a8e/click
12-11 11:57:33.753  7715  7744 I appium  : Click element command
12-11 11:57:33.825  7715  7744 I appium  : Waiting up to 10000ms for device to be idle
12-11 11:57:33.825  7715  7744 I appium  : AppiumResponse: {"sessionId":"fd2461c5-2de1-4cb4-b46b-70947babd746","value":null}
12-11 11:57:33.869  7715  7744 I appium  : channel read invoked!
12-11 11:57:33.869  7715  7744 I appium  : channel read: POST /wd/hub/session/fd2461c5-2de1-4cb4-b46b-70947babd746/element
12-11 11:57:33.871  7715  7744 I appium  : Find element command using 'id' with selector 'com.flipkart.android:id/phone_input'.
12-11 11:57:33.871  7715  7744 I appium  : Waiting up to 10000ms for device to be idle
12-11 11:57:34.366  7715  7744 I appium  : AppiumResponse: {"sessionId":"fd2461c5-2de1-4cb4-b46b-70947babd746","value":{"ELEMENT":"2e2dc75d-7cae-4bac-afd9-e86ac7860a36","element-6066-11e4-a52e-4f735466cecf":"2e2dc75d-7cae-4bac-afd9-e86ac7860a36"}}
12-11 11:57:34.397  7715  7744 I appium  : channel read invoked!
12-11 11:57:34.398  7715  7744 I appium  : channel read: POST /wd/hub/session/fd2461c5-2de1-4cb4-b46b-70947babd746/element/2e2dc75d-7cae-4bac-afd9-e86ac7860a36/value
12-11 11:57:34.398  7715  7744 I appium  : send keys to element command
12-11 11:57:34.497 19878 19878 I GoogleInputMethodService: GoogleInputMethodService.onStartInput():1887 
12-11 11:57:34.497 19878 19878 W SessionManager: SessionManager.beginSession():53 Try to begin an already begun session [INPUT_SESSION], end it first
12-11 11:57:34.497 19878 19878 W SessionManager: SessionManager.endSession():96 Child session [INPUT_VIEW_SESSION] is not ended while ending session [{IME_SESSION=1607668053143, INPUT_VIEW_SESSION=1607668053104, INPUT_SESSION=1607668053103, TRAINING_CACHE_SESSION=1607668053143}], ending it now.
12-11 11:57:34.497 19878 19878 W SessionManager: SessionManager.endSession():96 Child session [IME_SESSION] is not ended while ending session [{IME_SESSION=1607668053143, INPUT_VIEW_SESSION=1607668053104, INPUT_SESSION=1607668053103, TRAINING_CACHE_SESSION=1607668053143}], ending it now.
12-11 11:57:34.497 19878 19878 W SessionManager: SessionManager.endSession():96 Child session [TRAINING_CACHE_SESSION] is not ended while ending session [{IME_SESSION=1607668053143, INPUT_VIEW_SESSION=1607668053104, INPUT_SESSION=1607668053103, TRAINING_CACHE_SESSION=1607668053143}], ending it now.
12-11 11:57:34.498 19878 19878 I GoogleInputMethodService: GoogleInputMethodService.onStartInputView():2012 
12-11 11:57:34.560 19878 19878 I KeyboardViewUtil: KeyboardViewUtil.getKeyboardHeightRatio():175 systemKeyboardHeightRatio:1.000000; userKeyboardHeightRatio:1.000000.
12-11 11:57:34.560 19878 19878 I InlineSuggestionCandidateViewController: InlineSuggestionCandidateViewController.setInlineSuggestionCandidateImpl():1207 set  to inlineSuggestionTextView
12-11 11:57:34.560 19878 19878 I KeyboardWrapper: KeyboardWrapper.consumeEvent():281 Skip consuming an event as current keyboard is deactivated (state=0, keyboard existence=true)
12-11 11:57:34.560 19878 19878 I VoiceInputManagerWrapper: VoiceInputManagerWrapper.shutdown():77 shutdown()
12-11 11:57:34.561 19878 19878 W SessionManager: SessionManager.endSession():88 Try to end a not begun session [TRAINING_CACHE_SESSION].
12-11 11:57:34.561 19878 19878 I AndroidIME: AbstractIme.onDeactivate():161 LatinIme.onDeactivate()
12-11 11:57:34.561 19878 19878 W SessionManager: SessionManager.endSession():88 Try to end a not begun session [IME_SESSION].
12-11 11:57:34.561 19878 19878 I AndroidIME: AbstractIme.onActivate():84 LatinIme.onActivate() : EditorInfo = Package = com.flipkart.android : Type = Email : Learning = Disable : Suggestion = Show : AutoCorrection = Disable : Microphone = DisabledMic : NoPersonalizedLearning = Disable : AutoStartVoiceInput = Disable, IncognitoMode = false
12-11 11:57:34.561 19878 19878 I Delight5Facilitator: Delight5Facilitator.initializeForIme():594 initializeForIme() : Locale = [en_US, es_US], layout = qwerty
12-11 11:57:34.561 19878 19878 I VoiceInputManagerWrapper: VoiceInputManagerWrapper.cancelShutdown():55 cancelShutdown()
12-11 11:57:34.561 19878 19878 I VoiceInputManagerWrapper: VoiceInputManagerWrapper.syncLanguagePacks():67 syncLanguagePacks()
12-11 11:57:34.562 19878 28138 I SpeechFactory: SpeechRecognitionFactory.maybeScheduleAutoPackDownloadForFallback():160 maybeScheduleAutoPackDownloadForFallback()
12-11 11:57:34.562 19878 19878 I LatinIme: LatinIme.updateEnableInlineSuggestionsOnDecoderSideFlags():1221 inline flag updated to:false
12-11 11:57:34.562 19878 28138 I FallbackOnDeviceRecognitionProvider: FallbackOnDeviceRecognitionProvider.maybeScheduleAutoPackDownload():196 maybeScheduleAutoPackDownload() for language tag en-US
12-11 11:57:34.562 19878 28138 I FallbackOnDeviceRecognitionProvider: FallbackOnDeviceRecognitionProvider.maybeScheduleAutoPackDownload():196 maybeScheduleAutoPackDownload() for language tag es-US
12-11 11:57:34.563 19878 19878 I KeyboardWrapper: KeyboardWrapper.consumeEvent():281 Skip consuming an event as current keyboard is deactivated (state=0, keyboard existence=true)
12-11 11:57:34.565 19878 19878 I KeyboardViewUtil: KeyboardViewUtil.calculateMaxKeyboardBodyHeight():66 leave 473 height for app when screen height:2712, header height:154 and isFullscreenMode:false, so the max keyboard body height is:2085
12-11 11:57:34.567 19878 19934 I Delight5Decoder: Delight5DecoderWrapper.handleMessage():1834 handleMessage(): UPDATE_KEYBOARD_LAYOUT
12-11 11:57:34.567 19878 19878 I KeyboardViewUtil: KeyboardViewUtil.calculateMaxKeyboardBodyHeight():66 leave 473 height for app when screen height:2712, header height:154 and isFullscreenMode:false, so the max keyboard body height is:2085
12-11 11:57:34.567 19878 19878 W KeyboardModeManager: KeyboardModeManager.setInputView():307 setInputView() : inputView = com.google.android.apps.inputmethod.libs.framework.core.InputView{65dc64b V.E...... ......ID 0,0-1440,2614}
12-11 11:57:34.567 19878 19878 I NormalModeController: NormalModeController.getKeyboardBodyViewHolderPaddingBottom():112 currentPrimeKeyboardType:SOFT systemPaddingBottom:-1
12-11 11:57:34.567 19878 19878 I AndroidIME: KeyboardViewManager.getInputViewBottomGapFromScreen():276 get inputViewBottomGapFromScreen = 168 from keyboard size helper.
12-11 11:57:34.567 19878 19878 I GoogleInputMethodService: GoogleInputMethodService$10.getKeyboardBottomCoverNavigationHeight():3219 Returns default 0 as the coverNavigationHeight while extendsTouchBelowSpace=false decorViewWindowInsets=WindowInsets{
12-11 11:57:34.567 19878 19878 I GoogleInputMethodService:     statusBars=Insets{left=0, top=0, right=0, bottom=0} max=Insets{left=0, top=0, right=0, bottom=0} vis=true
12-11 11:57:34.567 19878 19878 I GoogleInputMethodService:     navigationBars=Insets{left=0, top=0, right=0, bottom=168} max=Insets{left=0, top=0, right=0, bottom=168} vis=true
12-11 11:57:34.567 19878 19878 I GoogleInputMethodService:     =Insets{left=0, top=0, right=0, bottom=0} max=null vis=false
12-11 11:57:34.567 19878 19878 I GoogleInputMethodService:     ime=Insets{left=0, top=0, right=0, bottom=0} max=null vis=false
12-11 11:57:34.567 19878 19878 I GoogleInputMethodService:     systemGestures=Insets{left=0, top=0, right=0, bottom=168} max=Insets{left=0, top=0, right=0, bottom=168} vis=true
12-11 11:57:34.567 19878 19878 I GoogleInputMethodService:     mandatorySystemGestures=Insets{left=0, top=0, right=0, bottom=168} max=Insets{left=0, top=0, right=0, bottom=168} vis=true
12-11 11:57:34.567 19878 19878 I GoogleInputMethodService:     tappableElement=Insets{left=0, top=0, right=0, bottom=168} max=Insets{left=0, top=0, right=0, bottom=168} vis=true
12-11 11:57:34.567 19878 19878 I GoogleInputMethodService:     displayCutout=Insets{left=0, top=0, right=0, bottom=0} max=null vis=false
12-11 11:57:34.567 19878 19878 I GoogleInputMethodService:     windowDecor=null max=null vis=false
12-11 11:57:34.567 19878 19878 I GoogleInputMethodService:     
12-11 11:57:34.567 19878 19878 I GoogleInputMethodService:     }
12-11 11:57:34.568 19878 19878 W AndroidIME: KeyboardViewManager.initializeViews():345 initializeViews() : keyboard full width = -1; root view width = 1440; measured keyboard height = 2782
12-11 11:57:34.568 19878 19878 I AndroidIME: KeyboardViewManager.updateKeyboardHeaderViewWidth():767 keyboard header ratio:1.000000 body ratio:1.000000
12-11 11:57:34.568 19878 19878 I AndroidIME: KeyboardViewManager.updateKeyboardHeaderViewWidth():767 keyboard header ratio:1.000000 body ratio:1.000000
12-11 11:57:34.568 19878 19878 I AndroidIME: KeyboardViewManager.getInputViewBottomGapFromScreen():276 get inputViewBottomGapFromScreen = 168 from keyboard size helper.
12-11 11:57:34.568 19878 19878 I GoogleInputMethodService: GoogleInputMethodService$10.getKeyboardBottomCoverNavigationHeight():3219 Returns default 0 as the coverNavigationHeight while extendsTouchBelowSpace=false decorViewWindowInsets=WindowInsets{
12-11 11:57:34.568 19878 19878 I GoogleInputMethodService:     statusBars=Insets{left=0, top=0, right=0, bottom=0} max=Insets{left=0, top=0, right=0, bottom=0} vis=true
12-11 11:57:34.568 19878 19878 I GoogleInputMethodService:     navigationBars=Insets{left=0, top=0, right=0, bottom=168} max=Insets{left=0, top=0, right=0, bottom=168} vis=true
12-11 11:57:34.568 19878 19878 I GoogleInputMethodService:     =Insets{left=0, top=0, right=0, bottom=0} max=null vis=false
12-11 11:57:34.568 19878 19878 I GoogleInputMethodService:     ime=Insets{left=0, top=0, right=0, bottom=0} max=null vis=false
12-11 11:57:34.568 19878 19878 I GoogleInputMethodService:     systemGestures=Insets{left=0, top=0, right=0, bottom=168} max=Insets{left=0, top=0, right=0, bottom=168} vis=true
12-11 11:57:34.568 19878 19878 I GoogleInputMethodService:     mandatorySystemGestures=Insets{left=0, top=0, right=0, bottom=168} max=Insets{left=0, top=0, right=0, bottom=168} vis=true
12-11 11:57:34.568 19878 19878 I GoogleInputMethodService:     tappableElement=Insets{left=0, top=0, right=0, bottom=168} max=Insets{left=0, top=0, right=0, bottom=168} vis=true
12-11 11:57:34.568 19878 19878 I GoogleInputMethodService:     displayCutout=Insets{left=0, top=0, right=0, bottom=0} max=null vis=false
12-11 11:57:34.568 19878 19878 I GoogleInputMethodService:     windowDecor=null max=null vis=false
12-11 11:57:34.568 19878 19878 I GoogleInputMethodService:     
12-11 11:57:34.568 19878 19878 I GoogleInputMethodService:     }
12-11 11:57:34.569 19878 19878 I CurrentMicStatusHolder: CurrentMicStatusHolder.onStartInputView():79 Current Mic status = {MicIconHidden-EmailInputType,}
12-11 11:57:34.569 19878 19878 I VoiceImeExtension: VoiceImeExtension.shouldStartVoiceInputAutomatically():342 No private IME option set to start voice input.
12-11 11:57:35.196 19878 19878 I GoogleInputMethodService: GoogleInputMethodService.onStartInput():1887 
12-11 11:57:35.196 19878 19878 W SessionManager: SessionManager.beginSession():53 Try to begin an already begun session [INPUT_SESSION], end it first
12-11 11:57:35.197 19878 19878 W SessionManager: SessionManager.endSession():96 Child session [INPUT_VIEW_SESSION] is not ended while ending session [{IME_SESSION=1607668054561, INPUT_VIEW_SESSION=1607668054498, INPUT_SESSION=1607668054497, TRAINING_CACHE_SESSION=1607668054561}], ending it now.
12-11 11:57:35.197 19878 19878 W SessionManager: SessionManager.endSession():96 Child session [IME_SESSION] is not ended while ending session [{IME_SESSION=1607668054561, INPUT_VIEW_SESSION=1607668054498, INPUT_SESSION=1607668054497, TRAINING_CACHE_SESSION=1607668054561}], ending it now.
12-11 11:57:35.197 19878 19878 W SessionManager: SessionManager.endSession():96 Child session [TRAINING_CACHE_SESSION] is not ended while ending session [{IME_SESSION=1607668054561, INPUT_VIEW_SESSION=1607668054498, INPUT_SESSION=1607668054497, TRAINING_CACHE_SESSION=1607668054561}], ending it now.
12-11 11:57:35.199 19878 19878 I GoogleInputMethodService: GoogleInputMethodService.onStartInputView():2012 
12-11 11:57:35.200  7715  7744 I appium  : AppiumResponse: {"sessionId":"fd2461c5-2de1-4cb4-b46b-70947babd746","value":null}
12-11 11:57:35.241 19878 19878 I KeyboardViewUtil: KeyboardViewUtil.getKeyboardHeightRatio():175 systemKeyboardHeightRatio:1.000000; userKeyboardHeightRatio:1.000000.
12-11 11:57:35.241 19878 19878 I InlineSuggestionCandidateViewController: InlineSuggestionCandidateViewController.setInlineSuggestionCandidateImpl():1207 set  to inlineSuggestionTextView
12-11 11:57:35.241 19878 19878 I KeyboardWrapper: KeyboardWrapper.consumeEvent():281 Skip consuming an event as current keyboard is deactivated (state=0, keyboard existence=true)
12-11 11:57:35.241 19878 19878 I VoiceInputManagerWrapper: VoiceInputManagerWrapper.shutdown():77 shutdown()
12-11 11:57:35.242 19878 19878 W SessionManager: SessionManager.endSession():88 Try to end a not begun session [TRAINING_CACHE_SESSION].
12-11 11:57:35.242 19878 19878 I AndroidIME: AbstractIme.onDeactivate():161 LatinIme.onDeactivate()
12-11 11:57:35.242 19878 19878 W SessionManager: SessionManager.endSession():88 Try to end a not begun session [IME_SESSION].
12-11 11:57:35.242 19878 19878 I AndroidIME: AbstractIme.onActivate():84 LatinIme.onActivate() : EditorInfo = Package = com.flipkart.android : Type = Email : Learning = Disable : Suggestion = Show : AutoCorrection = Disable : Microphone = DisabledMic : NoPersonalizedLearning = Disable : AutoStartVoiceInput = Disable, IncognitoMode = false
12-11 11:57:35.242 19878 19878 I Delight5Facilitator: Delight5Facilitator.initializeForIme():594 initializeForIme() : Locale = [en_US, es_US], layout = qwerty
12-11 11:57:35.242 19878 19878 I VoiceInputManagerWrapper: VoiceInputManagerWrapper.cancelShutdown():55 cancelShutdown()
12-11 11:57:35.242 19878 19878 I VoiceInputManagerWrapper: VoiceInputManagerWrapper.syncLanguagePacks():67 syncLanguagePacks()
12-11 11:57:35.242 19878 19878 I LatinIme: LatinIme.updateEnableInlineSuggestionsOnDecoderSideFlags():1221 inline flag updated to:false
12-11 11:57:35.242 19878 28138 I SpeechFactory: SpeechRecognitionFactory.maybeScheduleAutoPackDownloadForFallback():160 maybeScheduleAutoPackDownloadForFallback()
12-11 11:57:35.242 19878 28138 I FallbackOnDeviceRecognitionProvider: FallbackOnDeviceRecognitionProvider.maybeScheduleAutoPackDownload():196 maybeScheduleAutoPackDownload() for language tag en-US
12-11 11:57:35.242 19878 28138 I FallbackOnDeviceRecognitionProvider: FallbackOnDeviceRecognitionProvider.maybeScheduleAutoPackDownload():196 maybeScheduleAutoPackDownload() for language tag es-US
12-11 11:57:35.246 19878 19878 I KeyboardWrapper: KeyboardWrapper.consumeEvent():281 Skip consuming an event as current keyboard is deactivated (state=0, keyboard existence=true)
12-11 11:57:35.249 19878 19878 I KeyboardViewUtil: KeyboardViewUtil.calculateMaxKeyboardBodyHeight():66 leave 473 height for app when screen height:2712, header height:154 and isFullscreenMode:false, so the max keyboard body height is:2085
12-11 11:57:35.251 19878 19934 I Delight5Decoder: Delight5DecoderWrapper.handleMessage():1834 handleMessage(): UPDATE_KEYBOARD_LAYOUT
12-11 11:57:35.251 19878 19878 I KeyboardViewUtil: KeyboardViewUtil.calculateMaxKeyboardBodyHeight():66 leave 473 height for app when screen height:2712, header height:154 and isFullscreenMode:false, so the max keyboard body height is:2085
12-11 11:57:35.252 19878 19878 W KeyboardModeManager: KeyboardModeManager.setInputView():307 setInputView() : inputView = com.google.android.apps.inputmethod.libs.framework.core.InputView{65dc64b V.E...... ......ID 0,0-1440,2614}
12-11 11:57:35.252 19878 19878 I NormalModeController: NormalModeController.getKeyboardBodyViewHolderPaddingBottom():112 currentPrimeKeyboardType:SOFT systemPaddingBottom:-1
12-11 11:57:35.252 19878 19878 I AndroidIME: KeyboardViewManager.getInputViewBottomGapFromScreen():276 get inputViewBottomGapFromScreen = 168 from keyboard size helper.
12-11 11:57:35.252 19878 19878 I GoogleInputMethodService: GoogleInputMethodService$10.getKeyboardBottomCoverNavigationHeight():3219 Returns default 0 as the coverNavigationHeight while extendsTouchBelowSpace=false decorViewWindowInsets=WindowInsets{
12-11 11:57:35.252 19878 19878 I GoogleInputMethodService:     statusBars=Insets{left=0, top=0, right=0, bottom=0} max=Insets{left=0, top=0, right=0, bottom=0} vis=true
12-11 11:57:35.252 19878 19878 I GoogleInputMethodService:     navigationBars=Insets{left=0, top=0, right=0, bottom=168} max=Insets{left=0, top=0, right=0, bottom=168} vis=true
12-11 11:57:35.252 19878 19878 I GoogleInputMethodService:     =Insets{left=0, top=0, right=0, bottom=0} max=null vis=false
12-11 11:57:35.252 19878 19878 I GoogleInputMethodService:     ime=Insets{left=0, top=0, right=0, bottom=0} max=null vis=false
12-11 11:57:35.252 19878 19878 I GoogleInputMethodService:     systemGestures=Insets{left=0, top=0, right=0, bottom=168} max=Insets{left=0, top=0, right=0, bottom=168} vis=true
12-11 11:57:35.252 19878 19878 I GoogleInputMethodService:     mandatorySystemGestures=Insets{left=0, top=0, right=0, bottom=168} max=Insets{left=0, top=0, right=0, bottom=168} vis=true
12-11 11:57:35.252 19878 19878 I GoogleInputMethodService:     tappableElement=Insets{left=0, top=0, right=0, bottom=168} max=Insets{left=0, top=0, right=0, bottom=168} vis=true
12-11 11:57:35.252 19878 19878 I GoogleInputMethodService:     displayCutout=Insets{left=0, top=0, right=0, bottom=0} max=null vis=false
12-11 11:57:35.252 19878 19878 I GoogleInputMethodService:     windowDecor=null max=null vis=false
12-11 11:57:35.252 19878 19878 I GoogleInputMethodService:     
12-11 11:57:35.252 19878 19878 I GoogleInputMethodService:     }
12-11 11:57:35.252 19878 19878 W AndroidIME: KeyboardViewManager.initializeViews():345 initializeViews() : keyboard full width = -1; root view width = 1440; measured keyboard height = 2782
12-11 11:57:35.253 19878 19878 I AndroidIME: KeyboardViewManager.updateKeyboardHeaderViewWidth():767 keyboard header ratio:1.000000 body ratio:1.000000
12-11 11:57:35.253 19878 19878 I AndroidIME: KeyboardViewManager.updateKeyboardHeaderViewWidth():767 keyboard header ratio:1.000000 body ratio:1.000000
12-11 11:57:35.253 19878 19878 I AndroidIME: KeyboardViewManager.getInputViewBottomGapFromScreen():276 get inputViewBottomGapFromScreen = 168 from keyboard size helper.
12-11 11:57:35.253 19878 19878 I GoogleInputMethodService: GoogleInputMethodService$10.getKeyboardBottomCoverNavigationHeight():3219 Returns default 0 as the coverNavigationHeight while extendsTouchBelowSpace=false decorViewWindowInsets=WindowInsets{
12-11 11:57:35.253 19878 19878 I GoogleInputMethodService:     statusBars=Insets{left=0, top=0, right=0, bottom=0} max=Insets{left=0, top=0, right=0, bottom=0} vis=true
12-11 11:57:35.253 19878 19878 I GoogleInputMethodService:     navigationBars=Insets{left=0, top=0, right=0, bottom=168} max=Insets{left=0, top=0, right=0, bottom=168} vis=true
12-11 11:57:35.253 19878 19878 I GoogleInputMethodService:     =Insets{left=0, top=0, right=0, bottom=0} max=null vis=false
12-11 11:57:35.253 19878 19878 I GoogleInputMethodService:     ime=Insets{left=0, top=0, right=0, bottom=0} max=null vis=false
12-11 11:57:35.253 19878 19878 I GoogleInputMethodService:     systemGestures=Insets{left=0, top=0, right=0, bottom=168} max=Insets{left=0, top=0, right=0, bottom=168} vis=true
12-11 11:57:35.253 19878 19878 I GoogleInputMethodService:     mandatorySystemGestures=Insets{left=0, top=0, right=0, bottom=168} max=Insets{left=0, top=0, right=0, bottom=168} vis=true
12-11 11:57:35.253 19878 19878 I GoogleInputMethodService:     tappableElement=Insets{left=0, top=0, right=0, bottom=168} max=Insets{left=0, top=0, right=0, bottom=168} vis=true
12-11 11:57:35.253 19878 19878 I GoogleInputMethodService:     displayCutout=Insets{left=0, top=0, right=0, bottom=0} max=null vis=false
12-11 11:57:35.253 19878 19878 I GoogleInputMethodService:     windowDecor=null max=null vis=false
12-11 11:57:35.253 19878 19878 I GoogleInputMethodService:     
12-11 11:57:35.253 19878 19878 I GoogleInputMethodService:     }
12-11 11:57:35.257  7715  7744 I appium  : channel read invoked!
12-11 11:57:35.257  7715  7744 I appium  : channel read: POST /wd/hub/session/fd2461c5-2de1-4cb4-b46b-70947babd746/element
12-11 11:57:35.259  7715  7744 I appium  : Find element command using 'id' with selector 'com.flipkart.android:id/button'.
12-11 11:57:35.259  7715  7744 I appium  : Waiting up to 10000ms for device to be idle
12-11 11:57:35.260 19878 19878 I CurrentMicStatusHolder: CurrentMicStatusHolder.onStartInputView():79 Current Mic status = {MicIconHidden-EmailInputType,}
12-11 11:57:35.261 19878 19878 I VoiceImeExtension: VoiceImeExtension.shouldStartVoiceInputAutomatically():342 No private IME option set to start voice input.
12-11 11:57:35.879  7715  7744 I appium  : AppiumResponse: {"sessionId":"fd2461c5-2de1-4cb4-b46b-70947babd746","value":{"ELEMENT":"b5465eb5-3066-458d-aec7-1fd5ddce2af7","element-6066-11e4-a52e-4f735466cecf":"b5465eb5-3066-458d-aec7-1fd5ddce2af7"}}
12-11 11:57:35.905  7715  7744 I appium  : channel read invoked!
12-11 11:57:35.905  7715  7744 I appium  : channel read: POST /wd/hub/session/fd2461c5-2de1-4cb4-b46b-70947babd746/element/b5465eb5-3066-458d-aec7-1fd5ddce2af7/click
12-11 11:57:35.907  7715  7744 I appium  : Click element command
12-11 11:57:35.959  7715  7744 I appium  : Waiting up to 10000ms for device to be idle
12-11 11:57:36.022 19878 19878 I GoogleInputMethodService: GoogleInputMethodService.onFinishInputView():2221 
12-11 11:57:36.022 19878 19878 I InlineSuggestionCandidateViewController: InlineSuggestionCandidateViewController.setInlineSuggestionCandidateImpl():1207 set  to inlineSuggestionTextView
12-11 11:57:36.023 19878 19878 I KeyboardWrapper: KeyboardWrapper.consumeEvent():281 Skip consuming an event as current keyboard is deactivated (state=0, keyboard existence=true)
12-11 11:57:36.023 19878 19878 I VoiceInputManagerWrapper: VoiceInputManagerWrapper.shutdown():77 shutdown()
12-11 11:57:36.023 19878 19878 I AndroidIME: AbstractIme.onDeactivate():161 LatinIme.onDeactivate()
12-11 11:57:36.027  3282  3282 I A       : Receiving sys ui event of type com.google.android.apps.googlequicksearchbox.nga.ON_KEYBOARD_SHOWING_CHANGED.
12-11 11:57:36.027 19878 19906 W DeferredProtoXDBCacheFlushPolicy: DeferredProtoXDBCacheFlushPolicy$2$1.onFailure():93 Failed to run scheduled maybe flush task after input view finished.
12-11 11:57:36.027 19878 19906 W DeferredProtoXDBCacheFlushPolicy: java.util.concurrent.CancellationException: Task was cancelled.
12-11 11:57:36.027 19878 19906 W DeferredProtoXDBCacheFlushPolicy: 	at qwj.s(PG:3)
12-11 11:57:36.027 19878 19906 W DeferredProtoXDBCacheFlushPolicy: 	at qwj.get(PG:4)
12-11 11:57:36.027 19878 19906 W DeferredProtoXDBCacheFlushPolicy: 	at raa.f(PG:1)
12-11 11:57:36.027 19878 19906 W DeferredProtoXDBCacheFlushPolicy: 	at qyz.x(PG:2)
12-11 11:57:36.027 19878 19906 W DeferredProtoXDBCacheFlushPolicy: 	at qyh.run(PG:4)
12-11 11:57:36.027 19878 19906 W DeferredProtoXDBCacheFlushPolicy: 	at java.util.concurrent.Executors$RunnableAdapter.call(Executors.java:462)
12-11 11:57:36.027 19878 19906 W DeferredProtoXDBCacheFlushPolicy: 	at java.util.concurrent.FutureTask.run(FutureTask.java:266)
12-11 11:57:36.027 19878 19906 W DeferredProtoXDBCacheFlushPolicy: 	at kii.run(PG:2)
12-11 11:57:36.027 19878 19906 W DeferredProtoXDBCacheFlushPolicy: 	at java.util.concurrent.ThreadPoolExecutor.runWorker(ThreadPoolExecutor.java:1167)
12-11 11:57:36.027 19878 19906 W DeferredProtoXDBCacheFlushPolicy: 	at java.util.concurrent.ThreadPoolExecutor$Worker.run(ThreadPoolExecutor.java:641)
12-11 11:57:36.027 19878 19906 W DeferredProtoXDBCacheFlushPolicy: 	at java.lang.Thread.run(Thread.java:923)
12-11 11:57:36.027 19878 19906 W DeferredProtoXDBCacheFlushPolicy: 	at khw.run(PG:4)
12-11 11:57:36.033 19878 19878 I GoogleInputMethodService: GoogleInputMethodService.onFinishInput():3308 
12-11 11:57:36.034 19878 19878 I GoogleInputMethodService: GoogleInputMethodService.onStartInput():1887 
12-11 11:57:36.102 19878 19878 I GoogleInputMethodService: GoogleInputMethodService.onFinishInput():3308 
12-11 11:57:36.102 19878 19878 I GoogleInputMethodService: GoogleInputMethodService.onStartInput():1887 
12-11 11:57:36.129  7765  7875 E CursorWindow: Failed to read row 0, column 29 from a CursorWindow which has 1 rows, 29 columns.
12-11 11:57:36.129  7765  7874 E CursorWindow: Failed to read row 0, column 29 from a CursorWindow which has 1 rows, 29 columns.
12-11 11:57:36.130  7765  7765 E RecyclerView: No adapter attached; skipping layout
12-11 11:57:36.132  7765  7765 I FirebasePerformance: Session ID - cbf28240ccb741ecb5b5f4aad82de11d
12-11 11:57:36.135  7765  7863 W FirebaseRemoteConfig: No value of type 'String' exists for parameter key 'sessions_feature_enabled'.
12-11 11:57:36.135  7765  7765 W FirebaseRemoteConfig: No value of type 'String' exists for parameter key 'sessions_max_length_minutes'.
12-11 11:57:36.136  7765  7765 I FirebasePerformance: Session ID - cbf28240ccb741ecb5b5f4aad82de11d
12-11 11:57:36.137  7765  7863 W FirebaseRemoteConfig: No value of type 'String' exists for parameter key 'sessions_feature_enabled'.
12-11 11:57:36.137  7765  7765 W FirebaseRemoteConfig: No value of type 'String' exists for parameter key 'sessions_max_length_minutes'.
12-11 11:57:36.137  7765  7765 I FirebasePerformance: Session ID - cbf28240ccb741ecb5b5f4aad82de11d
12-11 11:57:36.139  7765  7863 W FirebaseRemoteConfig: No value of type 'String' exists for parameter key 'sessions_feature_enabled'.
12-11 11:57:36.139  7765  7765 W FirebaseRemoteConfig: No value of type 'String' exists for parameter key 'sessions_max_length_minutes'.
12-11 11:57:36.140  7765  7765 I FirebasePerformance: Session ID - cbf28240ccb741ecb5b5f4aad82de11d
12-11 11:57:36.142  7765  7765 W FirebaseRemoteConfig: No value of type 'String' exists for parameter key 'sessions_max_length_minutes'.
12-11 11:57:36.142  7765  7863 W FirebaseRemoteConfig: No value of type 'String' exists for parameter key 'sessions_feature_enabled'.
12-11 11:57:36.143  7765  7765 I FirebasePerformance: Session ID - cbf28240ccb741ecb5b5f4aad82de11d
12-11 11:57:36.143  7765  7863 W FirebaseRemoteConfig: No value of type 'String' exists for parameter key 'sessions_feature_enabled'.
12-11 11:57:36.143  7765  7765 W FirebaseRemoteConfig: No value of type 'String' exists for parameter key 'sessions_max_length_minutes'.
12-11 11:57:36.143  7765  7765 I FirebasePerformance: Session ID - cbf28240ccb741ecb5b5f4aad82de11d
12-11 11:57:36.146  7765  7863 W FirebaseRemoteConfig: No value of type 'String' exists for parameter key 'sessions_feature_enabled'.
12-11 11:57:36.146  7765  7765 W FirebaseRemoteConfig: No value of type 'String' exists for parameter key 'sessions_max_length_minutes'.
12-11 11:57:36.147  7765  7765 I FirebasePerformance: Session ID - cbf28240ccb741ecb5b5f4aad82de11d
12-11 11:57:36.147  7765  7863 W FirebaseRemoteConfig: No value of type 'String' exists for parameter key 'sessions_feature_enabled'.
12-11 11:57:36.147  7765  7765 W FirebaseRemoteConfig: No value of type 'String' exists for parameter key 'sessions_max_length_minutes'.
12-11 11:57:36.147  7765  7765 I FirebasePerformance: Session ID - cbf28240ccb741ecb5b5f4aad82de11d
12-11 11:57:36.149  7765  7863 W FirebaseRemoteConfig: No value of type 'String' exists for parameter key 'sessions_feature_enabled'.
12-11 11:57:36.149  7765  7765 W FirebaseRemoteConfig: No value of type 'String' exists for parameter key 'sessions_max_length_minutes'.
12-11 11:57:36.150  7765  7765 I FirebasePerformance: Session ID - cbf28240ccb741ecb5b5f4aad82de11d
12-11 11:57:36.152  7765  7863 W FirebaseRemoteConfig: No value of type 'String' exists for parameter key 'sessions_feature_enabled'.
12-11 11:57:36.152  7765  7765 W FirebaseRemoteConfig: No value of type 'String' exists for parameter key 'sessions_max_length_minutes'.
12-11 11:57:36.153  7765  7765 I FirebasePerformance: Session ID - cbf28240ccb741ecb5b5f4aad82de11d
12-11 11:57:36.153  7765  7863 W FirebaseRemoteConfig: No value of type 'String' exists for parameter key 'sessions_feature_enabled'.
12-11 11:57:36.153  7765  7765 W FirebaseRemoteConfig: No value of type 'String' exists for parameter key 'sessions_max_length_minutes'.
12-11 11:57:36.153  7765  7765 I FirebasePerformance: Session ID - cbf28240ccb741ecb5b5f4aad82de11d
12-11 11:57:36.161  7765  7863 W FirebaseRemoteConfig: No value of type 'String' exists for parameter key 'sessions_feature_enabled'.
12-11 11:57:36.161  7765  7765 W FirebaseRemoteConfig: No value of type 'String' exists for parameter key 'sessions_max_length_minutes'.
12-11 11:57:36.162  7765  7765 I FirebasePerformance: Session ID - cbf28240ccb741ecb5b5f4aad82de11d
12-11 11:57:36.162  7765  7765 W FirebaseRemoteConfig: No value of type 'String' exists for parameter key 'sessions_max_length_minutes'.
12-11 11:57:36.162  7765  7863 W FirebaseRemoteConfig: No value of type 'String' exists for parameter key 'sessions_feature_enabled'.
12-11 11:57:36.163  7765  7765 I FirebasePerformance: Session ID - cbf28240ccb741ecb5b5f4aad82de11d
12-11 11:57:36.165  7765  7863 W FirebaseRemoteConfig: No value of type 'String' exists for parameter key 'sessions_feature_enabled'.
12-11 11:57:36.165  7765  7765 W FirebaseRemoteConfig: No value of type 'String' exists for parameter key 'sessions_max_length_minutes'.
12-11 11:57:36.167  7765  7765 I FirebasePerformance: Session ID - cbf28240ccb741ecb5b5f4aad82de11d
12-11 11:57:36.171  7765  7863 W FirebaseRemoteConfig: No value of type 'String' exists for parameter key 'sessions_feature_enabled'.
12-11 11:57:36.171  7765  7765 W FirebaseRemoteConfig: No value of type 'String' exists for parameter key 'sessions_max_length_minutes'.
12-11 11:57:36.181 19878 19878 I GoogleInputMethodService: GoogleInputMethodService.onFinishInput():3308 
12-11 11:57:36.181 19878 19878 I GoogleInputMethodService: GoogleInputMethodService.onStartInput():1887 
12-11 11:57:36.204 19878 19878 I GoogleInputMethodService: GoogleInputMethodService.onFinishInput():3308 
12-11 11:57:36.204 19878 19878 I GoogleInputMethodService: GoogleInputMethodService.onStartInput():1887 
12-11 11:57:36.263 19878 19878 I GoogleInputMethodService: GoogleInputMethodService.onStartInputView():2012 
12-11 11:57:36.311 19878 19878 I KeyboardViewUtil: KeyboardViewUtil.getKeyboardHeightRatio():175 systemKeyboardHeightRatio:1.000000; userKeyboardHeightRatio:1.000000.
12-11 11:57:36.311 19878 19878 I AndroidIME: AbstractIme.onActivate():84 PasswordIme.onActivate() : EditorInfo = Package = com.flipkart.android : Type = Password : Learning = Disable : Suggestion = Hide : AutoCorrection = Disable : Microphone = Hide : NoPersonalizedLearning = Disable : AutoStartVoiceInput = Disable, IncognitoMode = false
12-11 11:57:36.314 19878 19878 I KeyboardViewHelper: KeyboardViewHelper.getView():174 Get view with height ratio:1.000000; experiment height ratio:1.000000.
12-11 11:57:36.321 19878 19878 I KeyboardViewUtil: KeyboardViewUtil.calculateMaxKeyboardBodyHeight():66 leave 473 height for app when screen height:2712, header height:154 and isFullscreenMode:false, so the max keyboard body height is:2085
12-11 11:57:36.321 19878 19878 I InlineSuggestionCandidateViewController: InlineSuggestionCandidateViewController.setInlineSuggestionCandidateImpl():1207 set  to inlineSuggestionTextView
12-11 11:57:36.322 19878 19878 I KeyboardViewUtil: KeyboardViewUtil.calculateMaxKeyboardBodyHeight():66 leave 473 height for app when screen height:2712, header height:154 and isFullscreenMode:false, so the max keyboard body height is:2085
12-11 11:57:36.323 19878 19878 W KeyboardModeManager: KeyboardModeManager.setInputView():307 setInputView() : inputView = com.google.android.apps.inputmethod.libs.framework.core.InputView{65dc64b V.E...... ......ID 0,0-1440,2614}
12-11 11:57:36.323 19878 19878 I NormalModeController: NormalModeController.getKeyboardBodyViewHolderPaddingBottom():112 currentPrimeKeyboardType:SOFT systemPaddingBottom:-1
12-11 11:57:36.323 19878 19878 I AndroidIME: KeyboardViewManager.getInputViewBottomGapFromScreen():276 get inputViewBottomGapFromScreen = 168 from keyboard size helper.
12-11 11:57:36.323 19878 19878 I GoogleInputMethodService: GoogleInputMethodService$10.getKeyboardBottomCoverNavigationHeight():3219 Returns default 0 as the coverNavigationHeight while extendsTouchBelowSpace=false decorViewWindowInsets=WindowInsets{
12-11 11:57:36.323 19878 19878 I GoogleInputMethodService:     statusBars=Insets{left=0, top=0, right=0, bottom=0} max=Insets{left=0, top=0, right=0, bottom=0} vis=true
12-11 11:57:36.323 19878 19878 I GoogleInputMethodService:     navigationBars=Insets{left=0, top=0, right=0, bottom=168} max=Insets{left=0, top=0, right=0, bottom=168} vis=true
12-11 11:57:36.323 19878 19878 I GoogleInputMethodService:     =Insets{left=0, top=0, right=0, bottom=0} max=null vis=false
12-11 11:57:36.323 19878 19878 I GoogleInputMethodService:     ime=Insets{left=0, top=0, right=0, bottom=0} max=null vis=false
12-11 11:57:36.323 19878 19878 I GoogleInputMethodService:     systemGestures=Insets{left=0, top=0, right=0, bottom=168} max=Insets{left=0, top=0, right=0, bottom=168} vis=true
12-11 11:57:36.323 19878 19878 I GoogleInputMethodService:     mandatorySystemGestures=Insets{left=0, top=0, right=0, bottom=168} max=Insets{left=0, top=0, right=0, bottom=168} vis=true
12-11 11:57:36.323 19878 19878 I GoogleInputMethodService:     tappableElement=Insets{left=0, top=0, right=0, bottom=168} max=Insets{left=0, top=0, right=0, bottom=168} vis=true
12-11 11:57:36.323 19878 19878 I GoogleInputMethodService:     displayCutout=Insets{left=0, top=0, right=0, bottom=0} max=null vis=false
12-11 11:57:36.323 19878 19878 I GoogleInputMethodService:     windowDecor=null max=null vis=false
12-11 11:57:36.323 19878 19878 I GoogleInputMethodService:     
12-11 11:57:36.323 19878 19878 I GoogleInputMethodService:     }
12-11 11:57:36.323 19878 19878 W AndroidIME: KeyboardViewManager.initializeViews():345 initializeViews() : keyboard full width = -1; root view width = 1440; measured keyboard height = 2782
12-11 11:57:36.323 19878 19878 I AndroidIME: KeyboardViewManager.updateKeyboardHeaderViewWidth():767 keyboard header ratio:1.000000 body ratio:1.000000
12-11 11:57:36.323 19878 19878 I AndroidIME: KeyboardViewManager.updateKeyboardHeaderViewWidth():767 keyboard header ratio:1.000000 body ratio:1.000000
12-11 11:57:36.323 19878 19878 I AndroidIME: KeyboardViewManager.getInputViewBottomGapFromScreen():276 get inputViewBottomGapFromScreen = 168 from keyboard size helper.
12-11 11:57:36.323 19878 19878 I GoogleInputMethodService: GoogleInputMethodService$10.getKeyboardBottomCoverNavigationHeight():3219 Returns default 0 as the coverNavigationHeight while extendsTouchBelowSpace=false decorViewWindowInsets=WindowInsets{
12-11 11:57:36.323 19878 19878 I GoogleInputMethodService:     statusBars=Insets{left=0, top=0, right=0, bottom=0} max=Insets{left=0, top=0, right=0, bottom=0} vis=true
12-11 11:57:36.323 19878 19878 I GoogleInputMethodService:     navigationBars=Insets{left=0, top=0, right=0, bottom=168} max=Insets{left=0, top=0, right=0, bottom=168} vis=true
12-11 11:57:36.323 19878 19878 I GoogleInputMethodService:     =Insets{left=0, top=0, right=0, bottom=0} max=null vis=false
12-11 11:57:36.323 19878 19878 I GoogleInputMethodService:     ime=Insets{left=0, top=0, right=0, bottom=0} max=null vis=false
12-11 11:57:36.323 19878 19878 I GoogleInputMethodService:     systemGestures=Insets{left=0, top=0, right=0, bottom=168} max=Insets{left=0, top=0, right=0, bottom=168} vis=true
12-11 11:57:36.323 19878 19878 I GoogleInputMethodService:     mandatorySystemGestures=Insets{left=0, top=0, right=0, bottom=168} max=Insets{left=0, top=0, right=0, bottom=168} vis=true
12-11 11:57:36.323 19878 19878 I GoogleInputMethodService:     tappableElement=Insets{left=0, top=0, right=0, bottom=168} max=Insets{left=0, top=0, right=0, bottom=168} vis=true
12-11 11:57:36.323 19878 19878 I GoogleInputMethodService:     displayCutout=Insets{left=0, top=0, right=0, bottom=0} max=null vis=false
12-11 11:57:36.323 19878 19878 I GoogleInputMethodService:     windowDecor=null max=null vis=false
12-11 11:57:36.323 19878 19878 I GoogleInputMethodService:     
12-11 11:57:36.323 19878 19878 I GoogleInputMethodService:     }
12-11 11:57:36.324 19878 19878 I CurrentMicStatusHolder: CurrentMicStatusHolder.onStartInputView():79 Current Mic status = {MicIconHidden-PasswordOrNumberOrDateInputType,}
