12-11 11:57:23.875  7765  7904 D BinaryFileManager: Returning bundle: /data/user/0/com.flipkart.android/files/binaryfilemanager/multiWidget/e2d78d64513d21f5f2a1df9f48fc6be3-17.ota
12-11 11:57:23.879  7765  7765 I FirebasePerformance: Session ID - cbf28240ccb741ecb5b5f4aad82de11d
12-11 11:57:23.890  7765  7863 W FirebaseRemoteConfig: No value of type 'String' exists for parameter key 'sessions_feature_enabled'.
12-11 11:57:23.890  7765  7765 W FirebaseRemoteConfig: No value of type 'String' exists for parameter key 'sessions_max_length_minutes'.
12-11 11:57:23.894  7765  7765 I FirebasePerformance: Session ID - cbf28240ccb741ecb5b5f4aad82de11d
12-11 11:57:23.895  7765  7863 W FirebaseRemoteConfig: No value of type 'String' exists for parameter key 'sessions_feature_enabled'.
12-11 11:57:23.895  7765  7765 W FirebaseRemoteConfig: No value of type 'String' exists for parameter key 'sessions_max_length_minutes'.
12-11 11:57:23.896  7765  7765 I FirebasePerformance: Session ID - cbf28240ccb741ecb5b5f4aad82de11d
12-11 11:57:23.899  7765  7765 W FirebaseRemoteConfig: No value of type 'String' exists for parameter key 'sessions_max_length_minutes'.
12-11 11:57:23.900  7765  7863 W FirebaseRemoteConfig: No value of type 'String' exists for parameter key 'sessions_feature_enabled'.
12-11 11:57:23.902  7765  7765 I FirebasePerformance: Session ID - cbf28240ccb741ecb5b5f4aad82de11d
12-11 11:57:23.905  7765  7863 W FirebaseRemoteConfig: No value of type 'String' exists for parameter key 'sessions_feature_enabled'.
12-11 11:57:23.905  7765  7765 W FirebaseRemoteConfig: No value of type 'String' exists for parameter key 'sessions_max_length_minutes'.
12-11 11:57:23.907  7765  7765 I FirebasePerformance: Session ID - cbf28240ccb741ecb5b5f4aad82de11d
12-11 11:57:23.909  7765  7765 W FirebaseRemoteConfig: No value of type 'String' exists for parameter key 'sessions_max_length_minutes'.
12-11 11:57:23.909  7765  7863 W FirebaseRemoteConfig: No value of type 'String' exists for parameter key 'sessions_feature_enabled'.
12-11 11:57:23.910  7765  7765 I FirebasePerformance: Session ID - cbf28240ccb741ecb5b5f4aad82de11d
12-11 11:57:23.914  7765  7765 W FirebaseRemoteConfig: No value of type 'String' exists for parameter key 'sessions_max_length_minutes'.
12-11 11:57:23.914  7765  7863 W FirebaseRemoteConfig: No value of type 'String' exists for parameter key 'sessions_feature_enabled'.
12-11 11:57:23.916  7765  7765 I FirebasePerformance: Session ID - cbf28240ccb741ecb5b5f4aad82de11d
12-11 11:57:23.917  7765  7863 W FirebaseRemoteConfig: No value of type 'String' exists for parameter key 'sessions_feature_enabled'.
12-11 11:57:23.917  7765  7765 W FirebaseRemoteConfig: No value of type 'String' exists for parameter key 'sessions_max_length_minutes'.
12-11 11:57:23.918  7765  7765 I FirebasePerformance: Session ID - cbf28240ccb741ecb5b5f4aad82de11d
12-11 11:57:23.922  7765  7765 W FirebaseRemoteConfig: No value of type 'String' exists for parameter key 'sessions_max_length_minutes'.
12-11 11:57:23.923  7765  7863 W FirebaseRemoteConfig: No value of type 'String' exists for parameter key 'sessions_feature_enabled'.
12-11 11:57:23.923  7765  7765 I FirebasePerformance: Session ID - cbf28240ccb741ecb5b5f4aad82de11d
12-11 11:57:23.927  7765  7863 W FirebaseRemoteConfig: No value of type 'String' exists for parameter key 'sessions_feature_enabled'.
12-11 11:57:23.927  7765  7765 W FirebaseRemoteConfig: No value of type 'String' exists for parameter key 'sessions_max_length_minutes'.
12-11 11:57:23.929  7765  7765 I FirebasePerformance: Session ID - cbf28240ccb741ecb5b5f4aad82de11d
12-11 11:57:23.929  7765  7863 W FirebaseRemoteConfig: No value of type 'String' exists for parameter key 'sessions_feature_enabled'.
12-11 11:57:23.929  7765  7765 W FirebaseRemoteConfig: No value of type 'String' exists for parameter key 'sessions_max_length_minutes'.
12-11 11:57:23.931  7765  7765 I FirebasePerformance: Session ID - cbf28240ccb741ecb5b5f4aad82de11d
12-11 11:57:23.931  1406  1415 I system_server: Background young concurrent copying GC freed 483221(19MB) AllocSpace objects, 46(2556KB) LOS objects, 32% free, 46MB/68MB, paused 458us total 123.855ms
12-11 11:57:23.940  1406  1417 W System  : A resource failed to call release. 
12-11 11:57:23.942  1406  1417 I chatty  : uid=1000(system) FinalizerDaemon identical 8 lines
12-11 11:57:23.942  1406  1417 W System  : A resource failed to call release. 
12-11 11:57:23.944  7765  7863 W FirebaseRemoteConfig: No value of type 'String' exists for parameter key 'sessions_feature_enabled'.
12-11 11:57:23.945  7765  7882 W FirebaseRemoteConfig: No value of type 'String' exists for parameter key 'sessions_max_length_minutes'.
12-11 11:57:23.947  7765  7863 W FirebaseRemoteConfig: No value of type 'String' exists for parameter key 'sessions_feature_enabled'.
12-11 11:57:23.947  7765  7765 W FirebaseRemoteConfig: No value of type 'String' exists for parameter key 'sessions_max_length_minutes'.
12-11 11:57:23.950  7765  7765 I FirebasePerformance: Session ID - cbf28240ccb741ecb5b5f4aad82de11d
12-11 11:57:23.950  7765  7863 W FirebaseRemoteConfig: No value of type 'String' exists for parameter key 'sessions_feature_enabled'.
12-11 11:57:23.950  7765  7765 W FirebaseRemoteConfig: No value of type 'String' exists for parameter key 'sessions_max_length_minutes'.
12-11 11:57:23.951  7765  7765 I FirebasePerformance: Session ID - cbf28240ccb741ecb5b5f4aad82de11d
12-11 11:57:23.953  7765  7863 W FirebaseRemoteConfig: No value of type 'String' exists for parameter key 'sessions_feature_enabled'.
12-11 11:57:23.953  7765  7765 W FirebaseRemoteConfig: No value of type 'String' exists for parameter key 'sessions_max_length_minutes'.
12-11 11:57:23.955  7765  7765 I FirebasePerformance: Session ID - cbf28240ccb741ecb5b5f4aad82de11d
12-11 11:57:23.958  7765  7863 W FirebaseRemoteConfig: No value of type 'String' exists for parameter key 'sessions_feature_enabled'.
12-11 11:57:23.958  7765  7765 W FirebaseRemoteConfig: No value of type 'String' exists for parameter key 'sessions_max_length_minutes'.
12-11 11:57:23.972  1406  1644 D ConnectivityService: releasing NetworkRequest [ TRACK_DEFAULT id=23598, [ Capabilities: INTERNET&NOT_RESTRICTED&TRUSTED Uid: 10340 AdministratorUids: [] RequestorUid: 10340 RequestorPackageName: com.flipkart.android] ] (release request)
12-11 11:57:23.979  2117  2117 D Telephony: isEmergencyPreferredAccount: subId=1, activeData=1
12-11 11:57:23.979  2117  2117 D Telephony: isEmergencyPreferredAccount: Device does not require preference.
12-11 11:57:23.979  1791  1791 V KeyguardUpdateMonitor: onSubscriptionInfoChanged()
12-11 11:57:23.981  1791  1791 V KeyguardUpdateMonitor: SubInfo:{id=1 iccId=899186000[****] simSlotIndex=0 carrierId=1963 displayName=Vodafone IN carrierName=Vodafone IN nameSource=0 iconTint=-16746133 number=[****] dataRoaming=0 iconBitmap=android.graphics.Bitmap@1090801 mcc=404 mnc=86 countryIso=in isEmbedded=false nativeAccessRules=null cardString=899186000[****] cardId=-1 isOpportunistic=false groupUUID=null isGroupDisabled=false profileClass=-1 ehplmns=[] hplmns=[40486] subscriptionType=0 groupOwner=null carrierConfigAccessRules=null areUiccApplicationsEnabled=true}
12-11 11:57:23.984  7765  7912 D BinaryFileManagerRunner: Attempting operation for module: multiWidget
12-11 11:57:23.984  7765  7912 D BinaryFileManagerRunner: Starting operation for module: multiWidget
12-11 11:57:23.991  7765  7765 W System.err: java.net.MalformedURLException: no protocol: homepage
12-11 11:57:23.991  7765  7765 W System.err: 	at java.net.URL.<init>(URL.java:601)
12-11 11:57:23.991  7765  7765 W System.err: 	at java.net.URL.<init>(URL.java:498)
12-11 11:57:23.991  7765  7765 W System.err: 	at java.net.URL.<init>(URL.java:447)
12-11 11:57:23.991  7765  7765 W System.err: 	at com.flipkart.android.utils.cc.getUrlPath(Unknown Source:2)
12-11 11:57:23.991  7765  7914 D BinaryFileManager: No Update Available
12-11 11:57:23.992  7765  7765 W System.err: 	at com.flipkart.android.bottomnavigation.c.a(Unknown Source:139)
12-11 11:57:23.992  7765  7765 W System.err: 	at com.flipkart.android.bottomnavigation.c.update(Unknown Source:135)
12-11 11:57:23.992  7765  7765 W System.err: 	at com.flipkart.android.reactnative.nativeuimodules.reactbottombar.ReactBottomNavigationFragment.emitAlreadyExistingResponse(Unknown Source:15)
12-11 11:57:23.992  7765  7765 W System.err: 	at com.flipkart.android.reactnative.nativeuimodules.reactbottombar.ReactBottomNavigationFragment.onLoadFinished(Unknown Source:84)
12-11 11:57:23.992  7765  7765 W System.err: 	at com.flipkart.android.reactnative.nativeuimodules.reactbottombar.ReactBottomNavigationFragment.onLoadFinished(Unknown Source:2)
12-11 11:57:23.992  7765  7765 W System.err: 	at androidx.loader.app.LoaderManagerImpl$LoaderObserver.onChanged(Unknown Source:46)
12-11 11:57:23.992  7765  7765 W System.err: 	at androidx.lifecycle.LiveData.considerNotify(Unknown Source:29)
12-11 11:57:23.992  7765  7765 W System.err: 	at androidx.lifecycle.LiveData.dispatchingValue(Unknown Source:44)
12-11 11:57:23.992  7765  7765 W System.err: 	at androidx.lifecycle.LiveData.setValue(Unknown Source:14)
12-11 11:57:23.992  7765  7765 W System.err: 	at androidx.lifecycle.s.setValue(Unknown Source:0)
12-11 11:57:23.992  7765  7765 W System.err: 	at androidx.loader.app.LoaderManagerImpl$LoaderInfo.setValue(Unknown Source:0)
12-11 11:57:23.992  7765  7765 W System.err: 	at androidx.loader.app.LoaderManagerImpl$LoaderInfo.onLoadComplete(Unknown Source:36)
12-11 11:57:23.992  7765  7765 W System.err: 	at androidx.loader.content.Loader.deliverResult(Unknown Source:4)
12-11 11:57:23.992  7765  7765 W System.err: 	at androidx.loader.content.CursorLoader.deliverResult(Unknown Source:22)
12-11 11:57:23.992  7765  7765 W System.err: 	at androidx.loader.content.CursorLoader.deliverResult(Unknown Source:2)
12-11 11:57:23.992  7765  7765 W System.err: 	at androidx.loader.content.AsyncTaskLoader.dispatchOnLoadComplete(Unknown Source:30)
12-11 11:57:23.992  7765  7765 W System.err: 	at androidx.loader.content.AsyncTaskLoader$a.a(Unknown Source:2)
12-11 11:57:23.992  7765  7765 W System.err: 	at androidx.loader.content.a.e(Unknown Source:10)
12-11 11:57:23.992  7765  7765 W System.err: 	at androidx.loader.content.a$b.handleMessage(Unknown Source:28)
12-11 11:57:23.992  7765  7765 W System.err: 	at android.os.Handler.dispatchMessage(Handler.java:106)
12-11 11:57:23.992  7765  7765 W System.err: 	at android.os.Looper.loop(Looper.java:223)
12-11 11:57:23.992  7765  7765 W System.err: 	at android.app.ActivityThread.main(ActivityThread.java:7656)
12-11 11:57:23.992  7765  7765 W System.err: 	at java.lang.reflect.Method.invoke(Native Method)
12-11 11:57:23.992  7765  7765 W System.err: 	at com.android.internal.os.RuntimeInit$MethodAndArgsCaller.run(RuntimeInit.java:592)
12-11 11:57:23.992  7765  7765 W System.err: 	at com.android.internal.os.ZygoteInit.main(ZygoteInit.java:947)
12-11 11:57:23.997 19878 19878 I GoogleInputMethodService: GoogleInputMethodService.onFinishInput():3308 
12-11 11:57:23.998 19878 19878 I GoogleInputMethodService: GoogleInputMethodService.onStartInput():1887 
12-11 11:57:24.000  7765  7765 D ReactNative: ReactInstanceManager.ctor()
12-11 11:57:24.001  7765  7765 D SoLoader: init exiting
12-11 11:57:24.003  7765  7765 D ReactNative: ReactInstanceManager.createReactContextInBackground()
12-11 11:57:24.004  7765  7765 D ReactNative: ReactInstanceManager.recreateReactContextInBackgroundInner()
12-11 11:57:24.004  7765  7765 D ReactNative: ReactInstanceManager.recreateReactContextInBackgroundFromBundleLoader()
12-11 11:57:24.004  7765  7765 D ReactNative: ReactInstanceManager.recreateReactContextInBackground()
12-11 11:57:24.004  7765  7765 D ReactNative: ReactInstanceManager.runCreateReactContextOnNewThread()
12-11 11:57:24.005  1406  1474 W NotificationHistory: Attempted to remove conversation for locked/gone/disabled user 0
12-11 11:57:24.005  1406  1474 I chatty  : uid=1000(system) android.bg identical 1 line
12-11 11:57:24.005  1406  1474 W NotificationHistory: Attempted to remove conversation for locked/gone/disabled user 0
12-11 11:57:24.005  1406  1644 D ConnectivityService: NetReassign [no changes]
12-11 11:57:24.010  7765  7919 D SoLoader: About to load: libhermes.so
12-11 11:57:24.010  7765  7919 D SoLoader: libhermes.so not found on /data/user/0/com.flipkart.android/lib-main
12-11 11:57:24.011  7765  7919 D SoLoader: libhermes.so found on /data/app/~~AyNcwMNVTgJJmuyoQ36DuQ==/com.flipkart.android-2FPjidu9cl0MIe0Lo372nw==/lib/arm64
12-11 11:57:24.011  7765  7919 D SoLoader: Not resolving dependencies for libhermes.so
12-11 11:57:24.012  7765  7816 I TableUtils: clearing table 'proteusLayout' with 'DELETE FROM `proteusLayout`
12-11 11:57:24.016  7765  7841 I WM-WorkerWrapper: Worker result SUCCESS for Work [ id=4871851f-fdc5-4d26-81a6-b3ee9ce7d351, tags={ com.flipkart.android.notification.FkPNTaskWorker } ]
12-11 11:57:24.023  7765  7875 E CursorWindow: Failed to read row 0, column 29 from a CursorWindow which has 14 rows, 29 columns.
12-11 11:57:24.023  7765  7875 E CursorWindow: Failed to read row 1, column 29 from a CursorWindow which has 14 rows, 29 columns.
12-11 11:57:24.024  7765  7875 E CursorWindow: Failed to read row 2, column 29 from a CursorWindow which has 14 rows, 29 columns.
12-11 11:57:24.025  7765  7875 E CursorWindow: Failed to read row 3, column 29 from a CursorWindow which has 14 rows, 29 columns.
12-11 11:57:24.026  7765  7875 E CursorWindow: Failed to read row 4, column 29 from a CursorWindow which has 14 rows, 29 columns.
12-11 11:57:24.026  7765  7875 E CursorWindow: Failed to read row 5, column 29 from a CursorWindow which has 14 rows, 29 columns.
12-11 11:57:24.027  7765  7875 E CursorWindow: Failed to read row 6, column 29 from a CursorWindow which has 14 rows, 29 columns.
12-11 11:57:24.027  7765  7875 E CursorWindow: Failed to read row 7, column 29 from a CursorWindow which has 14 rows, 29 columns.
12-11 11:57:24.028  7765  7875 E CursorWindow: Failed to read row 8, column 29 from a CursorWindow which has 14 rows, 29 columns.
12-11 11:57:24.028  7765  7875 E CursorWindow: Failed to read row 9, column 29 from a CursorWindow which has 14 rows, 29 columns.
12-11 11:57:24.029  7765  7919 D SoLoader: Loaded: libhermes.so
12-11 11:57:24.029  7765  7919 D SoLoader: About to load: libhermes-executor-release.so
12-11 11:57:24.029  7765  7919 D SoLoader: libhermes-executor-release.so not found on /data/user/0/com.flipkart.android/lib-main
12-11 11:57:24.029  7765  7919 D SoLoader: libhermes-executor-release.so found on /data/app/~~AyNcwMNVTgJJmuyoQ36DuQ==/com.flipkart.android-2FPjidu9cl0MIe0Lo372nw==/lib/arm64
12-11 11:57:24.029  7765  7919 D SoLoader: Not resolving dependencies for libhermes-executor-release.so
12-11 11:57:24.030  7765  7875 E CursorWindow: Failed to read row 10, column 29 from a CursorWindow which has 14 rows, 29 columns.
12-11 11:57:24.030  7765  7875 E CursorWindow: Failed to read row 11, column 29 from a CursorWindow which has 14 rows, 29 columns.
12-11 11:57:24.031  7765  7816 I TableUtils: clearing table 'widgetData' with 'DELETE FROM `widgetData`
12-11 11:57:24.032  7765  7875 E CursorWindow: Failed to read row 12, column 29 from a CursorWindow which has 14 rows, 29 columns.
12-11 11:57:24.033  7765  7875 E CursorWindow: Failed to read row 13, column 29 from a CursorWindow which has 14 rows, 29 columns.
12-11 11:57:24.035  7765  7919 D SoLoader: Loaded: libhermes-executor-release.so
12-11 11:57:24.035  7765  7919 D ReactNative: ReactInstanceManager.createReactContext()
12-11 11:57:24.039  7765  7765 I FirebasePerformance: Session ID - cbf28240ccb741ecb5b5f4aad82de11d
12-11 11:57:24.040  7765  7816 I TableUtils: clearing table 'pageContextData' with 'DELETE FROM `pageContextData`
12-11 11:57:24.041  7765  7863 W FirebaseRemoteConfig: No value of type 'String' exists for parameter key 'sessions_feature_enabled'.
12-11 11:57:24.041  7765  7765 W FirebaseRemoteConfig: No value of type 'String' exists for parameter key 'sessions_max_length_minutes'.
12-11 11:57:24.046  7765  7816 I TableUtils: clearing table 'pageLayoutData' with 'DELETE FROM `pageLayoutData`
12-11 11:57:24.053  7765  7919 D ReactNative: Initializing React Xplat Bridge.
12-11 11:57:24.055  7765  7914 D BinaryFileManager: Returning bundle: /data/user/0/com.flipkart.android/files/binaryfilemanager/multiWidget/e2d78d64513d21f5f2a1df9f48fc6be3-17.ota
12-11 11:57:24.062  7765  7919 D ReactNative: Initializing React Xplat Bridge before initializeBridge
12-11 11:57:24.071 24345  6427 W NetworkScheduler: Error inserting flex_time=3478000 job_id=-1 period=6958000 source=16 requires_charging=0 preferred_network_type=1 target_class=com.google.android.gms.measurement.PackageMeasurementTaskService user_id=0 target_package=com.google.android.gms tag=Measurement.PackageMeasurementTaskService.UPLOAD_TASK_TAG task_type=0 required_idleness_state=0 service_kind=0 source_version=204516000 persistence_level=1 preferred_charging_state=1 required_network_type=0 runtime=1607668044067 retry_strategy={"maximum_backoff_seconds":{"3600":0},"initial_backoff_seconds":{"30":0},"retry_policy":{"0":0}} last_runtime=0, error message: UNIQUE constraint failed: pending_ops.tag, pending_ops.target_class, pending_ops.target_package, pending_ops.user_id (code 2067 SQLITE_CONSTRAINT_UNIQUE) [CONTEXT service_id=218 ]
12-11 11:57:24.073  7765  7919 D ReactNative: Initializing React Xplat Bridge after initializeBridge
12-11 11:57:24.073  7765  7919 D ReactNative: CatalystInstanceImpl.runJSBundle()
12-11 11:57:24.074  7765  7924 D ReactNative: ReactInstanceManager.setupReactContext()
12-11 11:57:24.074  7765  7924 D ReactNative: CatalystInstanceImpl.initialize()
12-11 11:57:24.085  7765  7924 D SoLoader: init exiting
12-11 11:57:24.092  7765  7765 I FirebasePerformance: Session ID - cbf28240ccb741ecb5b5f4aad82de11d
12-11 11:57:24.094  7765  7863 W FirebaseRemoteConfig: No value of type 'String' exists for parameter key 'sessions_feature_enabled'.
12-11 11:57:24.094  7765  7765 W FirebaseRemoteConfig: No value of type 'String' exists for parameter key 'sessions_max_length_minutes'.
12-11 11:57:24.095 24345  6427 W NetworkScheduler: Error inserting flex_time=3478000 job_id=-1 period=6958000 source=16 requires_charging=0 preferred_network_type=1 target_class=com.google.android.gms.measurement.PackageMeasurementTaskService user_id=0 target_package=com.google.android.gms tag=Measurement.PackageMeasurementTaskService.UPLOAD_TASK_TAG task_type=0 required_idleness_state=0 service_kind=0 source_version=204516000 persistence_level=1 preferred_charging_state=1 required_network_type=0 runtime=1607668044092 retry_strategy={"maximum_backoff_seconds":{"3600":0},"initial_backoff_seconds":{"30":0},"retry_policy":{"0":0}} last_runtime=0, error message: UNIQUE constraint failed: pending_ops.tag, pending_ops.target_class, pending_ops.target_package, pending_ops.user_id (code 2067 SQLITE_CONSTRAINT_UNIQUE) [CONTEXT service_id=218 ]
12-11 11:57:24.097  1406  1442 D ConnectivityService: requestNetwork for uid/pid:10340/7765 NetworkRequest [ TRACK_DEFAULT id=23601, [ Capabilities: INTERNET&NOT_RESTRICTED&TRUSTED Uid: 10340 AdministratorUids: [] RequestorUid: 10340 RequestorPackageName: com.flipkart.android] ]
12-11 11:57:24.097  1406  1644 D ConnectivityService: NetReassign [23601 : null → 457]
12-11 11:57:24.097  1406  1720 D Ethernet: got request NetworkRequest [ TRACK_DEFAULT id=23601, [ Capabilities: INTERNET&NOT_RESTRICTED&TRUSTED Uid: 10340 AdministratorUids: [] RequestorUid: 10340 RequestorPackageName: com.flipkart.android] ] with score 60 and providerId 5
12-11 11:57:24.098  1406  1719 D WIFI_AWARE_FACTORY: got request NetworkRequest [ TRACK_DEFAULT id=23601, [ Capabilities: INTERNET&NOT_RESTRICTED&TRUSTED Uid: 10340 AdministratorUids: [] RequestorUid: 10340 RequestorPackageName: com.flipkart.android] ] with score 60 and providerId 5
12-11 11:57:24.098  2117  2117 D PhoneSwitcherNetworkRequstListener: got request NetworkRequest [ TRACK_DEFAULT id=23601, [ Capabilities: INTERNET&NOT_RESTRICTED&TRUSTED Uid: 10340 AdministratorUids: [] RequestorUid: 10340 RequestorPackageName: com.flipkart.android] ] with score 60 and providerId 5
12-11 11:57:24.098  1406  1619 D UntrustedWifiNetworkFactory: got request NetworkRequest [ TRACK_DEFAULT id=23601, [ Capabilities: INTERNET&NOT_RESTRICTED&TRUSTED Uid: 10340 AdministratorUids: [] RequestorUid: 10340 RequestorPackageName: com.flipkart.android] ] with score 60 and providerId 5
12-11 11:57:24.098  1406  1619 D WifiNetworkFactory: got request NetworkRequest [ TRACK_DEFAULT id=23601, [ Capabilities: INTERNET&NOT_RESTRICTED&TRUSTED Uid: 10340 AdministratorUids: [] RequestorUid: 10340 RequestorPackageName: com.flipkart.android] ] with score 60 and providerId 5
12-11 11:57:24.107  1791  1791 V KeyguardUpdateMonitor: onSubscriptionInfoChanged()
12-11 11:57:24.107  2117  2117 D Telephony: isEmergencyPreferredAccount: subId=1, activeData=1
12-11 11:57:24.107  2117  2117 D Telephony: isEmergencyPreferredAccount: Device does not require preference.
12-11 11:57:24.109  1791  1791 V KeyguardUpdateMonitor: SubInfo:{id=1 iccId=899186000[****] simSlotIndex=0 carrierId=1963 displayName=Vodafone IN carrierName=Vodafone IN nameSource=0 iconTint=-16746133 number=[****] dataRoaming=0 iconBitmap=android.graphics.Bitmap@30ee6a6 mcc=404 mnc=86 countryIso=in isEmbedded=false nativeAccessRules=null cardString=899186000[****] cardId=-1 isOpportunistic=false groupUUID=null isGroupDisabled=false profileClass=-1 ehplmns=[] hplmns=[40486] subscriptionType=0 groupOwner=null carrierConfigAccessRules=null areUiccApplicationsEnabled=true}
12-11 11:57:24.120  1406  1644 D ConnectivityService: NetReassign [no changes]
12-11 11:57:24.123  7765  7765 I FirebasePerformance: Session ID - cbf28240ccb741ecb5b5f4aad82de11d
12-11 11:57:24.127  7765  7863 W FirebaseRemoteConfig: No value of type 'String' exists for parameter key 'sessions_feature_enabled'.
12-11 11:57:24.127  7765  7765 W FirebaseRemoteConfig: No value of type 'String' exists for parameter key 'sessions_max_length_minutes'.
12-11 11:57:24.133 24345 17798 W NetworkScheduler: Error inserting flex_time=3478000 job_id=-1 period=6958000 source=16 requires_charging=0 preferred_network_type=1 target_class=com.google.android.gms.measurement.PackageMeasurementTaskService user_id=0 target_package=com.google.android.gms tag=Measurement.PackageMeasurementTaskService.UPLOAD_TASK_TAG task_type=0 required_idleness_state=0 service_kind=0 source_version=204516000 persistence_level=1 preferred_charging_state=1 required_network_type=0 runtime=1607668044130 retry_strategy={"maximum_backoff_seconds":{"3600":0},"initial_backoff_seconds":{"30":0},"retry_policy":{"0":0}} last_runtime=0, error message: UNIQUE constraint failed: pending_ops.tag, pending_ops.target_class, pending_ops.target_package, pending_ops.user_id (code 2067 SQLITE_CONSTRAINT_UNIQUE) [CONTEXT service_id=218 ]
12-11 11:57:24.163  7765  7765 I FirebasePerformance: Session ID - cbf28240ccb741ecb5b5f4aad82de11d
12-11 11:57:24.168  7765  7863 W FirebaseRemoteConfig: No value of type 'String' exists for parameter key 'sessions_feature_enabled'.
12-11 11:57:24.168  7765  7765 W FirebaseRemoteConfig: No value of type 'String' exists for parameter key 'sessions_max_length_minutes'.
12-11 11:57:24.206  7765  7765 D ReactNative: ReactInstanceManager.createReactContextInBackground()
12-11 11:57:24.206  7765  7765 D ReactNative: ReactInstanceManager.attachRootViewToInstance()
12-11 11:57:24.217  7765  7765 W unknown:ViewManagerPropertyUpdater: Could not find generated setter for class com.facebook.react.views.art.ARTGroupViewManager
12-11 11:57:24.217  7765  7765 W unknown:ViewManagerPropertyUpdater: Could not find generated setter for class com.facebook.react.views.art.ARTGroupShadowNode
12-11 11:57:24.218  7765  7765 W unknown:ViewManagerPropertyUpdater: Could not find generated setter for class com.facebook.react.views.art.ARTShapeViewManager
12-11 11:57:24.218  7765  7765 W unknown:ViewManagerPropertyUpdater: Could not find generated setter for class com.facebook.react.views.art.ARTShapeShadowNode
12-11 11:57:24.219  7765  7765 W unknown:ViewManagerPropertyUpdater: Could not find generated setter for class com.facebook.react.views.art.ARTTextViewManager
12-11 11:57:24.219  7765  7765 W unknown:ViewManagerPropertyUpdater: Could not find generated setter for class com.facebook.react.views.art.ARTTextShadowNode
12-11 11:57:24.219  7765  7765 W unknown:ViewManagerPropertyUpdater: Could not find generated setter for class com.facebook.react.views.checkbox.ReactCheckBoxManager
12-11 11:57:24.221  7765  7765 W unknown:ViewManagerPropertyUpdater: Could not find generated setter for class com.facebook.react.uimanager.LayoutShadowNode
12-11 11:57:24.222  7765  7765 W unknown:ViewManagerPropertyUpdater: Could not find generated setter for class com.facebook.react.views.picker.ReactDialogPickerManager
12-11 11:57:24.224  7765  7765 W unknown:ViewManagerPropertyUpdater: Could not find generated setter for class com.facebook.react.views.drawer.ReactDrawerLayoutManager
12-11 11:57:24.225  7765  7765 W unknown:ViewManagerPropertyUpdater: Could not find generated setter for class com.facebook.react.views.picker.ReactDropdownPickerManager
12-11 11:57:24.225  7765  7765 W unknown:ViewManagerPropertyUpdater: Could not find generated setter for class com.facebook.react.views.scroll.ReactHorizontalScrollViewManager
12-11 11:57:24.226  7765  7765 W unknown:ViewManagerPropertyUpdater: Could not find generated setter for class com.facebook.react.views.scroll.ReactHorizontalScrollContainerViewManager
12-11 11:57:24.227  7765  7765 W unknown:ViewManagerPropertyUpdater: Could not find generated setter for class com.facebook.react.views.progressbar.ReactProgressBarViewManager
12-11 11:57:24.228  7765  7765 W unknown:ViewManagerPropertyUpdater: Could not find generated setter for class com.facebook.react.views.progressbar.ProgressBarShadowNode
12-11 11:57:24.228  7765  7765 W unknown:ViewManagerPropertyUpdater: Could not find generated setter for class com.facebook.react.views.scroll.ReactScrollViewManager
12-11 11:57:24.230  7765  7765 W unknown:ViewManagerPropertyUpdater: Could not find generated setter for class com.facebook.react.views.slider.ReactSliderManager
12-11 11:57:24.231  7765  7765 W unknown:ViewManagerPropertyUpdater: Could not find generated setter for class com.facebook.react.views.slider.ReactSliderManager$ReactSliderShadowNode
12-11 11:57:24.232  7765  7765 W unknown:ViewManagerPropertyUpdater: Could not find generated setter for class com.facebook.react.views.switchview.ReactSwitchManager
12-11 11:57:24.233  7765  7765 W unknown:ViewManagerPropertyUpdater: Could not find generated setter for class com.facebook.react.views.switchview.ReactSwitchManager$ReactSwitchShadowNode
12-11 11:57:24.233  7765  7765 W unknown:ViewManagerPropertyUpdater: Could not find generated setter for class com.facebook.react.views.swiperefresh.SwipeRefreshLayoutManager
12-11 11:57:24.234  7765  7765 W unknown:ViewManagerPropertyUpdater: Could not find generated setter for class com.facebook.react.views.art.ARTSurfaceViewManager
12-11 11:57:24.234  7765  7765 W unknown:ViewManagerPropertyUpdater: Could not find generated setter for class com.facebook.react.views.art.ARTSurfaceViewShadowNode
12-11 11:57:24.235  7765  7765 W unknown:ViewManagerPropertyUpdater: Could not find generated setter for class com.facebook.react.views.text.frescosupport.FrescoBasedReactTextInlineImageViewManager
12-11 11:57:24.235  7765  7765 W unknown:ViewManagerPropertyUpdater: Could not find generated setter for class com.facebook.react.views.text.frescosupport.FrescoBasedReactTextInlineImageShadowNode
12-11 11:57:24.235  7765  7765 W unknown:ViewManagerPropertyUpdater: Could not find generated setter for class com.facebook.react.views.image.ReactImageManager
12-11 11:57:24.236  7765  7765 W unknown:ViewManagerPropertyUpdater: Could not find generated setter for class com.facebook.react.views.modal.ReactModalHostManager
12-11 11:57:24.237  7765  7765 W unknown:ViewManagerPropertyUpdater: Could not find generated setter for class com.facebook.react.views.modal.ModalHostShadowNode
12-11 11:57:24.238  7765  7765 W unknown:ViewManagerPropertyUpdater: Could not find generated setter for class com.facebook.react.views.text.ReactRawTextManager
12-11 11:57:24.238  7765  7765 W unknown:ViewManagerPropertyUpdater: Could not find generated setter for class com.facebook.react.views.text.ReactRawTextShadowNode
12-11 11:57:24.239  7765  7765 W unknown:ViewManagerPropertyUpdater: Could not find generated setter for class com.facebook.react.views.textinput.ReactTextInputManager
12-11 11:57:24.241  7765  7765 W unknown:ViewManagerPropertyUpdater: Could not find generated setter for class com.facebook.react.views.textinput.ReactTextInputShadowNode
12-11 11:57:24.242  7765  7765 W unknown:ViewManagerPropertyUpdater: Could not find generated setter for class com.facebook.react.views.text.ReactTextViewManager
12-11 11:57:24.243  7765  7765 W unknown:ViewManagerPropertyUpdater: Could not find generated setter for class com.facebook.react.views.text.ReactTextShadowNode
12-11 11:57:24.243  7765  7765 W unknown:ViewManagerPropertyUpdater: Could not find generated setter for class com.facebook.react.views.view.ReactViewManager
12-11 11:57:24.245  7765  7765 W unknown:ViewManagerPropertyUpdater: Could not find generated setter for class com.facebook.react.views.viewpager.ReactViewPagerManager
12-11 11:57:24.246  7765  7765 W unknown:ViewManagerPropertyUpdater: Could not find generated setter for class com.facebook.react.views.text.ReactVirtualTextViewManager
12-11 11:57:24.246  7765  7765 W unknown:ViewManagerPropertyUpdater: Could not find generated setter for class com.facebook.react.views.text.ReactVirtualTextShadowNode
12-11 11:57:24.246  7765  7765 W unknown:ViewManagerPropertyUpdater: Could not find generated setter for class com.flipkart.reactuimodules.reusableviews.lineargradient.LinearGradientManager
12-11 11:57:24.247  7765  7765 W unknown:ViewManagerPropertyUpdater: Could not find generated setter for class com.flipkart.reacthelpersdk.modules.nestedscrollview.ReactNestedScrollViewManager
12-11 11:57:24.249  7765  7765 W unknown:ViewManagerPropertyUpdater: Could not find generated setter for class com.flipkart.reacthelpersdk.modules.nestedscrollview.ReactHorizontalNestedScrollViewManager
12-11 11:57:24.249  7765  7765 W unknown:ViewManagerPropertyUpdater: Could not find generated setter for class com.flipkart.reactuimodules.reusableviews.absolutelayoutcontainer.AbsoluteLayoutContainerManager
12-11 11:57:24.250  7765  7765 W unknown:ViewManagerPropertyUpdater: Could not find generated setter for class com.flipkart.android.reactnative.nativeuimodules.AdContainer
12-11 11:57:24.250  7765  7765 W unknown:ViewManagerPropertyUpdater: Could not find generated setter for class com.flipkart.android.reactnative.nativeuimodules.image.SatyabhamaReactImageManager
12-11 11:57:24.251  7765  7765 W unknown:ViewManagerPropertyUpdater: Could not find generated setter for class com.flipkart.android.reactnative.nativeuimodules.youtube.ReactYouTubeManager
12-11 11:57:24.251  7765  7765 W unknown:ViewManagerPropertyUpdater: Could not find generated setter for class com.flipkart.android.reactnative.nativeuimodules.WishlistAnimation
12-11 11:57:24.252  7765  7765 W unknown:ViewManagerPropertyUpdater: Could not find generated setter for class com.flipkart.android.reactnative.nativeuimodules.viewability.TrackerViewManager
12-11 11:57:24.253  7765  7765 W unknown:ViewManagerPropertyUpdater: Could not find generated setter for class com.flipkart.android.reactnative.nativeuimodules.recyclerview.ReactNestedScrollViewabilityViewManager
12-11 11:57:24.253  7765  7765 W unknown:ViewManagerPropertyUpdater: Could not find generated setter for class com.flipkart.android.reactnative.nativeuimodules.viewability.PlaceholderViewManager
12-11 11:57:24.254  7765  7765 W unknown:ViewManagerPropertyUpdater: Could not find generated setter for class com.flipkart.android.reactnative.nativeuimodules.material.AppBarLayoutManager
12-11 11:57:24.254  7765  7765 W unknown:ViewManagerPropertyUpdater: Could not find generated setter for class com.flipkart.android.reactnative.nativeuimodules.material.CoordinatorLayoutManager
12-11 11:57:24.254  7765  7765 W unknown:ViewManagerPropertyUpdater: Could not find generated setter for class com.flipkart.android.reactnative.nativeuimodules.material.BottomViewManager
12-11 11:57:24.255  7765  7765 W unknown:ViewManagerPropertyUpdater: Could not find generated setter for class com.flipkart.android.reactnative.nativeuimodules.material.toolbar.ToolbarManager
12-11 11:57:24.256  7765  7765 W unknown:ViewManagerPropertyUpdater: Could not find generated setter for class com.oblador.shimmer.RNShimmerManager
12-11 11:57:24.256  7765  7765 W unknown:ViewManagerPropertyUpdater: Could not find generated setter for class com.flipkart.android.reactnative.nativeuimodules.image.Fk360ImageViewManager
12-11 11:57:24.257  7765  7765 W unknown:ViewManagerPropertyUpdater: Could not find generated setter for class com.flipkart.android.reactnative.nativeuimodules.ExtendedReactViewManager
12-11 11:57:24.258  7765  7765 W unknown:ViewManagerPropertyUpdater: Could not find generated setter for class com.flipkart.android.reactnative.nativeuimodules.FKVideoViewManager
12-11 11:57:24.260  7765  7765 W unknown:ViewManagerPropertyUpdater: Could not find generated setter for class com.flipkart.android.reactnative.nativeuimodules.FKLiveVideoViewManager
12-11 11:57:24.263  7765  7765 W unknown:ViewManagerPropertyUpdater: Could not find generated setter for class com.flipkart.android.reactnative.nativeuimodules.FKGifViewManager
12-11 11:57:24.263  7765  7765 W unknown:ViewManagerPropertyUpdater: Could not find generated setter for class com.flipkart.android.reactnative.nativeuimodules.viewability.MultiConditionTrackerViewManager
12-11 11:57:24.264  7765  7765 W unknown:ViewManagerPropertyUpdater: Could not find generated setter for class com.flipkart.android.reactnative.nativeuimodules.StoryViewManager
12-11 11:57:24.267  7765  7765 W unknown:ViewManagerPropertyUpdater: Could not find generated setter for class com.flipkart.android.reactnative.nativeuimodules.tryonlooks.TryOnLipstickFaceView
12-11 11:57:24.267  7765  7765 W unknown:ViewManagerPropertyUpdater: Could not find generated setter for class com.flipkart.android.reactnative.nativeuimodules.ViewWrapperManager
12-11 11:57:24.267  7765  7765 W unknown:ViewManagerPropertyUpdater: Could not find generated setter for class com.flipkart.android.reactnative.nativeuimodules.voice.VoiceInputBarViewManager
12-11 11:57:24.268  7765  7765 W unknown:ViewManagerPropertyUpdater: Could not find generated setter for class com.flipkart.android.reactnative.nativeuimodules.camera.CameraViewManager
12-11 11:57:24.269  7765  7765 W unknown:ViewManagerPropertyUpdater: Could not find generated setter for class com.flipkart.android.reactnative.nativeuimodules.voice.MicViewManager
12-11 11:57:24.269  7765  7765 W unknown:ViewManagerPropertyUpdater: Could not find generated setter for class com.reactnativecommunity.webview.RNCWebViewManager
12-11 11:57:24.270  7765  7765 W unknown:ViewManagerPropertyUpdater: Could not find generated setter for class com.reactnativecommunity.viewpager.ReactViewPagerManager
12-11 11:57:24.273  7765  7765 D SoLoader: About to load: libyoga.so
12-11 11:57:24.273  7765  7765 D SoLoader: libyoga.so not found on /data/user/0/com.flipkart.android/lib-main
12-11 11:57:24.273  7765  7765 D SoLoader: libyoga.so found on /data/app/~~AyNcwMNVTgJJmuyoQ36DuQ==/com.flipkart.android-2FPjidu9cl0MIe0Lo372nw==/lib/arm64
12-11 11:57:24.273  7765  7765 D SoLoader: Not resolving dependencies for libyoga.so
12-11 11:57:24.274  7765  7765 D SoLoader: Loaded: libyoga.so
12-11 11:57:24.283  7765  7765 I FirebasePerformance: Session ID - cbf28240ccb741ecb5b5f4aad82de11d
12-11 11:57:24.285  7765  7873 E CursorWindow: Failed to read row 0, column 29 from a CursorWindow which has 1 rows, 29 columns.
12-11 11:57:24.289  7765  7863 W FirebaseRemoteConfig: No value of type 'String' exists for parameter key 'sessions_feature_enabled'.
12-11 11:57:24.289  7765  7765 W FirebaseRemoteConfig: No value of type 'String' exists for parameter key 'sessions_max_length_minutes'.
12-11 11:57:24.290  7765  7765 I FirebasePerformance: Session ID - cbf28240ccb741ecb5b5f4aad82de11d
12-11 11:57:24.291  7765  7863 W FirebaseRemoteConfig: No value of type 'String' exists for parameter key 'sessions_feature_enabled'.
12-11 11:57:24.291  7765  7765 W FirebaseRemoteConfig: No value of type 'String' exists for parameter key 'sessions_max_length_minutes'.
12-11 11:57:24.291  7765  7871 E CursorWindow: Failed to read row 0, column 29 from a CursorWindow which has 17 rows, 29 columns.
12-11 11:57:24.291  7765  7765 I FirebasePerformance: Session ID - cbf28240ccb741ecb5b5f4aad82de11d
12-11 11:57:24.293  7765  7871 E CursorWindow: Failed to read row 1, column 29 from a CursorWindow which has 17 rows, 29 columns.
12-11 11:57:24.294  7765  7863 W FirebaseRemoteConfig: No value of type 'String' exists for parameter key 'sessions_feature_enabled'.
12-11 11:57:24.294  7765  7765 W FirebaseRemoteConfig: No value of type 'String' exists for parameter key 'sessions_max_length_minutes'.
12-11 11:57:24.294  7765  7871 E CursorWindow: Failed to read row 2, column 29 from a CursorWindow which has 17 rows, 29 columns.
12-11 11:57:24.295  7765  7765 I FirebasePerformance: Session ID - cbf28240ccb741ecb5b5f4aad82de11d
12-11 11:57:24.297  7765  7871 E CursorWindow: Failed to read row 3, column 29 from a CursorWindow which has 17 rows, 29 columns.
12-11 11:57:24.297  7765  7863 W FirebaseRemoteConfig: No value of type 'String' exists for parameter key 'sessions_feature_enabled'.
12-11 11:57:24.297  7765  7765 W FirebaseRemoteConfig: No value of type 'String' exists for parameter key 'sessions_max_length_minutes'.
12-11 11:57:24.298  7765  7871 E CursorWindow: Failed to read row 4, column 29 from a CursorWindow which has 17 rows, 29 columns.
12-11 11:57:24.299  7765  7765 I FirebasePerformance: Session ID - cbf28240ccb741ecb5b5f4aad82de11d
12-11 11:57:24.299  7765  7863 W FirebaseRemoteConfig: No value of type 'String' exists for parameter key 'sessions_feature_enabled'.
12-11 11:57:24.300  7765  7765 W FirebaseRemoteConfig: No value of type 'String' exists for parameter key 'sessions_max_length_minutes'.
12-11 11:57:24.300  7765  7871 E CursorWindow: Failed to read row 5, column 29 from a CursorWindow which has 17 rows, 29 columns.
12-11 11:57:24.300  7765  7765 I FirebasePerformance: Session ID - cbf28240ccb741ecb5b5f4aad82de11d
12-11 11:57:24.301  7765  7871 E CursorWindow: Failed to read row 6, column 29 from a CursorWindow which has 17 rows, 29 columns.
12-11 11:57:24.302  7765  7871 E CursorWindow: Failed to read row 7, column 29 from a CursorWindow which has 17 rows, 29 columns.
12-11 11:57:24.303  7765  7863 W FirebaseRemoteConfig: No value of type 'String' exists for parameter key 'sessions_feature_enabled'.
12-11 11:57:24.304  7765  7765 W FirebaseRemoteConfig: No value of type 'String' exists for parameter key 'sessions_max_length_minutes'.
12-11 11:57:24.304  7765  7871 E CursorWindow: Failed to read row 8, column 29 from a CursorWindow which has 17 rows, 29 columns.
12-11 11:57:24.305  7765  7765 I FirebasePerformance: Session ID - cbf28240ccb741ecb5b5f4aad82de11d
12-11 11:57:24.305  7765  7871 E CursorWindow: Failed to read row 9, column 29 from a CursorWindow which has 17 rows, 29 columns.
12-11 11:57:24.305  7765  7863 W FirebaseRemoteConfig: No value of type 'String' exists for parameter key 'sessions_feature_enabled'.
12-11 11:57:24.306  7765  7871 E CursorWindow: Failed to read row 10, column 29 from a CursorWindow which has 17 rows, 29 columns.
12-11 11:57:24.306  7765  7765 W FirebaseRemoteConfig: No value of type 'String' exists for parameter key 'sessions_max_length_minutes'.
12-11 11:57:24.306  7765  7871 E CursorWindow: Failed to read row 11, column 29 from a CursorWindow which has 17 rows, 29 columns.
12-11 11:57:24.307  7765  7765 I FirebasePerformance: Session ID - cbf28240ccb741ecb5b5f4aad82de11d
12-11 11:57:24.307  7765  7871 E CursorWindow: Failed to read row 12, column 29 from a CursorWindow which has 17 rows, 29 columns.
12-11 11:57:24.309  7765  7863 W FirebaseRemoteConfig: No value of type 'String' exists for parameter key 'sessions_feature_enabled'.
12-11 11:57:24.310  7765  7765 W FirebaseRemoteConfig: No value of type 'String' exists for parameter key 'sessions_max_length_minutes'.
12-11 11:57:24.311  7765  7765 I FirebasePerformance: Session ID - cbf28240ccb741ecb5b5f4aad82de11d
12-11 11:57:24.314  7765  7863 W FirebaseRemoteConfig: No value of type 'String' exists for parameter key 'sessions_feature_enabled'.
12-11 11:57:24.314  7765  7765 W FirebaseRemoteConfig: No value of type 'String' exists for parameter key 'sessions_max_length_minutes'.
12-11 11:57:24.315  7765  7871 E CursorWindow: Failed to read row 13, column 29 from a CursorWindow which has 17 rows, 29 columns.
12-11 11:57:24.315  7765  7765 I FirebasePerformance: Session ID - cbf28240ccb741ecb5b5f4aad82de11d
12-11 11:57:24.315  7765  7871 E CursorWindow: Failed to read row 14, column 29 from a CursorWindow which has 17 rows, 29 columns.
12-11 11:57:24.315  7765  7863 W FirebaseRemoteConfig: No value of type 'String' exists for parameter key 'sessions_feature_enabled'.
12-11 11:57:24.315  7765  7765 W FirebaseRemoteConfig: No value of type 'String' exists for parameter key 'sessions_max_length_minutes'.
12-11 11:57:24.315  7765  7871 E CursorWindow: Failed to read row 15, column 29 from a CursorWindow which has 17 rows, 29 columns.
12-11 11:57:24.316  7765  7765 I FirebasePerformance: Session ID - cbf28240ccb741ecb5b5f4aad82de11d
12-11 11:57:24.316  7765  7871 E CursorWindow: Failed to read row 16, column 29 from a CursorWindow which has 17 rows, 29 columns.
12-11 11:57:24.330  7765  7863 W FirebaseRemoteConfig: No value of type 'String' exists for parameter key 'sessions_feature_enabled'.
12-11 11:57:24.330  7765  7765 W FirebaseRemoteConfig: No value of type 'String' exists for parameter key 'sessions_max_length_minutes'.
12-11 11:57:24.331  7765  7765 I FirebasePerformance: Session ID - cbf28240ccb741ecb5b5f4aad82de11d
12-11 11:57:24.332  7765  7863 W FirebaseRemoteConfig: No value of type 'String' exists for parameter key 'sessions_feature_enabled'.
12-11 11:57:24.332  7765  7765 W FirebaseRemoteConfig: No value of type 'String' exists for parameter key 'sessions_max_length_minutes'.
12-11 11:57:24.332  7765  7765 I FirebasePerformance: Session ID - cbf28240ccb741ecb5b5f4aad82de11d
12-11 11:57:24.334  7765  7863 W FirebaseRemoteConfig: No value of type 'String' exists for parameter key 'sessions_feature_enabled'.
12-11 11:57:24.334  7765  7765 W FirebaseRemoteConfig: No value of type 'String' exists for parameter key 'sessions_max_length_minutes'.
12-11 11:57:24.335  7765  7765 I FirebasePerformance: Session ID - cbf28240ccb741ecb5b5f4aad82de11d
12-11 11:57:24.339  7765  7863 W FirebaseRemoteConfig: No value of type 'String' exists for parameter key 'sessions_feature_enabled'.
12-11 11:57:24.339  7765  7765 W FirebaseRemoteConfig: No value of type 'String' exists for parameter key 'sessions_max_length_minutes'.
12-11 11:57:24.365  7765  7765 W System.err: java.net.MalformedURLException: no protocol: homepage
12-11 11:57:24.365  7765  7765 W System.err: 	at java.net.URL.<init>(URL.java:601)
12-11 11:57:24.366  7765  7765 W System.err: 	at java.net.URL.<init>(URL.java:498)
12-11 11:57:24.366  7765  7765 W System.err: 	at java.net.URL.<init>(URL.java:447)
12-11 11:57:24.366  7765  7765 W System.err: 	at com.flipkart.android.utils.cc.getUrlPath(Unknown Source:2)
12-11 11:57:24.366  7765  7765 W System.err: 	at com.flipkart.android.bottomnavigation.c.a(Unknown Source:139)
12-11 11:57:24.366  7765  7765 W System.err: 	at com.flipkart.android.bottomnavigation.c.update(Unknown Source:135)
12-11 11:57:24.366  7765  7765 W System.err: 	at com.flipkart.android.reactnative.nativeuimodules.reactbottombar.ReactBottomNavigationFragment.emitAlreadyExistingResponse(Unknown Source:15)
12-11 11:57:24.366  7765  7765 W System.err: 	at com.flipkart.android.reactnative.nativeuimodules.reactbottombar.ReactBottomNavigationFragment.onComponentWillMount(Unknown Source:0)
12-11 11:57:24.366  7765  7765 W System.err: 	at com.flipkart.android.reactnative.nativemodules.BottomNavigationModule$2.run(Unknown Source:10)
12-11 11:57:24.366  7765  7765 W System.err: 	at android.os.Handler.handleCallback(Handler.java:938)
12-11 11:57:24.366  7765  7765 W System.err: 	at android.os.Handler.dispatchMessage(Handler.java:99)
12-11 11:57:24.366  7765  7765 W System.err: 	at android.os.Looper.loop(Looper.java:223)
12-11 11:57:24.366  7765  7765 W System.err: 	at android.app.ActivityThread.main(ActivityThread.java:7656)
12-11 11:57:24.366  7765  7765 W System.err: 	at java.lang.reflect.Method.invoke(Native Method)
12-11 11:57:24.366  7765  7765 W System.err: 	at com.android.internal.os.RuntimeInit$MethodAndArgsCaller.run(RuntimeInit.java:592)
12-11 11:57:24.366  7765  7765 W System.err: 	at com.android.internal.os.ZygoteInit.main(ZygoteInit.java:947)
12-11 11:57:24.367  7765  7765 W System.err: java.net.MalformedURLException: no protocol: homepage
12-11 11:57:24.367  7765  7765 W System.err: 	at java.net.URL.<init>(URL.java:601)
12-11 11:57:24.367  7765  7765 W System.err: 	at java.net.URL.<init>(URL.java:498)
12-11 11:57:24.367  7765  7765 W System.err: 	at java.net.URL.<init>(URL.java:447)
12-11 11:57:24.367  7765  7765 W System.err: 	at com.flipkart.android.utils.cc.getUrlPath(Unknown Source:2)
12-11 11:57:24.367  7765  7765 W System.err: 	at com.flipkart.android.bottomnavigation.c.a(Unknown Source:139)
12-11 11:57:24.367  7765  7765 W System.err: 	at com.flipkart.android.bottomnavigation.c.update(Unknown Source:135)
12-11 11:57:24.367  7765  7765 W System.err: 	at com.flipkart.android.reactnative.nativeuimodules.reactbottombar.ReactBottomNavigationFragment.emitAlreadyExistingResponse(Unknown Source:15)
12-11 11:57:24.367  7765  7765 W System.err: 	at com.flipkart.android.reactnative.nativeuimodules.reactbottombar.ReactBottomNavigationFragment.onLoadFinished(Unknown Source:84)
12-11 11:57:24.367  7765  7765 W System.err: 	at com.flipkart.android.reactnative.nativeuimodules.reactbottombar.ReactBottomNavigationFragment.onLoadFinished(Unknown Source:2)
12-11 11:57:24.367  7765  7765 W System.err: 	at androidx.loader.app.LoaderManagerImpl$LoaderObserver.onChanged(Unknown Source:46)
12-11 11:57:24.367  7765  7765 W System.err: 	at androidx.lifecycle.LiveData.considerNotify(Unknown Source:29)
12-11 11:57:24.367  7765  7765 W System.err: 	at androidx.lifecycle.LiveData.dispatchingValue(Unknown Source:44)
12-11 11:57:24.367  7765  7765 W System.err: 	at androidx.lifecycle.LiveData.setValue(Unknown Source:14)
12-11 11:57:24.367  7765  7765 W System.err: 	at androidx.lifecycle.s.setValue(Unknown Source:0)
12-11 11:57:24.367  7765  7765 W System.err: 	at androidx.loader.app.LoaderManagerImpl$LoaderInfo.setValue(Unknown Source:0)
12-11 11:57:24.367  7765  7765 W System.err: 	at androidx.loader.app.LoaderManagerImpl$LoaderInfo.onLoadComplete(Unknown Source:36)
12-11 11:57:24.367  7765  7765 W System.err: 	at androidx.loader.content.Loader.deliverResult(Unknown Source:4)
12-11 11:57:24.367  7765  7765 W System.err: 	at androidx.loader.content.CursorLoader.deliverResult(Unknown Source:22)
12-11 11:57:24.367  7765  7765 W System.err: 	at androidx.loader.content.CursorLoader.deliverResult(Unknown Source:2)
12-11 11:57:24.367  7765  7765 W System.err: 	at androidx.loader.content.AsyncTaskLoader.dispatchOnLoadComplete(Unknown Source:30)
12-11 11:57:24.367  7765  7765 W System.err: 	at androidx.loader.content.AsyncTaskLoader$a.a(Unknown Source:2)
12-11 11:57:24.367  7765  7765 W System.err: 	at androidx.loader.content.a.e(Unknown Source:10)
12-11 11:57:24.367  7765  7765 W System.err: 	at androidx.loader.content.a$b.handleMessage(Unknown Source:28)
12-11 11:57:24.367  7765  7765 W System.err: 	at android.os.Handler.dispatchMessage(Handler.java:106)
12-11 11:57:24.367  7765  7765 W System.err: 	at android.os.Looper.loop(Looper.java:223)
12-11 11:57:24.367  7765  7765 W System.err: 	at android.app.ActivityThread.main(ActivityThread.java:7656)
12-11 11:57:24.368  7765  7765 W System.err: 	at java.lang.reflect.Method.invoke(Native Method)
12-11 11:57:24.368  7765  7765 W System.err: 	at com.android.internal.os.RuntimeInit$MethodAndArgsCaller.run(RuntimeInit.java:592)
12-11 11:57:24.368  7765  7765 W System.err: 	at com.android.internal.os.ZygoteInit.main(ZygoteInit.java:947)
12-11 11:57:24.377  7765  7765 I FirebasePerformance: Session ID - cbf28240ccb741ecb5b5f4aad82de11d
12-11 11:57:24.402  7765  7863 W FirebaseRemoteConfig: No value of type 'String' exists for parameter key 'sessions_feature_enabled'.
12-11 11:57:24.402  7765  7765 W FirebaseRemoteConfig: No value of type 'String' exists for parameter key 'sessions_max_length_minutes'.
12-11 11:57:24.404  7765  7765 I FirebasePerformance: Session ID - cbf28240ccb741ecb5b5f4aad82de11d
12-11 11:57:24.409  7765  7863 W FirebaseRemoteConfig: No value of type 'String' exists for parameter key 'sessions_feature_enabled'.
12-11 11:57:24.409  7765  7765 W FirebaseRemoteConfig: No value of type 'String' exists for parameter key 'sessions_max_length_minutes'.
12-11 11:57:24.416  7765  7765 I FirebasePerformance: Session ID - cbf28240ccb741ecb5b5f4aad82de11d
12-11 11:57:24.419  7765  7863 W FirebaseRemoteConfig: No value of type 'String' exists for parameter key 'sessions_feature_enabled'.
