--------- beginning of main
12-11 11:57:22.643  7715  7744 I appium  : channel read invoked!
12-11 11:57:22.643  7715  7744 I appium  : channel read: GET /wd/hub/status
12-11 11:57:22.649  7715  7744 I appium  : AppiumResponse: {"sessionId":"None","value":{"ready":true,"message":"UiAutomator2 Server is ready to accept commands"}}
12-11 11:57:22.663  7715  7744 I appium  : channel read invoked!
12-11 11:57:22.663  7715  7744 I appium  : channel read: POST /wd/hub/session
12-11 11:57:22.668  7715  7744 W tomator2.serve: Accessing hidden field Landroid/app/UiAutomation;->mOnAccessibilityEventListener:Landroid/app/UiAutomation$OnAccessibilityEventListener; (greylist-max-o, reflection, allowed)
12-11 11:57:22.669  7715  7744 I appium  : Created the new session with SessionID: fd2461c5-2de1-4cb4-b46b-70947babd746
12-11 11:57:22.670  7715  7744 I appium  : AppiumResponse: {"sessionId":"fd2461c5-2de1-4cb4-b46b-70947babd746","value":{"sessionId":"fd2461c5-2de1-4cb4-b46b-70947babd746","capabilities":{"firstMatch":[{"platform":"LINUX","webStorageEnabled":false,"takesScreenshot":true,"javascriptEnabled":true,"databaseEnabled":false,"networkConnectionEnabled":true,"loca...
12-11 11:57:22.693  7715  7744 I appium  : channel read invoked!
12-11 11:57:22.693  7715  7744 I appium  : channel read: GET /wd/hub/session/fd2461c5-2de1-4cb4-b46b-70947babd746/appium/device/info
12-11 11:57:22.694  7715  7744 I appium  : Get Device Info command
12-11 11:57:22.699  7715  7744 I TetheringManager: registerTetheringEventCallback:io.appium.uiautomator2.server
12-11 11:57:22.713  7715  7744 W tomator2.serve: Accessing hidden field Landroid/net/NetworkCapabilities;->mSignalStrength:I (greylist-max-p, reflection, allowed)
12-11 11:57:22.713  7715  7744 W tomator2.serve: Accessing hidden field Landroid/net/NetworkCapabilities;->mNetworkSpecifier:Landroid/net/NetworkSpecifier; (greylist-max-o, reflection, allowed)
12-11 11:57:22.713  7715  7744 W tomator2.serve: Accessing hidden field Landroid/net/NetworkCapabilities;->mSSID:Ljava/lang/String; (greylist-max-o, reflection, allowed)
12-11 11:57:22.732  7715  7744 I appium  : AppiumResponse: {"sessionId":"fd2461c5-2de1-4cb4-b46b-70947babd746","value":{"androidId":"6a840bcba1727937","manufacturer":"Google","model":"Pixel 2 XL","brand":"google","apiVersion":"30","platformVersion":"11","carrierName":"Vi India","realDisplaySize":"1440x2880","displayDensity":560,"networks":[{"type":1,"typ...
--------- beginning of system
12-11 11:57:22.796  1406  4297 W ActivityManager: Permission Denial: getIntentForIntentSender() from pid=7745, uid=2000 requires android.permission.GET_INTENT_SENDER_INTENT
12-11 11:57:22.878  1406  4297 I ActivityManager: Force stopping com.flipkart.android appid=10340 user=0: from pid 7750
12-11 11:57:22.879  1406  4297 I ActivityManager: Killing 4797:com.flipkart.android/u0a340 (adj 0): stop com.flipkart.android due to from pid 7750
12-11 11:57:22.882  1406  4297 W ActivityTaskManager: Force removing ActivityRecord{6d1f78c u0 com.flipkart.android/.activity.HomeFragmentHolderActivity t3774 f}}: app died, no saved state
12-11 11:57:22.904  1406  1439 W ActivityManager: Permission Denial: Accessing service com.google.android.music/.dial.DialMediaRouteProviderService from pid=6926, uid=10190 that is not exported from uid 10167
12-11 11:57:22.904  2117  2117 D CarrierSvcBindHelper: No carrier app for: 0
12-11 11:57:22.905  3305  3305 D RegisteredNfcFServicesCache: Service unchanged, not updating
12-11 11:57:22.907  7666  7753 I EuiccGoogle: [55752] EuiccServiceImpl.onGetEuiccProfileInfoList: onGetEuiccProfileInfoList: slotId = -1
12-11 11:57:22.914  1916  1916 D QcrilMsgTunnelIfaceManager: handleMessage what = 1
12-11 11:57:22.915  1916  1916 I QcrilOemhookMsgTunnel: [0]invokeOemRilRequestRaw: serial=2441 length=16
12-11 11:57:22.920  1916  1945 I QcrilOemhookMsgTunnel: [0]processOemHookResponse serial no: 2441 error: 0length=88
12-11 11:57:22.920  1916  1916 D QcrilMsgTunnelIfaceManager: handleMessage what = 2
12-11 11:57:22.923  7666  7753 I EuiccGoogle: [55752] UiccLogicalChannel.open: Locked on aid: A0000005591010FFFFFFFF8900000100
12-11 11:57:22.947  2201  3395 E FrameEvents: updateAcquireFence: Did not find frame.
12-11 11:57:22.950  1406  3273 D ConnectivityService: ConnectivityService NetworkRequestInfo binderDied(NetworkRequest [ TRACK_DEFAULT id=23563, [ Capabilities: INTERNET&NOT_RESTRICTED&TRUSTED Uid: 10340 AdministratorUids: [] RequestorUid: 10340 RequestorPackageName: com.flipkart.android] ], android.os.BinderProxy@cd8cb02)
12-11 11:57:22.950  1406  3330 D AutofillSession: handling death of Token{7b7d4bf ActivityRecord{6d1f78c u0 com.flipkart.android/.activity.HomeFragmentHolderActivity t-1 f}}} when saving=false
12-11 11:57:22.950  1406  1644 D ConnectivityService: releasing NetworkRequest [ TRACK_DEFAULT id=23563, [ Capabilities: INTERNET&NOT_RESTRICTED&TRUSTED Uid: 10340 AdministratorUids: [] RequestorUid: 10340 RequestorPackageName: com.flipkart.android] ] (release request)
12-11 11:57:22.951   868   868 I Zygote  : Process 4797 exited due to signal 9 (Killed)
12-11 11:57:22.951  1406  1469 W ActivityManager: setHasOverlayUi called on unknown pid: 4797
12-11 11:57:22.951  1406  2010 W WindowManager: Cannot find window which accessibility connection is added to
12-11 11:57:22.953  1406  1477 I libprocessgroup: Successfully killed process cgroup uid 10340 pid 4797 in 72ms
12-11 11:57:22.957  1791  1791 V KeyguardUpdateMonitor: onSubscriptionInfoChanged()
12-11 11:57:22.957  2117  2117 D Telephony: isEmergencyPreferredAccount: subId=1, activeData=1
12-11 11:57:22.957  2117  2117 D Telephony: isEmergencyPreferredAccount: Device does not require preference.
12-11 11:57:22.958  2117  2117 E PhoneInterfaceManager: [PhoneIntfMgr] iccOpenLogicalChannel: Exception: com.android.internal.telephony.CommandException: NO_SUCH_ELEMENT
12-11 11:57:22.958  7666  7753 E EuiccGoogle: [55752] UiccLogicalChannel.open: selectResponse is null. Unlocked for aid: A0000005591010FFFFFFFF8900000100
12-11 11:57:22.958  7666  7753 W EuiccGoogle: [55752] EuiccServiceImpl.onGetEuiccProfileInfoList: slotId=-1. No eUICC is active. Return null.
12-11 11:57:22.961  1791  1791 V KeyguardUpdateMonitor: SubInfo:{id=1 iccId=899186000[****] simSlotIndex=0 carrierId=1963 displayName=Vodafone IN carrierName=Vodafone IN nameSource=0 iconTint=-16746133 number=[****] dataRoaming=0 iconBitmap=android.graphics.Bitmap@d556885 mcc=404 mnc=86 countryIso=in isEmbedded=false nativeAccessRules=null cardString=899186000[****] cardId=-1 isOpportunistic=false groupUUID=null isGroupDisabled=false profileClass=-1 ehplmns=[] hplmns=[40486] subscriptionType=0 groupOwner=null carrierConfigAccessRules=null areUiccApplicationsEnabled=true}
12-11 11:57:22.976  1406  1644 D ConnectivityService: NetReassign [no changes]
12-11 11:57:22.985 19878 19878 I GoogleInputMethodService: GoogleInputMethodService.onFinishInput():3308 
12-11 11:57:22.986 19878 19878 I GoogleInputMethodService: GoogleInputMethodService.onStartInput():1887 
12-11 11:57:23.057 12570  7756 I PBSessionCacheImpl: Wrote sessionId[55285052306656438] to persistence.
12-11 11:57:23.073 12570 12639 W ThreadPoolDumper: Queue length for executor EventBus is now 11. Perhaps some tasks are too long, or the pool is too small.
12-11 11:57:23.110 12570 12570 I BgTaskExecutorImpl: Starting EXCLUSIVE background task TNG_VOICE_SEARCH_SYNC.
12-11 11:57:23.111 12570 12570 I BgTaskExecutorImpl: Starting EXCLUSIVE background task TNG_MINUS_ONE_SYNC.
12-11 11:57:23.138 12570 12639 I TngMinusOneSync: Syncing TNG:-1
12-11 11:57:23.144 12570 12639 I TngVoiceSearchSync: Syncing TNG:VoiceSearch
12-11 11:57:23.146  1406  4297 I ActivityTaskManager: START u0 {flg=0x10000000 cmp=com.flipkart.android/.activity.HomeFragmentHolderActivity} from uid 2000
12-11 11:57:23.146  1406  1469 D EventSequenceValidator: IntentStarted during UNKNOWN. Intent { flg=0x10000000 cmp=com.flipkart.android/.activity.HomeFragmentHolderActivity }
12-11 11:57:23.146  1406  1469 D EventSequenceValidator: java.lang.Throwable: EventSequenceValidator#getStackTrace
12-11 11:57:23.146  1406  1469 D EventSequenceValidator: 	at com.google.android.startop.iorap.EventSequenceValidator.logWarningWithStackTrace(EventSequenceValidator.java:260)
12-11 11:57:23.146  1406  1469 D EventSequenceValidator: 	at com.google.android.startop.iorap.EventSequenceValidator.onIntentStarted(EventSequenceValidator.java:106)
12-11 11:57:23.146  1406  1469 D EventSequenceValidator: 	at com.android.server.wm.LaunchObserverRegistryImpl.handleOnIntentStarted(LaunchObserverRegistryImpl.java:139)
12-11 11:57:23.146  1406  1469 D EventSequenceValidator: 	at com.android.server.wm.LaunchObserverRegistryImpl.lambda$veRn_GhgLZLlOHOJ0ZYT6KcfYqo(Unknown Source:0)
12-11 11:57:23.146  1406  1469 D EventSequenceValidator: 	at com.android.server.wm.-$$Lambda$LaunchObserverRegistryImpl$veRn_GhgLZLlOHOJ0ZYT6KcfYqo.accept(Unknown Source:10)
12-11 11:57:23.146  1406  1469 D EventSequenceValidator: 	at com.android.internal.util.function.pooled.PooledLambdaImpl.doInvoke(PooledLambdaImpl.java:292)
12-11 11:57:23.146  1406  1469 D EventSequenceValidator: 	at com.android.internal.util.function.pooled.PooledLambdaImpl.invoke(PooledLambdaImpl.java:201)
12-11 11:57:23.146  1406  1469 D EventSequenceValidator: 	at com.android.internal.util.function.pooled.OmniFunction.run(OmniFunction.java:97)
12-11 11:57:23.146  1406  1469 D EventSequenceValidator: 	at android.os.Handler.handleCallback(Handler.java:938)
12-11 11:57:23.146  1406  1469 D EventSequenceValidator: 	at android.os.Handler.dispatchMessage(Handler.java:99)
12-11 11:57:23.146  1406  1469 D EventSequenceValidator: 	at android.os.Looper.loop(Looper.java:223)
12-11 11:57:23.146  1406  1469 D EventSequenceValidator: 	at android.os.HandlerThread.run(HandlerThread.java:67)
12-11 11:57:23.146  1406  1469 D EventSequenceValidator: 	at com.android.server.ServiceThread.run(ServiceThread.java:44)
12-11 11:57:23.146  1406  1469 D EventSequenceValidator: inc AccIntentStartedEvents to 2
12-11 11:57:23.150   671   671 D android.hardware.power@1.3-service.pixel-libperfmgr: LAUNCH: 1
12-11 11:57:23.152  1035  1035 I perfetto: ing_service_impl.cc:758 Configured tracing session 5732, #sources:1, duration:5000 ms, #buffers:1, total buffer size:4096 KB, total sessions:1, uid:1071 session name: ""
12-11 11:57:23.152  1034  1034 I perfetto: probes_producer.cc:230  Ftrace setup (target_buf=5732)
12-11 11:57:23.156  1406  1469 D CompatibilityChangeReporter: Compat change id reported: 135634846; UID 10340; state: DISABLED
12-11 11:57:23.157  1406  1476 D CompatibilityChangeReporter: Compat change id reported: 143937733; UID 10340; state: DISABLED
12-11 11:57:23.157  1406  1469 D EventSequenceValidator: onActivityLaunched during UNKNOWN.
12-11 11:57:23.157  1406  1469 D EventSequenceValidator: java.lang.Throwable: EventSequenceValidator#getStackTrace
12-11 11:57:23.157  1406  1469 D EventSequenceValidator: 	at com.google.android.startop.iorap.EventSequenceValidator.logWarningWithStackTrace(EventSequenceValidator.java:260)
12-11 11:57:23.157  1406  1469 D EventSequenceValidator: 	at com.google.android.startop.iorap.EventSequenceValidator.onActivityLaunched(EventSequenceValidator.java:149)
12-11 11:57:23.157  1406  1469 D EventSequenceValidator: 	at com.android.server.wm.LaunchObserverRegistryImpl.handleOnActivityLaunched(LaunchObserverRegistryImpl.java:157)
12-11 11:57:23.157  1406  1469 D EventSequenceValidator: 	at com.android.server.wm.LaunchObserverRegistryImpl.lambda$UGY1OclnLIQLMEL9B55qjERFf4o(Unknown Source:0)
12-11 11:57:23.157  1406  1469 D EventSequenceValidator: 	at com.android.server.wm.-$$Lambda$LaunchObserverRegistryImpl$UGY1OclnLIQLMEL9B55qjERFf4o.accept(Unknown Source:10)
12-11 11:57:23.157  1406  1469 D EventSequenceValidator: 	at com.android.internal.util.function.pooled.PooledLambdaImpl.doInvoke(PooledLambdaImpl.java:292)
12-11 11:57:23.157  1406  1469 D EventSequenceValidator: 	at com.android.internal.util.function.pooled.PooledLambdaImpl.invoke(PooledLambdaImpl.java:201)
12-11 11:57:23.157  1406  1469 D EventSequenceValidator: 	at com.android.internal.util.function.pooled.OmniFunction.run(OmniFunction.java:97)
12-11 11:57:23.157  1406  1469 D EventSequenceValidator: 	at android.os.Handler.handleCallback(Handler.java:938)
12-11 11:57:23.157  1406  1469 D EventSequenceValidator: 	at android.os.Handler.dispatchMessage(Handler.java:99)
12-11 11:57:23.157  1406  1469 D EventSequenceValidator: 	at android.os.Looper.loop(Looper.java:223)
12-11 11:57:23.157  1406  1469 D EventSequenceValidator: 	at android.os.HandlerThread.run(HandlerThread.java:67)
12-11 11:57:23.157  1406  1469 D EventSequenceValidator: 	at com.android.server.ServiceThread.run(ServiceThread.java:44)
12-11 11:57:23.160  1034  1034 I perfetto: ftrace_procfs.cc:176    enabled ftrace
12-11 11:57:23.165   868   868 D Zygote  : Forked child process 7765
12-11 11:57:23.166  1406  1476 I ActivityManager: Start proc 7765:com.flipkart.android/u0a340 for pre-top-activity {com.flipkart.android/com.flipkart.android.activity.HomeFragmentHolderActivity}
12-11 11:57:23.178  7765  7765 E lipkart.androi: Not starting debugger since process cannot load the jdwp agent.
12-11 11:57:23.202  7765  7765 D ApplicationLoaders: Returning zygote-cached class loader: /system/framework/android.test.base.jar
12-11 11:57:23.203  7765  7765 I lipkart.androi: The ClassLoaderContext is a special shared library.
12-11 11:57:23.216  7765  7765 I LoadedApk: No resource references to update in package com.flipkart.android.chat
12-11 11:57:23.216  7765  7765 I LoadedApk: No resource references to update in package com.flipkart.android.condition_assessor
12-11 11:57:23.217  7765  7765 D NetworkSecurityConfig: Using Network Security Config from resource network_security_config debugBuild: false
12-11 11:57:23.219  7765  7765 D NetworkSecurityConfig: Using Network Security Config from resource network_security_config debugBuild: false
12-11 11:57:23.231  7765  7765 I MultiDex: VM with version 2.1.0 has multidex support
12-11 11:57:23.231  7765  7765 I MultiDex: Installing application
12-11 11:57:23.231  7765  7765 I MultiDex: VM has multidex support, MultiDex support library is disabled.
12-11 11:57:23.247  3175  7788 D OutlookCoreJobCreator: create EventNotificationJob_Master
12-11 11:57:23.248  3175  7788 D OutlookApplicationJobCreator: create EventNotificationJob_Master
12-11 11:57:23.252  7765  7765 I FirebaseApp: Device unlocked: initializing all Firebase APIs for app [DEFAULT]
12-11 11:57:23.281  3175  7799 D EventNotificationJob: Running EventNotificationJob, isDetail=false
12-11 11:57:23.300  7765  7765 W FirebaseCrashlytics: A new version of the Google Analytics for Firebase SDK is now available. For improved performance and compatibility with Crashlytics, please update to the latest version.
12-11 11:57:23.301  7765  7795 W cd      : Application name is not set. Call Builder#setApplicationName.
12-11 11:57:23.309  7765  7765 I FirebaseCrashlytics: Initializing Crashlytics 17.2.2
12-11 11:57:23.314  3175  7799 D EventNotificationJob: Interval is 15 minutes
12-11 11:57:23.314  3175  7799 D EventNotificationJob: processEventList() on [37] events. First cleaning up expired notifications.
12-11 11:57:23.316  3175  7799 D EventNotificationJob: Finished cleaning up notifications. Event notification list had 2 items, 2 unique IDs, added 2 notifications in id set.
12-11 11:57:23.318  3175  7799 D outlook.Notifications: No reminder enabled. Skip event: [[32768:db5e8000-a79e-08d8-abb0-010000000000]]
12-11 11:57:23.320  7765  7765 W cd      : Application name is not set. Call Builder#setApplicationName.
12-11 11:57:23.320  3175  7799 D outlook.Notifications: No reminder enabled. Skip event: [[32768:db5e8000-a79e-08d8-e6b0-010000000000]]
12-11 11:57:23.323  3175  7799 D outlook.Notifications: No reminder enabled. Skip event: [[32768:05c84000-a868-08d8-acb0-010000000000]]
12-11 11:57:23.324  3175  7799 D outlook.Notifications: No reminder enabled. Skip event: [[32768:05c84000-a868-08d8-e7b0-010000000000]]
12-11 11:57:23.324  3175  7799 D EventNotificationJob:   finished processing events.
12-11 11:57:23.326  7765  7765 I FirebaseInitProvider: FirebaseApp initialization successful
12-11 11:57:23.333  7765  7765 I TetheringManager: registerTetheringEventCallback:com.flipkart.android
12-11 11:57:23.334  7765  7793 I FA      : App measurement is starting up, version: 16250
12-11 11:57:23.335  7765  7793 I FA      : To enable debug logging run: adb shell setprop log.tag.FA VERBOSE
12-11 11:57:23.335  7765  7793 I FA      : To enable faster debug mode event logging run:
12-11 11:57:23.335  7765  7793 I FA      :   adb shell setprop debug.firebase.analytics.app com.flipkart.android
12-11 11:57:23.366  1406  3274 D CompatibilityChangeReporter: Compat change id reported: 136274596; UID 10340; state: DISABLED
12-11 11:57:23.375  7765  7817 E ADBMobile: ADBMobile Error : Wearable - Failed to load class com.adobe.mobile.ConfigSynchronizer
12-11 11:57:23.387  7765  7816 I Tune#a():107: Initializing Tune Version 4.16.0
12-11 11:57:23.432  7765  7793 I FA      : Tag Manager is not found and thus will not be used
12-11 11:57:23.469  7765  7765 I PlayCore: UID: [10340]  PID: [7765] SplitInstallListenerRegistry : registerListener
12-11 11:57:23.475  1406  1474 W NotificationHistory: Attempted to remove conversation for locked/gone/disabled user 0
12-11 11:57:23.515  7765  7765 W FirebaseRemoteConfig: No value of type 'String' exists for parameter key 'sessions_feature_enabled'.
12-11 11:57:23.515  7765  7765 D FirebasePerformance: Creating a new Non Verbose Session: 200c3c240b6a4d07873d1988a8a86b60
12-11 11:57:23.515  7765  7765 W FirebaseRemoteConfig: No value of type 'String' exists for parameter key 'sessions_feature_enabled'.
12-11 11:57:23.515  7765  7765 D FirebasePerformance: Creating a new Non Verbose Session: cbf28240ccb741ecb5b5f4aad82de11d
12-11 11:57:23.521  7765  7765 I PlayCore: UID: [10340]  PID: [7765] AppUpdateService : requestUpdateInfo(com.flipkart.android)
12-11 11:57:23.522  7765  7845 I PlayCore: UID: [10340]  PID: [7765] AppUpdateService : Initiate binding to the service.
12-11 11:57:23.529  7765  7796 I FirebaseRemoteConfig: Fetch succeeded!
12-11 11:57:23.539 24762 24762 W Choreographer: Frame time is 0.253006 ms in the future!  Check that graphics HAL is generating vsync timestamps using the correct timebase.
12-11 11:57:23.539  1791  1791 W Choreographer: Frame time is 0.027276 ms in the future!  Check that graphics HAL is generating vsync timestamps using the correct timebase.
12-11 11:57:23.578  7765  7765 I FirebasePerformance: Session ID - cbf28240ccb741ecb5b5f4aad82de11d
12-11 11:57:23.587  7765  7863 W FirebaseRemoteConfig: No value of type 'String' exists for parameter key 'trace_flimit_time'.
12-11 11:57:23.587  7765  7863 W FirebaseRemoteConfig: No value of type 'String' exists for parameter key 'trace_flimit_events'.
12-11 11:57:23.587  7765  7863 W FirebaseRemoteConfig: No value of type 'String' exists for parameter key 'trace_blimit_time'.
12-11 11:57:23.587  7765  7863 W FirebaseRemoteConfig: No value of type 'String' exists for parameter key 'trace_blimit_events'.
12-11 11:57:23.587  7765  7863 W FirebaseRemoteConfig: No value of type 'String' exists for parameter key 'network_flimit_time'.
12-11 11:57:23.587  7765  7863 W FirebaseRemoteConfig: No value of type 'String' exists for parameter key 'network_flimit_events'.
12-11 11:57:23.587  7765  7863 W FirebaseRemoteConfig: No value of type 'String' exists for parameter key 'network_blimit_time'.
12-11 11:57:23.587  7765  7863 W FirebaseRemoteConfig: No value of type 'String' exists for parameter key 'network_blimit_events'.
12-11 11:57:23.476  1406  1474 I chatty  : uid=1000(system) android.bg identical 1 line
12-11 11:57:23.476  1406  1474 W NotificationHistory: Attempted to remove conversation for locked/gone/disabled user 0
12-11 11:57:23.627  1406  1442 D ConnectivityService: requestNetwork for uid/pid:10340/7765 NetworkRequest [ TRACK_DEFAULT id=23598, [ Capabilities: INTERNET&NOT_RESTRICTED&TRUSTED Uid: 10340 AdministratorUids: [] RequestorUid: 10340 RequestorPackageName: com.flipkart.android] ]
12-11 11:57:23.627  1406  1644 D ConnectivityService: NetReassign [23598 : null → 457]
12-11 11:57:23.627  1406  1720 D Ethernet: got request NetworkRequest [ TRACK_DEFAULT id=23598, [ Capabilities: INTERNET&NOT_RESTRICTED&TRUSTED Uid: 10340 AdministratorUids: [] RequestorUid: 10340 RequestorPackageName: com.flipkart.android] ] with score 60 and providerId 5
12-11 11:57:23.627  1406  1719 D WIFI_AWARE_FACTORY: got request NetworkRequest [ TRACK_DEFAULT id=23598, [ Capabilities: INTERNET&NOT_RESTRICTED&TRUSTED Uid: 10340 AdministratorUids: [] RequestorUid: 10340 RequestorPackageName: com.flipkart.android] ] with score 60 and providerId 5
12-11 11:57:23.627  1406  1619 D UntrustedWifiNetworkFactory: got request NetworkRequest [ TRACK_DEFAULT id=23598, [ Capabilities: INTERNET&NOT_RESTRICTED&TRUSTED Uid: 10340 AdministratorUids: [] RequestorUid: 10340 RequestorPackageName: com.flipkart.android] ] with score 60 and providerId 5
12-11 11:57:23.628  1406  1619 D WifiNetworkFactory: got request NetworkRequest [ TRACK_DEFAULT id=23598, [ Capabilities: INTERNET&NOT_RESTRICTED&TRUSTED Uid: 10340 AdministratorUids: [] RequestorUid: 10340 RequestorPackageName: com.flipkart.android] ] with score 60 and providerId 5
12-11 11:57:23.628  2117  2117 D PhoneSwitcherNetworkRequstListener: got request NetworkRequest [ TRACK_DEFAULT id=23598, [ Capabilities: INTERNET&NOT_RESTRICTED&TRUSTED Uid: 10340 AdministratorUids: [] RequestorUid: 10340 RequestorPackageName: com.flipkart.android] ] with score 60 and providerId 5
12-11 11:57:23.633  1791  1791 V KeyguardUpdateMonitor: onSubscriptionInfoChanged()
12-11 11:57:23.633  2117  2117 D Telephony: isEmergencyPreferredAccount: subId=1, activeData=1
12-11 11:57:23.633  2117  2117 D Telephony: isEmergencyPreferredAccount: Device does not require preference.
12-11 11:57:23.635  1791  1791 V KeyguardUpdateMonitor: SubInfo:{id=1 iccId=899186000[****] simSlotIndex=0 carrierId=1963 displayName=Vodafone IN carrierName=Vodafone IN nameSource=0 iconTint=-16746133 number=[****] dataRoaming=0 iconBitmap=android.graphics.Bitmap@619b9e8 mcc=404 mnc=86 countryIso=in isEmbedded=false nativeAccessRules=null cardString=899186000[****] cardId=-1 isOpportunistic=false groupUUID=null isGroupDisabled=false profileClass=-1 ehplmns=[] hplmns=[40486] subscriptionType=0 groupOwner=null carrierConfigAccessRules=null areUiccApplicationsEnabled=true}
12-11 11:57:23.640  1406  1644 D ConnectivityService: NetReassign [no changes]
12-11 11:57:23.642  7765  7765 D FirebasePerformance: onResume(): com.flipkart.android.activity.HomeFragmentHolderActivity: 400334 microseconds
12-11 11:57:23.645  7765  7863 W FirebaseRemoteConfig: No value of type 'String' exists for parameter key 'sessions_feature_enabled'.
12-11 11:57:23.645  7765  7765 W FirebaseRemoteConfig: No value of type 'String' exists for parameter key 'sessions_max_length_minutes'.
12-11 11:57:23.648  7765  7876 E TUNETuneParameters#getGoogleAdTrackingLimited():31: Error parsing googleAdTrackingLimited value null
12-11 11:57:23.648  7765  7876 E TUNETuneParameters#getGoogleAdTrackingLimited():31: java.lang.NumberFormatException: s == null
12-11 11:57:23.648  7765  7876 E TUNETuneParameters#getGoogleAdTrackingLimited():31: 	at java.lang.Integer.parseInt(Integer.java:577)
12-11 11:57:23.648  7765  7876 E TUNETuneParameters#getGoogleAdTrackingLimited():31: 	at java.lang.Integer.parseInt(Integer.java:650)
12-11 11:57:23.648  7765  7876 E TUNETuneParameters#getGoogleAdTrackingLimited():31: 	at com.tune.TuneParameters.getGoogleAdTrackingLimited(Unknown Source:6)
12-11 11:57:23.648  7765  7876 E TUNETuneParameters#getGoogleAdTrackingLimited():31: 	at com.tune.c.a(Unknown Source:924)
12-11 11:57:23.648  7765  7876 E TUNETuneParameters#getGoogleAdTrackingLimited():31: 	at com.tune.Tune$4.run(Unknown Source:164)
12-11 11:57:23.648  7765  7876 E TUNETuneParameters#getGoogleAdTrackingLimited():31: 	at java.util.concurrent.ThreadPoolExecutor.runWorker(ThreadPoolExecutor.java:1167)
12-11 11:57:23.648  7765  7876 E TUNETuneParameters#getGoogleAdTrackingLimited():31: 	at java.util.concurrent.ThreadPoolExecutor$Worker.run(ThreadPoolExecutor.java:641)
12-11 11:57:23.648  7765  7876 E TUNETuneParameters#getGoogleAdTrackingLimited():31: 	at java.lang.Thread.run(Thread.java:923)
12-11 11:57:23.649  7765  7783 D CompatibilityChangeReporter: Compat change id reported: 150939131; UID 10340; state: DISABLED
12-11 11:57:23.649  7765  7876 E TUNETuneParameters#getFireAdTrackingLimited():31: Error parsing fireAdTrackingLimited value null
12-11 11:57:23.649  7765  7876 E TUNETuneParameters#getFireAdTrackingLimited():31: java.lang.NumberFormatException: s == null
12-11 11:57:23.649  7765  7876 E TUNETuneParameters#getFireAdTrackingLimited():31: 	at java.lang.Integer.parseInt(Integer.java:577)
12-11 11:57:23.649  7765  7876 E TUNETuneParameters#getFireAdTrackingLimited():31: 	at java.lang.Integer.parseInt(Integer.java:650)
12-11 11:57:23.649  7765  7876 E TUNETuneParameters#getFireAdTrackingLimited():31: 	at com.tune.TuneParameters.getFireAdTrackingLimited(Unknown Source:6)
12-11 11:57:23.649  7765  7876 E TUNETuneParameters#getFireAdTrackingLimited():31: 	at com.tune.c.a(Unknown Source:940)
12-11 11:57:23.649  7765  7876 E TUNETuneParameters#getFireAdTrackingLimited():31: 	at com.tune.Tune$4.run(Unknown Source:164)
12-11 11:57:23.649  7765  7876 E TUNETuneParameters#getFireAdTrackingLimited():31: 	at java.util.concurrent.ThreadPoolExecutor.runWorker(ThreadPoolExecutor.java:1167)
12-11 11:57:23.649  7765  7876 E TUNETuneParameters#getFireAdTrackingLimited():31: 	at java.util.concurrent.ThreadPoolExecutor$Worker.run(ThreadPoolExecutor.java:641)
12-11 11:57:23.649  7765  7876 E TUNETuneParameters#getFireAdTrackingLimited():31: 	at java.lang.Thread.run(Thread.java:923)
12-11 11:57:23.649  7765  7873 E CursorWindow: Failed to read row 0, column 29 from a CursorWindow which has 1 rows, 29 columns.
12-11 11:57:23.662  7765  7872 I FirebasePerformance: Session ID - cbf28240ccb741ecb5b5f4aad82de11d
12-11 11:57:23.669  7765  7765 I PlayCore: UID: [10340]  PID: [7765] AppUpdateService : ServiceConnectionImpl.onServiceConnected(ComponentInfo{com.android.vending/com.google.android.finsky.installservice.DevTriggeredUpdateService})
12-11 11:57:23.669  7765  7845 I PlayCore: UID: [10340]  PID: [7765] AppUpdateService : linkToDeath
12-11 11:57:23.691  7765  7875 I FirebasePerformance: Session ID - cbf28240ccb741ecb5b5f4aad82de11d
12-11 11:57:23.692  7765  7872 E CursorWindow: Failed to read row 0, column 29 from a CursorWindow which has 32 rows, 29 columns.
12-11 11:57:23.694  7765  7872 E CursorWindow: Failed to read row 1, column 29 from a CursorWindow which has 32 rows, 29 columns.
12-11 11:57:23.697  7765  7872 E CursorWindow: Failed to read row 2, column 29 from a CursorWindow which has 32 rows, 29 columns.
12-11 11:57:23.699  3514  7886 I Finsky  : [5215] sap.a(5): Using cached document to get update info
12-11 11:57:23.699  3514  7886 W Finsky  : [5215] sdg.e(2): No cached information about app com.flipkart.android, while trying to retrieve app details.
12-11 11:57:23.700  3514  7886 E Finsky  : [5215] sap.a(7): In-app-update: Missing AppDetails!
12-11 11:57:23.702  7765  7875 E CursorWindow: Failed to read row 0, column 29 from a CursorWindow which has 14 rows, 29 columns.
12-11 11:57:23.702  7765  7872 E CursorWindow: Failed to read row 3, column 29 from a CursorWindow which has 32 rows, 29 columns.
12-11 11:57:23.702  7765  7875 E CursorWindow: Failed to read row 1, column 29 from a CursorWindow which has 14 rows, 29 columns.
12-11 11:57:23.702  7765  7875 E CursorWindow: Failed to read row 2, column 29 from a CursorWindow which has 14 rows, 29 columns.
12-11 11:57:23.703  7765  7872 E CursorWindow: Failed to read row 4, column 29 from a CursorWindow which has 32 rows, 29 columns.
12-11 11:57:23.703  7765  7875 E CursorWindow: Failed to read row 3, column 29 from a CursorWindow which has 14 rows, 29 columns.
12-11 11:57:23.703  7765  7875 E CursorWindow: Failed to read row 4, column 29 from a CursorWindow which has 14 rows, 29 columns.
12-11 11:57:23.703  7765  7875 E CursorWindow: Failed to read row 5, column 29 from a CursorWindow which has 14 rows, 29 columns.
12-11 11:57:23.703  7765  7875 E CursorWindow: Failed to read row 6, column 29 from a CursorWindow which has 14 rows, 29 columns.
12-11 11:57:23.704  7765  7875 E CursorWindow: Failed to read row 7, column 29 from a CursorWindow which has 14 rows, 29 columns.
12-11 11:57:23.704  7765  7875 E CursorWindow: Failed to read row 8, column 29 from a CursorWindow which has 14 rows, 29 columns.
12-11 11:57:23.704  7765  7875 E CursorWindow: Failed to read row 9, column 29 from a CursorWindow which has 14 rows, 29 columns.
12-11 11:57:23.705  7765  7872 E CursorWindow: Failed to read row 5, column 29 from a CursorWindow which has 32 rows, 29 columns.
12-11 11:57:23.706  7765  7875 E CursorWindow: Failed to read row 10, column 29 from a CursorWindow which has 14 rows, 29 columns.
12-11 11:57:23.706  7765  7875 E CursorWindow: Failed to read row 11, column 29 from a CursorWindow which has 14 rows, 29 columns.
12-11 11:57:23.707  7765  7872 E CursorWindow: Failed to read row 6, column 29 from a CursorWindow which has 32 rows, 29 columns.
12-11 11:57:23.707  7765  7872 E CursorWindow: Failed to read row 7, column 29 from a CursorWindow which has 32 rows, 29 columns.
12-11 11:57:23.709  7765  7875 E CursorWindow: Failed to read row 12, column 29 from a CursorWindow which has 14 rows, 29 columns.
12-11 11:57:23.710  7765  7872 E CursorWindow: Failed to read row 8, column 29 from a CursorWindow which has 32 rows, 29 columns.
12-11 11:57:23.710  7765  7875 E CursorWindow: Failed to read row 13, column 29 from a CursorWindow which has 14 rows, 29 columns.
12-11 11:57:23.711  7765  7872 E CursorWindow: Failed to read row 9, column 29 from a CursorWindow which has 32 rows, 29 columns.
12-11 11:57:23.711  7765  7872 E CursorWindow: Failed to read row 10, column 29 from a CursorWindow which has 32 rows, 29 columns.
12-11 11:57:23.713  7765  7872 E CursorWindow: Failed to read row 11, column 29 from a CursorWindow which has 32 rows, 29 columns.
12-11 11:57:23.714  7765  7872 E CursorWindow: Failed to read row 12, column 29 from a CursorWindow which has 32 rows, 29 columns.
12-11 11:57:23.715  3514  7886 W Finsky  : [5215] sau.a(3): No cached information about app com.flipkart.android, while trying to retrieve the available version code.
12-11 11:57:23.721  7765  7781 I PlayCore: UID: [10340]  PID: [7765] OnRequestInstallCallback : onRequestInfo
12-11 11:57:23.721  7765  7845 I PlayCore: UID: [10340]  PID: [7765] AppUpdateService : Unbind from service.
12-11 11:57:23.731  7765  7872 E CursorWindow: Failed to read row 13, column 29 from a CursorWindow which has 32 rows, 29 columns.
12-11 11:57:23.731  7765  7872 E CursorWindow: Failed to read row 14, column 29 from a CursorWindow which has 32 rows, 29 columns.
12-11 11:57:23.732  7765  7872 E CursorWindow: Failed to read row 15, column 29 from a CursorWindow which has 32 rows, 29 columns.
12-11 11:57:23.732  7765  7872 E CursorWindow: Failed to read row 16, column 29 from a CursorWindow which has 32 rows, 29 columns.
12-11 11:57:23.733  7765  7872 E CursorWindow: Failed to read row 17, column 29 from a CursorWindow which has 32 rows, 29 columns.
12-11 11:57:23.735  7765  7872 E CursorWindow: Failed to read row 18, column 29 from a CursorWindow which has 32 rows, 29 columns.
12-11 11:57:23.736  7765  7872 E CursorWindow: Failed to read row 19, column 29 from a CursorWindow which has 32 rows, 29 columns.
12-11 11:57:23.737  7765  7872 E CursorWindow: Failed to read row 20, column 29 from a CursorWindow which has 32 rows, 29 columns.
12-11 11:57:23.737  7765  7872 E CursorWindow: Failed to read row 21, column 29 from a CursorWindow which has 32 rows, 29 columns.
12-11 11:57:23.738  7765  7872 E CursorWindow: Failed to read row 22, column 29 from a CursorWindow which has 32 rows, 29 columns.
12-11 11:57:23.738  7765  7872 E CursorWindow: Failed to read row 23, column 29 from a CursorWindow which has 32 rows, 29 columns.
12-11 11:57:23.739  7765  7872 E CursorWindow: Failed to read row 24, column 29 from a CursorWindow which has 32 rows, 29 columns.
12-11 11:57:23.740  7765  7872 E CursorWindow: Failed to read row 25, column 29 from a CursorWindow which has 32 rows, 29 columns.
12-11 11:57:23.742  7765  7872 E CursorWindow: Failed to read row 26, column 29 from a CursorWindow which has 32 rows, 29 columns.
12-11 11:57:23.742  7765  7838 I AdrenoGLES-0: QUALCOMM build                   : 02fe52e, Ie73904e3bd
12-11 11:57:23.742  7765  7838 I AdrenoGLES-0: Build Date                       : 06/27/20
12-11 11:57:23.742  7765  7838 I AdrenoGLES-0: OpenGL ES Shader Compiler Version: EV031.31.04.00
12-11 11:57:23.742  7765  7838 I AdrenoGLES-0: Local Branch                     : gfx-adreno.lnx.2.0
12-11 11:57:23.742  7765  7838 I AdrenoGLES-0: Remote Branch                    : quic/gfx-adreno.lnx.2.0
12-11 11:57:23.742  7765  7838 I AdrenoGLES-0: Remote Branch                    : NONE
12-11 11:57:23.742  7765  7838 I AdrenoGLES-0: Reconstruct Branch               : NOTHING
12-11 11:57:23.742  7765  7838 I AdrenoGLES-0: Build Config                     : S L 10.0.5 AArch64
12-11 11:57:23.742  7765  7838 I AdrenoGLES-0: Driver Path                      : /vendor/lib64/egl/libGLESv2_adreno.so
12-11 11:57:23.743  7765  7872 E CursorWindow: Failed to read row 27, column 29 from a CursorWindow which has 32 rows, 29 columns.
12-11 11:57:23.745  7765  7765 E RecyclerView: No adapter attached; skipping layout
12-11 11:57:23.747  7765  7872 E CursorWindow: Failed to read row 28, column 29 from a CursorWindow which has 32 rows, 29 columns.
12-11 11:57:23.748  7765  7765 E RecyclerView: No adapter attached; skipping layout
12-11 11:57:23.753  7765  7872 E CursorWindow: Failed to read row 29, column 29 from a CursorWindow which has 32 rows, 29 columns.
12-11 11:57:23.754  7765  7872 E CursorWindow: Failed to read row 30, column 29 from a CursorWindow which has 32 rows, 29 columns.
12-11 11:57:23.755  7765  7838 I AdrenoGLES-0: PFP: 0x005ff112, ME: 0x005ff066
12-11 11:57:23.755  7765  7872 E CursorWindow: Failed to read row 31, column 29 from a CursorWindow which has 32 rows, 29 columns.
12-11 11:57:23.759  7765  7838 W AdrenoUtils: <ReadGpuID_from_sysfs:197>: Failed to open /sys/class/kgsl/kgsl-3d0/gpu_model
12-11 11:57:23.759  7765  7838 W AdrenoUtils: <ReadGpuID:221>: Failed to read chip ID from gpu_model. Fallback to use the GSL path
12-11 11:57:23.767  7765  7841 I WM-WorkerWrapper: Worker result SUCCESS for Work [ id=52e44f23-72a0-40e0-b825-6a4be99d078f, tags={ com.flipkart.android.notification.FkPNTaskWorker } ]
12-11 11:57:23.786   638   638 I hwservicemanager: getTransport: Cannot find entry android.hardware.graphics.mapper@4.0::IMapper/default in either framework or device manifest.
12-11 11:57:23.787  7765  7838 I Gralloc4: mapper 4.x is not supported
12-11 11:57:23.787   638   638 I hwservicemanager: getTransport: Cannot find entry android.hardware.graphics.mapper@3.0::IMapper/default in either framework or device manifest.
12-11 11:57:23.787  7765  7838 W Gralloc3: mapper 3.x is not supported
12-11 11:57:23.799  1406  1469 D EventSequenceValidator: onActivityLaunchFinished during UNKNOWN.
12-11 11:57:23.799  1406  1469 D EventSequenceValidator: java.lang.Throwable: EventSequenceValidator#getStackTrace
12-11 11:57:23.799  1406  1469 D EventSequenceValidator: 	at com.google.android.startop.iorap.EventSequenceValidator.logWarningWithStackTrace(EventSequenceValidator.java:260)
12-11 11:57:23.799  1406  1469 D EventSequenceValidator: 	at com.google.android.startop.iorap.EventSequenceValidator.onActivityLaunchFinished(EventSequenceValidator.java:185)
12-11 11:57:23.799  1406  1469 D EventSequenceValidator: 	at com.android.server.wm.LaunchObserverRegistryImpl.handleOnActivityLaunchFinished(LaunchObserverRegistryImpl.java:175)
12-11 11:57:23.799  1406  1469 D EventSequenceValidator: 	at com.android.server.wm.LaunchObserverRegistryImpl.lambda$QcawcFcJtEX4EhYptq_Vb4j368Y(Unknown Source:0)
12-11 11:57:23.799  1406  1469 D EventSequenceValidator: 	at com.android.server.wm.-$$Lambda$LaunchObserverRegistryImpl$QcawcFcJtEX4EhYptq_Vb4j368Y.accept(Unknown Source:10)
12-11 11:57:23.799  1406  1469 D EventSequenceValidator: 	at com.android.internal.util.function.pooled.PooledLambdaImpl.doInvoke(PooledLambdaImpl.java:292)
12-11 11:57:23.799  1406  1469 D EventSequenceValidator: 	at com.android.internal.util.function.pooled.PooledLambdaImpl.invoke(PooledLambdaImpl.java:201)
12-11 11:57:23.799  1406  1469 D EventSequenceValidator: 	at com.android.internal.util.function.pooled.OmniFunction.run(OmniFunction.java:97)
12-11 11:57:23.799  1406  1469 D EventSequenceValidator: 	at android.os.Handler.handleCallback(Handler.java:938)
12-11 11:57:23.799  1406  1469 D EventSequenceValidator: 	at android.os.Handler.dispatchMessage(Handler.java:99)
12-11 11:57:23.799  1406  1469 D EventSequenceValidator: 	at android.os.Looper.loop(Looper.java:223)
12-11 11:57:23.799  1406  1469 D EventSequenceValidator: 	at android.os.HandlerThread.run(HandlerThread.java:67)
12-11 11:57:23.799  1406  1469 D EventSequenceValidator: 	at com.android.server.ServiceThread.run(ServiceThread.java:44)
12-11 11:57:23.799  1406  1469 D EventSequenceValidator: dec AccIntentStartedEvents to 1
12-11 11:57:23.799  7750  7752 I cmd     : oneway function results will be dropped but finished with status OK and parcel size 4
12-11 11:57:23.805  7765  7765 D SoLoader: init start
12-11 11:57:23.805  7765  7765 D SoLoader: adding system library source: /vendor/lib
12-11 11:57:23.805  7765  7765 D SoLoader: adding system library source: /system/lib
12-11 11:57:23.805  7765  7765 D SoLoader: adding application source: com.facebook.soloader.c[root = /data/app/~~AyNcwMNVTgJJmuyoQ36DuQ==/com.flipkart.android-2FPjidu9cl0MIe0Lo372nw==/lib/arm64 flags = 0]
12-11 11:57:23.806  7765  7765 D SoLoader: adding backup source from : com.facebook.soloader.a[root = /data/user/0/com.flipkart.android/lib-main flags = 1]
12-11 11:57:23.806  7765  7765 D SoLoader: Preparing SO source: com.facebook.soloader.c[root = /system/lib flags = 2]
12-11 11:57:23.806  7765  7765 D SoLoader: Preparing SO source: com.facebook.soloader.c[root = /vendor/lib flags = 2]
12-11 11:57:23.806  7765  7765 D SoLoader: Preparing SO source: com.facebook.soloader.c[root = /data/app/~~AyNcwMNVTgJJmuyoQ36DuQ==/com.flipkart.android-2FPjidu9cl0MIe0Lo372nw==/lib/arm64 flags = 0]
12-11 11:57:23.806  7765  7765 D SoLoader: Preparing SO source: com.facebook.soloader.a[root = /data/user/0/com.flipkart.android/lib-main flags = 1]
12-11 11:57:23.807  7765  7765 V fb-UnpackingSoSource: locked dso store /data/user/0/com.flipkart.android/lib-main
12-11 11:57:23.808  1406  1474 D ArtManagerInternalImpl: /data/misc/iorapd/com.flipkart.android/1200017/com.flipkart.android.activity.HomeFragmentHolderActivity/compiled_traces/compiled_trace.pb doesn't exist
12-11 11:57:23.809  7765  7765 I fb-UnpackingSoSource: dso store is up-to-date: /data/user/0/com.flipkart.android/lib-main
12-11 11:57:23.809  7765  7765 V fb-UnpackingSoSource: releasing dso store lock for /data/user/0/com.flipkart.android/lib-main
12-11 11:57:23.809  7765  7765 D SoLoader: init finish: 4 SO sources prepared
12-11 11:57:23.809  7765  7765 D SoLoader: init exiting
12-11 11:57:23.809  1406  1474 I ActivityTaskManager: Displayed com.flipkart.android/.activity.HomeFragmentHolderActivity: +651ms
12-11 11:57:23.809  7765  7888 W FirebaseRemoteConfig: No value of type 'String' exists for parameter key 'sessions_max_length_minutes'.
12-11 11:57:23.809  7765  7863 W FirebaseRemoteConfig: No value of type 'String' exists for parameter key 'sessions_feature_enabled'.
12-11 11:57:23.812  7765  7849 D BinaryFileManagerRunner: Attempting operation for module: multiWidget
12-11 11:57:23.812  7765  7849 D BinaryFileManagerRunner: Starting operation for module: multiWidget
12-11 11:57:23.813  7715  7744 I appium  : channel read invoked!
12-11 11:57:23.813  7715  7744 I appium  : channel read: GET /wd/hub/session/fd2461c5-2de1-4cb4-b46b-70947babd746/appium/device/pixel_ratio
12-11 11:57:23.814  7765  7849 D BinaryFileManager: Returning current bundle
12-11 11:57:23.814  7715  7744 I appium  : Get device pixel ratio
12-11 11:57:23.814  7715  7744 I appium  : AppiumResponse: {"sessionId":"fd2461c5-2de1-4cb4-b46b-70947babd746","value":3.5}
12-11 11:57:23.822  7765  7765 W System.err: java.net.MalformedURLException: no protocol: homepage
12-11 11:57:23.822  7765  7765 W System.err: 	at java.net.URL.<init>(URL.java:601)
12-11 11:57:23.822  7765  7765 W System.err: 	at java.net.URL.<init>(URL.java:498)
12-11 11:57:23.822  7765  7765 W System.err: 	at java.net.URL.<init>(URL.java:447)
12-11 11:57:23.822  7765  7765 W System.err: 	at com.flipkart.android.utils.cc.getUrlPath(Unknown Source:2)
12-11 11:57:23.822  7765  7765 W System.err: 	at com.flipkart.android.bottomnavigation.c.a(Unknown Source:139)
12-11 11:57:23.822  7765  7765 W System.err: 	at com.flipkart.android.bottomnavigation.c.update(Unknown Source:135)
12-11 11:57:23.822  7765  7765 W System.err: 	at com.flipkart.android.reactnative.nativeuimodules.reactbottombar.ReactBottomNavigationFragment.emitAlreadyExistingResponse(Unknown Source:15)
12-11 11:57:23.822  7765  7765 W System.err: 	at com.flipkart.android.reactnative.nativeuimodules.reactbottombar.ReactBottomNavigationFragment.onViewCreated(Unknown Source:8)
12-11 11:57:23.822  7765  7765 W System.err: 	at androidx.fragment.app.h.a(Unknown Source:632)
12-11 11:57:23.822  7765  7765 W System.err: 	at androidx.fragment.app.h.f(Unknown Source:38)
12-11 11:57:23.822  7765  7765 W System.err: 	at androidx.fragment.app.a.h(Unknown Source:150)
12-11 11:57:23.822  7765  7765 W System.err: 	at androidx.fragment.app.h.b(Unknown Source:38)
12-11 11:57:23.822  7765  7765 W System.err: 	at androidx.fragment.app.h.a(Unknown Source:113)
12-11 11:57:23.822  7765  7765 W System.err: 	at androidx.fragment.app.h.b(Unknown Source:88)
12-11 11:57:23.822  7765  7765 W System.err: 	at androidx.fragment.app.h.k(Unknown Source:21)
12-11 11:57:23.822  7765  7765 W System.err: 	at androidx.fragment.app.h.f(Unknown Source:9)
12-11 11:57:23.822  7765  7765 W System.err: 	at androidx.fragment.app.h.s(Unknown Source:6)
12-11 11:57:23.822  7765  7765 W System.err: 	at androidx.fragment.app.Fragment.performActivityCreated(Unknown Source:24)
12-11 11:57:23.822  7765  7765 W System.err: 	at androidx.fragment.app.h.a(Unknown Source:663)
12-11 11:57:23.822  7765  7765 W System.err: 	at androidx.fragment.app.h.f(Unknown Source:38)
12-11 11:57:23.822  7765  7765 W System.err: 	at androidx.fragment.app.a.h(Unknown Source:150)
12-11 11:57:23.822  7765  7765 W System.err: 	at androidx.fragment.app.h.b(Unknown Source:38)
12-11 11:57:23.822  7765  7765 W System.err: 	at androidx.fragment.app.h.a(Unknown Source:113)
12-11 11:57:23.822  7765  7765 W System.err: 	at androidx.fragment.app.h.b(Unknown Source:88)
12-11 11:57:23.822  7765  7765 W System.err: 	at androidx.fragment.app.h.k(Unknown Source:21)
12-11 11:57:23.822  7765  7765 W System.err: 	at androidx.fragment.app.h$1.run(Unknown Source:2)
12-11 11:57:23.822  7765  7765 W System.err: 	at android.os.Handler.handleCallback(Handler.java:938)
12-11 11:57:23.822  7765  7765 W System.err: 	at android.os.Handler.dispatchMessage(Handler.java:99)
12-11 11:57:23.822  7765  7765 W System.err: 	at android.os.Looper.loop(Looper.java:223)
12-11 11:57:23.822  7765  7765 W System.err: 	at android.app.ActivityThread.main(ActivityThread.java:7656)
12-11 11:57:23.822  7765  7765 W System.err: 	at java.lang.reflect.Method.invoke(Native Method)
12-11 11:57:23.822  7765  7765 W System.err: 	at com.android.internal.os.RuntimeInit$MethodAndArgsCaller.run(RuntimeInit.java:592)
12-11 11:57:23.822  7765  7765 W System.err: 	at com.android.internal.os.ZygoteInit.main(ZygoteInit.java:947)
12-11 11:57:23.824  7765  7765 D SoLoader: About to load: libreactnativejni.so
12-11 11:57:23.824  7765  7765 D SoLoader: libreactnativejni.so not found on /data/user/0/com.flipkart.android/lib-main
12-11 11:57:23.824  7765  7765 D SoLoader: libreactnativejni.so found on /data/app/~~AyNcwMNVTgJJmuyoQ36DuQ==/com.flipkart.android-2FPjidu9cl0MIe0Lo372nw==/lib/arm64
12-11 11:57:23.824  7765  7765 D SoLoader: Not resolving dependencies for libreactnativejni.so
12-11 11:57:23.824  7715  7744 I appium  : channel read invoked!
12-11 11:57:23.824  7715  7744 I appium  : channel read: GET /wd/hub/session/fd2461c5-2de1-4cb4-b46b-70947babd746/appium/device/system_bars
12-11 11:57:23.825  7715  7744 I appium  : Get status bar height of the device
12-11 11:57:23.826  7715  7744 I appium  : AppiumResponse: {"sessionId":"fd2461c5-2de1-4cb4-b46b-70947babd746","value":{"statusBar":98}}
12-11 11:57:23.832  7715  7744 I appium  : channel read invoked!
12-11 11:57:23.832  7715  7744 I appium  : channel read: GET /wd/hub/session/fd2461c5-2de1-4cb4-b46b-70947babd746/window/current/size
12-11 11:57:23.832  7715  7744 I appium  : Get window size of the device
12-11 11:57:23.833  7715  7744 I appium  : AppiumResponse: {"sessionId":"fd2461c5-2de1-4cb4-b46b-70947babd746","value":{"height":2712,"width":1440}}
12-11 11:57:23.859  7765  7765 D SoLoader: Loaded: libreactnativejni.so
12-11 11:57:23.859  7765  7765 D SoLoader: About to load: libfb.so
12-11 11:57:23.859  7765  7765 D SoLoader: libfb.so not found on /data/user/0/com.flipkart.android/lib-main
12-11 11:57:23.859  7765  7765 D SoLoader: libfb.so found on /data/app/~~AyNcwMNVTgJJmuyoQ36DuQ==/com.flipkart.android-2FPjidu9cl0MIe0Lo372nw==/lib/arm64
12-11 11:57:23.859  7765  7765 D SoLoader: Not resolving dependencies for libfb.so
12-11 11:57:23.860  7765  7765 D SoLoader: About to load: libfb.so
12-11 11:57:23.860  7765  7765 D SoLoader: libfb.so not found on /data/user/0/com.flipkart.android/lib-main
12-11 11:57:23.860  7765  7765 D SoLoader: libfb.so found on /data/app/~~AyNcwMNVTgJJmuyoQ36DuQ==/com.flipkart.android-2FPjidu9cl0MIe0Lo372nw==/lib/arm64
12-11 11:57:23.860  7765  7765 D SoLoader: Not resolving dependencies for libfb.so
12-11 11:57:23.860  7765  7765 I lipkart.androi: Thread[1,tid=7765,Native,Thread*=0x789b4d1380,peer=0x726593a8,"main"] recursive attempt to load library "/data/app/~~AyNcwMNVTgJJmuyoQ36DuQ==/com.flipkart.android-2FPjidu9cl0MIe0Lo372nw==/lib/arm64/libfb.so"
12-11 11:57:23.860  7765  7765 D SoLoader: Loaded: libfb.so
12-11 11:57:23.861  7765  7765 D SoLoader: Loaded: libfb.so
12-11 11:57:23.866  7765  7765 W System.err: java.net.MalformedURLException: no protocol: homepage
12-11 11:57:23.866  7765  7765 W System.err: 	at java.net.URL.<init>(URL.java:601)
12-11 11:57:23.866  7765  7765 W System.err: 	at java.net.URL.<init>(URL.java:498)
12-11 11:57:23.866  7765  7765 W System.err: 	at java.net.URL.<init>(URL.java:447)
12-11 11:57:23.866  7765  7765 W System.err: 	at com.flipkart.android.utils.cc.getUrlPath(Unknown Source:2)
12-11 11:57:23.866  7765  7765 W System.err: 	at com.flipkart.android.bottomnavigation.c.a(Unknown Source:139)
12-11 11:57:23.866  7765  7765 W System.err: 	at com.flipkart.android.bottomnavigation.c.update(Unknown Source:135)
12-11 11:57:23.866  7765  7765 W System.err: 	at com.flipkart.android.reactnative.nativeuimodules.reactbottombar.ReactBottomNavigationFragment.onResume(Unknown Source:13)
12-11 11:57:23.866  7765  7765 W System.err: 	at androidx.fragment.app.Fragment.performResume(Unknown Source:18)
12-11 11:57:23.866  7765  7765 W System.err: 	at androidx.fragment.app.h.a(Unknown Source:740)
12-11 11:57:23.866  7765  7765 W System.err: 	at androidx.fragment.app.h.f(Unknown Source:38)
12-11 11:57:23.866  7765  7765 W System.err: 	at androidx.fragment.app.h.a(Unknown Source:46)
12-11 11:57:23.866  7765  7765 W System.err: 	at androidx.fragment.app.h.f(Unknown Source:4)
12-11 11:57:23.866  7765  7765 W System.err: 	at androidx.fragment.app.h.u(Unknown Source:6)
12-11 11:57:23.866  7765  7765 W System.err: 	at androidx.fragment.app.Fragment.performResume(Unknown Source:29)
12-11 11:57:23.866  7765  7765 W System.err: 	at androidx.fragment.app.h.a(Unknown Source:740)
12-11 11:57:23.866  7765  7765 W System.err: 	at androidx.fragment.app.h.f(Unknown Source:38)
12-11 11:57:23.866  7765  7765 W System.err: 	at androidx.fragment.app.a.h(Unknown Source:150)
12-11 11:57:23.866  7765  7765 W System.err: 	at androidx.fragment.app.h.b(Unknown Source:38)
12-11 11:57:23.866  7765  7765 W System.err: 	at androidx.fragment.app.h.a(Unknown Source:113)
12-11 11:57:23.866  7765  7765 W System.err: 	at androidx.fragment.app.h.b(Unknown Source:88)
12-11 11:57:23.866  7765  7765 W System.err: 	at androidx.fragment.app.h.k(Unknown Source:21)
12-11 11:57:23.866  7765  7765 W System.err: 	at androidx.fragment.app.h$1.run(Unknown Source:2)
12-11 11:57:23.866  7765  7765 W System.err: 	at android.os.Handler.handleCallback(Handler.java:938)
12-11 11:57:23.866  7765  7765 W System.err: 	at android.os.Handler.dispatchMessage(Handler.java:99)
12-11 11:57:23.866  7765  7765 W System.err: 	at android.os.Looper.loop(Looper.java:223)
12-11 11:57:23.866  7765  7765 W System.err: 	at android.app.ActivityThread.main(ActivityThread.java:7656)
12-11 11:57:23.866  7765  7765 W System.err: 	at java.lang.reflect.Method.invoke(Native Method)
12-11 11:57:23.866  7765  7765 W System.err: 	at com.android.internal.os.RuntimeInit$MethodAndArgsCaller.run(RuntimeInit.java:592)
12-11 11:57:23.866  7765  7765 W System.err: 	at com.android.internal.os.ZygoteInit.main(ZygoteInit.java:947)
