12-11 11:17:19.392 29523 29523 I MultiDex: VM has multidex support, MultiDex support library is disabled.
12-11 11:17:19.431 29523 29523 I FirebaseInitProvider: FirebaseApp initialization successful
12-11 11:17:19.555 29523 29523 I TetheringManager: registerTetheringEventCallback:com.microsoft.teams
12-11 11:17:19.598 29523 29523 I EcsWriter: executeCallBack: 951474dd-416e-46c4-9e59-893fd6d17573
12-11 11:17:19.626 29523 29585 I EcsWriter: executeCallBack: orgid:951474dd-416e-46c4-9e59-893fd6d17573
12-11 11:17:19.670 29523 29523 I ApplicationUtilities: ProcessId: 29523, Thread: main, com.microsoft.windowsintune.companyportal version: 4527029 5.0.4979.0
12-11 11:17:19.719 29523 29523 W Calling: CallManager: ProcessId: 29523, Thread: main, getUserObjectIdForCall called from getLogger, Unable to find user for call ID 0, guid: 
12-11 11:17:19.727   984  1277 D AudioFlinger: ro.audio.silent is ignored since no output device is set
12-11 11:17:19.727   984  1286 D AudioFlinger: ro.audio.silent is ignored since no output device is set
12-11 11:17:19.728  1406  3329 I system_server: oneway function results will be dropped but finished with status OK and parcel size 4
12-11 11:17:19.728  1406  3329 I chatty  : uid=1000(system) Binder:1406_12 identical 5 lines
12-11 11:17:19.728  1406  3329 I system_server: oneway function results will be dropped but finished with status OK and parcel size 4
12-11 11:17:19.729  1406  1712 I system_server: oneway function results will be dropped but finished with status OK and parcel size 4
12-11 11:17:19.730  1406  1712 I chatty  : uid=1000(system) Binder:1406_4 identical 3 lines
12-11 11:17:19.730  1406  1712 I system_server: oneway function results will be dropped but finished with status OK and parcel size 4
12-11 11:17:19.738   984 10748 D AudioFlinger: Client defaulted notificationFrames to 240 for frameCount 960
12-11 11:17:19.740 29298 29333 I appium  : AppiumResponse: {"sessionId":"217d27ec-6369-4f0f-a776-f06c42d267c6","value":"iVBORw0KGgoAAAANSUhEUgAABaAAAAtACAYAAADu24QXAAAAAXNSR0IArs4c6QAAAARzQklUCAgI\nCHwIZIgAACAASURBVHic7N13fBz1nf\/x95St6pZsWZIruFMMmF5NCaYlIfQaSIOEBJLcL+VSSAhp\nl7uQXCCBhByHyZEQegkJnQBOKAYTug3GNjaustW1fWfm98dasmRJtmTvanel1\/Px0MPeNvvVand2\n...
12-11 11:17:19.742   984 10748 D AF::TrackHandle: OpPlayAudio: track:6277 usage:3 not muted
12-11 11:17:19.743 29523 29523 I AudioTrack: createTrack_l(0): AUDIO_OUTPUT_FLAG_FAST successful; frameCount 960 -> 960
12-11 11:17:19.772 29523 29523 D NetworkConnectivity: registerConnectivityService
12-11 11:17:19.773  1406  2261 D ConnectivityService: requestNetwork for uid/pid:10233/29523 NetworkRequest [ TRACK_DEFAULT id=23477, [ Capabilities: INTERNET&NOT_RESTRICTED&TRUSTED Uid: 10233 AdministratorUids: [] RequestorUid: 10233 RequestorPackageName: com.microsoft.teams] ]
12-11 11:17:19.773  1406  1644 D ConnectivityService: NetReassign [23477 : null → 457]
12-11 11:17:19.773  1406  1719 D WIFI_AWARE_FACTORY: got request NetworkRequest [ TRACK_DEFAULT id=23477, [ Capabilities: INTERNET&NOT_RESTRICTED&TRUSTED Uid: 10233 AdministratorUids: [] RequestorUid: 10233 RequestorPackageName: com.microsoft.teams] ] with score 60 and providerId 5
12-11 11:17:19.773  1406  1619 D UntrustedWifiNetworkFactory: got request NetworkRequest [ TRACK_DEFAULT id=23477, [ Capabilities: INTERNET&NOT_RESTRICTED&TRUSTED Uid: 10233 AdministratorUids: [] RequestorUid: 10233 RequestorPackageName: com.microsoft.teams] ] with score 60 and providerId 5
12-11 11:17:19.773  1406  1720 D Ethernet: got request NetworkRequest [ TRACK_DEFAULT id=23477, [ Capabilities: INTERNET&NOT_RESTRICTED&TRUSTED Uid: 10233 AdministratorUids: [] RequestorUid: 10233 RequestorPackageName: com.microsoft.teams] ] with score 60 and providerId 5
12-11 11:17:19.774  1406  1619 D WifiNetworkFactory: got request NetworkRequest [ TRACK_DEFAULT id=23477, [ Capabilities: INTERNET&NOT_RESTRICTED&TRUSTED Uid: 10233 AdministratorUids: [] RequestorUid: 10233 RequestorPackageName: com.microsoft.teams] ] with score 60 and providerId 5
12-11 11:17:19.774  2117  2117 D PhoneSwitcherNetworkRequstListener: got request NetworkRequest [ TRACK_DEFAULT id=23477, [ Capabilities: INTERNET&NOT_RESTRICTED&TRUSTED Uid: 10233 AdministratorUids: [] RequestorUid: 10233 RequestorPackageName: com.microsoft.teams] ] with score 60 and providerId 5
12-11 11:17:19.775 29523 29595 D NetworkConnectivity: onNetworkUpdate
12-11 11:17:19.775 29523 29595 D NetworkConnectivity: updateNetworkState, isNetworkAvailable : true
12-11 11:17:19.777 29523 29595 D NetworkConnectivity: onNetworkUpdate
12-11 11:17:19.779 29523 29595 D NetworkConnectivity: updateNetworkState, isNetworkAvailable : true
12-11 11:17:19.780 29523 29595 D NetworkConnectivity: onNetworkUpdate
12-11 11:17:19.781  1791  1791 V KeyguardUpdateMonitor: onSubscriptionInfoChanged()
12-11 11:17:19.781  2117  2117 D Telephony: isEmergencyPreferredAccount: subId=1, activeData=1
12-11 11:17:19.781  2117  2117 D Telephony: isEmergencyPreferredAccount: Device does not require preference.
12-11 11:17:19.781 29523 29595 D NetworkConnectivity: updateNetworkState, isNetworkAvailable : true
12-11 11:17:19.783  1791  1791 V KeyguardUpdateMonitor: SubInfo:{id=1 iccId=899186000[****] simSlotIndex=0 carrierId=1963 displayName=Vodafone IN carrierName=Vodafone IN nameSource=0 iconTint=-16746133 number=[****] dataRoaming=0 iconBitmap=android.graphics.Bitmap@d8e0f96 mcc=404 mnc=86 countryIso=in isEmbedded=false nativeAccessRules=null cardString=899186000[****] cardId=-1 isOpportunistic=false groupUUID=null isGroupDisabled=false profileClass=-1 ehplmns=[] hplmns=[40486] subscriptionType=0 groupOwner=null carrierConfigAccessRules=null areUiccApplicationsEnabled=true}
12-11 11:17:19.785 29523 29597 I SkypeTeamsDatabase: ProcessId: 29523, Thread: pool-2-thread-3, initializeDatabase: initializeDatabase
12-11 11:17:19.790  1406  1644 D ConnectivityService: NetReassign [no changes]
12-11 11:17:19.792 29523 29604 D SoLoader: init start
12-11 11:17:19.792 29523 29604 D SoLoader: adding system library source: /vendor/lib64
12-11 11:17:19.792 29523 29604 D SoLoader: adding system library source: /system/lib64
12-11 11:17:19.792 29523 29604 D SoLoader: adding application source: com.facebook.soloader.DirectorySoSource[root = /data/app/~~2y-J-2kuY3lcrQ7-I7OG_A==/com.microsoft.teams-xvI6IF_VA4_334utBtsenA==/lib/arm64 flags = 0]
12-11 11:17:19.792 29523 29604 D SoLoader: adding backup source from : com.facebook.soloader.ApkSoSource[root = /data/user/0/com.microsoft.teams/lib-main flags = 1]
12-11 11:17:19.792 29523 29604 D SoLoader: Preparing SO source: com.facebook.soloader.DirectorySoSource[root = /system/lib64 flags = 2]
12-11 11:17:19.792 29523 29604 D SoLoader: Preparing SO source: com.facebook.soloader.DirectorySoSource[root = /vendor/lib64 flags = 2]
12-11 11:17:19.792 29523 29604 D SoLoader: Preparing SO source: com.facebook.soloader.DirectorySoSource[root = /data/app/~~2y-J-2kuY3lcrQ7-I7OG_A==/com.microsoft.teams-xvI6IF_VA4_334utBtsenA==/lib/arm64 flags = 0]
12-11 11:17:19.792 29523 29604 D SoLoader: Preparing SO source: com.facebook.soloader.ApkSoSource[root = /data/user/0/com.microsoft.teams/lib-main flags = 1]
12-11 11:17:19.795 24345 24363 I FontLog : Received query Noto Color Emoji Compat, URI content://com.google.android.gms.fonts [CONTEXT service_id=132 ]
12-11 11:17:19.795 29523 29604 I fb-UnpackingSoSource: dso store is up-to-date: /data/user/0/com.microsoft.teams/lib-main
12-11 11:17:19.795 29523 29604 D SoLoader: init finish: 4 SO sources prepared
12-11 11:17:19.795 29523 29604 D SoLoader: init exiting
12-11 11:17:19.795 24345 24363 I FontLog : Query [Noto Color Emoji Compat] resolved to {Noto Color Emoji Compat, wdth 100.0, wght 400, ital 0.0, bestEffort false} [CONTEXT service_id=132 ]
12-11 11:17:19.801 24345 24363 I FontLog : Fetch {Noto Color Emoji Compat, wdth 100.0, wght 400, ital 0.0, bestEffort false} end status Status{statusCode=SUCCESS, resolution=null} [CONTEXT service_id=132 ]
12-11 11:17:19.801 29523 29598 E Calling: CallHealthMonitor: ProcessId: 29523, Thread: pool-2-thread-4, I/O error while reading CallHealthReport from file: Attempt to read from field 'com.microsoft.teams.core.app.ITeamsApplication com.microsoft.skype.teams.calling.call.CallHealthMonitor.mTeamsApplication' on a null object reference
12-11 11:17:19.810 24345 24363 I FontLog : Pulling font file for id = 670, cache size = 7 [CONTEXT service_id=132 ]
12-11 11:17:19.840 29523 29604 I AuthorizationService: ProcessId: 29523, Thread: pool-2-thread-9, AuthenticateUser: Queued.
12-11 11:17:19.840 29523 29604 I AuthorizationService: ProcessId: 29523, Thread: pool-2-thread-9, AuthenticateUser: Start.
12-11 11:17:19.841 29523 29597 W Calling: CallManager: ProcessId: 29523, Thread: pool-2-thread-3, getUserObjectIdForCall called from handleNetworkConnectivityChanged, Unable to find user for call ID 0, guid: 
12-11 11:17:19.841 29523 29604 I AuthorizationService: ProcessId: 29523, Thread: pool-2-thread-9, AuthenticateUser: Can't reuse the pending auth request. Creating a new one.
12-11 11:17:19.850 29523 29600 I SkypeTeamsDatabase: ProcessId: 29523, Thread: pool-2-thread-7, DB opened.
12-11 11:17:19.860 29523 29600 D ShiftrNativePackage: onApplicationCreated called
12-11 11:17:19.860 29523 29600 D TimedScenarioHandler: Started EngTimedScenarioEvent Step: AppStartupWhenPinnedLoadTime, Setup_SetupManager
12-11 11:17:19.862 29523 29613 I AuthorizationService: ProcessId: 29523, Thread: Pool-Auth-Thread-1, executeAuthRequest() TaskUtilities.runOnBackgroundThread() network state: true
12-11 11:17:19.865 29523 29613 I AuthorizationService: ProcessId: 29523, Thread: Pool-Auth-Thread-1, AuthenticateUser: notify success
12-11 11:17:19.877 29523 29600 D ShiftrBuildConfigHelper: getBuildConfig is the flavor: production
12-11 11:17:19.877 29523 29600 D ShiftrBuildConfigHelper: ProdShiftrBuildConfig has been created
12-11 11:17:19.888 29523 29585 I TabProviderData: ProcessId: 29523, Thread: pool-2-thread-2, showUserInstalledApps: true
12-11 11:17:19.907 29523 29585 I AppDefinitionUtilities: ProcessId: 29523, Thread: pool-2-thread-2, Non visible apps - 00001016-de05-492e-9106-4828fc8a8687: no_bot_or_tabs, com.microsoft.teamspace.tab.web: no_bot_or_tabs, 90a27c51-5c74-453b-944a-134ba86da790: desktop_specific_app, 7a0c1d53-f647-4d76-ab2c-fbc0d73c8bb0: no_bot_or_tabs, 41af5cfd-c249-424b-a3ea-5c4b115c3dc6: no_bot_or_tabs, com.microsoftstream.embed.skypeteamstab: store_app_ecs_off_or_unsupported_schema_version, 40517485-2262-4135-b174-401da4aa6f0f: no_bot_or_tabs, 95de633a-083e-42f5-b444-a4295d8e9314: no_bot_or_tabs, 0d820ecd-def2-4297-adad-78056cde7c78: store_app_ecs_off_or_unsupported_schema_version, 42f6c1da-a241-483a-a3cc-4f5be9185951: store_app_ecs_off_or_unsupported_schema_version, a2da8768-95d5-419e-9441-3b539865b118: no_bot_or_tabs, 5a0e35f9-d3c8-45b6-9dd9-983ab47f1b83: desktop_specific_app, 
12-11 11:17:19.908 29523 29585 I TabProviderData: ProcessId: 29523, Thread: pool-2-thread-2, loadFromSettingOrInitIfMissing - Saved tabs: 26, Enabled tabs returned: 15
12-11 11:17:19.908 29523 29585 W UserConfiguration: ProcessId: 29523, Thread: pool-2-thread-2, userAggregatedSettings.isMailboxDiscoverable=true
12-11 11:17:19.936 29523 29623 E DaggerWorkerFactory: ProcessId: 29523, Thread: pool-16-thread-4, Provider is null
12-11 11:17:19.952 29523 29626 I BackgroundSyncServiceWorker: ProcessId: 29523, Thread: Pool-WorkManager-Thread-1, Start background sync service worker
12-11 11:17:19.956 24345 24363 I FontLog : Pulling font file for id = 670, cache size = 7 [CONTEXT service_id=132 ]
12-11 11:17:19.966 29523 29630 I TabProviderData: ProcessId: 29523, Thread: Pool-ViewData-Thread-1, showUserInstalledApps: true
12-11 11:17:19.974 29523 29626 I BackgroundSyncServiceWorker: ProcessId: 29523, Thread: Pool-WorkManager-Thread-1, Starting syncConversations
12-11 11:17:19.976 29523 29630 I AppDefinitionUtilities: ProcessId: 29523, Thread: Pool-ViewData-Thread-1, Non visible apps - 00001016-de05-492e-9106-4828fc8a8687: no_bot_or_tabs, com.microsoft.teamspace.tab.web: no_bot_or_tabs, 90a27c51-5c74-453b-944a-134ba86da790: desktop_specific_app, 7a0c1d53-f647-4d76-ab2c-fbc0d73c8bb0: no_bot_or_tabs, 41af5cfd-c249-424b-a3ea-5c4b115c3dc6: no_bot_or_tabs, com.microsoftstream.embed.skypeteamstab: store_app_ecs_off_or_unsupported_schema_version, 40517485-2262-4135-b174-401da4aa6f0f: no_bot_or_tabs, 95de633a-083e-42f5-b444-a4295d8e9314: no_bot_or_tabs, 0d820ecd-def2-4297-adad-78056cde7c78: store_app_ecs_off_or_unsupported_schema_version, 42f6c1da-a241-483a-a3cc-4f5be9185951: store_app_ecs_off_or_unsupported_schema_version, a2da8768-95d5-419e-9441-3b539865b118: no_bot_or_tabs, 5a0e35f9-d3c8-45b6-9dd9-983ab47f1b83: desktop_specific_app, 
12-11 11:17:19.977 29523 29630 I TabProviderData: ProcessId: 29523, Thread: Pool-ViewData-Thread-1, loadFromSettingOrInitIfMissing - Saved tabs: 26, Enabled tabs returned: 15
12-11 11:17:19.977 29523 29626 D ScenarioContextEvent: UserType:aadMember 3dc6bae0-99ee-430d-a76b-633f266a341e 76dfd161-9754-4ec8-87be-75509ab26ecf get_conversations         START  OK         null       null 0 [] [null]
12-11 11:17:19.977 29523 29630 W UserConfiguration: ProcessId: 29523, Thread: Pool-ViewData-Thread-1, userAggregatedSettings.isMailboxDiscoverable=true
12-11 11:17:19.978 29523 29630 I TabProviderData: ProcessId: 29523, Thread: Pool-ViewData-Thread-1, loadFromSettingOrInitIfMissing - Saved tabs including disabled tabs returned: 26
