12-11 11:17:14.005 29348 29496 D SoLoader: Not resolving dependencies for libhermes-executor-release.so
12-11 11:17:14.013 29348 29496 D SoLoader: Loaded: libhermes-executor-release.so
12-11 11:17:14.013 29348 29496 D ReactNative: ReactInstanceManager.createReactContext()
12-11 11:17:14.031 29348 29496 D ReactNative: Initializing React Xplat Bridge.
12-11 11:17:14.038 29348 29496 D ReactNative: Initializing React Xplat Bridge before initializeBridge
12-11 11:17:14.042 29348 29496 D ReactNative: Initializing React Xplat Bridge after initializeBridge
12-11 11:17:14.042 29348 29496 D ReactNative: CatalystInstanceImpl.runJSBundle()
12-11 11:17:14.043 29348 29505 D ReactNative: ReactInstanceManager.setupReactContext()
12-11 11:17:14.043 29348 29505 D ReactNative: CatalystInstanceImpl.initialize()
12-11 11:17:14.048 29348 29505 D SoLoader: init exiting
12-11 11:17:14.054  1406  3329 D AutofillSession: handling death of Token{a7c9ff4 ActivityRecord{a84a31d u0 com.flipkart.android/.activity.HomeFragmentHolderActivity t-1 f}}} when saving=false
12-11 11:17:14.054  1406  3329 D ConnectivityService: ConnectivityService NetworkRequestInfo binderDied(NetworkRequest [ TRACK_DEFAULT id=23468, [ Capabilities: INTERNET&NOT_RESTRICTED&TRUSTED Uid: 10340 AdministratorUids: [] RequestorUid: 10340 RequestorPackageName: com.flipkart.android] ], android.os.BinderProxy@687c537)
12-11 11:17:14.055  1406  1644 D ConnectivityService: releasing NetworkRequest [ TRACK_DEFAULT id=23468, [ Capabilities: INTERNET&NOT_RESTRICTED&TRUSTED Uid: 10340 AdministratorUids: [] RequestorUid: 10340 RequestorPackageName: com.flipkart.android] ] (release request)
12-11 11:17:14.055  1406  2261 W WindowManager: Cannot find window which accessibility connection is added to
12-11 11:17:14.055  1406  1469 W ActivityManager: setHasOverlayUi called on unknown pid: 28417
12-11 11:17:14.060  1406  4061 D ConnectivityService: requestNetwork for uid/pid:10340/29348 NetworkRequest [ TRACK_DEFAULT id=23474, [ Capabilities: INTERNET&NOT_RESTRICTED&TRUSTED Uid: 10340 AdministratorUids: [] RequestorUid: 10340 RequestorPackageName: com.flipkart.android] ]
12-11 11:17:14.060  1406  1644 D ConnectivityService: NetReassign [23474 : null → 457]
12-11 11:17:14.060  1406  1720 D Ethernet: got request NetworkRequest [ TRACK_DEFAULT id=23474, [ Capabilities: INTERNET&NOT_RESTRICTED&TRUSTED Uid: 10340 AdministratorUids: [] RequestorUid: 10340 RequestorPackageName: com.flipkart.android] ] with score 60 and providerId 5
12-11 11:17:14.060  1406  1619 D UntrustedWifiNetworkFactory: got request NetworkRequest [ TRACK_DEFAULT id=23474, [ Capabilities: INTERNET&NOT_RESTRICTED&TRUSTED Uid: 10340 AdministratorUids: [] RequestorUid: 10340 RequestorPackageName: com.flipkart.android] ] with score 60 and providerId 5
12-11 11:17:14.060  1406  1619 D WifiNetworkFactory: got request NetworkRequest [ TRACK_DEFAULT id=23474, [ Capabilities: INTERNET&NOT_RESTRICTED&TRUSTED Uid: 10340 AdministratorUids: [] RequestorUid: 10340 RequestorPackageName: com.flipkart.android] ] with score 60 and providerId 5
12-11 11:17:14.061  1406  1719 D WIFI_AWARE_FACTORY: got request NetworkRequest [ TRACK_DEFAULT id=23474, [ Capabilities: INTERNET&NOT_RESTRICTED&TRUSTED Uid: 10340 AdministratorUids: [] RequestorUid: 10340 RequestorPackageName: com.flipkart.android] ] with score 60 and providerId 5
12-11 11:17:14.062  2117  2117 D PhoneSwitcherNetworkRequstListener: got request NetworkRequest [ TRACK_DEFAULT id=23474, [ Capabilities: INTERNET&NOT_RESTRICTED&TRUSTED Uid: 10340 AdministratorUids: [] RequestorUid: 10340 RequestorPackageName: com.flipkart.android] ] with score 60 and providerId 5
12-11 11:17:14.064  1791  1791 V KeyguardUpdateMonitor: onSubscriptionInfoChanged()
12-11 11:17:14.067  1791  1791 V KeyguardUpdateMonitor: SubInfo:{id=1 iccId=899186000[****] simSlotIndex=0 carrierId=1963 displayName=Vodafone IN carrierName=Vodafone IN nameSource=0 iconTint=-16746133 number=[****] dataRoaming=0 iconBitmap=android.graphics.Bitmap@97e023b mcc=404 mnc=86 countryIso=in isEmbedded=false nativeAccessRules=null cardString=899186000[****] cardId=-1 isOpportunistic=false groupUUID=null isGroupDisabled=false profileClass=-1 ehplmns=[] hplmns=[40486] subscriptionType=0 groupOwner=null carrierConfigAccessRules=null areUiccApplicationsEnabled=true}
12-11 11:17:14.069  2117  2117 D Telephony: isEmergencyPreferredAccount: subId=1, activeData=1
12-11 11:17:14.069  2117  2117 D Telephony: isEmergencyPreferredAccount: Device does not require preference.
12-11 11:17:14.069  2117  2117 D Telephony: isEmergencyPreferredAccount: subId=1, activeData=1
12-11 11:17:14.069  2117  2117 D Telephony: isEmergencyPreferredAccount: Device does not require preference.
12-11 11:17:14.074 24345 17798 W NetworkScheduler: Error inserting flex_time=2287000 job_id=-1 period=4576000 source=16 requires_charging=0 preferred_network_type=1 target_class=com.google.android.gms.measurement.PackageMeasurementTaskService user_id=0 target_package=com.google.android.gms tag=Measurement.PackageMeasurementTaskService.UPLOAD_TASK_TAG task_type=0 required_idleness_state=0 service_kind=0 source_version=204516000 persistence_level=1 preferred_charging_state=1 required_network_type=0 runtime=1607665634062 retry_strategy={"maximum_backoff_seconds":{"3600":0},"initial_backoff_seconds":{"30":0},"retry_policy":{"0":0}} last_runtime=0, error message: UNIQUE constraint failed: pending_ops.tag, pending_ops.target_class, pending_ops.target_package, pending_ops.user_id (code 2067 SQLITE_CONSTRAINT_UNIQUE) [CONTEXT service_id=218 ]
12-11 11:17:14.077 29348 29485 D BinaryFileManager: Returning bundle: /data/user/0/com.flipkart.android/files/binaryfilemanager/multiWidget/e2d78d64513d21f5f2a1df9f48fc6be3-17.ota
12-11 11:17:14.079  1406  1644 D ConnectivityService: NetReassign [no changes]
12-11 11:17:14.083  1791  1791 V KeyguardUpdateMonitor: onSubscriptionInfoChanged()
12-11 11:17:14.088  1791  1791 V KeyguardUpdateMonitor: SubInfo:{id=1 iccId=899186000[****] simSlotIndex=0 carrierId=1963 displayName=Vodafone IN carrierName=Vodafone IN nameSource=0 iconTint=-16746133 number=[****] dataRoaming=0 iconBitmap=android.graphics.Bitmap@3f71d58 mcc=404 mnc=86 countryIso=in isEmbedded=false nativeAccessRules=null cardString=899186000[****] cardId=-1 isOpportunistic=false groupUUID=null isGroupDisabled=false profileClass=-1 ehplmns=[] hplmns=[40486] subscriptionType=0 groupOwner=null carrierConfigAccessRules=null areUiccApplicationsEnabled=true}
12-11 11:17:14.092 24345 17798 W NetworkScheduler: Error inserting flex_time=2287000 job_id=-1 period=4576000 source=16 requires_charging=0 preferred_network_type=1 target_class=com.google.android.gms.measurement.PackageMeasurementTaskService user_id=0 target_package=com.google.android.gms tag=Measurement.PackageMeasurementTaskService.UPLOAD_TASK_TAG task_type=0 required_idleness_state=0 service_kind=0 source_version=204516000 persistence_level=1 preferred_charging_state=1 required_network_type=0 runtime=1607665634090 retry_strategy={"maximum_backoff_seconds":{"3600":0},"initial_backoff_seconds":{"30":0},"retry_policy":{"0":0}} last_runtime=0, error message: UNIQUE constraint failed: pending_ops.tag, pending_ops.target_class, pending_ops.target_package, pending_ops.user_id (code 2067 SQLITE_CONSTRAINT_UNIQUE) [CONTEXT service_id=218 ]
12-11 11:17:14.185 29348 29348 W System.err: java.net.MalformedURLException: no protocol: homepage
12-11 11:17:14.186 29348 29348 W System.err: 	at java.net.URL.<init>(URL.java:601)
12-11 11:17:14.186 29348 29348 W System.err: 	at java.net.URL.<init>(URL.java:498)
12-11 11:17:14.186 29348 29348 W System.err: 	at java.net.URL.<init>(URL.java:447)
12-11 11:17:14.186 29348 29348 W System.err: 	at com.flipkart.android.utils.cc.getUrlPath(Unknown Source:2)
12-11 11:17:14.186 29348 29348 W System.err: 	at com.flipkart.android.bottomnavigation.c.a(Unknown Source:139)
12-11 11:17:14.186 29348 29348 W System.err: 	at com.flipkart.android.bottomnavigation.c.update(Unknown Source:135)
12-11 11:17:14.186 29348 29348 W System.err: 	at com.flipkart.android.reactnative.nativeuimodules.reactbottombar.ReactBottomNavigationFragment.emitAlreadyExistingResponse(Unknown Source:15)
12-11 11:17:14.186 29348 29348 W System.err: 	at com.flipkart.android.reactnative.nativeuimodules.reactbottombar.ReactBottomNavigationFragment.onLoadFinished(Unknown Source:84)
12-11 11:17:14.186 29348 29348 W System.err: 	at com.flipkart.android.reactnative.nativeuimodules.reactbottombar.ReactBottomNavigationFragment.onLoadFinished(Unknown Source:2)
12-11 11:17:14.186 29348 29348 W System.err: 	at androidx.loader.app.LoaderManagerImpl$LoaderObserver.onChanged(Unknown Source:46)
12-11 11:17:14.186 29348 29348 W System.err: 	at androidx.lifecycle.LiveData.considerNotify(Unknown Source:29)
12-11 11:17:14.186 29348 29348 W System.err: 	at androidx.lifecycle.LiveData.dispatchingValue(Unknown Source:44)
12-11 11:17:14.186 29348 29348 W System.err: 	at androidx.lifecycle.LiveData.setValue(Unknown Source:14)
12-11 11:17:14.186 29348 29348 W System.err: 	at androidx.lifecycle.s.setValue(Unknown Source:0)
12-11 11:17:14.186 29348 29348 W System.err: 	at androidx.loader.app.LoaderManagerImpl$LoaderInfo.setValue(Unknown Source:0)
12-11 11:17:14.186 29348 29348 W System.err: 	at androidx.loader.app.LoaderManagerImpl$LoaderInfo.onLoadComplete(Unknown Source:36)
12-11 11:17:14.186 29348 29348 W System.err: 	at androidx.loader.content.Loader.deliverResult(Unknown Source:4)
12-11 11:17:14.186 29348 29348 W System.err: 	at androidx.loader.content.CursorLoader.deliverResult(Unknown Source:22)
12-11 11:17:14.186 29348 29348 W System.err: 	at androidx.loader.content.CursorLoader.deliverResult(Unknown Source:2)
12-11 11:17:14.186 29348 29348 W System.err: 	at androidx.loader.content.AsyncTaskLoader.dispatchOnLoadComplete(Unknown Source:30)
12-11 11:17:14.186 29348 29348 W System.err: 	at androidx.loader.content.AsyncTaskLoader$a.a(Unknown Source:2)
12-11 11:17:14.186 29348 29348 W System.err: 	at androidx.loader.content.a.e(Unknown Source:10)
12-11 11:17:14.186 29348 29348 W System.err: 	at androidx.loader.content.a$b.handleMessage(Unknown Source:28)
12-11 11:17:14.186 29348 29348 W System.err: 	at android.os.Handler.dispatchMessage(Handler.java:106)
12-11 11:17:14.186 29348 29348 W System.err: 	at android.os.Looper.loop(Looper.java:223)
12-11 11:17:14.186 29348 29348 W System.err: 	at android.app.ActivityThread.main(ActivityThread.java:7656)
12-11 11:17:14.186 29348 29348 W System.err: 	at java.lang.reflect.Method.invoke(Native Method)
12-11 11:17:14.186 29348 29348 W System.err: 	at com.android.internal.os.RuntimeInit$MethodAndArgsCaller.run(RuntimeInit.java:592)
12-11 11:17:14.186 29348 29348 W System.err: 	at com.android.internal.os.ZygoteInit.main(ZygoteInit.java:947)
12-11 11:17:14.188 29348 29394 I WM-WorkerWrapper: Worker result SUCCESS for Work [ id=3eb6b60d-4786-4403-b352-453099ca1c47, tags={ com.flipkart.android.notification.FkPNTaskWorker } ]
12-11 11:17:14.202 29348 29348 D ReactNative: ReactInstanceManager.createReactContextInBackground()
12-11 11:17:14.202 29348 29348 D ReactNative: ReactInstanceManager.attachRootViewToInstance()
12-11 11:17:14.210 29348 29348 W unknown:ViewManagerPropertyUpdater: Could not find generated setter for class com.facebook.react.views.art.ARTGroupViewManager
12-11 11:17:14.210 29348 29348 W unknown:ViewManagerPropertyUpdater: Could not find generated setter for class com.facebook.react.views.art.ARTGroupShadowNode
12-11 11:17:14.211 29348 29348 W unknown:ViewManagerPropertyUpdater: Could not find generated setter for class com.facebook.react.views.art.ARTShapeViewManager
12-11 11:17:14.211 29348 29348 W unknown:ViewManagerPropertyUpdater: Could not find generated setter for class com.facebook.react.views.art.ARTShapeShadowNode
12-11 11:17:14.212 29348 29348 W unknown:ViewManagerPropertyUpdater: Could not find generated setter for class com.facebook.react.views.art.ARTTextViewManager
12-11 11:17:14.212 29348 29348 W unknown:ViewManagerPropertyUpdater: Could not find generated setter for class com.facebook.react.views.art.ARTTextShadowNode
12-11 11:17:14.212 29348 29348 W unknown:ViewManagerPropertyUpdater: Could not find generated setter for class com.facebook.react.views.checkbox.ReactCheckBoxManager
12-11 11:17:14.213 29348 29348 W unknown:ViewManagerPropertyUpdater: Could not find generated setter for class com.facebook.react.uimanager.LayoutShadowNode
12-11 11:17:14.215 29348 29348 W unknown:ViewManagerPropertyUpdater: Could not find generated setter for class com.facebook.react.views.picker.ReactDialogPickerManager
12-11 11:17:14.216 29348 29348 W unknown:ViewManagerPropertyUpdater: Could not find generated setter for class com.facebook.react.views.drawer.ReactDrawerLayoutManager
12-11 11:17:14.216 29348 29348 W unknown:ViewManagerPropertyUpdater: Could not find generated setter for class com.facebook.react.views.picker.ReactDropdownPickerManager
12-11 11:17:14.217 29348 29348 W unknown:ViewManagerPropertyUpdater: Could not find generated setter for class com.facebook.react.views.scroll.ReactHorizontalScrollViewManager
12-11 11:17:14.218 29348 29348 W unknown:ViewManagerPropertyUpdater: Could not find generated setter for class com.facebook.react.views.scroll.ReactHorizontalScrollContainerViewManager
12-11 11:17:14.218 29348 29348 W unknown:ViewManagerPropertyUpdater: Could not find generated setter for class com.facebook.react.views.progressbar.ReactProgressBarViewManager
12-11 11:17:14.219 29348 29348 W unknown:ViewManagerPropertyUpdater: Could not find generated setter for class com.facebook.react.views.progressbar.ProgressBarShadowNode
12-11 11:17:14.220 29348 29348 W unknown:ViewManagerPropertyUpdater: Could not find generated setter for class com.facebook.react.views.scroll.ReactScrollViewManager
12-11 11:17:14.221 29348 29348 W unknown:ViewManagerPropertyUpdater: Could not find generated setter for class com.facebook.react.views.slider.ReactSliderManager
12-11 11:17:14.222 29348 29348 W unknown:ViewManagerPropertyUpdater: Could not find generated setter for class com.facebook.react.views.slider.ReactSliderManager$ReactSliderShadowNode
12-11 11:17:14.222 29348 29348 W unknown:ViewManagerPropertyUpdater: Could not find generated setter for class com.facebook.react.views.switchview.ReactSwitchManager
12-11 11:17:14.223 29348 29348 W unknown:ViewManagerPropertyUpdater: Could not find generated setter for class com.facebook.react.views.switchview.ReactSwitchManager$ReactSwitchShadowNode
12-11 11:17:14.224 29348 29348 W unknown:ViewManagerPropertyUpdater: Could not find generated setter for class com.facebook.react.views.swiperefresh.SwipeRefreshLayoutManager
12-11 11:17:14.224 29348 29348 W unknown:ViewManagerPropertyUpdater: Could not find generated setter for class com.facebook.react.views.art.ARTSurfaceViewManager
12-11 11:17:14.224 29348 29348 W unknown:ViewManagerPropertyUpdater: Could not find generated setter for class com.facebook.react.views.art.ARTSurfaceViewShadowNode
12-11 11:17:14.225 29348 29348 W unknown:ViewManagerPropertyUpdater: Could not find generated setter for class com.facebook.react.views.text.frescosupport.FrescoBasedReactTextInlineImageViewManager
12-11 11:17:14.225 29348 29348 W unknown:ViewManagerPropertyUpdater: Could not find generated setter for class com.facebook.react.views.text.frescosupport.FrescoBasedReactTextInlineImageShadowNode
12-11 11:17:14.226 29348 29348 W unknown:ViewManagerPropertyUpdater: Could not find generated setter for class com.facebook.react.views.image.ReactImageManager
12-11 11:17:14.227 29348 29348 W unknown:ViewManagerPropertyUpdater: Could not find generated setter for class com.facebook.react.views.modal.ReactModalHostManager
12-11 11:17:14.227 29348 29348 W unknown:ViewManagerPropertyUpdater: Could not find generated setter for class com.facebook.react.views.modal.ModalHostShadowNode
12-11 11:17:14.228 29348 29348 W unknown:ViewManagerPropertyUpdater: Could not find generated setter for class com.facebook.react.views.text.ReactRawTextManager
12-11 11:17:14.228 29348 29348 W unknown:ViewManagerPropertyUpdater: Could not find generated setter for class com.facebook.react.views.text.ReactRawTextShadowNode
12-11 11:17:14.229 29348 29348 W unknown:ViewManagerPropertyUpdater: Could not find generated setter for class com.facebook.react.views.textinput.ReactTextInputManager
12-11 11:17:14.231 29348 29348 W unknown:ViewManagerPropertyUpdater: Could not find generated setter for class com.facebook.react.views.textinput.ReactTextInputShadowNode
12-11 11:17:14.232 29348 29348 W unknown:ViewManagerPropertyUpdater: Could not find generated setter for class com.facebook.react.views.text.ReactTextViewManager
12-11 11:17:14.232 29348 29348 W unknown:ViewManagerPropertyUpdater: Could not find generated setter for class com.facebook.react.views.text.ReactTextShadowNode
12-11 11:17:14.232 29348 29348 W unknown:ViewManagerPropertyUpdater: Could not find generated setter for class com.facebook.react.views.view.ReactViewManager
12-11 11:17:14.234 29348 29348 W unknown:ViewManagerPropertyUpdater: Could not find generated setter for class com.facebook.react.views.viewpager.ReactViewPagerManager
12-11 11:17:14.235 29348 29348 W unknown:ViewManagerPropertyUpdater: Could not find generated setter for class com.facebook.react.views.text.ReactVirtualTextViewManager
12-11 11:17:14.235 29348 29348 W unknown:ViewManagerPropertyUpdater: Could not find generated setter for class com.facebook.react.views.text.ReactVirtualTextShadowNode
12-11 11:17:14.235 29348 29348 W unknown:ViewManagerPropertyUpdater: Could not find generated setter for class com.flipkart.reactuimodules.reusableviews.lineargradient.LinearGradientManager
12-11 11:17:14.236 29348 29348 W unknown:ViewManagerPropertyUpdater: Could not find generated setter for class com.flipkart.reacthelpersdk.modules.nestedscrollview.ReactNestedScrollViewManager
12-11 11:17:14.237 29348 29348 W unknown:ViewManagerPropertyUpdater: Could not find generated setter for class com.flipkart.reacthelpersdk.modules.nestedscrollview.ReactHorizontalNestedScrollViewManager
12-11 11:17:14.237 29348 29348 W unknown:ViewManagerPropertyUpdater: Could not find generated setter for class com.flipkart.reactuimodules.reusableviews.absolutelayoutcontainer.AbsoluteLayoutContainerManager
12-11 11:17:14.238 29348 29348 W unknown:ViewManagerPropertyUpdater: Could not find generated setter for class com.flipkart.android.reactnative.nativeuimodules.AdContainer
12-11 11:17:14.238 29348 29348 W unknown:ViewManagerPropertyUpdater: Could not find generated setter for class com.flipkart.android.reactnative.nativeuimodules.image.SatyabhamaReactImageManager
12-11 11:17:14.239 29348 29348 W unknown:ViewManagerPropertyUpdater: Could not find generated setter for class com.flipkart.android.reactnative.nativeuimodules.youtube.ReactYouTubeManager
12-11 11:17:14.239 29348 29348 W unknown:ViewManagerPropertyUpdater: Could not find generated setter for class com.flipkart.android.reactnative.nativeuimodules.WishlistAnimation
12-11 11:17:14.240 29348 29348 W unknown:ViewManagerPropertyUpdater: Could not find generated setter for class com.flipkart.android.reactnative.nativeuimodules.viewability.TrackerViewManager
12-11 11:17:14.241 29348 29348 W unknown:ViewManagerPropertyUpdater: Could not find generated setter for class com.flipkart.android.reactnative.nativeuimodules.recyclerview.ReactNestedScrollViewabilityViewManager
12-11 11:17:14.241 29348 29348 W unknown:ViewManagerPropertyUpdater: Could not find generated setter for class com.flipkart.android.reactnative.nativeuimodules.viewability.PlaceholderViewManager
12-11 11:17:14.242 29348 29348 W unknown:ViewManagerPropertyUpdater: Could not find generated setter for class com.flipkart.android.reactnative.nativeuimodules.material.AppBarLayoutManager
12-11 11:17:14.243 29348 29348 W unknown:ViewManagerPropertyUpdater: Could not find generated setter for class com.flipkart.android.reactnative.nativeuimodules.material.CoordinatorLayoutManager
12-11 11:17:14.243 29348 29348 W unknown:ViewManagerPropertyUpdater: Could not find generated setter for class com.flipkart.android.reactnative.nativeuimodules.material.BottomViewManager
12-11 11:17:14.243 29348 29348 W unknown:ViewManagerPropertyUpdater: Could not find generated setter for class com.flipkart.android.reactnative.nativeuimodules.material.toolbar.ToolbarManager
12-11 11:17:14.245 29348 29348 W unknown:ViewManagerPropertyUpdater: Could not find generated setter for class com.oblador.shimmer.RNShimmerManager
12-11 11:17:14.245 29348 29348 W unknown:ViewManagerPropertyUpdater: Could not find generated setter for class com.flipkart.android.reactnative.nativeuimodules.image.Fk360ImageViewManager
12-11 11:17:14.246 29348 29348 W unknown:ViewManagerPropertyUpdater: Could not find generated setter for class com.flipkart.android.reactnative.nativeuimodules.ExtendedReactViewManager
12-11 11:17:14.247 29348 29348 W unknown:ViewManagerPropertyUpdater: Could not find generated setter for class com.flipkart.android.reactnative.nativeuimodules.FKVideoViewManager
12-11 11:17:14.249 29348 29348 W unknown:ViewManagerPropertyUpdater: Could not find generated setter for class com.flipkart.android.reactnative.nativeuimodules.FKLiveVideoViewManager
12-11 11:17:14.250 29348 29348 W unknown:ViewManagerPropertyUpdater: Could not find generated setter for class com.flipkart.android.reactnative.nativeuimodules.FKGifViewManager
12-11 11:17:14.251 29348 29348 W unknown:ViewManagerPropertyUpdater: Could not find generated setter for class com.flipkart.android.reactnative.nativeuimodules.viewability.MultiConditionTrackerViewManager
12-11 11:17:14.251 29348 29348 W unknown:ViewManagerPropertyUpdater: Could not find generated setter for class com.flipkart.android.reactnative.nativeuimodules.StoryViewManager
12-11 11:17:14.254 29348 29348 W unknown:ViewManagerPropertyUpdater: Could not find generated setter for class com.flipkart.android.reactnative.nativeuimodules.tryonlooks.TryOnLipstickFaceView
12-11 11:17:14.254 29348 29348 W unknown:ViewManagerPropertyUpdater: Could not find generated setter for class com.flipkart.android.reactnative.nativeuimodules.ViewWrapperManager
12-11 11:17:14.254 29348 29348 W unknown:ViewManagerPropertyUpdater: Could not find generated setter for class com.flipkart.android.reactnative.nativeuimodules.voice.VoiceInputBarViewManager
12-11 11:17:14.255 29348 29348 W unknown:ViewManagerPropertyUpdater: Could not find generated setter for class com.flipkart.android.reactnative.nativeuimodules.camera.CameraViewManager
12-11 11:17:14.256 29348 29348 W unknown:ViewManagerPropertyUpdater: Could not find generated setter for class com.flipkart.android.reactnative.nativeuimodules.voice.MicViewManager
12-11 11:17:14.256 29348 29348 W unknown:ViewManagerPropertyUpdater: Could not find generated setter for class com.reactnativecommunity.webview.RNCWebViewManager
12-11 11:17:14.257 29348 29348 W unknown:ViewManagerPropertyUpdater: Could not find generated setter for class com.reactnativecommunity.viewpager.ReactViewPagerManager
12-11 11:17:14.260 29348 29348 D SoLoader: About to load: libyoga.so
12-11 11:17:14.260 29348 29348 D SoLoader: libyoga.so not found on /data/user/0/com.flipkart.android/lib-main
12-11 11:17:14.260 29348 29348 D SoLoader: libyoga.so found on /data/app/~~AyNcwMNVTgJJmuyoQ36DuQ==/com.flipkart.android-2FPjidu9cl0MIe0Lo372nw==/lib/arm64
12-11 11:17:14.260 29348 29348 D SoLoader: Not resolving dependencies for libyoga.so
12-11 11:17:14.261 29348 29348 D SoLoader: Loaded: libyoga.so
12-11 11:17:14.268 29348 29454 E CursorWindow: Failed to read row 0, column 29 from a CursorWindow which has 14 rows, 29 columns.
12-11 11:17:14.269 29348 29454 E CursorWindow: Failed to read row 1, column 29 from a CursorWindow which has 14 rows, 29 columns.
12-11 11:17:14.269 29348 29454 E CursorWindow: Failed to read row 2, column 29 from a CursorWindow which has 14 rows, 29 columns.
12-11 11:17:14.269 29348 29454 E CursorWindow: Failed to read row 3, column 29 from a CursorWindow which has 14 rows, 29 columns.
12-11 11:17:14.269 29348 29454 E CursorWindow: Failed to read row 4, column 29 from a CursorWindow which has 14 rows, 29 columns.
12-11 11:17:14.271 29348 29454 E CursorWindow: Failed to read row 5, column 29 from a CursorWindow which has 14 rows, 29 columns.
12-11 11:17:14.272 29348 29454 E CursorWindow: Failed to read row 6, column 29 from a CursorWindow which has 14 rows, 29 columns.
12-11 11:17:14.275 29348 29454 E CursorWindow: Failed to read row 7, column 29 from a CursorWindow which has 14 rows, 29 columns.
12-11 11:17:14.276 29348 29454 E CursorWindow: Failed to read row 8, column 29 from a CursorWindow which has 14 rows, 29 columns.
12-11 11:17:14.277 29348 29454 E CursorWindow: Failed to read row 9, column 29 from a CursorWindow which has 14 rows, 29 columns.
12-11 11:17:14.280 29348 29454 E CursorWindow: Failed to read row 10, column 29 from a CursorWindow which has 14 rows, 29 columns.
12-11 11:17:14.280 29348 29454 E CursorWindow: Failed to read row 11, column 29 from a CursorWindow which has 14 rows, 29 columns.
12-11 11:17:14.281 29348 29454 E CursorWindow: Failed to read row 12, column 29 from a CursorWindow which has 14 rows, 29 columns.
12-11 11:17:14.282 29348 29455 E CursorWindow: Failed to read row 0, column 29 from a CursorWindow which has 1 rows, 29 columns.
12-11 11:17:14.282 29348 29454 E CursorWindow: Failed to read row 13, column 29 from a CursorWindow which has 14 rows, 29 columns.
12-11 11:17:14.284 29348 29452 E CursorWindow: Failed to read row 0, column 29 from a CursorWindow which has 17 rows, 29 columns.
12-11 11:17:14.286 29348 29452 E CursorWindow: Failed to read row 1, column 29 from a CursorWindow which has 17 rows, 29 columns.
12-11 11:17:14.287 29348 29452 E CursorWindow: Failed to read row 2, column 29 from a CursorWindow which has 17 rows, 29 columns.
12-11 11:17:14.289 29348 29452 E CursorWindow: Failed to read row 3, column 29 from a CursorWindow which has 17 rows, 29 columns.
12-11 11:17:14.291 29348 29452 E CursorWindow: Failed to read row 4, column 29 from a CursorWindow which has 17 rows, 29 columns.
12-11 11:17:14.294 29348 29452 E CursorWindow: Failed to read row 5, column 29 from a CursorWindow which has 17 rows, 29 columns.
12-11 11:17:14.294 29348 29452 E CursorWindow: Failed to read row 6, column 29 from a CursorWindow which has 17 rows, 29 columns.
12-11 11:17:14.295 29348 29452 E CursorWindow: Failed to read row 7, column 29 from a CursorWindow which has 17 rows, 29 columns.
12-11 11:17:14.298 29348 29452 E CursorWindow: Failed to read row 8, column 29 from a CursorWindow which has 17 rows, 29 columns.
12-11 11:17:14.299 29348 29452 E CursorWindow: Failed to read row 9, column 29 from a CursorWindow which has 17 rows, 29 columns.
12-11 11:17:14.300 29348 29452 E CursorWindow: Failed to read row 10, column 29 from a CursorWindow which has 17 rows, 29 columns.
12-11 11:17:14.302 29348 29452 E CursorWindow: Failed to read row 11, column 29 from a CursorWindow which has 17 rows, 29 columns.
12-11 11:17:14.303 29348 29452 E CursorWindow: Failed to read row 12, column 29 from a CursorWindow which has 17 rows, 29 columns.
12-11 11:17:14.306 29348 29348 W System.err: java.net.MalformedURLException: no protocol: homepage
12-11 11:17:14.306 29348 29348 W System.err: 	at java.net.URL.<init>(URL.java:601)
12-11 11:17:14.306 29348 29348 W System.err: 	at java.net.URL.<init>(URL.java:498)
12-11 11:17:14.306 29348 29348 W System.err: 	at java.net.URL.<init>(URL.java:447)
12-11 11:17:14.306 29348 29348 W System.err: 	at com.flipkart.android.utils.cc.getUrlPath(Unknown Source:2)
12-11 11:17:14.306 29348 29348 W System.err: 	at com.flipkart.android.bottomnavigation.c.a(Unknown Source:139)
12-11 11:17:14.306 29348 29348 W System.err: 	at com.flipkart.android.bottomnavigation.c.update(Unknown Source:135)
12-11 11:17:14.306 29348 29348 W System.err: 	at com.flipkart.android.reactnative.nativeuimodules.reactbottombar.ReactBottomNavigationFragment.emitAlreadyExistingResponse(Unknown Source:15)
12-11 11:17:14.306 29348 29348 W System.err: 	at com.flipkart.android.reactnative.nativeuimodules.reactbottombar.ReactBottomNavigationFragment.onComponentWillMount(Unknown Source:0)
12-11 11:17:14.306 29348 29348 W System.err: 	at com.flipkart.android.reactnative.nativemodules.BottomNavigationModule$2.run(Unknown Source:10)
12-11 11:17:14.306 29348 29348 W System.err: 	at android.os.Handler.handleCallback(Handler.java:938)
12-11 11:17:14.306 29348 29348 W System.err: 	at android.os.Handler.dispatchMessage(Handler.java:99)
12-11 11:17:14.306 29348 29348 W System.err: 	at android.os.Looper.loop(Looper.java:223)
12-11 11:17:14.307 29348 29348 W System.err: 	at android.app.ActivityThread.main(ActivityThread.java:7656)
12-11 11:17:14.307 29348 29348 W System.err: 	at java.lang.reflect.Method.invoke(Native Method)
12-11 11:17:14.307 29348 29348 W System.err: 	at com.android.internal.os.RuntimeInit$MethodAndArgsCaller.run(RuntimeInit.java:592)
12-11 11:17:14.307 29348 29348 W System.err: 	at com.android.internal.os.ZygoteInit.main(ZygoteInit.java:947)
12-11 11:17:14.308 29348 29348 W System.err: java.net.MalformedURLException: no protocol: homepage
12-11 11:17:14.308 29348 29348 W System.err: 	at java.net.URL.<init>(URL.java:601)
12-11 11:17:14.308 29348 29348 W System.err: 	at java.net.URL.<init>(URL.java:498)
12-11 11:17:14.308 29348 29348 W System.err: 	at java.net.URL.<init>(URL.java:447)
12-11 11:17:14.309 29348 29348 W System.err: 	at com.flipkart.android.utils.cc.getUrlPath(Unknown Source:2)
12-11 11:17:14.309 29348 29348 W System.err: 	at com.flipkart.android.bottomnavigation.c.a(Unknown Source:139)
12-11 11:17:14.309 29348 29348 W System.err: 	at com.flipkart.android.bottomnavigation.c.update(Unknown Source:135)
12-11 11:17:14.309 29348 29348 W System.err: 	at com.flipkart.android.reactnative.nativeuimodules.reactbottombar.ReactBottomNavigationFragment.emitAlreadyExistingResponse(Unknown Source:15)
12-11 11:17:14.309 29348 29348 W System.err: 	at com.flipkart.android.reactnative.nativeuimodules.reactbottombar.ReactBottomNavigationFragment.onLoadFinished(Unknown Source:84)
12-11 11:17:14.309 29348 29348 W System.err: 	at com.flipkart.android.reactnative.nativeuimodules.reactbottombar.ReactBottomNavigationFragment.onLoadFinished(Unknown Source:2)
12-11 11:17:14.309 29348 29348 W System.err: 	at androidx.loader.app.LoaderManagerImpl$LoaderObserver.onChanged(Unknown Source:46)
12-11 11:17:14.309 29348 29348 W System.err: 	at androidx.lifecycle.LiveData.considerNotify(Unknown Source:29)
12-11 11:17:14.309 29348 29348 W System.err: 	at androidx.lifecycle.LiveData.dispatchingValue(Unknown Source:44)
12-11 11:17:14.309 29348 29348 W System.err: 	at androidx.lifecycle.LiveData.setValue(Unknown Source:14)
12-11 11:17:14.309 29348 29348 W System.err: 	at androidx.lifecycle.s.setValue(Unknown Source:0)
12-11 11:17:14.309 29348 29348 W System.err: 	at androidx.loader.app.LoaderManagerImpl$LoaderInfo.setValue(Unknown Source:0)
12-11 11:17:14.309 29348 29348 W System.err: 	at androidx.loader.app.LoaderManagerImpl$LoaderInfo.onLoadComplete(Unknown Source:36)
12-11 11:17:14.309 29348 29348 W System.err: 	at androidx.loader.content.Loader.deliverResult(Unknown Source:4)
12-11 11:17:14.309 29348 29348 W System.err: 	at androidx.loader.content.CursorLoader.deliverResult(Unknown Source:22)
12-11 11:17:14.309 29348 29348 W System.err: 	at androidx.loader.content.CursorLoader.deliverResult(Unknown Source:2)
12-11 11:17:14.309 29348 29348 W System.err: 	at androidx.loader.content.AsyncTaskLoader.dispatchOnLoadComplete(Unknown Source:30)
12-11 11:17:14.309 29348 29348 W System.err: 	at androidx.loader.content.AsyncTaskLoader$a.a(Unknown Source:2)
12-11 11:17:14.309 29348 29348 W System.err: 	at androidx.loader.content.a.e(Unknown Source:10)
12-11 11:17:14.309 29348 29348 W System.err: 	at androidx.loader.content.a$b.handleMessage(Unknown Source:28)
12-11 11:17:14.309 29348 29348 W System.err: 	at android.os.Handler.dispatchMessage(Handler.java:106)
12-11 11:17:14.309 29348 29348 W System.err: 	at android.os.Looper.loop(Looper.java:223)
12-11 11:17:14.309 29348 29348 W System.err: 	at android.app.ActivityThread.main(ActivityThread.java:7656)
12-11 11:17:14.309 29348 29348 W System.err: 	at java.lang.reflect.Method.invoke(Native Method)
12-11 11:17:14.309 29348 29348 W System.err: 	at com.android.internal.os.RuntimeInit$MethodAndArgsCaller.run(RuntimeInit.java:592)
12-11 11:17:14.309 29348 29348 W System.err: 	at com.android.internal.os.ZygoteInit.main(ZygoteInit.java:947)
12-11 11:17:14.314 29348 29452 E CursorWindow: Failed to read row 13, column 29 from a CursorWindow which has 17 rows, 29 columns.
12-11 11:17:14.315 29348 29452 E CursorWindow: Failed to read row 14, column 29 from a CursorWindow which has 17 rows, 29 columns.
12-11 11:17:14.315 29348 29452 E CursorWindow: Failed to read row 15, column 29 from a CursorWindow which has 17 rows, 29 columns.
12-11 11:17:14.316 29348 29452 E CursorWindow: Failed to read row 16, column 29 from a CursorWindow which has 17 rows, 29 columns.
12-11 11:17:14.456 29348 29455 E CursorWindow: Failed to read row 0, column 29 from a CursorWindow which has 17 rows, 29 columns.
12-11 11:17:14.456 29348 29456 E CursorWindow: Failed to read row 0, column 29 from a CursorWindow which has 1 rows, 29 columns.
12-11 11:17:14.457 29348 29455 E CursorWindow: Failed to read row 1, column 29 from a CursorWindow which has 17 rows, 29 columns.
12-11 11:17:14.459 29348 29455 E CursorWindow: Failed to read row 2, column 29 from a CursorWindow which has 17 rows, 29 columns.
12-11 11:17:14.460 29348 29455 E CursorWindow: Failed to read row 3, column 29 from a CursorWindow which has 17 rows, 29 columns.
12-11 11:17:14.461 29348 29455 E CursorWindow: Failed to read row 4, column 29 from a CursorWindow which has 17 rows, 29 columns.
12-11 11:17:14.462 29348 29455 E CursorWindow: Failed to read row 5, column 29 from a CursorWindow which has 17 rows, 29 columns.
12-11 11:17:14.463 29348 29455 E CursorWindow: Failed to read row 6, column 29 from a CursorWindow which has 17 rows, 29 columns.
12-11 11:17:14.464 29348 29455 E CursorWindow: Failed to read row 7, column 29 from a CursorWindow which has 17 rows, 29 columns.
12-11 11:17:14.465 29348 29455 E CursorWindow: Failed to read row 8, column 29 from a CursorWindow which has 17 rows, 29 columns.
12-11 11:17:14.465 29348 29455 E CursorWindow: Failed to read row 9, column 29 from a CursorWindow which has 17 rows, 29 columns.
12-11 11:17:14.466 29348 29455 E CursorWindow: Failed to read row 10, column 29 from a CursorWindow which has 17 rows, 29 columns.
12-11 11:17:14.466 29348 29455 E CursorWindow: Failed to read row 11, column 29 from a CursorWindow which has 17 rows, 29 columns.
12-11 11:17:14.467 29348 29455 E CursorWindow: Failed to read row 12, column 29 from a CursorWindow which has 17 rows, 29 columns.
12-11 11:17:14.470 29348 29455 E CursorWindow: Failed to read row 13, column 29 from a CursorWindow which has 17 rows, 29 columns.
12-11 11:17:14.471 29348 29455 E CursorWindow: Failed to read row 14, column 29 from a CursorWindow which has 17 rows, 29 columns.
12-11 11:17:14.471 29348 29455 E CursorWindow: Failed to read row 15, column 29 from a CursorWindow which has 17 rows, 29 columns.
12-11 11:17:14.471 29348 29455 E CursorWindow: Failed to read row 16, column 29 from a CursorWindow which has 17 rows, 29 columns.
12-11 11:17:14.616 29348 29454 E CursorWindow: Failed to read row 0, column 29 from a CursorWindow which has 1 rows, 29 columns.
12-11 11:17:14.618 29348 29453 E CursorWindow: Failed to read row 0, column 29 from a CursorWindow which has 32 rows, 29 columns.
12-11 11:17:14.619 29348 29453 E CursorWindow: Failed to read row 1, column 29 from a CursorWindow which has 32 rows, 29 columns.
12-11 11:17:14.620 29348 29453 E CursorWindow: Failed to read row 2, column 29 from a CursorWindow which has 32 rows, 29 columns.
12-11 11:17:14.620 29348 29453 E CursorWindow: Failed to read row 3, column 29 from a CursorWindow which has 32 rows, 29 columns.
12-11 11:17:14.622 29348 29453 E CursorWindow: Failed to read row 4, column 29 from a CursorWindow which has 32 rows, 29 columns.
12-11 11:17:14.623 29348 29453 E CursorWindow: Failed to read row 5, column 29 from a CursorWindow which has 32 rows, 29 columns.
12-11 11:17:14.623 29348 29453 E CursorWindow: Failed to read row 6, column 29 from a CursorWindow which has 32 rows, 29 columns.
12-11 11:17:14.624 29348 29453 E CursorWindow: Failed to read row 7, column 29 from a CursorWindow which has 32 rows, 29 columns.
12-11 11:17:14.629 29348 29453 E CursorWindow: Failed to read row 8, column 29 from a CursorWindow which has 32 rows, 29 columns.
12-11 11:17:14.630 29348 29453 E CursorWindow: Failed to read row 9, column 29 from a CursorWindow which has 32 rows, 29 columns.
12-11 11:17:14.630 29348 29453 E CursorWindow: Failed to read row 10, column 29 from a CursorWindow which has 32 rows, 29 columns.
12-11 11:17:14.634 29348 29453 E CursorWindow: Failed to read row 11, column 29 from a CursorWindow which has 32 rows, 29 columns.
12-11 11:17:14.635 29348 29453 E CursorWindow: Failed to read row 12, column 29 from a CursorWindow which has 32 rows, 29 columns.
12-11 11:17:14.641 29348 29453 E CursorWindow: Failed to read row 13, column 29 from a CursorWindow which has 32 rows, 29 columns.
12-11 11:17:14.641 29348 29453 E CursorWindow: Failed to read row 14, column 29 from a CursorWindow which has 32 rows, 29 columns.
12-11 11:17:14.641 29348 29453 E CursorWindow: Failed to read row 15, column 29 from a CursorWindow which has 32 rows, 29 columns.
12-11 11:17:14.642 29348 29453 E CursorWindow: Failed to read row 16, column 29 from a CursorWindow which has 32 rows, 29 columns.
12-11 11:17:14.642 29348 29453 E CursorWindow: Failed to read row 17, column 29 from a CursorWindow which has 32 rows, 29 columns.
12-11 11:17:14.643 29348 29453 E CursorWindow: Failed to read row 18, column 29 from a CursorWindow which has 32 rows, 29 columns.
12-11 11:17:14.643 29348 29453 E CursorWindow: Failed to read row 19, column 29 from a CursorWindow which has 32 rows, 29 columns.
12-11 11:17:14.643 29348 29453 E CursorWindow: Failed to read row 20, column 29 from a CursorWindow which has 32 rows, 29 columns.
12-11 11:17:14.643 29348 29453 E CursorWindow: Failed to read row 21, column 29 from a CursorWindow which has 32 rows, 29 columns.
12-11 11:17:14.644 29348 29453 E CursorWindow: Failed to read row 22, column 29 from a CursorWindow which has 32 rows, 29 columns.
12-11 11:17:14.644 29348 29453 E CursorWindow: Failed to read row 23, column 29 from a CursorWindow which has 32 rows, 29 columns.
12-11 11:17:14.645 29348 29453 E CursorWindow: Failed to read row 24, column 29 from a CursorWindow which has 32 rows, 29 columns.
12-11 11:17:14.645 29348 29453 E CursorWindow: Failed to read row 25, column 29 from a CursorWindow which has 32 rows, 29 columns.
12-11 11:17:14.646 29348 29453 E CursorWindow: Failed to read row 26, column 29 from a CursorWindow which has 32 rows, 29 columns.
12-11 11:17:14.647 29348 29453 E CursorWindow: Failed to read row 27, column 29 from a CursorWindow which has 32 rows, 29 columns.
12-11 11:17:14.647 29348 29453 E CursorWindow: Failed to read row 28, column 29 from a CursorWindow which has 32 rows, 29 columns.
12-11 11:17:14.647 29348 29453 E CursorWindow: Failed to read row 29, column 29 from a CursorWindow which has 32 rows, 29 columns.
12-11 11:17:14.648 29348 29453 E CursorWindow: Failed to read row 30, column 29 from a CursorWindow which has 32 rows, 29 columns.
12-11 11:17:14.648 29348 29453 E CursorWindow: Failed to read row 31, column 29 from a CursorWindow which has 32 rows, 29 columns.
12-11 11:17:14.818  1406  1415 I system_server: Background concurrent copying GC freed 483812(21MB) AllocSpace objects, 45(1588KB) LOS objects, 35% free, 43MB/67MB, paused 102us total 216.791ms
12-11 11:17:14.830  1406  1417 W System  : A resource failed to call release. 
12-11 11:17:14.831  1406  1417 I chatty  : uid=1000(system) FinalizerDaemon identical 13 lines
12-11 11:17:14.831  1406  1417 W System  : A resource failed to call release. 
12-11 11:17:15.215   671   671 D android.hardware.power@1.3-service.pixel-libperfmgr: LAUNCH: 0
12-11 11:17:15.250 12570 27705 I PBSessionCacheImpl: Deleted sessionId[55285052306656363] from persistence.
12-11 11:17:15.374 12570 12639 W SearchServiceCore: Abort, client detached.
12-11 11:17:15.552 29348 29360 I lipkart.androi: Background young concurrent copying GC freed 488209(36MB) AllocSpace objects, 247(26MB) LOS objects, 62% free, 14MB/38MB, paused 313us total 136.901ms
12-11 11:17:15.566 29348 29361 W JavaBinder: BinderProxy is being destroyed but the application did not call unlinkToDeath to unlink all of its death recipients beforehand.  Releasing leaked death recipient: com.google.android.play.core.internal.i
12-11 11:17:15.566 29348 29361 I BpBinder: onLastStrongRef automatically unlinking death recipients: <uncached descriptor>
12-11 11:17:15.867  1034  1034 I perfetto: probes_producer.cc:329  Producer stop (id=5715)
12-11 11:17:15.870  1035  1035 I perfetto: ng_service_impl.cc:1948 Tracing session 5715 ended, total sessions:1
12-11 11:17:17.113 29298 29333 I appium  : channel read invoked!
12-11 11:17:17.114 29298 29333 I appium  : channel read: POST /wd/hub/session/217d27ec-6369-4f0f-a776-f06c42d267c6/element
12-11 11:17:17.118 29298 29333 I appium  : Find element command using 'accessibility id' with selector 'Open Drawer'.
12-11 11:17:17.128 29298 29333 I appium  : Waiting up to 10000ms for device to be idle
12-11 11:17:17.204 29298 29333 I appium  : AppiumResponse: {"sessionId":"217d27ec-6369-4f0f-a776-f06c42d267c6","value":{"ELEMENT":"9eb5f846-5e63-46ba-9292-94a230a90f37","element-6066-11e4-a52e-4f735466cecf":"9eb5f846-5e63-46ba-9292-94a230a90f37"}}
12-11 11:17:17.239 29298 29333 I appium  : channel read invoked!
12-11 11:17:17.239 29298 29333 I appium  : channel read: POST /wd/hub/session/217d27ec-6369-4f0f-a776-f06c42d267c6/element/9eb5f846-5e63-46ba-9292-94a230a90f37/click
12-11 11:17:17.240 29298 29333 I appium  : Click element command
12-11 11:17:17.287 29298 29333 I appium  : Waiting up to 10000ms for device to be idle
12-11 11:17:17.288 29298 29333 I appium  : AppiumResponse: {"sessionId":"217d27ec-6369-4f0f-a776-f06c42d267c6","value":null}
12-11 11:17:17.710 29348 29456 E CursorWindow: Failed to read row 0, column 29 from a CursorWindow which has 14 rows, 29 columns.
12-11 11:17:17.710 29348 29456 E CursorWindow: Failed to read row 1, column 29 from a CursorWindow which has 14 rows, 29 columns.
12-11 11:17:17.711 29348 29456 E CursorWindow: Failed to read row 2, column 29 from a CursorWindow which has 14 rows, 29 columns.
12-11 11:17:17.711 29348 29456 E CursorWindow: Failed to read row 3, column 29 from a CursorWindow which has 14 rows, 29 columns.
12-11 11:17:17.711 29348 29456 E CursorWindow: Failed to read row 4, column 29 from a CursorWindow which has 14 rows, 29 columns.
12-11 11:17:17.711 29348 29456 E CursorWindow: Failed to read row 5, column 29 from a CursorWindow which has 14 rows, 29 columns.
12-11 11:17:17.712 29348 29456 E CursorWindow: Failed to read row 6, column 29 from a CursorWindow which has 14 rows, 29 columns.
12-11 11:17:17.712 29348 29456 E CursorWindow: Failed to read row 7, column 29 from a CursorWindow which has 14 rows, 29 columns.
12-11 11:17:17.712 29348 29456 E CursorWindow: Failed to read row 8, column 29 from a CursorWindow which has 14 rows, 29 columns.
12-11 11:17:17.712 29348 29456 E CursorWindow: Failed to read row 9, column 29 from a CursorWindow which has 14 rows, 29 columns.
12-11 11:17:17.713 29348 29456 E CursorWindow: Failed to read row 10, column 29 from a CursorWindow which has 14 rows, 29 columns.
12-11 11:17:17.713 29348 29456 E CursorWindow: Failed to read row 11, column 29 from a CursorWindow which has 14 rows, 29 columns.
12-11 11:17:17.714 29348 29456 E CursorWindow: Failed to read row 12, column 29 from a CursorWindow which has 14 rows, 29 columns.
12-11 11:17:17.714 29348 29456 E CursorWindow: Failed to read row 13, column 29 from a CursorWindow which has 14 rows, 29 columns.
12-11 11:17:17.818   637   637 I servicemanager: Notifying apexservice they have clients: 0
12-11 11:17:17.818   637   637 I BpBinder: onLastStrongRef automatically unlinking death recipients: <uncached descriptor>
12-11 11:17:18.397  1034  1034 I perfetto: probes_producer.cc:329  Producer stop (id=5716)
12-11 11:17:18.398  1034  1034 I perfetto: ftrace_procfs.cc:183    disabled ftrace
12-11 11:17:18.405  1035  1035 I perfetto: ng_service_impl.cc:1948 Tracing session 5716 ended, total sessions:0
12-11 11:17:14.095  1406  1644 D ConnectivityService: NetReassign [no changes]
12-11 11:17:18.420  1066 29344 I iorapd  : Perfetto TraceBuffer saved to file: /data/misc/iorapd/com.flipkart.android/1200017/com.flipkart.android.activity.HomeFragmentHolderActivity/raw_traces/1607665638416269979.perfetto_trace.pb
12-11 11:17:18.748  1406  1406 D CompatibilityChangeReporter: Compat change id reported: 135634846; UID 10233; state: DISABLED
12-11 11:17:18.750  1406  1476 D CompatibilityChangeReporter: Compat change id reported: 143937733; UID 10233; state: DISABLED
12-11 11:17:18.770   868   868 D Zygote  : Forked child process 29523
12-11 11:17:18.777  1406  1476 I ActivityManager: Start proc 29523:com.microsoft.teams/u0a233 for service {com.microsoft.teams/androidx.work.impl.background.systemjob.SystemJobService}
12-11 11:17:18.795 29523 29523 E microsoft.team: Not starting debugger since process cannot load the jdwp agent.
12-11 11:17:18.848 29523 29523 D ApplicationLoaders: Returning zygote-cached class loader: /system/framework/android.test.base.jar
12-11 11:17:18.854 29523 29523 I microsoft.team: The ClassLoaderContext is a special shared library.
12-11 11:17:18.957 29298 29333 I appium  : channel read invoked!
12-11 11:17:18.957 29298 29333 I appium  : channel read: GET /wd/hub/session/217d27ec-6369-4f0f-a776-f06c42d267c6/screenshot
12-11 11:17:18.958 29298 29333 I appium  : Capture screenshot command
12-11 11:17:19.008 29523 29523 D NetworkSecurityConfig: No Network Security Config specified, using platform default
12-11 11:17:19.008 29523 29523 D NetworkSecurityConfig: No Network Security Config specified, using platform default
12-11 11:17:19.046   638   638 I hwservicemanager: getTransport: Cannot find entry android.hardware.graphics.mapper@4.0::IMapper/default in either framework or device manifest.
12-11 11:17:19.046 29543 29543 I Gralloc4: mapper 4.x is not supported
12-11 11:17:19.046   638   638 I hwservicemanager: getTransport: Cannot find entry android.hardware.graphics.mapper@3.0::IMapper/default in either framework or device manifest.
12-11 11:17:19.046 29543 29543 W Gralloc3: mapper 3.x is not supported
12-11 11:17:19.054 29543 29543 W AdrenoUtils: <ReadGpuID_from_sysfs:197>: Failed to open /sys/class/kgsl/kgsl-3d0/gpu_model
12-11 11:17:19.054 29543 29543 W AdrenoUtils: <ReadGpuID:221>: Failed to read chip ID from gpu_model. Fallback to use the GSL path
12-11 11:17:19.069 29523 29523 I MAMInfo : MAMInfo initialized. Debug=false, Agent=PRODUCTION, ManagedDialogDisabled=false, PolicyRequired=false, MultiIdentityEnabled=true, FullBackupContent=true, UseDefaultEnrollment=false, ExceptionOnInit=false, Debuggable=false
12-11 11:17:19.102 29523 29523 D ApplicationLoaders: Returning zygote-cached class loader: /system/framework/android.test.base.jar
12-11 11:17:19.242 29523 29523 W microsoft.teams: type=1400 audit(0.0:60606): avc: granted { execute } for path="/data/user/0/com.microsoft.teams/mam_libs/arm64-v8a/libunwind.so" dev="sda13" ino=5907175 scontext=u:r:untrusted_app_29:s0:c233,c256,c512,c768 tcontext=u:object_r:app_data_file:s0:c233,c256,c512,c768 tclass=file app=com.microsoft.teams
12-11 11:17:19.242 29523 29523 W microsoft.teams: type=1400 audit(0.0:60607): avc: granted { execute } for path="/data/user/0/com.microsoft.teams/mam_libs/arm64-v8a/libcrypto.1.0.0.so" dev="sda13" ino=5907174 scontext=u:r:untrusted_app_29:s0:c233,c256,c512,c768 tcontext=u:object_r:app_data_file:s0:c233,c256,c512,c768 tclass=file app=com.microsoft.teams
12-11 11:17:19.249 29523 29523 W microsoft.teams: type=1400 audit(0.0:60608): avc: granted { execute } for path="/data/user/0/com.microsoft.teams/mam_libs/arm64-v8a/libmsmdmarp.so" dev="sda13" ino=5907157 scontext=u:r:untrusted_app_29:s0:c233,c256,c512,c768 tcontext=u:object_r:app_data_file:s0:c233,c256,c512,c768 tclass=file app=com.microsoft.teams
12-11 11:17:19.292 29523 29523 W microsoft.teams: type=1400 audit(0.0:60609): avc: denied { getattr } for path="/persist" dev="sda4" ino=2 scontext=u:r:untrusted_app_29:s0:c233,c256,c512,c768 tcontext=u:object_r:persist_file:s0 tclass=dir permissive=0 app=com.microsoft.teams
12-11 11:17:19.292 29523 29523 W microsoft.teams: type=1400 audit(0.0:60610): avc: denied { getattr } for path="/linkerconfig" dev="tmpfs" ino=19052 scontext=u:r:untrusted_app_29:s0:c233,c256,c512,c768 tcontext=u:object_r:linkerconfig_file:s0 tclass=dir permissive=0 app=com.microsoft.teams
12-11 11:17:19.324 29523 29523 W SQLiteCompatibilityWalFlags: Cannot read global setting sqlite_compatibility_wal_flags - Application state not available
12-11 11:17:19.381 23620 23637 W FirebaseRemoteConfig: No value of type 'Boolean' exists for parameter key 'mam_ptraceless_hooking'.
12-11 11:17:19.381 23620 23637 W FirebaseRemoteConfig: No value of type 'Boolean' exists for parameter key 'mam_ptraceless_hooking'.
12-11 11:17:19.388 23620 23632 W _client_proces: Reducing the number of considered missed Gc histogram windows from 111 to 100
12-11 11:17:19.392 29523 29523 I MultiDex: VM with version 2.1.0 has multidex support
12-11 11:17:19.392 29523 29523 I MultiDex: Installing application
