--------- beginning of main
12-11 11:17:12.705 29298 29321 I appium  : AndroidServer created on port 6790
12-11 11:17:12.705 29298 29321 I appium  : io.appium.uiautomator2.server started:
12-11 11:17:12.737 29298 29326 I appium  : Started UiAutomator2 io.appium.uiautomator2.http io.appium.uiautomator2.server on port 6790
12-11 11:17:12.744  2201  3395 E FrameEvents: updateAcquireFence: Did not find frame.
12-11 11:17:12.796 29298 29328 W tomator2.serve: Accessing hidden method Lsun/misc/VM;->maxDirectMemory()J (greylist, reflection, allowed)
12-11 11:17:12.805 29298 29328 W tomator2.serve: Accessing hidden field Lsun/nio/ch/SelectorImpl;->selectedKeys:Ljava/util/Set; (greylist, reflection, allowed)
12-11 11:17:12.805 29298 29328 W tomator2.serve: Accessing hidden field Lsun/nio/ch/SelectorImpl;->publicSelectedKeys:Ljava/util/Set; (greylist, reflection, allowed)
12-11 11:17:12.829 29298 29298 W Thread-3: type=1400 audit(0.0:60605): avc: denied { read } for name="somaxconn" dev="proc" ino=17197127 scontext=u:r:untrusted_app_27:s0:c47,c257,c512,c768 tcontext=u:object_r:proc_net:s0 tclass=file permissive=0 app=io.appium.uiautomator2.server
12-11 11:17:12.977 29298 29333 I appium  : channel read invoked!
12-11 11:17:12.977 29298 29333 I appium  : channel read: GET /wd/hub/status
12-11 11:17:12.981 29298 29333 I appium  : AppiumResponse: {"sessionId":"None","value":{"ready":true,"message":"UiAutomator2 Server is ready to accept commands"}}
12-11 11:17:12.989 29298 29333 I appium  : channel read invoked!
12-11 11:17:12.989 29298 29333 I appium  : channel read: POST /wd/hub/session
12-11 11:17:12.993 29298 29333 W tomator2.serve: Accessing hidden field Landroid/app/UiAutomation;->mOnAccessibilityEventListener:Landroid/app/UiAutomation$OnAccessibilityEventListener; (greylist-max-o, reflection, allowed)
12-11 11:17:12.993 29298 29333 I appium  : Created the new session with SessionID: 217d27ec-6369-4f0f-a776-f06c42d267c6
12-11 11:17:12.994 29298 29333 I appium  : AppiumResponse: {"sessionId":"217d27ec-6369-4f0f-a776-f06c42d267c6","value":{"sessionId":"217d27ec-6369-4f0f-a776-f06c42d267c6","capabilities":{"firstMatch":[{"platform":"LINUX","webStorageEnabled":false,"takesScreenshot":true,"javascriptEnabled":true,"databaseEnabled":false,"networkConnectionEnabled":true,"loca...
12-11 11:17:13.010 29298 29333 I appium  : channel read invoked!
12-11 11:17:13.010 29298 29333 I appium  : channel read: GET /wd/hub/session/217d27ec-6369-4f0f-a776-f06c42d267c6/appium/device/info
12-11 11:17:13.011 29298 29333 I appium  : Get Device Info command
12-11 11:17:13.013 29298 29333 I TetheringManager: registerTetheringEventCallback:io.appium.uiautomator2.server
12-11 11:17:13.022 29298 29333 W tomator2.serve: Accessing hidden field Landroid/net/NetworkCapabilities;->mSignalStrength:I (greylist-max-p, reflection, allowed)
12-11 11:17:13.022 29298 29333 W tomator2.serve: Accessing hidden field Landroid/net/NetworkCapabilities;->mNetworkSpecifier:Landroid/net/NetworkSpecifier; (greylist-max-o, reflection, allowed)
12-11 11:17:13.022 29298 29333 W tomator2.serve: Accessing hidden field Landroid/net/NetworkCapabilities;->mSSID:Ljava/lang/String; (greylist-max-o, reflection, allowed)
12-11 11:17:13.030  2201  2201 I AiAiSuggestUi: Clearing suggestions.
12-11 11:17:13.030  2201  2201 I AiAiSuggestUi: Clearing suggestions.
12-11 11:17:13.030 29298 29333 I appium  : AppiumResponse: {"sessionId":"217d27ec-6369-4f0f-a776-f06c42d267c6","value":{"androidId":"6a840bcba1727937","manufacturer":"Google","model":"Pixel 2 XL","brand":"google","apiVersion":"30","platformVersion":"11","carrierName":"Vi India","realDisplaySize":"1440x2880","displayDensity":560,"networks":[{"type":1,"typ...
--------- beginning of system
12-11 11:17:13.035  1406  1469 I ActivityManager: Killing 28417:com.flipkart.android/u0a340 (adj 905): remove task
12-11 11:17:13.040   868   868 I Zygote  : Process 28417 exited due to signal 9 (Killed)
12-11 11:17:13.075  1406  1741 W ActivityManager: Permission Denial: getIntentForIntentSender() from pid=29334, uid=2000 requires android.permission.GET_INTENT_SENDER_INTENT
12-11 11:17:13.080  1406  1477 I libprocessgroup: Successfully killed process cgroup uid 10340 pid 28417 in 43ms
12-11 11:17:13.129  1406  1741 I ActivityManager: Force stopping com.flipkart.android appid=10340 user=0: from pid 29339
12-11 11:17:13.130  1406  1741 W ActivityTaskManager: Force removing ActivityRecord{a84a31d u0 com.flipkart.android/.activity.HomeFragmentHolderActivity t3764 f}}: app died, no saved state
12-11 11:17:13.143  2117  2117 D CarrierSvcBindHelper: No carrier app for: 0
12-11 11:17:13.144  1406  3329 W ActivityManager: Permission Denial: Accessing service com.google.android.music/.dial.DialMediaRouteProviderService from pid=21762, uid=10190 that is not exported from uid 10167
12-11 11:17:13.148 18590 29342 I EuiccGoogle: [55089] EuiccServiceImpl.onGetEuiccProfileInfoList: onGetEuiccProfileInfoList: slotId = -1
12-11 11:17:13.149  3305  3305 D RegisteredNfcFServicesCache: Service unchanged, not updating
12-11 11:17:13.155  1916  1916 D QcrilMsgTunnelIfaceManager: handleMessage what = 1
12-11 11:17:13.156  1916  1916 I QcrilOemhookMsgTunnel: [0]invokeOemRilRequestRaw: serial=2429 length=16
12-11 11:17:13.158  1916  1945 I QcrilOemhookMsgTunnel: [0]processOemHookResponse serial no: 2429 error: 0length=88
12-11 11:17:13.158  1916  1916 D QcrilMsgTunnelIfaceManager: handleMessage what = 2
12-11 11:17:13.158 18590 29342 I EuiccGoogle: [55089] UiccLogicalChannel.open: Locked on aid: A0000005591010FFFFFFFF8900000100
12-11 11:17:13.187  2117  2117 E PhoneInterfaceManager: [PhoneIntfMgr] iccOpenLogicalChannel: Exception: com.android.internal.telephony.CommandException: NO_SUCH_ELEMENT
12-11 11:17:13.187 18590 29342 E EuiccGoogle: [55089] UiccLogicalChannel.open: selectResponse is null. Unlocked for aid: A0000005591010FFFFFFFF8900000100
12-11 11:17:13.187 18590 29342 W EuiccGoogle: [55089] EuiccServiceImpl.onGetEuiccProfileInfoList: slotId=-1. No eUICC is active. Return null.
12-11 11:17:13.301  2201  2201 D RecentsOrientedState: current RecentsOrientedState: [this=RecentsOrientedState@f7c16b5 mOrientationHandler=PortraitPagedViewHandler@e1b32de mDisplayRotation=0 mTouchRotation=0 mRecentsActivityRotation=0 isRecentsActivityRotationAllowed=false mSystemRotation=false mFlags=291]
12-11 11:17:13.389  1406  1741 I ActivityTaskManager: START u0 {flg=0x10000000 cmp=com.flipkart.android/.activity.HomeFragmentHolderActivity} from uid 2000
12-11 11:17:13.301  2201  2201 I chatty  : uid=10175(com.google.android.apps.nexuslauncher) identical 2 lines
12-11 11:17:13.301  2201  2201 D RecentsOrientedState: current RecentsOrientedState: [this=RecentsOrientedState@f7c16b5 mOrientationHandler=PortraitPagedViewHandler@e1b32de mDisplayRotation=0 mTouchRotation=0 mRecentsActivityRotation=0 isRecentsActivityRotationAllowed=false mSystemRotation=false mFlags=291]
12-11 11:17:13.389  1406  1469 D EventSequenceValidator: IntentStarted during UNKNOWN. Intent { flg=0x10000000 cmp=com.flipkart.android/.activity.HomeFragmentHolderActivity }
12-11 11:17:13.389  1406  1469 D EventSequenceValidator: java.lang.Throwable: EventSequenceValidator#getStackTrace
12-11 11:17:13.389  1406  1469 D EventSequenceValidator: 	at com.google.android.startop.iorap.EventSequenceValidator.logWarningWithStackTrace(EventSequenceValidator.java:260)
12-11 11:17:13.389  1406  1469 D EventSequenceValidator: 	at com.google.android.startop.iorap.EventSequenceValidator.onIntentStarted(EventSequenceValidator.java:106)
12-11 11:17:13.389  1406  1469 D EventSequenceValidator: 	at com.android.server.wm.LaunchObserverRegistryImpl.handleOnIntentStarted(LaunchObserverRegistryImpl.java:139)
12-11 11:17:13.389  1406  1469 D EventSequenceValidator: 	at com.android.server.wm.LaunchObserverRegistryImpl.lambda$veRn_GhgLZLlOHOJ0ZYT6KcfYqo(Unknown Source:0)
12-11 11:17:13.389  1406  1469 D EventSequenceValidator: 	at com.android.server.wm.-$$Lambda$LaunchObserverRegistryImpl$veRn_GhgLZLlOHOJ0ZYT6KcfYqo.accept(Unknown Source:10)
12-11 11:17:13.389  1406  1469 D EventSequenceValidator: 	at com.android.internal.util.function.pooled.PooledLambdaImpl.doInvoke(PooledLambdaImpl.java:292)
12-11 11:17:13.389  1406  1469 D EventSequenceValidator: 	at com.android.internal.util.function.pooled.PooledLambdaImpl.invoke(PooledLambdaImpl.java:201)
12-11 11:17:13.389  1406  1469 D EventSequenceValidator: 	at com.android.internal.util.function.pooled.OmniFunction.run(OmniFunction.java:97)
12-11 11:17:13.389  1406  1469 D EventSequenceValidator: 	at android.os.Handler.handleCallback(Handler.java:938)
12-11 11:17:13.389  1406  1469 D EventSequenceValidator: 	at android.os.Handler.dispatchMessage(Handler.java:99)
12-11 11:17:13.389  1406  1469 D EventSequenceValidator: 	at android.os.Looper.loop(Looper.java:223)
12-11 11:17:13.389  1406  1469 D EventSequenceValidator: 	at android.os.HandlerThread.run(HandlerThread.java:67)
12-11 11:17:13.389  1406  1469 D EventSequenceValidator: 	at com.android.server.ServiceThread.run(ServiceThread.java:44)
12-11 11:17:13.389  1406  1469 D EventSequenceValidator: inc AccIntentStartedEvents to 2
12-11 11:17:13.393  1035  1035 I perfetto: ing_service_impl.cc:758 Configured tracing session 5716, #sources:1, duration:5000 ms, #buffers:1, total buffer size:4096 KB, total sessions:2, uid:1071 session name: ""
12-11 11:17:13.393  1034  1034 I perfetto: probes_producer.cc:230  Ftrace setup (target_buf=5716)
12-11 11:17:13.395   671   671 D android.hardware.power@1.3-service.pixel-libperfmgr: LAUNCH: 1
12-11 11:17:13.400  1406  1469 D CompatibilityChangeReporter: Compat change id reported: 135634846; UID 10340; state: DISABLED
12-11 11:17:13.400  1406  1476 D CompatibilityChangeReporter: Compat change id reported: 143937733; UID 10340; state: DISABLED
12-11 11:17:13.401  1406  1469 D EventSequenceValidator: onActivityLaunched during UNKNOWN.
12-11 11:17:13.401  1406  1469 D EventSequenceValidator: java.lang.Throwable: EventSequenceValidator#getStackTrace
12-11 11:17:13.401  1406  1469 D EventSequenceValidator: 	at com.google.android.startop.iorap.EventSequenceValidator.logWarningWithStackTrace(EventSequenceValidator.java:260)
12-11 11:17:13.401  1406  1469 D EventSequenceValidator: 	at com.google.android.startop.iorap.EventSequenceValidator.onActivityLaunched(EventSequenceValidator.java:149)
12-11 11:17:13.401  1406  1469 D EventSequenceValidator: 	at com.android.server.wm.LaunchObserverRegistryImpl.handleOnActivityLaunched(LaunchObserverRegistryImpl.java:157)
12-11 11:17:13.401  1406  1469 D EventSequenceValidator: 	at com.android.server.wm.LaunchObserverRegistryImpl.lambda$UGY1OclnLIQLMEL9B55qjERFf4o(Unknown Source:0)
12-11 11:17:13.401  1406  1469 D EventSequenceValidator: 	at com.android.server.wm.-$$Lambda$LaunchObserverRegistryImpl$UGY1OclnLIQLMEL9B55qjERFf4o.accept(Unknown Source:10)
12-11 11:17:13.401  1406  1469 D EventSequenceValidator: 	at com.android.internal.util.function.pooled.PooledLambdaImpl.doInvoke(PooledLambdaImpl.java:292)
12-11 11:17:13.401  1406  1469 D EventSequenceValidator: 	at com.android.internal.util.function.pooled.PooledLambdaImpl.invoke(PooledLambdaImpl.java:201)
12-11 11:17:13.401  1406  1469 D EventSequenceValidator: 	at com.android.internal.util.function.pooled.OmniFunction.run(OmniFunction.java:97)
12-11 11:17:13.401  1406  1469 D EventSequenceValidator: 	at android.os.Handler.handleCallback(Handler.java:938)
12-11 11:17:13.401  1406  1469 D EventSequenceValidator: 	at android.os.Handler.dispatchMessage(Handler.java:99)
12-11 11:17:13.401  1406  1469 D EventSequenceValidator: 	at android.os.Looper.loop(Looper.java:223)
12-11 11:17:13.401  1406  1469 D EventSequenceValidator: 	at android.os.HandlerThread.run(HandlerThread.java:67)
12-11 11:17:13.401  1406  1469 D EventSequenceValidator: 	at com.android.server.ServiceThread.run(ServiceThread.java:44)
12-11 11:17:13.409   868   868 D Zygote  : Forked child process 29348
12-11 11:17:13.410  1406  1476 I ActivityManager: Start proc 29348:com.flipkart.android/u0a340 for pre-top-activity {com.flipkart.android/com.flipkart.android.activity.HomeFragmentHolderActivity}
12-11 11:17:13.418 29348 29348 E lipkart.androi: Not starting debugger since process cannot load the jdwp agent.
12-11 11:17:13.441 29348 29348 D ApplicationLoaders: Returning zygote-cached class loader: /system/framework/android.test.base.jar
12-11 11:17:13.443 29348 29348 I lipkart.androi: The ClassLoaderContext is a special shared library.
12-11 11:17:13.455 29348 29348 I LoadedApk: No resource references to update in package com.flipkart.android.chat
12-11 11:17:13.455 29348 29348 I LoadedApk: No resource references to update in package com.flipkart.android.condition_assessor
12-11 11:17:13.455 29348 29348 D NetworkSecurityConfig: Using Network Security Config from resource network_security_config debugBuild: false
12-11 11:17:13.456 29348 29348 D NetworkSecurityConfig: Using Network Security Config from resource network_security_config debugBuild: false
12-11 11:17:13.462 29348 29348 I MultiDex: VM with version 2.1.0 has multidex support
12-11 11:17:13.462 29348 29348 I MultiDex: Installing application
12-11 11:17:13.462 29348 29348 I MultiDex: VM has multidex support, MultiDex support library is disabled.
12-11 11:17:13.472 29348 29348 I FirebaseApp: Device unlocked: initializing all Firebase APIs for app [DEFAULT]
12-11 11:17:13.489 29348 29348 W FirebaseCrashlytics: A new version of the Google Analytics for Firebase SDK is now available. For improved performance and compatibility with Crashlytics, please update to the latest version.
12-11 11:17:13.490 29348 29377 W cd      : Application name is not set. Call Builder#setApplicationName.
12-11 11:17:13.495 29348 29348 I FirebaseCrashlytics: Initializing Crashlytics 17.2.2
12-11 11:17:13.504 29348 29348 W cd      : Application name is not set. Call Builder#setApplicationName.
12-11 11:17:13.508 29348 29348 I FirebaseInitProvider: FirebaseApp initialization successful
12-11 11:17:13.513 29348 29348 I TetheringManager: registerTetheringEventCallback:com.flipkart.android
12-11 11:17:13.544 29348 29400 E ADBMobile: ADBMobile Error : Wearable - Failed to load class com.adobe.mobile.ConfigSynchronizer
12-11 11:17:13.556 29348 29399 I Tune#a():107: Initializing Tune Version 4.16.0
12-11 11:17:13.561  1406  3940 D CompatibilityChangeReporter: Compat change id reported: 136274596; UID 10340; state: DISABLED
12-11 11:17:13.586 29348 29375 I FA      : App measurement is starting up, version: 16250
12-11 11:17:13.586 29348 29375 I FA      : To enable debug logging run: adb shell setprop log.tag.FA VERBOSE
12-11 11:17:13.586 29348 29375 I FA      : To enable faster debug mode event logging run:
12-11 11:17:13.586 29348 29375 I FA      :   adb shell setprop debug.firebase.analytics.app com.flipkart.android
12-11 11:17:13.597 29348 29348 W FirebaseRemoteConfig: No value of type 'String' exists for parameter key 'sessions_feature_enabled'.
12-11 11:17:13.597 29348 29348 D FirebasePerformance: Creating a new Non Verbose Session: fd216511a70045f8ac5b22d48c2acfd8
12-11 11:17:13.598 29348 29348 W FirebaseRemoteConfig: No value of type 'String' exists for parameter key 'sessions_feature_enabled'.
12-11 11:17:13.598 29348 29348 D FirebasePerformance: Creating a new Non Verbose Session: 27c57498e0b842ee86e6b10e23a9bc0e
12-11 11:17:13.606 29348 29348 I PlayCore: UID: [10340]  PID: [29348] AppUpdateService : requestUpdateInfo(com.flipkart.android)
12-11 11:17:13.608 29348 29427 I PlayCore: UID: [10340]  PID: [29348] AppUpdateService : Initiate binding to the service.
12-11 11:17:13.620 29348 29383 I FirebaseRemoteConfig: Fetch succeeded!
12-11 11:17:13.654 29348 29375 I FA      : Tag Manager is not found and thus will not be used
12-11 11:17:13.669 29348 29348 I FirebasePerformance: Session ID - 27c57498e0b842ee86e6b10e23a9bc0e
12-11 11:17:13.678 29348 29443 W FirebaseRemoteConfig: No value of type 'String' exists for parameter key 'trace_flimit_time'.
12-11 11:17:13.678 29348 29443 W FirebaseRemoteConfig: No value of type 'String' exists for parameter key 'trace_flimit_events'.
12-11 11:17:13.678 29348 29443 W FirebaseRemoteConfig: No value of type 'String' exists for parameter key 'trace_blimit_time'.
12-11 11:17:13.678 29348 29443 W FirebaseRemoteConfig: No value of type 'String' exists for parameter key 'trace_blimit_events'.
12-11 11:17:13.678 29348 29443 W FirebaseRemoteConfig: No value of type 'String' exists for parameter key 'network_flimit_time'.
12-11 11:17:13.678 29348 29443 W FirebaseRemoteConfig: No value of type 'String' exists for parameter key 'network_flimit_events'.
12-11 11:17:13.678 29348 29443 W FirebaseRemoteConfig: No value of type 'String' exists for parameter key 'network_blimit_time'.
12-11 11:17:13.678 29348 29443 W FirebaseRemoteConfig: No value of type 'String' exists for parameter key 'network_blimit_events'.
12-11 11:17:13.696  1406  3273 D ConnectivityService: requestNetwork for uid/pid:10340/29348 NetworkRequest [ TRACK_DEFAULT id=23471, [ Capabilities: INTERNET&NOT_RESTRICTED&TRUSTED Uid: 10340 AdministratorUids: [] RequestorUid: 10340 RequestorPackageName: com.flipkart.android] ]
12-11 11:17:13.696  1406  1644 D ConnectivityService: NetReassign [23471 : null → 457]
12-11 11:17:13.696  1406  1720 D Ethernet: got request NetworkRequest [ TRACK_DEFAULT id=23471, [ Capabilities: INTERNET&NOT_RESTRICTED&TRUSTED Uid: 10340 AdministratorUids: [] RequestorUid: 10340 RequestorPackageName: com.flipkart.android] ] with score 60 and providerId 5
12-11 11:17:13.696  1406  1719 D WIFI_AWARE_FACTORY: got request NetworkRequest [ TRACK_DEFAULT id=23471, [ Capabilities: INTERNET&NOT_RESTRICTED&TRUSTED Uid: 10340 AdministratorUids: [] RequestorUid: 10340 RequestorPackageName: com.flipkart.android] ] with score 60 and providerId 5
12-11 11:17:13.696  1406  1619 D UntrustedWifiNetworkFactory: got request NetworkRequest [ TRACK_DEFAULT id=23471, [ Capabilities: INTERNET&NOT_RESTRICTED&TRUSTED Uid: 10340 AdministratorUids: [] RequestorUid: 10340 RequestorPackageName: com.flipkart.android] ] with score 60 and providerId 5
12-11 11:17:13.696  1406  1619 D WifiNetworkFactory: got request NetworkRequest [ TRACK_DEFAULT id=23471, [ Capabilities: INTERNET&NOT_RESTRICTED&TRUSTED Uid: 10340 AdministratorUids: [] RequestorUid: 10340 RequestorPackageName: com.flipkart.android] ] with score 60 and providerId 5
12-11 11:17:13.697  2117  2117 D PhoneSwitcherNetworkRequstListener: got request NetworkRequest [ TRACK_DEFAULT id=23471, [ Capabilities: INTERNET&NOT_RESTRICTED&TRUSTED Uid: 10340 AdministratorUids: [] RequestorUid: 10340 RequestorPackageName: com.flipkart.android] ] with score 60 and providerId 5
12-11 11:17:13.702  1791  1791 V KeyguardUpdateMonitor: onSubscriptionInfoChanged()
12-11 11:17:13.702  2117  2117 D Telephony: isEmergencyPreferredAccount: subId=1, activeData=1
12-11 11:17:13.702  2117  2117 D Telephony: isEmergencyPreferredAccount: Device does not require preference.
12-11 11:17:13.703  1791  1791 V KeyguardUpdateMonitor: SubInfo:{id=1 iccId=899186000[****] simSlotIndex=0 carrierId=1963 displayName=Vodafone IN carrierName=Vodafone IN nameSource=0 iconTint=-16746133 number=[****] dataRoaming=0 iconBitmap=android.graphics.Bitmap@431d435 mcc=404 mnc=86 countryIso=in isEmbedded=false nativeAccessRules=null cardString=899186000[****] cardId=-1 isOpportunistic=false groupUUID=null isGroupDisabled=false profileClass=-1 ehplmns=[] hplmns=[40486] subscriptionType=0 groupOwner=null carrierConfigAccessRules=null areUiccApplicationsEnabled=true}
12-11 11:17:13.713  1406  1644 D ConnectivityService: NetReassign [no changes]
12-11 11:17:13.734 29348 29348 D FirebasePerformance: onResume(): com.flipkart.android.activity.HomeFragmentHolderActivity: 268648 microseconds
12-11 11:17:13.736 29348 29348 W FirebaseRemoteConfig: No value of type 'String' exists for parameter key 'sessions_max_length_minutes'.
12-11 11:17:13.736 29348 29366 D CompatibilityChangeReporter: Compat change id reported: 150939131; UID 10340; state: DISABLED
12-11 11:17:13.737 29348 29443 W FirebaseRemoteConfig: No value of type 'String' exists for parameter key 'sessions_feature_enabled'.
12-11 11:17:13.741 29348 29348 I PlayCore: UID: [10340]  PID: [29348] SplitInstallListenerRegistry : registerListener
12-11 11:17:13.743 29348 29457 E TUNETuneParameters#getGoogleAdTrackingLimited():31: Error parsing googleAdTrackingLimited value null
12-11 11:17:13.743 29348 29457 E TUNETuneParameters#getGoogleAdTrackingLimited():31: java.lang.NumberFormatException: s == null
12-11 11:17:13.743 29348 29457 E TUNETuneParameters#getGoogleAdTrackingLimited():31: 	at java.lang.Integer.parseInt(Integer.java:577)
12-11 11:17:13.743 29348 29457 E TUNETuneParameters#getGoogleAdTrackingLimited():31: 	at java.lang.Integer.parseInt(Integer.java:650)
12-11 11:17:13.743 29348 29457 E TUNETuneParameters#getGoogleAdTrackingLimited():31: 	at com.tune.TuneParameters.getGoogleAdTrackingLimited(Unknown Source:6)
12-11 11:17:13.743 29348 29457 E TUNETuneParameters#getGoogleAdTrackingLimited():31: 	at com.tune.c.a(Unknown Source:924)
12-11 11:17:13.743 29348 29457 E TUNETuneParameters#getGoogleAdTrackingLimited():31: 	at com.tune.Tune$4.run(Unknown Source:164)
12-11 11:17:13.743 29348 29457 E TUNETuneParameters#getGoogleAdTrackingLimited():31: 	at java.util.concurrent.ThreadPoolExecutor.runWorker(ThreadPoolExecutor.java:1167)
12-11 11:17:13.743 29348 29457 E TUNETuneParameters#getGoogleAdTrackingLimited():31: 	at java.util.concurrent.ThreadPoolExecutor$Worker.run(ThreadPoolExecutor.java:641)
12-11 11:17:13.743 29348 29457 E TUNETuneParameters#getGoogleAdTrackingLimited():31: 	at java.lang.Thread.run(Thread.java:923)
12-11 11:17:13.744 29348 29457 E TUNETuneParameters#getFireAdTrackingLimited():31: Error parsing fireAdTrackingLimited value null
12-11 11:17:13.744 29348 29457 E TUNETuneParameters#getFireAdTrackingLimited():31: java.lang.NumberFormatException: s == null
12-11 11:17:13.744 29348 29457 E TUNETuneParameters#getFireAdTrackingLimited():31: 	at java.lang.Integer.parseInt(Integer.java:577)
12-11 11:17:13.744 29348 29457 E TUNETuneParameters#getFireAdTrackingLimited():31: 	at java.lang.Integer.parseInt(Integer.java:650)
12-11 11:17:13.744 29348 29457 E TUNETuneParameters#getFireAdTrackingLimited():31: 	at com.tune.TuneParameters.getFireAdTrackingLimited(Unknown Source:6)
12-11 11:17:13.744 29348 29457 E TUNETuneParameters#getFireAdTrackingLimited():31: 	at com.tune.c.a(Unknown Source:940)
12-11 11:17:13.744 29348 29457 E TUNETuneParameters#getFireAdTrackingLimited():31: 	at com.tune.Tune$4.run(Unknown Source:164)
12-11 11:17:13.744 29348 29457 E TUNETuneParameters#getFireAdTrackingLimited():31: 	at java.util.concurrent.ThreadPoolExecutor.runWorker(ThreadPoolExecutor.java:1167)
12-11 11:17:13.744 29348 29457 E TUNETuneParameters#getFireAdTrackingLimited():31: 	at java.util.concurrent.ThreadPoolExecutor$Worker.run(ThreadPoolExecutor.java:641)
12-11 11:17:13.744 29348 29457 E TUNETuneParameters#getFireAdTrackingLimited():31: 	at java.lang.Thread.run(Thread.java:923)
12-11 11:17:13.755 29348 29454 E CursorWindow: Failed to read row 0, column 29 from a CursorWindow which has 1 rows, 29 columns.
12-11 11:17:13.768 29348 29348 I PlayCore: UID: [10340]  PID: [29348] AppUpdateService : ServiceConnectionImpl.onServiceConnected(ComponentInfo{com.android.vending/com.google.android.finsky.installservice.DevTriggeredUpdateService})
12-11 11:17:13.768 29348 29427 I PlayCore: UID: [10340]  PID: [29348] AppUpdateService : linkToDeath
12-11 11:17:13.778 15503 29464 I Finsky  : [5256] sap.a(5): Using cached document to get update info
12-11 11:17:13.778 15503 29464 W Finsky  : [5256] sdg.e(2): No cached information about app com.flipkart.android, while trying to retrieve app details.
12-11 11:17:13.778 15503 29464 E Finsky  : [5256] sap.a(7): In-app-update: Missing AppDetails!
12-11 11:17:13.785 15503 29464 W Finsky  : [5256] sau.a(3): No cached information about app com.flipkart.android, while trying to retrieve the available version code.
12-11 11:17:13.787 29348 29366 I PlayCore: UID: [10340]  PID: [29348] OnRequestInstallCallback : onRequestInfo
12-11 11:17:13.788 29348 29427 I PlayCore: UID: [10340]  PID: [29348] AppUpdateService : Unbind from service.
12-11 11:17:13.798 29348 29453 E CursorWindow: Failed to read row 0, column 29 from a CursorWindow which has 32 rows, 29 columns.
12-11 11:17:13.801 29348 29453 E CursorWindow: Failed to read row 1, column 29 from a CursorWindow which has 32 rows, 29 columns.
12-11 11:17:13.803 29348 29453 E CursorWindow: Failed to read row 2, column 29 from a CursorWindow which has 32 rows, 29 columns.
12-11 11:17:13.804 29348 29456 E CursorWindow: Failed to read row 0, column 29 from a CursorWindow which has 14 rows, 29 columns.
12-11 11:17:13.805 29348 29456 E CursorWindow: Failed to read row 1, column 29 from a CursorWindow which has 14 rows, 29 columns.
12-11 11:17:13.805 29348 29456 E CursorWindow: Failed to read row 2, column 29 from a CursorWindow which has 14 rows, 29 columns.
12-11 11:17:13.806 29348 29456 E CursorWindow: Failed to read row 3, column 29 from a CursorWindow which has 14 rows, 29 columns.
12-11 11:17:13.806 29348 29456 E CursorWindow: Failed to read row 4, column 29 from a CursorWindow which has 14 rows, 29 columns.
12-11 11:17:13.806 29348 29453 E CursorWindow: Failed to read row 3, column 29 from a CursorWindow which has 32 rows, 29 columns.
12-11 11:17:13.807 29348 29456 E CursorWindow: Failed to read row 5, column 29 from a CursorWindow which has 14 rows, 29 columns.
12-11 11:17:13.807 29348 29456 E CursorWindow: Failed to read row 6, column 29 from a CursorWindow which has 14 rows, 29 columns.
12-11 11:17:13.808 29348 29456 E CursorWindow: Failed to read row 7, column 29 from a CursorWindow which has 14 rows, 29 columns.
12-11 11:17:13.808 29348 29453 E CursorWindow: Failed to read row 4, column 29 from a CursorWindow which has 32 rows, 29 columns.
12-11 11:17:13.808 29348 29419 I AdrenoGLES-0: QUALCOMM build                   : 02fe52e, Ie73904e3bd
12-11 11:17:13.808 29348 29419 I AdrenoGLES-0: Build Date                       : 06/27/20
12-11 11:17:13.808 29348 29419 I AdrenoGLES-0: OpenGL ES Shader Compiler Version: EV031.31.04.00
12-11 11:17:13.808 29348 29419 I AdrenoGLES-0: Local Branch                     : gfx-adreno.lnx.2.0
12-11 11:17:13.808 29348 29419 I AdrenoGLES-0: Remote Branch                    : quic/gfx-adreno.lnx.2.0
12-11 11:17:13.808 29348 29419 I AdrenoGLES-0: Remote Branch                    : NONE
12-11 11:17:13.808 29348 29419 I AdrenoGLES-0: Reconstruct Branch               : NOTHING
12-11 11:17:13.808 29348 29419 I AdrenoGLES-0: Build Config                     : S L 10.0.5 AArch64
12-11 11:17:13.808 29348 29419 I AdrenoGLES-0: Driver Path                      : /vendor/lib64/egl/libGLESv2_adreno.so
12-11 11:17:13.809 29348 29456 E CursorWindow: Failed to read row 8, column 29 from a CursorWindow which has 14 rows, 29 columns.
12-11 11:17:13.809 29348 29456 E CursorWindow: Failed to read row 9, column 29 from a CursorWindow which has 14 rows, 29 columns.
12-11 11:17:13.811 29348 29348 E RecyclerView: No adapter attached; skipping layout
12-11 11:17:13.813 29348 29348 E RecyclerView: No adapter attached; skipping layout
12-11 11:17:13.813 29348 29419 I AdrenoGLES-0: PFP: 0x005ff112, ME: 0x005ff066
12-11 11:17:13.815 29348 29419 W AdrenoUtils: <ReadGpuID_from_sysfs:197>: Failed to open /sys/class/kgsl/kgsl-3d0/gpu_model
12-11 11:17:13.815 29348 29419 W AdrenoUtils: <ReadGpuID:221>: Failed to read chip ID from gpu_model. Fallback to use the GSL path
12-11 11:17:13.816 29348 29453 E CursorWindow: Failed to read row 5, column 29 from a CursorWindow which has 32 rows, 29 columns.
12-11 11:17:13.816 29348 29456 E CursorWindow: Failed to read row 10, column 29 from a CursorWindow which has 14 rows, 29 columns.
12-11 11:17:13.816 29348 29456 E CursorWindow: Failed to read row 11, column 29 from a CursorWindow which has 14 rows, 29 columns.
12-11 11:17:13.817 29348 29456 E CursorWindow: Failed to read row 12, column 29 from a CursorWindow which has 14 rows, 29 columns.
12-11 11:17:13.818 29348 29456 E CursorWindow: Failed to read row 13, column 29 from a CursorWindow which has 14 rows, 29 columns.
12-11 11:17:13.818 29348 29453 E CursorWindow: Failed to read row 6, column 29 from a CursorWindow which has 32 rows, 29 columns.
12-11 11:17:13.819 29348 29453 E CursorWindow: Failed to read row 7, column 29 from a CursorWindow which has 32 rows, 29 columns.
12-11 11:17:13.822 29348 29453 E CursorWindow: Failed to read row 8, column 29 from a CursorWindow which has 32 rows, 29 columns.
12-11 11:17:13.823 29348 29453 E CursorWindow: Failed to read row 9, column 29 from a CursorWindow which has 32 rows, 29 columns.
12-11 11:17:13.824 29348 29453 E CursorWindow: Failed to read row 10, column 29 from a CursorWindow which has 32 rows, 29 columns.
12-11 11:17:13.827 29348 29453 E CursorWindow: Failed to read row 11, column 29 from a CursorWindow which has 32 rows, 29 columns.
12-11 11:17:13.828 29348 29453 E CursorWindow: Failed to read row 12, column 29 from a CursorWindow which has 32 rows, 29 columns.
12-11 11:17:13.838   638   638 I hwservicemanager: getTransport: Cannot find entry android.hardware.graphics.mapper@4.0::IMapper/default in either framework or device manifest.
12-11 11:17:13.838 29348 29419 I Gralloc4: mapper 4.x is not supported
12-11 11:17:13.838   638   638 I hwservicemanager: getTransport: Cannot find entry android.hardware.graphics.mapper@3.0::IMapper/default in either framework or device manifest.
12-11 11:17:13.839 29348 29419 W Gralloc3: mapper 3.x is not supported
12-11 11:17:13.850 29348 29453 E CursorWindow: Failed to read row 13, column 29 from a CursorWindow which has 32 rows, 29 columns.
12-11 11:17:13.851 29348 29453 E CursorWindow: Failed to read row 14, column 29 from a CursorWindow which has 32 rows, 29 columns.
12-11 11:17:13.851 29348 29453 E CursorWindow: Failed to read row 15, column 29 from a CursorWindow which has 32 rows, 29 columns.
12-11 11:17:13.853 29348 29453 E CursorWindow: Failed to read row 16, column 29 from a CursorWindow which has 32 rows, 29 columns.
12-11 11:17:13.854 29348 29453 E CursorWindow: Failed to read row 17, column 29 from a CursorWindow which has 32 rows, 29 columns.
12-11 11:17:13.855 29348 29453 E CursorWindow: Failed to read row 18, column 29 from a CursorWindow which has 32 rows, 29 columns.
12-11 11:17:13.856 29348 29453 E CursorWindow: Failed to read row 19, column 29 from a CursorWindow which has 32 rows, 29 columns.
12-11 11:17:13.857 29348 29453 E CursorWindow: Failed to read row 20, column 29 from a CursorWindow which has 32 rows, 29 columns.
12-11 11:17:13.857 29348 29453 E CursorWindow: Failed to read row 21, column 29 from a CursorWindow which has 32 rows, 29 columns.
12-11 11:17:13.858 29339 29341 I cmd     : oneway function results will be dropped but finished with status OK and parcel size 4
12-11 11:17:13.858 29348 29453 E CursorWindow: Failed to read row 22, column 29 from a CursorWindow which has 32 rows, 29 columns.
12-11 11:17:13.859 29348 29453 E CursorWindow: Failed to read row 23, column 29 from a CursorWindow which has 32 rows, 29 columns.
12-11 11:17:13.860  1406  1474 D ArtManagerInternalImpl: /data/misc/iorapd/com.flipkart.android/1200017/com.flipkart.android.activity.HomeFragmentHolderActivity/compiled_traces/compiled_trace.pb doesn't exist
12-11 11:17:13.861  1406  1474 I ActivityTaskManager: Displayed com.flipkart.android/.activity.HomeFragmentHolderActivity: +467ms
12-11 11:17:13.862 29348 29453 E CursorWindow: Failed to read row 24, column 29 from a CursorWindow which has 32 rows, 29 columns.
12-11 11:17:13.868 29348 29453 E CursorWindow: Failed to read row 25, column 29 from a CursorWindow which has 32 rows, 29 columns.
12-11 11:17:13.869 29348 29453 E CursorWindow: Failed to read row 26, column 29 from a CursorWindow which has 32 rows, 29 columns.
12-11 11:17:13.870  1406  1469 D EventSequenceValidator: onActivityLaunchFinished during UNKNOWN.
12-11 11:17:13.870  1406  1469 D EventSequenceValidator: java.lang.Throwable: EventSequenceValidator#getStackTrace
12-11 11:17:13.870  1406  1469 D EventSequenceValidator: 	at com.google.android.startop.iorap.EventSequenceValidator.logWarningWithStackTrace(EventSequenceValidator.java:260)
12-11 11:17:13.870  1406  1469 D EventSequenceValidator: 	at com.google.android.startop.iorap.EventSequenceValidator.onActivityLaunchFinished(EventSequenceValidator.java:185)
12-11 11:17:13.870  1406  1469 D EventSequenceValidator: 	at com.android.server.wm.LaunchObserverRegistryImpl.handleOnActivityLaunchFinished(LaunchObserverRegistryImpl.java:175)
12-11 11:17:13.870  1406  1469 D EventSequenceValidator: 	at com.android.server.wm.LaunchObserverRegistryImpl.lambda$QcawcFcJtEX4EhYptq_Vb4j368Y(Unknown Source:0)
12-11 11:17:13.870  1406  1469 D EventSequenceValidator: 	at com.android.server.wm.-$$Lambda$LaunchObserverRegistryImpl$QcawcFcJtEX4EhYptq_Vb4j368Y.accept(Unknown Source:10)
12-11 11:17:13.870  1406  1469 D EventSequenceValidator: 	at com.android.internal.util.function.pooled.PooledLambdaImpl.doInvoke(PooledLambdaImpl.java:292)
12-11 11:17:13.870  1406  1469 D EventSequenceValidator: 	at com.android.internal.util.function.pooled.PooledLambdaImpl.invoke(PooledLambdaImpl.java:201)
12-11 11:17:13.870  1406  1469 D EventSequenceValidator: 	at com.android.internal.util.function.pooled.OmniFunction.run(OmniFunction.java:97)
12-11 11:17:13.870  1406  1469 D EventSequenceValidator: 	at android.os.Handler.handleCallback(Handler.java:938)
12-11 11:17:13.870  1406  1469 D EventSequenceValidator: 	at android.os.Handler.dispatchMessage(Handler.java:99)
12-11 11:17:13.870  1406  1469 D EventSequenceValidator: 	at android.os.Looper.loop(Looper.java:223)
12-11 11:17:13.870  1406  1469 D EventSequenceValidator: 	at android.os.HandlerThread.run(HandlerThread.java:67)
12-11 11:17:13.870  1406  1469 D EventSequenceValidator: 	at com.android.server.ServiceThread.run(ServiceThread.java:44)
12-11 11:17:13.870  1406  1469 D EventSequenceValidator: dec AccIntentStartedEvents to 1
12-11 11:17:13.870 29348 29453 E CursorWindow: Failed to read row 27, column 29 from a CursorWindow which has 32 rows, 29 columns.
12-11 11:17:13.871 29348 29453 E CursorWindow: Failed to read row 28, column 29 from a CursorWindow which has 32 rows, 29 columns.
12-11 11:17:13.873 29298 29333 I appium  : channel read invoked!
12-11 11:17:13.873 29298 29333 I appium  : channel read: GET /wd/hub/session/217d27ec-6369-4f0f-a776-f06c42d267c6/appium/device/pixel_ratio
12-11 11:17:13.874 29298 29333 I appium  : Get device pixel ratio
12-11 11:17:13.875 29298 29333 I appium  : AppiumResponse: {"sessionId":"217d27ec-6369-4f0f-a776-f06c42d267c6","value":3.5}
12-11 11:17:13.876 29348 29394 I WM-WorkerWrapper: Worker result SUCCESS for Work [ id=96b0264a-4e4c-47ac-bf99-c34c67a1253c, tags={ com.flipkart.android.notification.FkPNTaskWorker } ]
12-11 11:17:13.878 29348 29453 E CursorWindow: Failed to read row 29, column 29 from a CursorWindow which has 32 rows, 29 columns.
12-11 11:17:13.880 29348 29453 E CursorWindow: Failed to read row 30, column 29 from a CursorWindow which has 32 rows, 29 columns.
12-11 11:17:13.881 29348 29453 E CursorWindow: Failed to read row 31, column 29 from a CursorWindow which has 32 rows, 29 columns.
12-11 11:17:13.895 29298 29333 I appium  : channel read invoked!
12-11 11:17:13.895 29298 29333 I appium  : channel read: GET /wd/hub/session/217d27ec-6369-4f0f-a776-f06c42d267c6/appium/device/system_bars
12-11 11:17:13.896 29298 29333 I appium  : Get status bar height of the device
12-11 11:17:13.898 29298 29333 I appium  : AppiumResponse: {"sessionId":"217d27ec-6369-4f0f-a776-f06c42d267c6","value":{"statusBar":98}}
12-11 11:17:13.905 29298 29333 I appium  : channel read invoked!
12-11 11:17:13.905 29298 29333 I appium  : channel read: GET /wd/hub/session/217d27ec-6369-4f0f-a776-f06c42d267c6/window/current/size
12-11 11:17:13.905 29298 29333 I appium  : Get window size of the device
12-11 11:17:13.906 29298 29333 I appium  : AppiumResponse: {"sessionId":"217d27ec-6369-4f0f-a776-f06c42d267c6","value":{"height":2712,"width":1440}}
12-11 11:17:13.910 29348 29348 D SoLoader: init start
12-11 11:17:13.910 29348 29348 D SoLoader: adding system library source: /vendor/lib
12-11 11:17:13.910 29348 29348 D SoLoader: adding system library source: /system/lib
12-11 11:17:13.911 29348 29348 D SoLoader: adding application source: com.facebook.soloader.c[root = /data/app/~~AyNcwMNVTgJJmuyoQ36DuQ==/com.flipkart.android-2FPjidu9cl0MIe0Lo372nw==/lib/arm64 flags = 0]
12-11 11:17:13.911 29348 29348 D SoLoader: adding backup source from : com.facebook.soloader.a[root = /data/user/0/com.flipkart.android/lib-main flags = 1]
12-11 11:17:13.911 29348 29348 D SoLoader: Preparing SO source: com.facebook.soloader.c[root = /system/lib flags = 2]
12-11 11:17:13.911 29348 29348 D SoLoader: Preparing SO source: com.facebook.soloader.c[root = /vendor/lib flags = 2]
12-11 11:17:13.911 29348 29348 D SoLoader: Preparing SO source: com.facebook.soloader.c[root = /data/app/~~AyNcwMNVTgJJmuyoQ36DuQ==/com.flipkart.android-2FPjidu9cl0MIe0Lo372nw==/lib/arm64 flags = 0]
12-11 11:17:13.911 29348 29348 D SoLoader: Preparing SO source: com.facebook.soloader.a[root = /data/user/0/com.flipkart.android/lib-main flags = 1]
12-11 11:17:13.911 29348 29348 V fb-UnpackingSoSource: locked dso store /data/user/0/com.flipkart.android/lib-main
12-11 11:17:13.912 29348 29348 I fb-UnpackingSoSource: dso store is up-to-date: /data/user/0/com.flipkart.android/lib-main
12-11 11:17:13.912 29348 29348 V fb-UnpackingSoSource: releasing dso store lock for /data/user/0/com.flipkart.android/lib-main
12-11 11:17:13.912 29348 29348 D SoLoader: init finish: 4 SO sources prepared
12-11 11:17:13.912 29348 29348 D SoLoader: init exiting
12-11 11:17:13.914 29348 29430 D BinaryFileManagerRunner: Attempting operation for module: multiWidget
12-11 11:17:13.915 29348 29430 D BinaryFileManagerRunner: Starting operation for module: multiWidget
12-11 11:17:13.916 29348 29430 D BinaryFileManager: Returning current bundle
12-11 11:17:13.924 29348 29348 W System.err: java.net.MalformedURLException: no protocol: homepage
12-11 11:17:13.924 29348 29348 W System.err: 	at java.net.URL.<init>(URL.java:601)
12-11 11:17:13.924 29348 29348 W System.err: 	at java.net.URL.<init>(URL.java:498)
12-11 11:17:13.924 29348 29348 W System.err: 	at java.net.URL.<init>(URL.java:447)
12-11 11:17:13.924 29348 29348 W System.err: 	at com.flipkart.android.utils.cc.getUrlPath(Unknown Source:2)
12-11 11:17:13.924 29348 29348 W System.err: 	at com.flipkart.android.bottomnavigation.c.a(Unknown Source:139)
12-11 11:17:13.924 29348 29348 W System.err: 	at com.flipkart.android.bottomnavigation.c.update(Unknown Source:135)
12-11 11:17:13.924 29348 29348 W System.err: 	at com.flipkart.android.reactnative.nativeuimodules.reactbottombar.ReactBottomNavigationFragment.emitAlreadyExistingResponse(Unknown Source:15)
12-11 11:17:13.924 29348 29348 W System.err: 	at com.flipkart.android.reactnative.nativeuimodules.reactbottombar.ReactBottomNavigationFragment.onViewCreated(Unknown Source:8)
12-11 11:17:13.924 29348 29348 W System.err: 	at androidx.fragment.app.h.a(Unknown Source:632)
12-11 11:17:13.924 29348 29348 W System.err: 	at androidx.fragment.app.h.f(Unknown Source:38)
12-11 11:17:13.924 29348 29348 W System.err: 	at androidx.fragment.app.a.h(Unknown Source:150)
12-11 11:17:13.924 29348 29348 W System.err: 	at androidx.fragment.app.h.b(Unknown Source:38)
12-11 11:17:13.924 29348 29348 W System.err: 	at androidx.fragment.app.h.a(Unknown Source:113)
12-11 11:17:13.924 29348 29348 W System.err: 	at androidx.fragment.app.h.b(Unknown Source:88)
12-11 11:17:13.924 29348 29348 W System.err: 	at androidx.fragment.app.h.k(Unknown Source:21)
12-11 11:17:13.924 29348 29348 W System.err: 	at androidx.fragment.app.h.f(Unknown Source:9)
12-11 11:17:13.924 29348 29348 W System.err: 	at androidx.fragment.app.h.s(Unknown Source:6)
12-11 11:17:13.924 29348 29348 W System.err: 	at androidx.fragment.app.Fragment.performActivityCreated(Unknown Source:24)
12-11 11:17:13.924 29348 29348 W System.err: 	at androidx.fragment.app.h.a(Unknown Source:663)
12-11 11:17:13.924 29348 29348 W System.err: 	at androidx.fragment.app.h.f(Unknown Source:38)
12-11 11:17:13.924 29348 29348 W System.err: 	at androidx.fragment.app.a.h(Unknown Source:150)
12-11 11:17:13.924 29348 29348 W System.err: 	at androidx.fragment.app.h.b(Unknown Source:38)
12-11 11:17:13.924 29348 29348 W System.err: 	at androidx.fragment.app.h.a(Unknown Source:113)
12-11 11:17:13.924 29348 29348 W System.err: 	at androidx.fragment.app.h.b(Unknown Source:88)
12-11 11:17:13.924 29348 29348 W System.err: 	at androidx.fragment.app.h.k(Unknown Source:21)
12-11 11:17:13.924 29348 29348 W System.err: 	at androidx.fragment.app.h$1.run(Unknown Source:2)
12-11 11:17:13.924 29348 29348 W System.err: 	at android.os.Handler.handleCallback(Handler.java:938)
12-11 11:17:13.924 29348 29348 W System.err: 	at android.os.Handler.dispatchMessage(Handler.java:99)
12-11 11:17:13.924 29348 29348 W System.err: 	at android.os.Looper.loop(Looper.java:223)
12-11 11:17:13.925 29348 29348 W System.err: 	at android.app.ActivityThread.main(ActivityThread.java:7656)
12-11 11:17:13.925 29348 29348 W System.err: 	at java.lang.reflect.Method.invoke(Native Method)
12-11 11:17:13.925 29348 29348 W System.err: 	at com.android.internal.os.RuntimeInit$MethodAndArgsCaller.run(RuntimeInit.java:592)
12-11 11:17:13.925 29348 29348 W System.err: 	at com.android.internal.os.ZygoteInit.main(ZygoteInit.java:947)
12-11 11:17:13.926 29348 29348 D SoLoader: About to load: libreactnativejni.so
12-11 11:17:13.927 29348 29348 D SoLoader: libreactnativejni.so not found on /data/user/0/com.flipkart.android/lib-main
12-11 11:17:13.927 29348 29348 D SoLoader: libreactnativejni.so found on /data/app/~~AyNcwMNVTgJJmuyoQ36DuQ==/com.flipkart.android-2FPjidu9cl0MIe0Lo372nw==/lib/arm64
12-11 11:17:13.927 29348 29348 D SoLoader: Not resolving dependencies for libreactnativejni.so
12-11 11:17:13.947 29348 29348 D SoLoader: Loaded: libreactnativejni.so
12-11 11:17:13.947 29348 29348 D SoLoader: About to load: libfb.so
12-11 11:17:13.947 29348 29348 D SoLoader: libfb.so not found on /data/user/0/com.flipkart.android/lib-main
12-11 11:17:13.947 29348 29348 D SoLoader: libfb.so found on /data/app/~~AyNcwMNVTgJJmuyoQ36DuQ==/com.flipkart.android-2FPjidu9cl0MIe0Lo372nw==/lib/arm64
12-11 11:17:13.947 29348 29348 D SoLoader: Not resolving dependencies for libfb.so
12-11 11:17:13.952 29348 29348 D SoLoader: About to load: libfb.so
12-11 11:17:13.953 29348 29348 D SoLoader: libfb.so not found on /data/user/0/com.flipkart.android/lib-main
12-11 11:17:13.953 29348 29348 D SoLoader: libfb.so found on /data/app/~~AyNcwMNVTgJJmuyoQ36DuQ==/com.flipkart.android-2FPjidu9cl0MIe0Lo372nw==/lib/arm64
12-11 11:17:13.953 29348 29348 D SoLoader: Not resolving dependencies for libfb.so
12-11 11:17:13.953 29348 29348 I lipkart.androi: Thread[1,tid=29348,Native,Thread*=0x789b4d1380,peer=0x726593a8,"main"] recursive attempt to load library "/data/app/~~AyNcwMNVTgJJmuyoQ36DuQ==/com.flipkart.android-2FPjidu9cl0MIe0Lo372nw==/lib/arm64/libfb.so"
12-11 11:17:13.953 29348 29348 D SoLoader: Loaded: libfb.so
12-11 11:17:13.953 29348 29348 D SoLoader: Loaded: libfb.so
12-11 11:17:13.955 29348 29348 W System.err: java.net.MalformedURLException: no protocol: homepage
12-11 11:17:13.956 29348 29348 W System.err: 	at java.net.URL.<init>(URL.java:601)
12-11 11:17:13.956 29348 29348 W System.err: 	at java.net.URL.<init>(URL.java:498)
12-11 11:17:13.956 29348 29348 W System.err: 	at java.net.URL.<init>(URL.java:447)
12-11 11:17:13.956 29348 29348 W System.err: 	at com.flipkart.android.utils.cc.getUrlPath(Unknown Source:2)
12-11 11:17:13.956 29348 29348 W System.err: 	at com.flipkart.android.bottomnavigation.c.a(Unknown Source:139)
12-11 11:17:13.956 29348 29348 W System.err: 	at com.flipkart.android.bottomnavigation.c.update(Unknown Source:135)
12-11 11:17:13.956 29348 29348 W System.err: 	at com.flipkart.android.reactnative.nativeuimodules.reactbottombar.ReactBottomNavigationFragment.onResume(Unknown Source:13)
12-11 11:17:13.956 29348 29348 W System.err: 	at androidx.fragment.app.Fragment.performResume(Unknown Source:18)
12-11 11:17:13.956 29348 29348 W System.err: 	at androidx.fragment.app.h.a(Unknown Source:740)
12-11 11:17:13.956 29348 29348 W System.err: 	at androidx.fragment.app.h.f(Unknown Source:38)
12-11 11:17:13.956 29348 29348 W System.err: 	at androidx.fragment.app.h.a(Unknown Source:46)
12-11 11:17:13.956 29348 29348 W System.err: 	at androidx.fragment.app.h.f(Unknown Source:4)
12-11 11:17:13.956 29348 29348 W System.err: 	at androidx.fragment.app.h.u(Unknown Source:6)
12-11 11:17:13.956 29348 29348 W System.err: 	at androidx.fragment.app.Fragment.performResume(Unknown Source:29)
12-11 11:17:13.956 29348 29348 W System.err: 	at androidx.fragment.app.h.a(Unknown Source:740)
12-11 11:17:13.956 29348 29348 W System.err: 	at androidx.fragment.app.h.f(Unknown Source:38)
12-11 11:17:13.956 29348 29348 W System.err: 	at androidx.fragment.app.a.h(Unknown Source:150)
12-11 11:17:13.956 29348 29348 W System.err: 	at androidx.fragment.app.h.b(Unknown Source:38)
12-11 11:17:13.956 29348 29348 W System.err: 	at androidx.fragment.app.h.a(Unknown Source:113)
12-11 11:17:13.956 29348 29348 W System.err: 	at androidx.fragment.app.h.b(Unknown Source:88)
12-11 11:17:13.956 29348 29348 W System.err: 	at androidx.fragment.app.h.k(Unknown Source:21)
12-11 11:17:13.956 29348 29348 W System.err: 	at androidx.fragment.app.h$1.run(Unknown Source:2)
12-11 11:17:13.956 29348 29348 W System.err: 	at android.os.Handler.handleCallback(Handler.java:938)
12-11 11:17:13.956 29348 29348 W System.err: 	at android.os.Handler.dispatchMessage(Handler.java:99)
12-11 11:17:13.956 29348 29348 W System.err: 	at android.os.Looper.loop(Looper.java:223)
12-11 11:17:13.956 29348 29348 W System.err: 	at android.app.ActivityThread.main(ActivityThread.java:7656)
12-11 11:17:13.956 29348 29348 W System.err: 	at java.lang.reflect.Method.invoke(Native Method)
12-11 11:17:13.956 29348 29348 W System.err: 	at com.android.internal.os.RuntimeInit$MethodAndArgsCaller.run(RuntimeInit.java:592)
12-11 11:17:13.957 29348 29348 W System.err: 	at com.android.internal.os.ZygoteInit.main(ZygoteInit.java:947)
12-11 11:17:13.958 29348 29431 D BinaryFileManager: Returning bundle: /data/user/0/com.flipkart.android/files/binaryfilemanager/multiWidget/e2d78d64513d21f5f2a1df9f48fc6be3-17.ota
12-11 11:17:13.968  1406  1644 D ConnectivityService: releasing NetworkRequest [ TRACK_DEFAULT id=23471, [ Capabilities: INTERNET&NOT_RESTRICTED&TRUSTED Uid: 10340 AdministratorUids: [] RequestorUid: 10340 RequestorPackageName: com.flipkart.android] ] (release request)
12-11 11:17:13.976 29348 29348 D ReactNative: ReactInstanceManager.ctor()
12-11 11:17:13.976 29348 29348 D SoLoader: init exiting
12-11 11:17:13.977 29348 29348 D ReactNative: ReactInstanceManager.createReactContextInBackground()
12-11 11:17:13.977 29348 29348 D ReactNative: ReactInstanceManager.recreateReactContextInBackgroundInner()
12-11 11:17:13.977 29348 29348 D ReactNative: ReactInstanceManager.recreateReactContextInBackgroundFromBundleLoader()
12-11 11:17:13.977 29348 29348 D ReactNative: ReactInstanceManager.recreateReactContextInBackground()
12-11 11:17:13.977 29348 29348 D ReactNative: ReactInstanceManager.runCreateReactContextOnNewThread()
12-11 11:17:13.980  1791  1791 V KeyguardUpdateMonitor: onSubscriptionInfoChanged()
12-11 11:17:13.981  2117  2117 D Telephony: isEmergencyPreferredAccount: subId=1, activeData=1
12-11 11:17:13.981  2117  2117 D Telephony: isEmergencyPreferredAccount: Device does not require preference.
12-11 11:17:13.982 29348 29488 D BinaryFileManagerRunner: Attempting operation for module: multiWidget
12-11 11:17:13.984 19878 19878 I GoogleInputMethodService: GoogleInputMethodService.onFinishInput():3308 
12-11 11:17:13.984 19878 19878 I GoogleInputMethodService: GoogleInputMethodService.onStartInput():1887 
12-11 11:17:13.985  1791  1791 V KeyguardUpdateMonitor: SubInfo:{id=1 iccId=899186000[****] simSlotIndex=0 carrierId=1963 displayName=Vodafone IN carrierName=Vodafone IN nameSource=0 iconTint=-16746133 number=[****] dataRoaming=0 iconBitmap=android.graphics.Bitmap@dddb0ca mcc=404 mnc=86 countryIso=in isEmbedded=false nativeAccessRules=null cardString=899186000[****] cardId=-1 isOpportunistic=false groupUUID=null isGroupDisabled=false profileClass=-1 ehplmns=[] hplmns=[40486] subscriptionType=0 groupOwner=null carrierConfigAccessRules=null areUiccApplicationsEnabled=true}
12-11 11:17:13.987 29348 29488 D BinaryFileManagerRunner: Starting operation for module: multiWidget
12-11 11:17:13.991 29348 29488 D BinaryFileManager: No Update Available
12-11 11:17:13.992 29348 29496 D SoLoader: About to load: libhermes.so
12-11 11:17:13.992 29348 29496 D SoLoader: libhermes.so not found on /data/user/0/com.flipkart.android/lib-main
12-11 11:17:13.992 29348 29496 D SoLoader: libhermes.so found on /data/app/~~AyNcwMNVTgJJmuyoQ36DuQ==/com.flipkart.android-2FPjidu9cl0MIe0Lo372nw==/lib/arm64
12-11 11:17:13.992 29348 29496 D SoLoader: Not resolving dependencies for libhermes.so
12-11 11:17:14.001  1406  1644 D ConnectivityService: NetReassign [no changes]
12-11 11:17:14.005 29348 29496 D SoLoader: Loaded: libhermes.so
12-11 11:17:14.005 29348 29496 D SoLoader: About to load: libhermes-executor-release.so
12-11 11:17:14.005 29348 29496 D SoLoader: libhermes-executor-release.so not found on /data/user/0/com.flipkart.android/lib-main
12-11 11:17:14.005 29348 29496 D SoLoader: libhermes-executor-release.so found on /data/app/~~AyNcwMNVTgJJmuyoQ36DuQ==/com.flipkart.android-2FPjidu9cl0MIe0Lo372nw==/lib/arm64
