12-11 11:23:08.648 30746 30889 D BinaryFileManager: Returning bundle: /data/user/0/com.flipkart.android/files/binaryfilemanager/multiWidget/e2d78d64513d21f5f2a1df9f48fc6be3-17.ota
12-11 11:23:08.665 24345 17798 W NetworkScheduler: Error inserting flex_time=1933000 job_id=-1 period=3867000 source=16 requires_charging=0 preferred_network_type=1 target_class=com.google.android.gms.measurement.PackageMeasurementTaskService user_id=0 target_package=com.google.android.gms tag=Measurement.PackageMeasurementTaskService.UPLOAD_TASK_TAG task_type=0 required_idleness_state=0 service_kind=0 source_version=204516000 persistence_level=1 preferred_charging_state=1 required_network_type=0 runtime=1607665988660 retry_strategy={"maximum_backoff_seconds":{"3600":0},"initial_backoff_seconds":{"30":0},"retry_policy":{"0":0}} last_runtime=0, error message: UNIQUE constraint failed: pending_ops.tag, pending_ops.target_class, pending_ops.target_package, pending_ops.user_id (code 2067 SQLITE_CONSTRAINT_UNIQUE) [CONTEXT service_id=218 ]
12-11 11:23:08.678 24345 18433 W NetworkScheduler: Error inserting flex_time=1933000 job_id=-1 period=3867000 source=16 requires_charging=0 preferred_network_type=1 target_class=com.google.android.gms.measurement.PackageMeasurementTaskService user_id=0 target_package=com.google.android.gms tag=Measurement.PackageMeasurementTaskService.UPLOAD_TASK_TAG task_type=0 required_idleness_state=0 service_kind=0 source_version=204516000 persistence_level=1 preferred_charging_state=1 required_network_type=0 runtime=1607665988676 retry_strategy={"maximum_backoff_seconds":{"3600":0},"initial_backoff_seconds":{"30":0},"retry_policy":{"0":0}} last_runtime=0, error message: UNIQUE constraint failed: pending_ops.tag, pending_ops.target_class, pending_ops.target_package, pending_ops.user_id (code 2067 SQLITE_CONSTRAINT_UNIQUE) [CONTEXT service_id=218 ]
12-11 11:23:08.766 30746 30746 W System.err: java.net.MalformedURLException: no protocol: homepage
12-11 11:23:08.766 30746 30746 W System.err: 	at java.net.URL.<init>(URL.java:601)
12-11 11:23:08.766 30746 30746 W System.err: 	at java.net.URL.<init>(URL.java:498)
12-11 11:23:08.766 30746 30746 W System.err: 	at java.net.URL.<init>(URL.java:447)
12-11 11:23:08.766 30746 30746 W System.err: 	at com.flipkart.android.utils.cc.getUrlPath(Unknown Source:2)
12-11 11:23:08.766 30746 30746 W System.err: 	at com.flipkart.android.bottomnavigation.c.a(Unknown Source:139)
12-11 11:23:08.766 30746 30746 W System.err: 	at com.flipkart.android.bottomnavigation.c.update(Unknown Source:135)
12-11 11:23:08.766 30746 30746 W System.err: 	at com.flipkart.android.reactnative.nativeuimodules.reactbottombar.ReactBottomNavigationFragment.emitAlreadyExistingResponse(Unknown Source:15)
12-11 11:23:08.766 30746 30746 W System.err: 	at com.flipkart.android.reactnative.nativeuimodules.reactbottombar.ReactBottomNavigationFragment.onLoadFinished(Unknown Source:84)
12-11 11:23:08.766 30746 30746 W System.err: 	at com.flipkart.android.reactnative.nativeuimodules.reactbottombar.ReactBottomNavigationFragment.onLoadFinished(Unknown Source:2)
12-11 11:23:08.766 30746 30746 W System.err: 	at androidx.loader.app.LoaderManagerImpl$LoaderObserver.onChanged(Unknown Source:46)
12-11 11:23:08.766 30746 30746 W System.err: 	at androidx.lifecycle.LiveData.considerNotify(Unknown Source:29)
12-11 11:23:08.766 30746 30746 W System.err: 	at androidx.lifecycle.LiveData.dispatchingValue(Unknown Source:44)
12-11 11:23:08.766 30746 30746 W System.err: 	at androidx.lifecycle.LiveData.setValue(Unknown Source:14)
12-11 11:23:08.766 30746 30746 W System.err: 	at androidx.lifecycle.s.setValue(Unknown Source:0)
12-11 11:23:08.766 30746 30746 W System.err: 	at androidx.loader.app.LoaderManagerImpl$LoaderInfo.setValue(Unknown Source:0)
12-11 11:23:08.766 30746 30746 W System.err: 	at androidx.loader.app.LoaderManagerImpl$LoaderInfo.onLoadComplete(Unknown Source:36)
12-11 11:23:08.766 30746 30746 W System.err: 	at androidx.loader.content.Loader.deliverResult(Unknown Source:4)
12-11 11:23:08.766 30746 30746 W System.err: 	at androidx.loader.content.CursorLoader.deliverResult(Unknown Source:22)
12-11 11:23:08.766 30746 30746 W System.err: 	at androidx.loader.content.CursorLoader.deliverResult(Unknown Source:2)
12-11 11:23:08.766 30746 30746 W System.err: 	at androidx.loader.content.AsyncTaskLoader.dispatchOnLoadComplete(Unknown Source:30)
12-11 11:23:08.766 30746 30746 W System.err: 	at androidx.loader.content.AsyncTaskLoader$a.a(Unknown Source:2)
12-11 11:23:08.766 30746 30746 W System.err: 	at androidx.loader.content.a.e(Unknown Source:10)
12-11 11:23:08.766 30746 30746 W System.err: 	at androidx.loader.content.a$b.handleMessage(Unknown Source:28)
12-11 11:23:08.766 30746 30746 W System.err: 	at android.os.Handler.dispatchMessage(Handler.java:106)
12-11 11:23:08.766 30746 30746 W System.err: 	at android.os.Looper.loop(Looper.java:223)
12-11 11:23:08.766 30746 30746 W System.err: 	at android.app.ActivityThread.main(ActivityThread.java:7656)
12-11 11:23:08.766 30746 30746 W System.err: 	at java.lang.reflect.Method.invoke(Native Method)
12-11 11:23:08.766 30746 30746 W System.err: 	at com.android.internal.os.RuntimeInit$MethodAndArgsCaller.run(RuntimeInit.java:592)
12-11 11:23:08.766 30746 30746 W System.err: 	at com.android.internal.os.ZygoteInit.main(ZygoteInit.java:947)
12-11 11:23:08.771 30746 30746 D ReactNative: ReactInstanceManager.ctor()
12-11 11:23:08.771 30746 30746 D SoLoader: init exiting
12-11 11:23:08.773 30746 30746 D ReactNative: ReactInstanceManager.createReactContextInBackground()
12-11 11:23:08.773 30746 30746 D ReactNative: ReactInstanceManager.recreateReactContextInBackgroundInner()
12-11 11:23:08.773 30746 30746 D ReactNative: ReactInstanceManager.recreateReactContextInBackgroundFromBundleLoader()
12-11 11:23:08.773 30746 30746 D ReactNative: ReactInstanceManager.recreateReactContextInBackground()
12-11 11:23:08.773 30746 30746 D ReactNative: ReactInstanceManager.runCreateReactContextOnNewThread()
12-11 11:23:08.774 30746 30899 D SoLoader: About to load: libhermes.so
12-11 11:23:08.774 30746 30899 D SoLoader: libhermes.so not found on /data/user/0/com.flipkart.android/lib-main
12-11 11:23:08.774 30746 30899 D SoLoader: libhermes.so found on /data/app/~~AyNcwMNVTgJJmuyoQ36DuQ==/com.flipkart.android-2FPjidu9cl0MIe0Lo372nw==/lib/arm64
12-11 11:23:08.774 30746 30899 D SoLoader: Not resolving dependencies for libhermes.so
12-11 11:23:08.775 30746 30899 D SoLoader: Loaded: libhermes.so
12-11 11:23:08.775 30746 30899 D SoLoader: About to load: libhermes-executor-release.so
12-11 11:23:08.776 30746 30899 D SoLoader: libhermes-executor-release.so not found on /data/user/0/com.flipkart.android/lib-main
12-11 11:23:08.776 30746 30899 D SoLoader: libhermes-executor-release.so found on /data/app/~~AyNcwMNVTgJJmuyoQ36DuQ==/com.flipkart.android-2FPjidu9cl0MIe0Lo372nw==/lib/arm64
12-11 11:23:08.776 30746 30899 D SoLoader: Not resolving dependencies for libhermes-executor-release.so
12-11 11:23:08.777 30746 30899 D SoLoader: Loaded: libhermes-executor-release.so
12-11 11:23:08.777 30746 30899 D ReactNative: ReactInstanceManager.createReactContext()
12-11 11:23:08.789 30746 30899 D ReactNative: Initializing React Xplat Bridge.
12-11 11:23:08.794 30746 30853 E CursorWindow: Failed to read row 0, column 29 from a CursorWindow which has 14 rows, 29 columns.
12-11 11:23:08.794 30746 30853 E CursorWindow: Failed to read row 1, column 29 from a CursorWindow which has 14 rows, 29 columns.
12-11 11:23:08.796 30746 30853 E CursorWindow: Failed to read row 2, column 29 from a CursorWindow which has 14 rows, 29 columns.
12-11 11:23:08.796 30746 30899 D ReactNative: Initializing React Xplat Bridge before initializeBridge
12-11 11:23:08.799 30746 30899 D ReactNative: Initializing React Xplat Bridge after initializeBridge
12-11 11:23:08.799 30746 30899 D ReactNative: CatalystInstanceImpl.runJSBundle()
12-11 11:23:08.799 30746 30853 E CursorWindow: Failed to read row 3, column 29 from a CursorWindow which has 14 rows, 29 columns.
12-11 11:23:08.799 30746 30901 D ReactNative: ReactInstanceManager.setupReactContext()
12-11 11:23:08.799 30746 30901 D ReactNative: CatalystInstanceImpl.initialize()
12-11 11:23:08.800 30746 30853 E CursorWindow: Failed to read row 4, column 29 from a CursorWindow which has 14 rows, 29 columns.
12-11 11:23:08.800 30746 30849 E CursorWindow: Failed to read row 0, column 29 from a CursorWindow which has 1 rows, 29 columns.
12-11 11:23:08.803 30746 30853 E CursorWindow: Failed to read row 5, column 29 from a CursorWindow which has 14 rows, 29 columns.
12-11 11:23:08.803 30746 30853 E CursorWindow: Failed to read row 6, column 29 from a CursorWindow which has 14 rows, 29 columns.
12-11 11:23:08.805 30746 30853 E CursorWindow: Failed to read row 7, column 29 from a CursorWindow which has 14 rows, 29 columns.
12-11 11:23:08.806 30746 30853 E CursorWindow: Failed to read row 8, column 29 from a CursorWindow which has 14 rows, 29 columns.
12-11 11:23:08.806 30746 30853 E CursorWindow: Failed to read row 9, column 29 from a CursorWindow which has 14 rows, 29 columns.
12-11 11:23:08.812 30746 30853 E CursorWindow: Failed to read row 10, column 29 from a CursorWindow which has 14 rows, 29 columns.
12-11 11:23:08.812 30746 30901 D SoLoader: init exiting
12-11 11:23:08.815 30746 30853 E CursorWindow: Failed to read row 11, column 29 from a CursorWindow which has 14 rows, 29 columns.
12-11 11:23:08.817 30746 30853 E CursorWindow: Failed to read row 12, column 29 from a CursorWindow which has 14 rows, 29 columns.
12-11 11:23:08.818 30746 30853 E CursorWindow: Failed to read row 13, column 29 from a CursorWindow which has 14 rows, 29 columns.
12-11 11:23:08.818 30746 30850 E CursorWindow: Failed to read row 0, column 29 from a CursorWindow which has 17 rows, 29 columns.
12-11 11:23:08.820 30746 30850 E CursorWindow: Failed to read row 1, column 29 from a CursorWindow which has 17 rows, 29 columns.
12-11 11:23:08.822 30746 30850 E CursorWindow: Failed to read row 2, column 29 from a CursorWindow which has 17 rows, 29 columns.
12-11 11:23:08.822  1406  3273 D ConnectivityService: requestNetwork for uid/pid:10340/30746 NetworkRequest [ TRACK_DEFAULT id=23502, [ Capabilities: INTERNET&NOT_RESTRICTED&TRUSTED Uid: 10340 AdministratorUids: [] RequestorUid: 10340 RequestorPackageName: com.flipkart.android] ]
12-11 11:23:08.822  1406  1644 D ConnectivityService: NetReassign [23502 : null → 457]
12-11 11:23:08.823  1406  1720 D Ethernet: got request NetworkRequest [ TRACK_DEFAULT id=23502, [ Capabilities: INTERNET&NOT_RESTRICTED&TRUSTED Uid: 10340 AdministratorUids: [] RequestorUid: 10340 RequestorPackageName: com.flipkart.android] ] with score 60 and providerId 5
12-11 11:23:08.823  1406  1619 D UntrustedWifiNetworkFactory: got request NetworkRequest [ TRACK_DEFAULT id=23502, [ Capabilities: INTERNET&NOT_RESTRICTED&TRUSTED Uid: 10340 AdministratorUids: [] RequestorUid: 10340 RequestorPackageName: com.flipkart.android] ] with score 60 and providerId 5
12-11 11:23:08.823  1406  1619 D WifiNetworkFactory: got request NetworkRequest [ TRACK_DEFAULT id=23502, [ Capabilities: INTERNET&NOT_RESTRICTED&TRUSTED Uid: 10340 AdministratorUids: [] RequestorUid: 10340 RequestorPackageName: com.flipkart.android] ] with score 60 and providerId 5
12-11 11:23:08.823  2117  2117 D PhoneSwitcherNetworkRequstListener: got request NetworkRequest [ TRACK_DEFAULT id=23502, [ Capabilities: INTERNET&NOT_RESTRICTED&TRUSTED Uid: 10340 AdministratorUids: [] RequestorUid: 10340 RequestorPackageName: com.flipkart.android] ] with score 60 and providerId 5
12-11 11:23:08.823  1406  1719 D WIFI_AWARE_FACTORY: got request NetworkRequest [ TRACK_DEFAULT id=23502, [ Capabilities: INTERNET&NOT_RESTRICTED&TRUSTED Uid: 10340 AdministratorUids: [] RequestorUid: 10340 RequestorPackageName: com.flipkart.android] ] with score 60 and providerId 5
12-11 11:23:08.825 30746 30850 E CursorWindow: Failed to read row 3, column 29 from a CursorWindow which has 17 rows, 29 columns.
12-11 11:23:08.826 30746 30850 E CursorWindow: Failed to read row 4, column 29 from a CursorWindow which has 17 rows, 29 columns.
12-11 11:23:08.827 30746 30746 D ReactNative: ReactInstanceManager.createReactContextInBackground()
12-11 11:23:08.827 30746 30746 D ReactNative: ReactInstanceManager.attachRootViewToInstance()
12-11 11:23:08.830  1791  1791 V KeyguardUpdateMonitor: onSubscriptionInfoChanged()
12-11 11:23:08.830  2117  2117 D Telephony: isEmergencyPreferredAccount: subId=1, activeData=1
12-11 11:23:08.830  2117  2117 D Telephony: isEmergencyPreferredAccount: Device does not require preference.
12-11 11:23:08.831 30746 30850 E CursorWindow: Failed to read row 5, column 29 from a CursorWindow which has 17 rows, 29 columns.
12-11 11:23:08.831 30746 30850 E CursorWindow: Failed to read row 6, column 29 from a CursorWindow which has 17 rows, 29 columns.
12-11 11:23:08.831 30746 30850 E CursorWindow: Failed to read row 7, column 29 from a CursorWindow which has 17 rows, 29 columns.
12-11 11:23:08.832  1791  1791 V KeyguardUpdateMonitor: SubInfo:{id=1 iccId=899186000[****] simSlotIndex=0 carrierId=1963 displayName=Vodafone IN carrierName=Vodafone IN nameSource=0 iconTint=-16746133 number=[****] dataRoaming=0 iconBitmap=android.graphics.Bitmap@d597190 mcc=404 mnc=86 countryIso=in isEmbedded=false nativeAccessRules=null cardString=899186000[****] cardId=-1 isOpportunistic=false groupUUID=null isGroupDisabled=false profileClass=-1 ehplmns=[] hplmns=[40486] subscriptionType=0 groupOwner=null carrierConfigAccessRules=null areUiccApplicationsEnabled=true}
12-11 11:23:08.834 30746 30850 E CursorWindow: Failed to read row 8, column 29 from a CursorWindow which has 17 rows, 29 columns.
12-11 11:23:08.836 30746 30850 E CursorWindow: Failed to read row 9, column 29 from a CursorWindow which has 17 rows, 29 columns.
12-11 11:23:08.837 30746 30850 E CursorWindow: Failed to read row 10, column 29 from a CursorWindow which has 17 rows, 29 columns.
12-11 11:23:08.838 30746 30850 E CursorWindow: Failed to read row 11, column 29 from a CursorWindow which has 17 rows, 29 columns.
12-11 11:23:08.839 30746 30850 E CursorWindow: Failed to read row 12, column 29 from a CursorWindow which has 17 rows, 29 columns.
12-11 11:23:08.841 30746 30746 W unknown:ViewManagerPropertyUpdater: Could not find generated setter for class com.facebook.react.views.art.ARTGroupViewManager
12-11 11:23:08.841 30746 30746 W unknown:ViewManagerPropertyUpdater: Could not find generated setter for class com.facebook.react.views.art.ARTGroupShadowNode
12-11 11:23:08.842 30746 30746 W unknown:ViewManagerPropertyUpdater: Could not find generated setter for class com.facebook.react.views.art.ARTShapeViewManager
12-11 11:23:08.842 30746 30746 W unknown:ViewManagerPropertyUpdater: Could not find generated setter for class com.facebook.react.views.art.ARTShapeShadowNode
12-11 11:23:08.843 30746 30746 W unknown:ViewManagerPropertyUpdater: Could not find generated setter for class com.facebook.react.views.art.ARTTextViewManager
12-11 11:23:08.843 30746 30746 W unknown:ViewManagerPropertyUpdater: Could not find generated setter for class com.facebook.react.views.art.ARTTextShadowNode
12-11 11:23:08.844  1406  1644 D ConnectivityService: NetReassign [no changes]
12-11 11:23:08.844 30746 30746 W unknown:ViewManagerPropertyUpdater: Could not find generated setter for class com.facebook.react.views.checkbox.ReactCheckBoxManager
12-11 11:23:08.846 30746 30746 W unknown:ViewManagerPropertyUpdater: Could not find generated setter for class com.facebook.react.uimanager.LayoutShadowNode
12-11 11:23:08.848 30746 30746 W unknown:ViewManagerPropertyUpdater: Could not find generated setter for class com.facebook.react.views.picker.ReactDialogPickerManager
12-11 11:23:08.848 30746 30850 E CursorWindow: Failed to read row 13, column 29 from a CursorWindow which has 17 rows, 29 columns.
12-11 11:23:08.849 30746 30850 E CursorWindow: Failed to read row 14, column 29 from a CursorWindow which has 17 rows, 29 columns.
12-11 11:23:08.849 30746 30850 E CursorWindow: Failed to read row 15, column 29 from a CursorWindow which has 17 rows, 29 columns.
12-11 11:23:08.849 30746 30850 E CursorWindow: Failed to read row 16, column 29 from a CursorWindow which has 17 rows, 29 columns.
12-11 11:23:08.849 30746 30746 W unknown:ViewManagerPropertyUpdater: Could not find generated setter for class com.facebook.react.views.drawer.ReactDrawerLayoutManager
12-11 11:23:08.850 30746 30746 W unknown:ViewManagerPropertyUpdater: Could not find generated setter for class com.facebook.react.views.picker.ReactDropdownPickerManager
12-11 11:23:08.850 30746 30746 W unknown:ViewManagerPropertyUpdater: Could not find generated setter for class com.facebook.react.views.scroll.ReactHorizontalScrollViewManager
12-11 11:23:08.852 30746 30746 W unknown:ViewManagerPropertyUpdater: Could not find generated setter for class com.facebook.react.views.scroll.ReactHorizontalScrollContainerViewManager
12-11 11:23:08.853 30746 30746 W unknown:ViewManagerPropertyUpdater: Could not find generated setter for class com.facebook.react.views.progressbar.ReactProgressBarViewManager
12-11 11:23:08.854 30746 30746 W unknown:ViewManagerPropertyUpdater: Could not find generated setter for class com.facebook.react.views.progressbar.ProgressBarShadowNode
12-11 11:23:08.855 30746 30746 W unknown:ViewManagerPropertyUpdater: Could not find generated setter for class com.facebook.react.views.scroll.ReactScrollViewManager
12-11 11:23:08.856 30746 30746 W unknown:ViewManagerPropertyUpdater: Could not find generated setter for class com.facebook.react.views.slider.ReactSliderManager
12-11 11:23:08.857 30746 30746 W unknown:ViewManagerPropertyUpdater: Could not find generated setter for class com.facebook.react.views.slider.ReactSliderManager$ReactSliderShadowNode
12-11 11:23:08.857 30746 30746 W unknown:ViewManagerPropertyUpdater: Could not find generated setter for class com.facebook.react.views.switchview.ReactSwitchManager
12-11 11:23:08.858 30746 30746 W unknown:ViewManagerPropertyUpdater: Could not find generated setter for class com.facebook.react.views.switchview.ReactSwitchManager$ReactSwitchShadowNode
12-11 11:23:08.858 30746 30746 W unknown:ViewManagerPropertyUpdater: Could not find generated setter for class com.facebook.react.views.swiperefresh.SwipeRefreshLayoutManager
12-11 11:23:08.859 30746 30746 W unknown:ViewManagerPropertyUpdater: Could not find generated setter for class com.facebook.react.views.art.ARTSurfaceViewManager
12-11 11:23:08.860 30746 30746 W unknown:ViewManagerPropertyUpdater: Could not find generated setter for class com.facebook.react.views.art.ARTSurfaceViewShadowNode
12-11 11:23:08.860 30746 30746 W unknown:ViewManagerPropertyUpdater: Could not find generated setter for class com.facebook.react.views.text.frescosupport.FrescoBasedReactTextInlineImageViewManager
12-11 11:23:08.860 30746 30746 W unknown:ViewManagerPropertyUpdater: Could not find generated setter for class com.facebook.react.views.text.frescosupport.FrescoBasedReactTextInlineImageShadowNode
12-11 11:23:08.861 30746 30746 W unknown:ViewManagerPropertyUpdater: Could not find generated setter for class com.facebook.react.views.image.ReactImageManager
12-11 11:23:08.862 30746 30746 W unknown:ViewManagerPropertyUpdater: Could not find generated setter for class com.facebook.react.views.modal.ReactModalHostManager
12-11 11:23:08.863 30746 30746 W unknown:ViewManagerPropertyUpdater: Could not find generated setter for class com.facebook.react.views.modal.ModalHostShadowNode
12-11 11:23:08.863 30746 30746 W unknown:ViewManagerPropertyUpdater: Could not find generated setter for class com.facebook.react.views.text.ReactRawTextManager
12-11 11:23:08.864 30746 30746 W unknown:ViewManagerPropertyUpdater: Could not find generated setter for class com.facebook.react.views.text.ReactRawTextShadowNode
12-11 11:23:08.865 30746 30746 W unknown:ViewManagerPropertyUpdater: Could not find generated setter for class com.facebook.react.views.textinput.ReactTextInputManager
12-11 11:23:08.867 30746 30746 W unknown:ViewManagerPropertyUpdater: Could not find generated setter for class com.facebook.react.views.textinput.ReactTextInputShadowNode
12-11 11:23:08.868 30746 30746 W unknown:ViewManagerPropertyUpdater: Could not find generated setter for class com.facebook.react.views.text.ReactTextViewManager
12-11 11:23:08.868 30746 30746 W unknown:ViewManagerPropertyUpdater: Could not find generated setter for class com.facebook.react.views.text.ReactTextShadowNode
12-11 11:23:08.869 30746 30746 W unknown:ViewManagerPropertyUpdater: Could not find generated setter for class com.facebook.react.views.view.ReactViewManager
12-11 11:23:08.871 30746 30746 W unknown:ViewManagerPropertyUpdater: Could not find generated setter for class com.facebook.react.views.viewpager.ReactViewPagerManager
12-11 11:23:08.872 30746 30746 W unknown:ViewManagerPropertyUpdater: Could not find generated setter for class com.facebook.react.views.text.ReactVirtualTextViewManager
12-11 11:23:08.872 30746 30746 W unknown:ViewManagerPropertyUpdater: Could not find generated setter for class com.facebook.react.views.text.ReactVirtualTextShadowNode
12-11 11:23:08.872 30746 30746 W unknown:ViewManagerPropertyUpdater: Could not find generated setter for class com.flipkart.reactuimodules.reusableviews.lineargradient.LinearGradientManager
12-11 11:23:08.873 30746 30746 W unknown:ViewManagerPropertyUpdater: Could not find generated setter for class com.flipkart.reacthelpersdk.modules.nestedscrollview.ReactNestedScrollViewManager
12-11 11:23:08.874 30746 30746 W unknown:ViewManagerPropertyUpdater: Could not find generated setter for class com.flipkart.reacthelpersdk.modules.nestedscrollview.ReactHorizontalNestedScrollViewManager
12-11 11:23:08.874 30746 30746 W unknown:ViewManagerPropertyUpdater: Could not find generated setter for class com.flipkart.reactuimodules.reusableviews.absolutelayoutcontainer.AbsoluteLayoutContainerManager
12-11 11:23:08.875 30746 30746 W unknown:ViewManagerPropertyUpdater: Could not find generated setter for class com.flipkart.android.reactnative.nativeuimodules.AdContainer
12-11 11:23:08.875 30746 30746 W unknown:ViewManagerPropertyUpdater: Could not find generated setter for class com.flipkart.android.reactnative.nativeuimodules.image.SatyabhamaReactImageManager
12-11 11:23:08.876 30746 30746 W unknown:ViewManagerPropertyUpdater: Could not find generated setter for class com.flipkart.android.reactnative.nativeuimodules.youtube.ReactYouTubeManager
12-11 11:23:08.876 30746 30746 W unknown:ViewManagerPropertyUpdater: Could not find generated setter for class com.flipkart.android.reactnative.nativeuimodules.WishlistAnimation
12-11 11:23:08.877 30746 30746 W unknown:ViewManagerPropertyUpdater: Could not find generated setter for class com.flipkart.android.reactnative.nativeuimodules.viewability.TrackerViewManager
12-11 11:23:08.877 30746 30746 W unknown:ViewManagerPropertyUpdater: Could not find generated setter for class com.flipkart.android.reactnative.nativeuimodules.recyclerview.ReactNestedScrollViewabilityViewManager
12-11 11:23:08.878 30746 30746 W unknown:ViewManagerPropertyUpdater: Could not find generated setter for class com.flipkart.android.reactnative.nativeuimodules.viewability.PlaceholderViewManager
12-11 11:23:08.878 30746 30746 W unknown:ViewManagerPropertyUpdater: Could not find generated setter for class com.flipkart.android.reactnative.nativeuimodules.material.AppBarLayoutManager
12-11 11:23:08.879 30746 30746 W unknown:ViewManagerPropertyUpdater: Could not find generated setter for class com.flipkart.android.reactnative.nativeuimodules.material.CoordinatorLayoutManager
12-11 11:23:08.879 30746 30746 W unknown:ViewManagerPropertyUpdater: Could not find generated setter for class com.flipkart.android.reactnative.nativeuimodules.material.BottomViewManager
12-11 11:23:08.879 30746 30746 W unknown:ViewManagerPropertyUpdater: Could not find generated setter for class com.flipkart.android.reactnative.nativeuimodules.material.toolbar.ToolbarManager
12-11 11:23:08.880 30746 30746 W unknown:ViewManagerPropertyUpdater: Could not find generated setter for class com.oblador.shimmer.RNShimmerManager
12-11 11:23:08.881 30746 30746 W unknown:ViewManagerPropertyUpdater: Could not find generated setter for class com.flipkart.android.reactnative.nativeuimodules.image.Fk360ImageViewManager
12-11 11:23:08.882 30746 30746 W unknown:ViewManagerPropertyUpdater: Could not find generated setter for class com.flipkart.android.reactnative.nativeuimodules.ExtendedReactViewManager
12-11 11:23:08.884 30746 30746 W unknown:ViewManagerPropertyUpdater: Could not find generated setter for class com.flipkart.android.reactnative.nativeuimodules.FKVideoViewManager
12-11 11:23:08.886 30746 30746 W unknown:ViewManagerPropertyUpdater: Could not find generated setter for class com.flipkart.android.reactnative.nativeuimodules.FKLiveVideoViewManager
12-11 11:23:08.887 30746 30746 W unknown:ViewManagerPropertyUpdater: Could not find generated setter for class com.flipkart.android.reactnative.nativeuimodules.FKGifViewManager
12-11 11:23:08.888 30746 30746 W unknown:ViewManagerPropertyUpdater: Could not find generated setter for class com.flipkart.android.reactnative.nativeuimodules.viewability.MultiConditionTrackerViewManager
12-11 11:23:08.889 30746 30746 W unknown:ViewManagerPropertyUpdater: Could not find generated setter for class com.flipkart.android.reactnative.nativeuimodules.StoryViewManager
12-11 11:23:08.892 30746 30746 W unknown:ViewManagerPropertyUpdater: Could not find generated setter for class com.flipkart.android.reactnative.nativeuimodules.tryonlooks.TryOnLipstickFaceView
12-11 11:23:08.892 30746 30746 W unknown:ViewManagerPropertyUpdater: Could not find generated setter for class com.flipkart.android.reactnative.nativeuimodules.ViewWrapperManager
12-11 11:23:08.892 30746 30746 W unknown:ViewManagerPropertyUpdater: Could not find generated setter for class com.flipkart.android.reactnative.nativeuimodules.voice.VoiceInputBarViewManager
12-11 11:23:08.893 30746 30746 W unknown:ViewManagerPropertyUpdater: Could not find generated setter for class com.flipkart.android.reactnative.nativeuimodules.camera.CameraViewManager
12-11 11:23:08.894 30746 30746 W unknown:ViewManagerPropertyUpdater: Could not find generated setter for class com.flipkart.android.reactnative.nativeuimodules.voice.MicViewManager
12-11 11:23:08.894 30746 30746 W unknown:ViewManagerPropertyUpdater: Could not find generated setter for class com.reactnativecommunity.webview.RNCWebViewManager
12-11 11:23:08.895 30746 30746 W unknown:ViewManagerPropertyUpdater: Could not find generated setter for class com.reactnativecommunity.viewpager.ReactViewPagerManager
12-11 11:23:08.898 30746 30746 D SoLoader: About to load: libyoga.so
12-11 11:23:08.898 30746 30746 D SoLoader: libyoga.so not found on /data/user/0/com.flipkart.android/lib-main
12-11 11:23:08.898 30746 30746 D SoLoader: libyoga.so found on /data/app/~~AyNcwMNVTgJJmuyoQ36DuQ==/com.flipkart.android-2FPjidu9cl0MIe0Lo372nw==/lib/arm64
12-11 11:23:08.898 30746 30746 D SoLoader: Not resolving dependencies for libyoga.so
12-11 11:23:08.899 30746 30746 D SoLoader: Loaded: libyoga.so
12-11 11:23:08.981   895   895 I android.hardware.health@2.0-service.wahoo: SRAM data: 3623000
12-11 11:23:08.985  1791  3178 D PowerUI : can't show warning due to - plugged: true status unknown: false
12-11 11:23:09.006 30746 30746 W System.err: java.net.MalformedURLException: no protocol: homepage
12-11 11:23:09.006 30746 30746 W System.err: 	at java.net.URL.<init>(URL.java:601)
12-11 11:23:09.006 30746 30746 W System.err: 	at java.net.URL.<init>(URL.java:498)
12-11 11:23:09.006 30746 30746 W System.err: 	at java.net.URL.<init>(URL.java:447)
12-11 11:23:09.006 30746 30746 W System.err: 	at com.flipkart.android.utils.cc.getUrlPath(Unknown Source:2)
12-11 11:23:09.006 30746 30746 W System.err: 	at com.flipkart.android.bottomnavigation.c.a(Unknown Source:139)
12-11 11:23:09.006 30746 30746 W System.err: 	at com.flipkart.android.bottomnavigation.c.update(Unknown Source:135)
12-11 11:23:09.006 30746 30746 W System.err: 	at com.flipkart.android.reactnative.nativeuimodules.reactbottombar.ReactBottomNavigationFragment.emitAlreadyExistingResponse(Unknown Source:15)
12-11 11:23:09.006 30746 30746 W System.err: 	at com.flipkart.android.reactnative.nativeuimodules.reactbottombar.ReactBottomNavigationFragment.onLoadFinished(Unknown Source:84)
12-11 11:23:09.006 30746 30746 W System.err: 	at com.flipkart.android.reactnative.nativeuimodules.reactbottombar.ReactBottomNavigationFragment.onLoadFinished(Unknown Source:2)
12-11 11:23:09.006 30746 30746 W System.err: 	at androidx.loader.app.LoaderManagerImpl$LoaderObserver.onChanged(Unknown Source:46)
12-11 11:23:09.006 30746 30746 W System.err: 	at androidx.lifecycle.LiveData.considerNotify(Unknown Source:29)
12-11 11:23:09.006 30746 30746 W System.err: 	at androidx.lifecycle.LiveData.dispatchingValue(Unknown Source:44)
12-11 11:23:09.006 30746 30746 W System.err: 	at androidx.lifecycle.LiveData.setValue(Unknown Source:14)
12-11 11:23:09.006 30746 30746 W System.err: 	at androidx.lifecycle.s.setValue(Unknown Source:0)
12-11 11:23:09.006 30746 30746 W System.err: 	at androidx.loader.app.LoaderManagerImpl$LoaderInfo.setValue(Unknown Source:0)
12-11 11:23:09.006 30746 30746 W System.err: 	at androidx.loader.app.LoaderManagerImpl$LoaderInfo.onLoadComplete(Unknown Source:36)
12-11 11:23:09.006 30746 30746 W System.err: 	at androidx.loader.content.Loader.deliverResult(Unknown Source:4)
12-11 11:23:09.006 30746 30746 W System.err: 	at androidx.loader.content.CursorLoader.deliverResult(Unknown Source:22)
12-11 11:23:09.006 30746 30746 W System.err: 	at androidx.loader.content.CursorLoader.deliverResult(Unknown Source:2)
12-11 11:23:09.006 30746 30746 W System.err: 	at androidx.loader.content.AsyncTaskLoader.dispatchOnLoadComplete(Unknown Source:30)
12-11 11:23:09.006 30746 30746 W System.err: 	at androidx.loader.content.AsyncTaskLoader$a.a(Unknown Source:2)
12-11 11:23:09.006 30746 30746 W System.err: 	at androidx.loader.content.a.e(Unknown Source:10)
12-11 11:23:09.006 30746 30746 W System.err: 	at androidx.loader.content.a$b.handleMessage(Unknown Source:28)
12-11 11:23:09.006 30746 30746 W System.err: 	at android.os.Handler.dispatchMessage(Handler.java:106)
12-11 11:23:09.006 30746 30746 W System.err: 	at android.os.Looper.loop(Looper.java:223)
12-11 11:23:09.006 30746 30746 W System.err: 	at android.app.ActivityThread.main(ActivityThread.java:7656)
12-11 11:23:09.006 30746 30746 W System.err: 	at java.lang.reflect.Method.invoke(Native Method)
12-11 11:23:09.006 30746 30746 W System.err: 	at com.android.internal.os.RuntimeInit$MethodAndArgsCaller.run(RuntimeInit.java:592)
12-11 11:23:09.006 30746 30746 W System.err: 	at com.android.internal.os.ZygoteInit.main(ZygoteInit.java:947)
12-11 11:23:09.012 30746 30746 W System.err: java.net.MalformedURLException: no protocol: homepage
12-11 11:23:09.012 30746 30746 W System.err: 	at java.net.URL.<init>(URL.java:601)
12-11 11:23:09.012 30746 30746 W System.err: 	at java.net.URL.<init>(URL.java:498)
12-11 11:23:09.012 30746 30746 W System.err: 	at java.net.URL.<init>(URL.java:447)
12-11 11:23:09.012 30746 30746 W System.err: 	at com.flipkart.android.utils.cc.getUrlPath(Unknown Source:2)
12-11 11:23:09.012 30746 30746 W System.err: 	at com.flipkart.android.bottomnavigation.c.a(Unknown Source:139)
12-11 11:23:09.012 30746 30746 W System.err: 	at com.flipkart.android.bottomnavigation.c.update(Unknown Source:135)
12-11 11:23:09.012 30746 30746 W System.err: 	at com.flipkart.android.reactnative.nativeuimodules.reactbottombar.ReactBottomNavigationFragment.emitAlreadyExistingResponse(Unknown Source:15)
12-11 11:23:09.012 30746 30746 W System.err: 	at com.flipkart.android.reactnative.nativeuimodules.reactbottombar.ReactBottomNavigationFragment.onComponentWillMount(Unknown Source:0)
12-11 11:23:09.012 30746 30746 W System.err: 	at com.flipkart.android.reactnative.nativemodules.BottomNavigationModule$2.run(Unknown Source:10)
12-11 11:23:09.012 30746 30746 W System.err: 	at android.os.Handler.handleCallback(Handler.java:938)
12-11 11:23:09.012 30746 30746 W System.err: 	at android.os.Handler.dispatchMessage(Handler.java:99)
12-11 11:23:09.012 30746 30746 W System.err: 	at android.os.Looper.loop(Looper.java:223)
12-11 11:23:09.012 30746 30746 W System.err: 	at android.app.ActivityThread.main(ActivityThread.java:7656)
12-11 11:23:09.012 30746 30746 W System.err: 	at java.lang.reflect.Method.invoke(Native Method)
12-11 11:23:09.012 30746 30746 W System.err: 	at com.android.internal.os.RuntimeInit$MethodAndArgsCaller.run(RuntimeInit.java:592)
12-11 11:23:09.012 30746 30746 W System.err: 	at com.android.internal.os.ZygoteInit.main(ZygoteInit.java:947)
12-11 11:23:09.016 30746 30853 E CursorWindow: Failed to read row 0, column 29 from a CursorWindow which has 1 rows, 29 columns.
12-11 11:23:09.022 30746 30849 E CursorWindow: Failed to read row 0, column 29 from a CursorWindow which has 17 rows, 29 columns.
12-11 11:23:09.023 30746 30849 E CursorWindow: Failed to read row 1, column 29 from a CursorWindow which has 17 rows, 29 columns.
12-11 11:23:09.024 30746 30849 E CursorWindow: Failed to read row 2, column 29 from a CursorWindow which has 17 rows, 29 columns.
12-11 11:23:09.026 30746 30849 E CursorWindow: Failed to read row 3, column 29 from a CursorWindow which has 17 rows, 29 columns.
12-11 11:23:09.028 30746 30849 E CursorWindow: Failed to read row 4, column 29 from a CursorWindow which has 17 rows, 29 columns.
12-11 11:23:09.030 30746 30849 E CursorWindow: Failed to read row 5, column 29 from a CursorWindow which has 17 rows, 29 columns.
12-11 11:23:09.030 30746 30849 E CursorWindow: Failed to read row 6, column 29 from a CursorWindow which has 17 rows, 29 columns.
12-11 11:23:09.031 30746 30849 E CursorWindow: Failed to read row 7, column 29 from a CursorWindow which has 17 rows, 29 columns.
12-11 11:23:09.032 30746 30849 E CursorWindow: Failed to read row 8, column 29 from a CursorWindow which has 17 rows, 29 columns.
12-11 11:23:09.032 30746 30849 E CursorWindow: Failed to read row 9, column 29 from a CursorWindow which has 17 rows, 29 columns.
12-11 11:23:09.033 30746 30849 E CursorWindow: Failed to read row 10, column 29 from a CursorWindow which has 17 rows, 29 columns.
12-11 11:23:09.033 30746 30849 E CursorWindow: Failed to read row 11, column 29 from a CursorWindow which has 17 rows, 29 columns.
12-11 11:23:09.034 30746 30849 E CursorWindow: Failed to read row 12, column 29 from a CursorWindow which has 17 rows, 29 columns.
12-11 11:23:09.042 30746 30849 E CursorWindow: Failed to read row 13, column 29 from a CursorWindow which has 17 rows, 29 columns.
12-11 11:23:09.043 30746 30849 E CursorWindow: Failed to read row 14, column 29 from a CursorWindow which has 17 rows, 29 columns.
12-11 11:23:09.043 30746 30849 E CursorWindow: Failed to read row 15, column 29 from a CursorWindow which has 17 rows, 29 columns.
12-11 11:23:09.043 30746 30849 E CursorWindow: Failed to read row 16, column 29 from a CursorWindow which has 17 rows, 29 columns.
12-11 11:23:09.191 30746 30852 E CursorWindow: Failed to read row 0, column 29 from a CursorWindow which has 1 rows, 29 columns.
12-11 11:23:09.193 30746 30850 E CursorWindow: Failed to read row 0, column 29 from a CursorWindow which has 32 rows, 29 columns.
12-11 11:23:09.194 30746 30850 E CursorWindow: Failed to read row 1, column 29 from a CursorWindow which has 32 rows, 29 columns.
12-11 11:23:09.195 30746 30850 E CursorWindow: Failed to read row 2, column 29 from a CursorWindow which has 32 rows, 29 columns.
12-11 11:23:09.196 30746 30850 E CursorWindow: Failed to read row 3, column 29 from a CursorWindow which has 32 rows, 29 columns.
12-11 11:23:09.196 30746 30850 E CursorWindow: Failed to read row 4, column 29 from a CursorWindow which has 32 rows, 29 columns.
12-11 11:23:09.197 30746 30850 E CursorWindow: Failed to read row 5, column 29 from a CursorWindow which has 32 rows, 29 columns.
12-11 11:23:09.198 30746 30850 E CursorWindow: Failed to read row 6, column 29 from a CursorWindow which has 32 rows, 29 columns.
12-11 11:23:09.198 30746 30850 E CursorWindow: Failed to read row 7, column 29 from a CursorWindow which has 32 rows, 29 columns.
12-11 11:23:09.200 30746 30850 E CursorWindow: Failed to read row 8, column 29 from a CursorWindow which has 32 rows, 29 columns.
12-11 11:23:09.200 30746 30850 E CursorWindow: Failed to read row 9, column 29 from a CursorWindow which has 32 rows, 29 columns.
12-11 11:23:09.200 30746 30850 E CursorWindow: Failed to read row 10, column 29 from a CursorWindow which has 32 rows, 29 columns.
12-11 11:23:09.202 30746 30850 E CursorWindow: Failed to read row 11, column 29 from a CursorWindow which has 32 rows, 29 columns.
12-11 11:23:09.202 30746 30850 E CursorWindow: Failed to read row 12, column 29 from a CursorWindow which has 32 rows, 29 columns.
12-11 11:23:09.206 30746 30850 E CursorWindow: Failed to read row 13, column 29 from a CursorWindow which has 32 rows, 29 columns.
12-11 11:23:09.207 30746 30850 E CursorWindow: Failed to read row 14, column 29 from a CursorWindow which has 32 rows, 29 columns.
12-11 11:23:09.207 30746 30850 E CursorWindow: Failed to read row 15, column 29 from a CursorWindow which has 32 rows, 29 columns.
12-11 11:23:09.207 30746 30850 E CursorWindow: Failed to read row 16, column 29 from a CursorWindow which has 32 rows, 29 columns.
12-11 11:23:09.207 30746 30850 E CursorWindow: Failed to read row 17, column 29 from a CursorWindow which has 32 rows, 29 columns.
12-11 11:23:09.208 30746 30850 E CursorWindow: Failed to read row 18, column 29 from a CursorWindow which has 32 rows, 29 columns.
12-11 11:23:09.208 30746 30850 E CursorWindow: Failed to read row 19, column 29 from a CursorWindow which has 32 rows, 29 columns.
12-11 11:23:09.209 30746 30850 E CursorWindow: Failed to read row 20, column 29 from a CursorWindow which has 32 rows, 29 columns.
12-11 11:23:09.209 30746 30850 E CursorWindow: Failed to read row 21, column 29 from a CursorWindow which has 32 rows, 29 columns.
12-11 11:23:09.210 30746 30850 E CursorWindow: Failed to read row 22, column 29 from a CursorWindow which has 32 rows, 29 columns.
12-11 11:23:09.210 30746 30850 E CursorWindow: Failed to read row 23, column 29 from a CursorWindow which has 32 rows, 29 columns.
12-11 11:23:09.211 30746 30850 E CursorWindow: Failed to read row 24, column 29 from a CursorWindow which has 32 rows, 29 columns.
12-11 11:23:09.212 30746 30850 E CursorWindow: Failed to read row 25, column 29 from a CursorWindow which has 32 rows, 29 columns.
12-11 11:23:09.212 30746 30850 E CursorWindow: Failed to read row 26, column 29 from a CursorWindow which has 32 rows, 29 columns.
12-11 11:23:09.213 30746 30850 E CursorWindow: Failed to read row 27, column 29 from a CursorWindow which has 32 rows, 29 columns.
12-11 11:23:09.213 30746 30850 E CursorWindow: Failed to read row 28, column 29 from a CursorWindow which has 32 rows, 29 columns.
12-11 11:23:09.213 30746 30850 E CursorWindow: Failed to read row 29, column 29 from a CursorWindow which has 32 rows, 29 columns.
12-11 11:23:09.214 30746 30850 E CursorWindow: Failed to read row 30, column 29 from a CursorWindow which has 32 rows, 29 columns.
12-11 11:23:09.214 30746 30850 E CursorWindow: Failed to read row 31, column 29 from a CursorWindow which has 32 rows, 29 columns.
12-11 11:23:09.747   671   671 D android.hardware.power@1.3-service.pixel-libperfmgr: LAUNCH: 0
12-11 11:23:09.760 12570 29520 I PBSessionCacheImpl: Deleted sessionId[55285052306656380] from persistence.
12-11 11:23:10.087 12570 12639 W SearchServiceCore: Abort, client detached.
12-11 11:23:10.170 30746 30758 I lipkart.androi: Background young concurrent copying GC freed 457020(34MB) AllocSpace objects, 242(26MB) LOS objects, 65% free, 12MB/36MB, paused 321us total 127.614ms
12-11 11:23:10.177 30746 30759 W JavaBinder: BinderProxy is being destroyed but the application did not call unlinkToDeath to unlink all of its death recipients beforehand.  Releasing leaked death recipient: com.google.android.play.core.internal.i
12-11 11:23:10.177 30746 30759 I BpBinder: onLastStrongRef automatically unlinking death recipients: <uncached descriptor>
12-11 11:23:11.876 30693 30725 I appium  : channel read invoked!
12-11 11:23:11.876 30693 30725 I appium  : channel read: POST /wd/hub/session/84aaee0d-145e-4d68-9135-0b4bacad36fa/element
12-11 11:23:11.877 30693 30725 I appium  : Find element command using 'accessibility id' with selector 'Open Drawer'.
12-11 11:23:11.879 30693 30725 I appium  : Waiting up to 10000ms for device to be idle
12-11 11:23:12.818   637   637 I servicemanager: Notifying apexservice they have clients: 0
12-11 11:23:12.819   637   637 I BpBinder: onLastStrongRef automatically unlinking death recipients: <uncached descriptor>
12-11 11:23:13.016  1034  1034 I perfetto: probes_producer.cc:329  Producer stop (id=5720)
12-11 11:23:13.019  1035  1035 I perfetto: ng_service_impl.cc:1948 Tracing session 5720 ended, total sessions:0
12-11 11:23:13.020  1034  1034 I perfetto: ftrace_procfs.cc:183    disabled ftrace
12-11 11:23:13.655 30693 30725 I appium  : AppiumResponse: {"sessionId":"84aaee0d-145e-4d68-9135-0b4bacad36fa","value":{"ELEMENT":"5f59480a-fa4f-492e-bb1e-d57af6387978","element-6066-11e4-a52e-4f735466cecf":"5f59480a-fa4f-492e-bb1e-d57af6387978"}}
12-11 11:23:13.799 30693 30725 I appium  : channel read invoked!
12-11 11:23:13.799 30693 30725 I appium  : channel read: POST /wd/hub/session/84aaee0d-145e-4d68-9135-0b4bacad36fa/element/5f59480a-fa4f-492e-bb1e-d57af6387978/click
12-11 11:23:13.803 30693 30725 I appium  : Click element command
12-11 11:23:13.869 30693 30725 I appium  : Waiting up to 10000ms for device to be idle
12-11 11:23:13.869 30693 30725 I appium  : AppiumResponse: {"sessionId":"84aaee0d-145e-4d68-9135-0b4bacad36fa","value":null}
12-11 11:23:13.924 30693 30725 I appium  : channel read invoked!
12-11 11:23:13.924 30693 30725 I appium  : channel read: POST /wd/hub/session/84aaee0d-145e-4d68-9135-0b4bacad36fa/elements
12-11 11:23:13.926 30693 30725 I appium  : Find elements command using 'id' with selector 'com.flipkart.android:id/flyout_parent_title'.
12-11 11:23:13.926 30693 30725 I appium  : Waiting up to 10000ms for device to be idle
12-11 11:23:14.292 30746 30853 E CursorWindow: Failed to read row 0, column 29 from a CursorWindow which has 14 rows, 29 columns.
12-11 11:23:14.292 30746 30853 E CursorWindow: Failed to read row 1, column 29 from a CursorWindow which has 14 rows, 29 columns.
12-11 11:23:14.292 30746 30853 E CursorWindow: Failed to read row 2, column 29 from a CursorWindow which has 14 rows, 29 columns.
12-11 11:23:14.292 30746 30853 E CursorWindow: Failed to read row 3, column 29 from a CursorWindow which has 14 rows, 29 columns.
12-11 11:23:14.293 30746 30853 E CursorWindow: Failed to read row 4, column 29 from a CursorWindow which has 14 rows, 29 columns.
12-11 11:23:14.293 30746 30853 E CursorWindow: Failed to read row 5, column 29 from a CursorWindow which has 14 rows, 29 columns.
12-11 11:23:14.293 30746 30853 E CursorWindow: Failed to read row 6, column 29 from a CursorWindow which has 14 rows, 29 columns.
12-11 11:23:14.293 30746 30853 E CursorWindow: Failed to read row 7, column 29 from a CursorWindow which has 14 rows, 29 columns.
12-11 11:23:14.294 30746 30853 E CursorWindow: Failed to read row 8, column 29 from a CursorWindow which has 14 rows, 29 columns.
12-11 11:23:14.294 30746 30853 E CursorWindow: Failed to read row 9, column 29 from a CursorWindow which has 14 rows, 29 columns.
12-11 11:23:14.295 30746 30853 E CursorWindow: Failed to read row 10, column 29 from a CursorWindow which has 14 rows, 29 columns.
12-11 11:23:14.295 30746 30853 E CursorWindow: Failed to read row 11, column 29 from a CursorWindow which has 14 rows, 29 columns.
12-11 11:23:14.295 30746 30853 E CursorWindow: Failed to read row 12, column 29 from a CursorWindow which has 14 rows, 29 columns.
12-11 11:23:14.296 30746 30853 E CursorWindow: Failed to read row 13, column 29 from a CursorWindow which has 14 rows, 29 columns.
12-11 11:23:15.150 30693 30725 I appium  : AppiumResponse: {"sessionId":"84aaee0d-145e-4d68-9135-0b4bacad36fa","value":[{"ELEMENT":"02aefca1-9705-4785-b33b-abf395bf7090","element-6066-11e4-a52e-4f735466cecf":"02aefca1-9705-4785-b33b-abf395bf7090"},{"ELEMENT":"775fcd51-29a9-4273-bf68-e09b3fb930a0","element-6066-11e4-a52e-4f735466cecf":"775fcd51-29a9-4273-...
12-11 11:23:15.268 30693 30725 I appium  : channel read invoked!
12-11 11:23:15.268 30693 30725 I appium  : channel read: POST /wd/hub/session/84aaee0d-145e-4d68-9135-0b4bacad36fa/element/89ccbf43-bf1c-4222-aaa1-3d1e08f89122/click
12-11 11:23:15.272 30693 30725 I appium  : Click element command
12-11 11:23:15.342 30693 30725 I appium  : Waiting up to 10000ms for device to be idle
12-11 11:23:15.364 30746 30746 W System.err: java.net.MalformedURLException: no protocol: login_v4_dialog
12-11 11:23:15.364 30746 30746 W System.err: 	at java.net.URL.<init>(URL.java:601)
12-11 11:23:15.364 30746 30746 W System.err: 	at java.net.URL.<init>(URL.java:498)
12-11 11:23:15.364 30746 30746 W System.err: 	at java.net.URL.<init>(URL.java:447)
12-11 11:23:15.364 30746 30746 W System.err: 	at com.flipkart.android.utils.cc.getUrlPath(Unknown Source:2)
12-11 11:23:15.364 30746 30746 W System.err: 	at com.flipkart.android.bottomnavigation.c.a(Unknown Source:139)
12-11 11:23:15.364 30746 30746 W System.err: 	at com.flipkart.android.bottomnavigation.c.update(Unknown Source:135)
12-11 11:23:15.364 30746 30746 W System.err: 	at com.flipkart.android.bottomnavigation.c$b.onBackStackChanged(Unknown Source:4)
12-11 11:23:15.364 30746 30746 W System.err: 	at androidx.fragment.app.h.m(Unknown Source:21)
12-11 11:23:15.364 30746 30746 W System.err: 	at androidx.fragment.app.h.a(Unknown Source:206)
12-11 11:23:15.364 30746 30746 W System.err: 	at androidx.fragment.app.h.b(Unknown Source:88)
12-11 11:23:15.364 30746 30746 W System.err: 	at androidx.fragment.app.h.k(Unknown Source:21)
12-11 11:23:15.364 30746 30746 W System.err: 	at androidx.fragment.app.h$1.run(Unknown Source:2)
12-11 11:23:15.364 30746 30746 W System.err: 	at android.os.Handler.handleCallback(Handler.java:938)
12-11 11:23:15.364 30746 30746 W System.err: 	at android.os.Handler.dispatchMessage(Handler.java:99)
12-11 11:23:15.364 30746 30746 W System.err: 	at android.os.Looper.loop(Looper.java:223)
12-11 11:23:15.364 30746 30746 W System.err: 	at android.app.ActivityThread.main(ActivityThread.java:7656)
12-11 11:23:15.364 30746 30746 W System.err: 	at java.lang.reflect.Method.invoke(Native Method)
12-11 11:23:15.364 30746 30746 W System.err: 	at com.android.internal.os.RuntimeInit$MethodAndArgsCaller.run(RuntimeInit.java:592)
12-11 11:23:15.364 30746 30746 W System.err: 	at com.android.internal.os.ZygoteInit.main(ZygoteInit.java:947)
12-11 11:23:15.365 30746 30746 W System.err: java.net.MalformedURLException: no protocol: login_v4_dialog
12-11 11:23:15.365 30746 30746 W System.err: 	at java.net.URL.<init>(URL.java:601)
12-11 11:23:15.365 30746 30746 W System.err: 	at java.net.URL.<init>(URL.java:498)
12-11 11:23:15.365 30746 30746 W System.err: 	at java.net.URL.<init>(URL.java:447)
12-11 11:23:15.365 30746 30746 W System.err: 	at com.flipkart.android.utils.cc.getUrlPath(Unknown Source:2)
12-11 11:23:15.365 30746 30746 W System.err: 	at com.flipkart.android.reactnative.nativeuimodules.reactbottombar.ReactBottomNavigationFragment.findBottomBarEligibleUrl(Unknown Source:48)
12-11 11:23:15.365 30746 30746 W System.err: 	at com.flipkart.android.bottomnavigation.c.update(Unknown Source:151)
12-11 11:23:15.365 30746 30746 W System.err: 	at com.flipkart.android.bottomnavigation.c$b.onBackStackChanged(Unknown Source:4)
12-11 11:23:15.365 30746 30746 W System.err: 	at androidx.fragment.app.h.m(Unknown Source:21)
12-11 11:23:15.365 30746 30746 W System.err: 	at androidx.fragment.app.h.a(Unknown Source:206)
12-11 11:23:15.365 30746 30746 W System.err: 	at androidx.fragment.app.h.b(Unknown Source:88)
12-11 11:23:15.365 30746 30746 W System.err: 	at androidx.fragment.app.h.k(Unknown Source:21)
12-11 11:23:15.365 30746 30746 W System.err: 	at androidx.fragment.app.h$1.run(Unknown Source:2)
12-11 11:23:15.365 30746 30746 W System.err: 	at android.os.Handler.handleCallback(Handler.java:938)
12-11 11:23:15.365 30746 30746 W System.err: 	at android.os.Handler.dispatchMessage(Handler.java:99)
12-11 11:23:15.365 30746 30746 W System.err: 	at android.os.Looper.loop(Looper.java:223)
12-11 11:23:15.365 30746 30746 W System.err: 	at android.app.ActivityThread.main(ActivityThread.java:7656)
12-11 11:23:15.365 30746 30746 W System.err: 	at java.lang.reflect.Method.invoke(Native Method)
12-11 11:23:15.365 30746 30746 W System.err: 	at com.android.internal.os.RuntimeInit$MethodAndArgsCaller.run(RuntimeInit.java:592)
12-11 11:23:15.365 30746 30746 W System.err: 	at com.android.internal.os.ZygoteInit.main(ZygoteInit.java:947)
12-11 11:23:15.365 30746 30746 W System.err: java.net.MalformedURLException: no protocol: login_v4_dialog
12-11 11:23:15.365 30746 30746 W System.err: 	at java.net.URL.<init>(URL.java:601)
12-11 11:23:15.365 30746 30746 W System.err: 	at java.net.URL.<init>(URL.java:498)
12-11 11:23:15.365 30746 30746 W System.err: 	at java.net.URL.<init>(URL.java:447)
12-11 11:23:15.365 30746 30746 W System.err: 	at com.flipkart.android.utils.cc.getUrlPath(Unknown Source:2)
12-11 11:23:15.365 30746 30746 W System.err: 	at com.flipkart.android.reactnative.nativeuimodules.reactbottombar.ReactBottomNavigationFragment.findBottomBarEligibleUrl(Unknown Source:113)
12-11 11:23:15.365 30746 30746 W System.err: 	at com.flipkart.android.bottomnavigation.c.update(Unknown Source:151)
