--------- beginning of main
12-11 11:23:07.186 30693 30715 I appium  : AndroidServer created on port 6790
12-11 11:23:07.186 30693 30715 I appium  : io.appium.uiautomator2.server started:
12-11 11:23:07.231 30693 30718 I appium  : Started UiAutomator2 io.appium.uiautomator2.http io.appium.uiautomator2.server on port 6790
12-11 11:23:07.245  2201  3395 E FrameEvents: updateAcquireFence: Did not find frame.
12-11 11:23:07.283 30693 30720 W tomator2.serve: Accessing hidden method Lsun/misc/VM;->maxDirectMemory()J (greylist, reflection, allowed)
12-11 11:23:07.292 30693 30720 W tomator2.serve: Accessing hidden field Lsun/nio/ch/SelectorImpl;->selectedKeys:Ljava/util/Set; (greylist, reflection, allowed)
12-11 11:23:07.292 30693 30720 W tomator2.serve: Accessing hidden field Lsun/nio/ch/SelectorImpl;->publicSelectedKeys:Ljava/util/Set; (greylist, reflection, allowed)
12-11 11:23:07.316 30693 30693 W Thread-3: type=1400 audit(0.0:60626): avc: denied { read } for name="somaxconn" dev="proc" ino=17197127 scontext=u:r:untrusted_app_27:s0:c47,c257,c512,c768 tcontext=u:object_r:proc_net:s0 tclass=file permissive=0 app=io.appium.uiautomator2.server
12-11 11:23:07.491 30693 30725 I appium  : channel read invoked!
12-11 11:23:07.491 30693 30725 I appium  : channel read: GET /wd/hub/status
12-11 11:23:07.497 30693 30725 I appium  : AppiumResponse: {"sessionId":"None","value":{"ready":true,"message":"UiAutomator2 Server is ready to accept commands"}}
12-11 11:23:07.512 30693 30725 I appium  : channel read invoked!
12-11 11:23:07.512 30693 30725 I appium  : channel read: POST /wd/hub/session
12-11 11:23:07.516 30693 30725 W tomator2.serve: Accessing hidden field Landroid/app/UiAutomation;->mOnAccessibilityEventListener:Landroid/app/UiAutomation$OnAccessibilityEventListener; (greylist-max-o, reflection, allowed)
12-11 11:23:07.517 30693 30725 I appium  : Created the new session with SessionID: 84aaee0d-145e-4d68-9135-0b4bacad36fa
12-11 11:23:07.518 30693 30725 I appium  : AppiumResponse: {"sessionId":"84aaee0d-145e-4d68-9135-0b4bacad36fa","value":{"sessionId":"84aaee0d-145e-4d68-9135-0b4bacad36fa","capabilities":{"firstMatch":[{"platform":"LINUX","webStorageEnabled":false,"takesScreenshot":true,"javascriptEnabled":true,"databaseEnabled":false,"networkConnectionEnabled":true,"loca...
12-11 11:23:07.537 30693 30725 I appium  : channel read invoked!
12-11 11:23:07.537 30693 30725 I appium  : channel read: GET /wd/hub/session/84aaee0d-145e-4d68-9135-0b4bacad36fa/appium/device/info
12-11 11:23:07.538 30693 30725 I appium  : Get Device Info command
12-11 11:23:07.541 30693 30725 I TetheringManager: registerTetheringEventCallback:io.appium.uiautomator2.server
12-11 11:23:07.556 30693 30725 W tomator2.serve: Accessing hidden field Landroid/net/NetworkCapabilities;->mSignalStrength:I (greylist-max-p, reflection, allowed)
12-11 11:23:07.557 30693 30725 W tomator2.serve: Accessing hidden field Landroid/net/NetworkCapabilities;->mNetworkSpecifier:Landroid/net/NetworkSpecifier; (greylist-max-o, reflection, allowed)
12-11 11:23:07.557 30693 30725 W tomator2.serve: Accessing hidden field Landroid/net/NetworkCapabilities;->mSSID:Ljava/lang/String; (greylist-max-o, reflection, allowed)
12-11 11:23:07.575 30693 30725 I appium  : AppiumResponse: {"sessionId":"84aaee0d-145e-4d68-9135-0b4bacad36fa","value":{"androidId":"6a840bcba1727937","manufacturer":"Google","model":"Pixel 2 XL","brand":"google","apiVersion":"30","platformVersion":"11","carrierName":"Vi India","realDisplaySize":"1440x2880","displayDensity":560,"networks":[{"type":1,"typ...
--------- beginning of system
12-11 11:23:07.658  1406  4297 W ActivityManager: Permission Denial: getIntentForIntentSender() from pid=30726, uid=2000 requires android.permission.GET_INTENT_SENDER_INTENT
12-11 11:23:07.733  1406  4297 I ActivityManager: Force stopping com.flipkart.android appid=10340 user=0: from pid 30732
12-11 11:23:07.733  1406  4297 I ActivityManager: Killing 30318:com.flipkart.android/u0a340 (adj 700): stop com.flipkart.android due to from pid 30732
12-11 11:23:07.739  1406  4297 W ActivityTaskManager: Force removing ActivityRecord{ea0b845 u0 com.flipkart.android/.activity.HomeFragmentHolderActivity t3767 f}}: app died, no saved state
12-11 11:23:07.757  2117  2117 D CarrierSvcBindHelper: No carrier app for: 0
12-11 11:23:07.758  1406  3941 W ActivityManager: Permission Denial: Accessing service com.google.android.music/.dial.DialMediaRouteProviderService from pid=21762, uid=10190 that is not exported from uid 10167
12-11 11:23:07.766 18590 30735 I EuiccGoogle: [55098] EuiccServiceImpl.onGetEuiccProfileInfoList: onGetEuiccProfileInfoList: slotId = -1
12-11 11:23:07.770  3305  3305 D RegisteredNfcFServicesCache: Service unchanged, not updating
12-11 11:23:07.778  1916  1916 D QcrilMsgTunnelIfaceManager: handleMessage what = 1
12-11 11:23:07.780  1916  1916 I QcrilOemhookMsgTunnel: [0]invokeOemRilRequestRaw: serial=2435 length=16
12-11 11:23:07.782  1916  1945 I QcrilOemhookMsgTunnel: [0]processOemHookResponse serial no: 2435 error: 0length=88
12-11 11:23:07.782  1916  1916 D QcrilMsgTunnelIfaceManager: handleMessage what = 2
12-11 11:23:07.783 18590 30735 I EuiccGoogle: [55098] UiccLogicalChannel.open: Locked on aid: A0000005591010FFFFFFFF8900000100
12-11 11:23:07.808  2117  2117 E PhoneInterfaceManager: [PhoneIntfMgr] iccOpenLogicalChannel: Exception: com.android.internal.telephony.CommandException: NO_SUCH_ELEMENT
12-11 11:23:07.809 18590 30735 E EuiccGoogle: [55098] UiccLogicalChannel.open: selectResponse is null. Unlocked for aid: A0000005591010FFFFFFFF8900000100
12-11 11:23:07.809 18590 30735 W EuiccGoogle: [55098] EuiccServiceImpl.onGetEuiccProfileInfoList: slotId=-1. No eUICC is active. Return null.
12-11 11:23:07.822  1406  3271 W WindowManager: Cannot find window which accessibility connection is added to
12-11 11:23:07.822  1406  3329 D ConnectivityService: ConnectivityService NetworkRequestInfo binderDied(NetworkRequest [ TRACK_DEFAULT id=23496, [ Capabilities: INTERNET&NOT_RESTRICTED&TRUSTED Uid: 10340 AdministratorUids: [] RequestorUid: 10340 RequestorPackageName: com.flipkart.android] ], android.os.BinderProxy@ac28b78)
12-11 11:23:07.822  1406  1644 D ConnectivityService: releasing NetworkRequest [ TRACK_DEFAULT id=23496, [ Capabilities: INTERNET&NOT_RESTRICTED&TRUSTED Uid: 10340 AdministratorUids: [] RequestorUid: 10340 RequestorPackageName: com.flipkart.android] ] (release request)
12-11 11:23:07.823  1406  1469 W ActivityManager: setHasOverlayUi called on unknown pid: 30318
12-11 11:23:07.823   868   868 I Zygote  : Process 30318 exited due to signal 9 (Killed)
12-11 11:23:07.823  1406  1477 I libprocessgroup: Successfully killed process cgroup uid 10340 pid 30318 in 86ms
12-11 11:23:07.828  1791  1791 V KeyguardUpdateMonitor: onSubscriptionInfoChanged()
12-11 11:23:07.828  2117  2117 D Telephony: isEmergencyPreferredAccount: subId=1, activeData=1
12-11 11:23:07.828  2117  2117 D Telephony: isEmergencyPreferredAccount: Device does not require preference.
12-11 11:23:07.830  1791  1791 V KeyguardUpdateMonitor: SubInfo:{id=1 iccId=899186000[****] simSlotIndex=0 carrierId=1963 displayName=Vodafone IN carrierName=Vodafone IN nameSource=0 iconTint=-16746133 number=[****] dataRoaming=0 iconBitmap=android.graphics.Bitmap@9810724 mcc=404 mnc=86 countryIso=in isEmbedded=false nativeAccessRules=null cardString=899186000[****] cardId=-1 isOpportunistic=false groupUUID=null isGroupDisabled=false profileClass=-1 ehplmns=[] hplmns=[40486] subscriptionType=0 groupOwner=null carrierConfigAccessRules=null areUiccApplicationsEnabled=true}
12-11 11:23:07.837  1406  1644 D ConnectivityService: NetReassign [no changes]
12-11 11:23:07.861  1406  1415 I system_server: Background young concurrent copying GC freed 408335(17MB) AllocSpace objects, 128(6128KB) LOS objects, 33% free, 44MB/67MB, paused 526us total 102.103ms
12-11 11:23:07.865  1406  1417 W System  : A resource failed to call release. 
12-11 11:23:08.004  1406  4297 I ActivityTaskManager: START u0 {flg=0x10000000 cmp=com.flipkart.android/.activity.HomeFragmentHolderActivity} from uid 2000
12-11 11:23:07.865  1406  1417 I chatty  : uid=1000(system) FinalizerDaemon identical 1 line
12-11 11:23:07.865  1406  1417 W System  : A resource failed to call release. 
12-11 11:23:08.006  1406  1469 D EventSequenceValidator: IntentStarted during UNKNOWN. Intent { flg=0x10000000 cmp=com.flipkart.android/.activity.HomeFragmentHolderActivity }
12-11 11:23:08.006  1406  1469 D EventSequenceValidator: java.lang.Throwable: EventSequenceValidator#getStackTrace
12-11 11:23:08.006  1406  1469 D EventSequenceValidator: 	at com.google.android.startop.iorap.EventSequenceValidator.logWarningWithStackTrace(EventSequenceValidator.java:260)
12-11 11:23:08.006  1406  1469 D EventSequenceValidator: 	at com.google.android.startop.iorap.EventSequenceValidator.onIntentStarted(EventSequenceValidator.java:106)
12-11 11:23:08.006  1406  1469 D EventSequenceValidator: 	at com.android.server.wm.LaunchObserverRegistryImpl.handleOnIntentStarted(LaunchObserverRegistryImpl.java:139)
12-11 11:23:08.006  1406  1469 D EventSequenceValidator: 	at com.android.server.wm.LaunchObserverRegistryImpl.lambda$veRn_GhgLZLlOHOJ0ZYT6KcfYqo(Unknown Source:0)
12-11 11:23:08.006  1406  1469 D EventSequenceValidator: 	at com.android.server.wm.-$$Lambda$LaunchObserverRegistryImpl$veRn_GhgLZLlOHOJ0ZYT6KcfYqo.accept(Unknown Source:10)
12-11 11:23:08.006  1406  1469 D EventSequenceValidator: 	at com.android.internal.util.function.pooled.PooledLambdaImpl.doInvoke(PooledLambdaImpl.java:292)
12-11 11:23:08.006  1406  1469 D EventSequenceValidator: 	at com.android.internal.util.function.pooled.PooledLambdaImpl.invoke(PooledLambdaImpl.java:201)
12-11 11:23:08.006  1406  1469 D EventSequenceValidator: 	at com.android.internal.util.function.pooled.OmniFunction.run(OmniFunction.java:97)
12-11 11:23:08.006  1406  1469 D EventSequenceValidator: 	at android.os.Handler.handleCallback(Handler.java:938)
12-11 11:23:08.006  1406  1469 D EventSequenceValidator: 	at android.os.Handler.dispatchMessage(Handler.java:99)
12-11 11:23:08.006  1406  1469 D EventSequenceValidator: 	at android.os.Looper.loop(Looper.java:223)
12-11 11:23:08.006  1406  1469 D EventSequenceValidator: 	at android.os.HandlerThread.run(HandlerThread.java:67)
12-11 11:23:08.006  1406  1469 D EventSequenceValidator: 	at com.android.server.ServiceThread.run(ServiceThread.java:44)
12-11 11:23:08.006  1406  1469 D EventSequenceValidator: inc AccIntentStartedEvents to 2
12-11 11:23:08.013  1035  1035 I perfetto: ing_service_impl.cc:758 Configured tracing session 5720, #sources:1, duration:5000 ms, #buffers:1, total buffer size:4096 KB, total sessions:1, uid:1071 session name: ""
12-11 11:23:08.014  1034  1034 I perfetto: probes_producer.cc:230  Ftrace setup (target_buf=5720)
12-11 11:23:08.015   671   671 D android.hardware.power@1.3-service.pixel-libperfmgr: LAUNCH: 1
12-11 11:23:08.020  1034  1034 I perfetto: ftrace_procfs.cc:176    enabled ftrace
12-11 11:23:08.026  1406  1469 D CompatibilityChangeReporter: Compat change id reported: 135634846; UID 10340; state: DISABLED
12-11 11:23:08.026  1406  1476 D CompatibilityChangeReporter: Compat change id reported: 143937733; UID 10340; state: DISABLED
12-11 11:23:08.027  1406  1469 D EventSequenceValidator: onActivityLaunched during UNKNOWN.
12-11 11:23:08.027  1406  1469 D EventSequenceValidator: java.lang.Throwable: EventSequenceValidator#getStackTrace
12-11 11:23:08.027  1406  1469 D EventSequenceValidator: 	at com.google.android.startop.iorap.EventSequenceValidator.logWarningWithStackTrace(EventSequenceValidator.java:260)
12-11 11:23:08.027  1406  1469 D EventSequenceValidator: 	at com.google.android.startop.iorap.EventSequenceValidator.onActivityLaunched(EventSequenceValidator.java:149)
12-11 11:23:08.027  1406  1469 D EventSequenceValidator: 	at com.android.server.wm.LaunchObserverRegistryImpl.handleOnActivityLaunched(LaunchObserverRegistryImpl.java:157)
12-11 11:23:08.027  1406  1469 D EventSequenceValidator: 	at com.android.server.wm.LaunchObserverRegistryImpl.lambda$UGY1OclnLIQLMEL9B55qjERFf4o(Unknown Source:0)
12-11 11:23:08.027  1406  1469 D EventSequenceValidator: 	at com.android.server.wm.-$$Lambda$LaunchObserverRegistryImpl$UGY1OclnLIQLMEL9B55qjERFf4o.accept(Unknown Source:10)
12-11 11:23:08.027  1406  1469 D EventSequenceValidator: 	at com.android.internal.util.function.pooled.PooledLambdaImpl.doInvoke(PooledLambdaImpl.java:292)
12-11 11:23:08.027  1406  1469 D EventSequenceValidator: 	at com.android.internal.util.function.pooled.PooledLambdaImpl.invoke(PooledLambdaImpl.java:201)
12-11 11:23:08.027  1406  1469 D EventSequenceValidator: 	at com.android.internal.util.function.pooled.OmniFunction.run(OmniFunction.java:97)
12-11 11:23:08.027  1406  1469 D EventSequenceValidator: 	at android.os.Handler.handleCallback(Handler.java:938)
12-11 11:23:08.027  1406  1469 D EventSequenceValidator: 	at android.os.Handler.dispatchMessage(Handler.java:99)
12-11 11:23:08.027  1406  1469 D EventSequenceValidator: 	at android.os.Looper.loop(Looper.java:223)
12-11 11:23:08.027  1406  1469 D EventSequenceValidator: 	at android.os.HandlerThread.run(HandlerThread.java:67)
12-11 11:23:08.027  1406  1469 D EventSequenceValidator: 	at com.android.server.ServiceThread.run(ServiceThread.java:44)
12-11 11:23:08.033   868   868 D Zygote  : Forked child process 30746
12-11 11:23:08.036  1406  1476 I ActivityManager: Start proc 30746:com.flipkart.android/u0a340 for pre-top-activity {com.flipkart.android/com.flipkart.android.activity.HomeFragmentHolderActivity}
12-11 11:23:08.047 30746 30746 E lipkart.androi: Not starting debugger since process cannot load the jdwp agent.
12-11 11:23:08.067 30746 30746 D ApplicationLoaders: Returning zygote-cached class loader: /system/framework/android.test.base.jar
12-11 11:23:08.069 30746 30746 I lipkart.androi: The ClassLoaderContext is a special shared library.
12-11 11:23:08.079 30746 30746 I LoadedApk: No resource references to update in package com.flipkart.android.chat
12-11 11:23:08.079 30746 30746 I LoadedApk: No resource references to update in package com.flipkart.android.condition_assessor
12-11 11:23:08.079 30746 30746 D NetworkSecurityConfig: Using Network Security Config from resource network_security_config debugBuild: false
12-11 11:23:08.080 30746 30746 D NetworkSecurityConfig: Using Network Security Config from resource network_security_config debugBuild: false
12-11 11:23:08.086 30746 30746 I MultiDex: VM with version 2.1.0 has multidex support
12-11 11:23:08.086 30746 30746 I MultiDex: Installing application
12-11 11:23:08.086 30746 30746 I MultiDex: VM has multidex support, MultiDex support library is disabled.
12-11 11:23:08.096 30746 30746 I FirebaseApp: Device unlocked: initializing all Firebase APIs for app [DEFAULT]
12-11 11:23:08.112 30746 30746 W FirebaseCrashlytics: A new version of the Google Analytics for Firebase SDK is now available. For improved performance and compatibility with Crashlytics, please update to the latest version.
12-11 11:23:08.113 30746 30775 W cd      : Application name is not set. Call Builder#setApplicationName.
12-11 11:23:08.118 30746 30746 I FirebaseCrashlytics: Initializing Crashlytics 17.2.2
12-11 11:23:08.128 30746 30746 W cd      : Application name is not set. Call Builder#setApplicationName.
12-11 11:23:08.131 30746 30746 I FirebaseInitProvider: FirebaseApp initialization successful
12-11 11:23:08.137 30746 30746 I TetheringManager: registerTetheringEventCallback:com.flipkart.android
12-11 11:23:08.169 30746 30795 E ADBMobile: ADBMobile Error : Wearable - Failed to load class com.adobe.mobile.ConfigSynchronizer
12-11 11:23:08.177 30746 30794 I Tune#a():107: Initializing Tune Version 4.16.0
12-11 11:23:08.178  1406  3273 D CompatibilityChangeReporter: Compat change id reported: 136274596; UID 10340; state: DISABLED
12-11 11:23:08.203 30746 30773 I FA      : App measurement is starting up, version: 16250
12-11 11:23:08.203 30746 30773 I FA      : To enable debug logging run: adb shell setprop log.tag.FA VERBOSE
12-11 11:23:08.203 30746 30773 I FA      : To enable faster debug mode event logging run:
12-11 11:23:08.203 30746 30773 I FA      :   adb shell setprop debug.firebase.analytics.app com.flipkart.android
12-11 11:23:08.230 30746 30746 W FirebaseRemoteConfig: No value of type 'String' exists for parameter key 'sessions_feature_enabled'.
12-11 11:23:08.230 30746 30746 D FirebasePerformance: Creating a new Non Verbose Session: bd27592720184d7d9a41916dd17ce90e
12-11 11:23:08.230 30746 30746 W FirebaseRemoteConfig: No value of type 'String' exists for parameter key 'sessions_feature_enabled'.
12-11 11:23:08.230 30746 30746 D FirebasePerformance: Creating a new Non Verbose Session: 29263321b8ee41efb4b14acd909bd0d1
12-11 11:23:08.239 30746 30746 I PlayCore: UID: [10340]  PID: [30746] AppUpdateService : requestUpdateInfo(com.flipkart.android)
12-11 11:23:08.240 30746 30824 I PlayCore: UID: [10340]  PID: [30746] AppUpdateService : Initiate binding to the service.
12-11 11:23:08.242 30746 30775 I FirebaseRemoteConfig: Fetch succeeded!
12-11 11:23:08.252 30746 30773 I FA      : Tag Manager is not found and thus will not be used
12-11 11:23:08.298 30746 30746 I FirebasePerformance: Session ID - 29263321b8ee41efb4b14acd909bd0d1
12-11 11:23:08.306 30746 30839 W FirebaseRemoteConfig: No value of type 'String' exists for parameter key 'trace_flimit_time'.
12-11 11:23:08.306 30746 30839 W FirebaseRemoteConfig: No value of type 'String' exists for parameter key 'trace_flimit_events'.
12-11 11:23:08.306 30746 30839 W FirebaseRemoteConfig: No value of type 'String' exists for parameter key 'trace_blimit_time'.
12-11 11:23:08.306 30746 30839 W FirebaseRemoteConfig: No value of type 'String' exists for parameter key 'trace_blimit_events'.
12-11 11:23:08.306 30746 30839 W FirebaseRemoteConfig: No value of type 'String' exists for parameter key 'network_flimit_time'.
12-11 11:23:08.306 30746 30839 W FirebaseRemoteConfig: No value of type 'String' exists for parameter key 'network_flimit_events'.
12-11 11:23:08.306 30746 30839 W FirebaseRemoteConfig: No value of type 'String' exists for parameter key 'network_blimit_time'.
12-11 11:23:08.307 30746 30839 W FirebaseRemoteConfig: No value of type 'String' exists for parameter key 'network_blimit_events'.
12-11 11:23:08.340  1406  3273 D ConnectivityService: requestNetwork for uid/pid:10340/30746 NetworkRequest [ TRACK_DEFAULT id=23499, [ Capabilities: INTERNET&NOT_RESTRICTED&TRUSTED Uid: 10340 AdministratorUids: [] RequestorUid: 10340 RequestorPackageName: com.flipkart.android] ]
12-11 11:23:08.340  1406  1644 D ConnectivityService: NetReassign [23499 : null → 457]
12-11 11:23:08.341  1406  1719 D WIFI_AWARE_FACTORY: got request NetworkRequest [ TRACK_DEFAULT id=23499, [ Capabilities: INTERNET&NOT_RESTRICTED&TRUSTED Uid: 10340 AdministratorUids: [] RequestorUid: 10340 RequestorPackageName: com.flipkart.android] ] with score 60 and providerId 5
12-11 11:23:08.341  1406  1619 D UntrustedWifiNetworkFactory: got request NetworkRequest [ TRACK_DEFAULT id=23499, [ Capabilities: INTERNET&NOT_RESTRICTED&TRUSTED Uid: 10340 AdministratorUids: [] RequestorUid: 10340 RequestorPackageName: com.flipkart.android] ] with score 60 and providerId 5
12-11 11:23:08.341  1406  1619 D WifiNetworkFactory: got request NetworkRequest [ TRACK_DEFAULT id=23499, [ Capabilities: INTERNET&NOT_RESTRICTED&TRUSTED Uid: 10340 AdministratorUids: [] RequestorUid: 10340 RequestorPackageName: com.flipkart.android] ] with score 60 and providerId 5
12-11 11:23:08.341  1406  1720 D Ethernet: got request NetworkRequest [ TRACK_DEFAULT id=23499, [ Capabilities: INTERNET&NOT_RESTRICTED&TRUSTED Uid: 10340 AdministratorUids: [] RequestorUid: 10340 RequestorPackageName: com.flipkart.android] ] with score 60 and providerId 5
12-11 11:23:08.342  2117  2117 D PhoneSwitcherNetworkRequstListener: got request NetworkRequest [ TRACK_DEFAULT id=23499, [ Capabilities: INTERNET&NOT_RESTRICTED&TRUSTED Uid: 10340 AdministratorUids: [] RequestorUid: 10340 RequestorPackageName: com.flipkart.android] ] with score 60 and providerId 5
12-11 11:23:08.346  2117  2117 D Telephony: isEmergencyPreferredAccount: subId=1, activeData=1
12-11 11:23:08.346  2117  2117 D Telephony: isEmergencyPreferredAccount: Device does not require preference.
12-11 11:23:08.353  1406  1644 D ConnectivityService: NetReassign [no changes]
12-11 11:23:08.361  1791  1791 V KeyguardUpdateMonitor: onSubscriptionInfoChanged()
12-11 11:23:08.364  1791  1791 V KeyguardUpdateMonitor: SubInfo:{id=1 iccId=899186000[****] simSlotIndex=0 carrierId=1963 displayName=Vodafone IN carrierName=Vodafone IN nameSource=0 iconTint=-16746133 number=[****] dataRoaming=0 iconBitmap=android.graphics.Bitmap@4dbac42 mcc=404 mnc=86 countryIso=in isEmbedded=false nativeAccessRules=null cardString=899186000[****] cardId=-1 isOpportunistic=false groupUUID=null isGroupDisabled=false profileClass=-1 ehplmns=[] hplmns=[40486] subscriptionType=0 groupOwner=null carrierConfigAccessRules=null areUiccApplicationsEnabled=true}
12-11 11:23:08.368 30746 30746 D FirebasePerformance: onResume(): com.flipkart.android.activity.HomeFragmentHolderActivity: 278815 microseconds
12-11 11:23:08.372 30746 30746 W FirebaseRemoteConfig: No value of type 'String' exists for parameter key 'sessions_max_length_minutes'.
12-11 11:23:08.372 30746 30839 W FirebaseRemoteConfig: No value of type 'String' exists for parameter key 'sessions_feature_enabled'.
12-11 11:23:08.381 30746 30746 I PlayCore: UID: [10340]  PID: [30746] SplitInstallListenerRegistry : registerListener
12-11 11:23:08.389 30746 30851 E CursorWindow: Failed to read row 0, column 29 from a CursorWindow which has 1 rows, 29 columns.
12-11 11:23:08.391 30746 30854 E TUNETuneParameters#getGoogleAdTrackingLimited():31: Error parsing googleAdTrackingLimited value null
12-11 11:23:08.391 30746 30854 E TUNETuneParameters#getGoogleAdTrackingLimited():31: java.lang.NumberFormatException: s == null
12-11 11:23:08.391 30746 30854 E TUNETuneParameters#getGoogleAdTrackingLimited():31: 	at java.lang.Integer.parseInt(Integer.java:577)
12-11 11:23:08.391 30746 30854 E TUNETuneParameters#getGoogleAdTrackingLimited():31: 	at java.lang.Integer.parseInt(Integer.java:650)
12-11 11:23:08.391 30746 30854 E TUNETuneParameters#getGoogleAdTrackingLimited():31: 	at com.tune.TuneParameters.getGoogleAdTrackingLimited(Unknown Source:6)
12-11 11:23:08.391 30746 30854 E TUNETuneParameters#getGoogleAdTrackingLimited():31: 	at com.tune.c.a(Unknown Source:924)
12-11 11:23:08.391 30746 30854 E TUNETuneParameters#getGoogleAdTrackingLimited():31: 	at com.tune.Tune$4.run(Unknown Source:164)
12-11 11:23:08.391 30746 30854 E TUNETuneParameters#getGoogleAdTrackingLimited():31: 	at java.util.concurrent.ThreadPoolExecutor.runWorker(ThreadPoolExecutor.java:1167)
12-11 11:23:08.391 30746 30854 E TUNETuneParameters#getGoogleAdTrackingLimited():31: 	at java.util.concurrent.ThreadPoolExecutor$Worker.run(ThreadPoolExecutor.java:641)
12-11 11:23:08.391 30746 30854 E TUNETuneParameters#getGoogleAdTrackingLimited():31: 	at java.lang.Thread.run(Thread.java:923)
12-11 11:23:08.393 30746 30764 D CompatibilityChangeReporter: Compat change id reported: 150939131; UID 10340; state: DISABLED
12-11 11:23:08.394 30746 30854 E TUNETuneParameters#getFireAdTrackingLimited():31: Error parsing fireAdTrackingLimited value null
12-11 11:23:08.394 30746 30854 E TUNETuneParameters#getFireAdTrackingLimited():31: java.lang.NumberFormatException: s == null
12-11 11:23:08.394 30746 30854 E TUNETuneParameters#getFireAdTrackingLimited():31: 	at java.lang.Integer.parseInt(Integer.java:577)
12-11 11:23:08.394 30746 30854 E TUNETuneParameters#getFireAdTrackingLimited():31: 	at java.lang.Integer.parseInt(Integer.java:650)
12-11 11:23:08.394 30746 30854 E TUNETuneParameters#getFireAdTrackingLimited():31: 	at com.tune.TuneParameters.getFireAdTrackingLimited(Unknown Source:6)
12-11 11:23:08.394 30746 30854 E TUNETuneParameters#getFireAdTrackingLimited():31: 	at com.tune.c.a(Unknown Source:940)
12-11 11:23:08.394 30746 30854 E TUNETuneParameters#getFireAdTrackingLimited():31: 	at com.tune.Tune$4.run(Unknown Source:164)
12-11 11:23:08.394 30746 30854 E TUNETuneParameters#getFireAdTrackingLimited():31: 	at java.util.concurrent.ThreadPoolExecutor.runWorker(ThreadPoolExecutor.java:1167)
12-11 11:23:08.394 30746 30854 E TUNETuneParameters#getFireAdTrackingLimited():31: 	at java.util.concurrent.ThreadPoolExecutor$Worker.run(ThreadPoolExecutor.java:641)
12-11 11:23:08.394 30746 30854 E TUNETuneParameters#getFireAdTrackingLimited():31: 	at java.lang.Thread.run(Thread.java:923)
12-11 11:23:08.404 30746 30746 I PlayCore: UID: [10340]  PID: [30746] AppUpdateService : ServiceConnectionImpl.onServiceConnected(ComponentInfo{com.android.vending/com.google.android.finsky.installservice.DevTriggeredUpdateService})
12-11 11:23:08.404 30746 30824 I PlayCore: UID: [10340]  PID: [30746] AppUpdateService : linkToDeath
12-11 11:23:08.409 15503 30861 I Finsky  : [5268] sap.a(5): Using cached document to get update info
12-11 11:23:08.411 15503 30861 W Finsky  : [5268] sdg.e(2): No cached information about app com.flipkart.android, while trying to retrieve app details.
12-11 11:23:08.412 15503 30861 E Finsky  : [5268] sap.a(7): In-app-update: Missing AppDetails!
12-11 11:23:08.415 15503 30861 W Finsky  : [5268] sau.a(3): No cached information about app com.flipkart.android, while trying to retrieve the available version code.
12-11 11:23:08.418 30746 30764 I PlayCore: UID: [10340]  PID: [30746] OnRequestInstallCallback : onRequestInfo
12-11 11:23:08.418 30746 30824 I PlayCore: UID: [10340]  PID: [30746] AppUpdateService : Unbind from service.
12-11 11:23:08.434 30746 30853 E CursorWindow: Failed to read row 0, column 29 from a CursorWindow which has 14 rows, 29 columns.
12-11 11:23:08.435 30746 30853 E CursorWindow: Failed to read row 1, column 29 from a CursorWindow which has 14 rows, 29 columns.
12-11 11:23:08.436 30746 30853 E CursorWindow: Failed to read row 2, column 29 from a CursorWindow which has 14 rows, 29 columns.
12-11 11:23:08.436 30746 30853 E CursorWindow: Failed to read row 3, column 29 from a CursorWindow which has 14 rows, 29 columns.
12-11 11:23:08.437 30746 30853 E CursorWindow: Failed to read row 4, column 29 from a CursorWindow which has 14 rows, 29 columns.
12-11 11:23:08.437 30746 30853 E CursorWindow: Failed to read row 5, column 29 from a CursorWindow which has 14 rows, 29 columns.
12-11 11:23:08.437 30746 30817 I AdrenoGLES-0: QUALCOMM build                   : 02fe52e, Ie73904e3bd
12-11 11:23:08.437 30746 30817 I AdrenoGLES-0: Build Date                       : 06/27/20
12-11 11:23:08.437 30746 30817 I AdrenoGLES-0: OpenGL ES Shader Compiler Version: EV031.31.04.00
12-11 11:23:08.437 30746 30817 I AdrenoGLES-0: Local Branch                     : gfx-adreno.lnx.2.0
12-11 11:23:08.437 30746 30817 I AdrenoGLES-0: Remote Branch                    : quic/gfx-adreno.lnx.2.0
12-11 11:23:08.437 30746 30817 I AdrenoGLES-0: Remote Branch                    : NONE
12-11 11:23:08.437 30746 30817 I AdrenoGLES-0: Reconstruct Branch               : NOTHING
12-11 11:23:08.437 30746 30853 E CursorWindow: Failed to read row 6, column 29 from a CursorWindow which has 14 rows, 29 columns.
12-11 11:23:08.437 30746 30817 I AdrenoGLES-0: Build Config                     : S L 10.0.5 AArch64
12-11 11:23:08.438 30746 30817 I AdrenoGLES-0: Driver Path                      : /vendor/lib64/egl/libGLESv2_adreno.so
12-11 11:23:08.438 30746 30853 E CursorWindow: Failed to read row 7, column 29 from a CursorWindow which has 14 rows, 29 columns.
12-11 11:23:08.441 30746 30746 E RecyclerView: No adapter attached; skipping layout
12-11 11:23:08.441 30746 30853 E CursorWindow: Failed to read row 8, column 29 from a CursorWindow which has 14 rows, 29 columns.
12-11 11:23:08.441 30746 30853 E CursorWindow: Failed to read row 9, column 29 from a CursorWindow which has 14 rows, 29 columns.
12-11 11:23:08.442 30746 30817 I AdrenoGLES-0: PFP: 0x005ff112, ME: 0x005ff066
12-11 11:23:08.442 30746 30746 E RecyclerView: No adapter attached; skipping layout
12-11 11:23:08.445 30746 30853 E CursorWindow: Failed to read row 10, column 29 from a CursorWindow which has 14 rows, 29 columns.
12-11 11:23:08.445 30746 30853 E CursorWindow: Failed to read row 11, column 29 from a CursorWindow which has 14 rows, 29 columns.
12-11 11:23:08.446 30746 30817 W AdrenoUtils: <ReadGpuID_from_sysfs:197>: Failed to open /sys/class/kgsl/kgsl-3d0/gpu_model
12-11 11:23:08.446 30746 30817 W AdrenoUtils: <ReadGpuID:221>: Failed to read chip ID from gpu_model. Fallback to use the GSL path
12-11 11:23:08.446 30746 30853 E CursorWindow: Failed to read row 12, column 29 from a CursorWindow which has 14 rows, 29 columns.
12-11 11:23:08.448 30746 30853 E CursorWindow: Failed to read row 13, column 29 from a CursorWindow which has 14 rows, 29 columns.
12-11 11:23:08.455 30746 30850 E CursorWindow: Failed to read row 0, column 29 from a CursorWindow which has 32 rows, 29 columns.
12-11 11:23:08.458 30746 30850 E CursorWindow: Failed to read row 1, column 29 from a CursorWindow which has 32 rows, 29 columns.
12-11 11:23:08.462 30746 30850 E CursorWindow: Failed to read row 2, column 29 from a CursorWindow which has 32 rows, 29 columns.
12-11 11:23:08.464 30746 30850 E CursorWindow: Failed to read row 3, column 29 from a CursorWindow which has 32 rows, 29 columns.
12-11 11:23:08.465   638   638 I hwservicemanager: getTransport: Cannot find entry android.hardware.graphics.mapper@4.0::IMapper/default in either framework or device manifest.
12-11 11:23:08.465 30746 30817 I Gralloc4: mapper 4.x is not supported
12-11 11:23:08.465 30746 30850 E CursorWindow: Failed to read row 4, column 29 from a CursorWindow which has 32 rows, 29 columns.
12-11 11:23:08.465   638   638 I hwservicemanager: getTransport: Cannot find entry android.hardware.graphics.mapper@3.0::IMapper/default in either framework or device manifest.
12-11 11:23:08.465 30746 30817 W Gralloc3: mapper 3.x is not supported
12-11 11:23:08.470 30746 30850 E CursorWindow: Failed to read row 5, column 29 from a CursorWindow which has 32 rows, 29 columns.
12-11 11:23:08.470 30746 30850 E CursorWindow: Failed to read row 6, column 29 from a CursorWindow which has 32 rows, 29 columns.
12-11 11:23:08.471 30746 30850 E CursorWindow: Failed to read row 7, column 29 from a CursorWindow which has 32 rows, 29 columns.
12-11 11:23:08.472 30746 30850 E CursorWindow: Failed to read row 8, column 29 from a CursorWindow which has 32 rows, 29 columns.
12-11 11:23:08.472 30746 30850 E CursorWindow: Failed to read row 9, column 29 from a CursorWindow which has 32 rows, 29 columns.
12-11 11:23:08.473 30746 30850 E CursorWindow: Failed to read row 10, column 29 from a CursorWindow which has 32 rows, 29 columns.
12-11 11:23:08.474 30746 30850 E CursorWindow: Failed to read row 11, column 29 from a CursorWindow which has 32 rows, 29 columns.
12-11 11:23:08.474 30746 30850 E CursorWindow: Failed to read row 12, column 29 from a CursorWindow which has 32 rows, 29 columns.
12-11 11:23:08.481  1406  1469 D EventSequenceValidator: onActivityLaunchFinished during UNKNOWN.
12-11 11:23:08.481  1406  1469 D EventSequenceValidator: java.lang.Throwable: EventSequenceValidator#getStackTrace
12-11 11:23:08.481  1406  1469 D EventSequenceValidator: 	at com.google.android.startop.iorap.EventSequenceValidator.logWarningWithStackTrace(EventSequenceValidator.java:260)
12-11 11:23:08.481  1406  1469 D EventSequenceValidator: 	at com.google.android.startop.iorap.EventSequenceValidator.onActivityLaunchFinished(EventSequenceValidator.java:185)
12-11 11:23:08.481  1406  1469 D EventSequenceValidator: 	at com.android.server.wm.LaunchObserverRegistryImpl.handleOnActivityLaunchFinished(LaunchObserverRegistryImpl.java:175)
12-11 11:23:08.481  1406  1469 D EventSequenceValidator: 	at com.android.server.wm.LaunchObserverRegistryImpl.lambda$QcawcFcJtEX4EhYptq_Vb4j368Y(Unknown Source:0)
12-11 11:23:08.481  1406  1469 D EventSequenceValidator: 	at com.android.server.wm.-$$Lambda$LaunchObserverRegistryImpl$QcawcFcJtEX4EhYptq_Vb4j368Y.accept(Unknown Source:10)
12-11 11:23:08.481  1406  1469 D EventSequenceValidator: 	at com.android.internal.util.function.pooled.PooledLambdaImpl.doInvoke(PooledLambdaImpl.java:292)
12-11 11:23:08.481  1406  1469 D EventSequenceValidator: 	at com.android.internal.util.function.pooled.PooledLambdaImpl.invoke(PooledLambdaImpl.java:201)
12-11 11:23:08.481  1406  1469 D EventSequenceValidator: 	at com.android.internal.util.function.pooled.OmniFunction.run(OmniFunction.java:97)
12-11 11:23:08.481  1406  1469 D EventSequenceValidator: 	at android.os.Handler.handleCallback(Handler.java:938)
12-11 11:23:08.481  1406  1469 D EventSequenceValidator: 	at android.os.Handler.dispatchMessage(Handler.java:99)
12-11 11:23:08.481  1406  1469 D EventSequenceValidator: 	at android.os.Looper.loop(Looper.java:223)
12-11 11:23:08.481  1406  1469 D EventSequenceValidator: 	at android.os.HandlerThread.run(HandlerThread.java:67)
12-11 11:23:08.481  1406  1469 D EventSequenceValidator: 	at com.android.server.ServiceThread.run(ServiceThread.java:44)
12-11 11:23:08.481  1406  1469 D EventSequenceValidator: dec AccIntentStartedEvents to 1
12-11 11:23:08.483  1406  1474 D ArtManagerInternalImpl: /data/misc/iorapd/com.flipkart.android/1200017/com.flipkart.android.activity.HomeFragmentHolderActivity/compiled_traces/compiled_trace.pb doesn't exist
12-11 11:23:08.483 30746 30850 E CursorWindow: Failed to read row 13, column 29 from a CursorWindow which has 32 rows, 29 columns.
12-11 11:23:08.483  1406  1474 I ActivityTaskManager: Displayed com.flipkart.android/.activity.HomeFragmentHolderActivity: +474ms
12-11 11:23:08.484 30746 30850 E CursorWindow: Failed to read row 14, column 29 from a CursorWindow which has 32 rows, 29 columns.
12-11 11:23:08.484 30746 30850 E CursorWindow: Failed to read row 15, column 29 from a CursorWindow which has 32 rows, 29 columns.
12-11 11:23:08.485 30746 30850 E CursorWindow: Failed to read row 16, column 29 from a CursorWindow which has 32 rows, 29 columns.
12-11 11:23:08.485 30746 30850 E CursorWindow: Failed to read row 17, column 29 from a CursorWindow which has 32 rows, 29 columns.
12-11 11:23:08.486 30746 30850 E CursorWindow: Failed to read row 18, column 29 from a CursorWindow which has 32 rows, 29 columns.
12-11 11:23:08.487 30746 30850 E CursorWindow: Failed to read row 19, column 29 from a CursorWindow which has 32 rows, 29 columns.
12-11 11:23:08.490 30746 30850 E CursorWindow: Failed to read row 20, column 29 from a CursorWindow which has 32 rows, 29 columns.
12-11 11:23:08.491 30746 30850 E CursorWindow: Failed to read row 21, column 29 from a CursorWindow which has 32 rows, 29 columns.
12-11 11:23:08.492 30746 30850 E CursorWindow: Failed to read row 22, column 29 from a CursorWindow which has 32 rows, 29 columns.
12-11 11:23:08.492 30746 30850 E CursorWindow: Failed to read row 23, column 29 from a CursorWindow which has 32 rows, 29 columns.
12-11 11:23:08.493 30746 30850 E CursorWindow: Failed to read row 24, column 29 from a CursorWindow which has 32 rows, 29 columns.
12-11 11:23:08.494 30746 30850 E CursorWindow: Failed to read row 25, column 29 from a CursorWindow which has 32 rows, 29 columns.
12-11 11:23:08.495 30746 30850 E CursorWindow: Failed to read row 26, column 29 from a CursorWindow which has 32 rows, 29 columns.
12-11 11:23:08.496 30746 30850 E CursorWindow: Failed to read row 27, column 29 from a CursorWindow which has 32 rows, 29 columns.
12-11 11:23:08.496 30746 30850 E CursorWindow: Failed to read row 28, column 29 from a CursorWindow which has 32 rows, 29 columns.
12-11 11:23:08.500 30693 30725 I appium  : channel read invoked!
12-11 11:23:08.500 30693 30725 I appium  : channel read: GET /wd/hub/session/84aaee0d-145e-4d68-9135-0b4bacad36fa/appium/device/pixel_ratio
12-11 11:23:08.501 30693 30725 I appium  : Get device pixel ratio
12-11 11:23:08.501 30693 30725 I appium  : AppiumResponse: {"sessionId":"84aaee0d-145e-4d68-9135-0b4bacad36fa","value":3.5}
12-11 11:23:08.502 30746 30850 E CursorWindow: Failed to read row 29, column 29 from a CursorWindow which has 32 rows, 29 columns.
12-11 11:23:08.502 30746 30820 I WM-WorkerWrapper: Worker result SUCCESS for Work [ id=238d6277-87bb-46d9-afa0-2c46d855b68d, tags={ com.flipkart.android.notification.FkPNTaskWorker } ]
12-11 11:23:08.505 30746 30850 E CursorWindow: Failed to read row 30, column 29 from a CursorWindow which has 32 rows, 29 columns.
12-11 11:23:08.509 30693 30725 I appium  : channel read invoked!
12-11 11:23:08.509 30693 30725 I appium  : channel read: GET /wd/hub/session/84aaee0d-145e-4d68-9135-0b4bacad36fa/appium/device/system_bars
12-11 11:23:08.510 30693 30725 I appium  : Get status bar height of the device
12-11 11:23:08.510 30693 30725 I appium  : AppiumResponse: {"sessionId":"84aaee0d-145e-4d68-9135-0b4bacad36fa","value":{"statusBar":98}}
12-11 11:23:08.511 30746 30850 E CursorWindow: Failed to read row 31, column 29 from a CursorWindow which has 32 rows, 29 columns.
12-11 11:23:08.512 30746 30746 D SoLoader: init start
12-11 11:23:08.512 30746 30746 D SoLoader: adding system library source: /vendor/lib
12-11 11:23:08.512 30746 30746 D SoLoader: adding system library source: /system/lib
12-11 11:23:08.512 30746 30746 D SoLoader: adding application source: com.facebook.soloader.c[root = /data/app/~~AyNcwMNVTgJJmuyoQ36DuQ==/com.flipkart.android-2FPjidu9cl0MIe0Lo372nw==/lib/arm64 flags = 0]
12-11 11:23:08.513 30746 30746 D SoLoader: adding backup source from : com.facebook.soloader.a[root = /data/user/0/com.flipkart.android/lib-main flags = 1]
12-11 11:23:08.513 30746 30746 D SoLoader: Preparing SO source: com.facebook.soloader.c[root = /system/lib flags = 2]
12-11 11:23:08.513 30746 30746 D SoLoader: Preparing SO source: com.facebook.soloader.c[root = /vendor/lib flags = 2]
12-11 11:23:08.513 30746 30746 D SoLoader: Preparing SO source: com.facebook.soloader.c[root = /data/app/~~AyNcwMNVTgJJmuyoQ36DuQ==/com.flipkart.android-2FPjidu9cl0MIe0Lo372nw==/lib/arm64 flags = 0]
12-11 11:23:08.513 30746 30746 D SoLoader: Preparing SO source: com.facebook.soloader.a[root = /data/user/0/com.flipkart.android/lib-main flags = 1]
12-11 11:23:08.513 30746 30746 V fb-UnpackingSoSource: locked dso store /data/user/0/com.flipkart.android/lib-main
12-11 11:23:08.514 30746 30746 I fb-UnpackingSoSource: dso store is up-to-date: /data/user/0/com.flipkart.android/lib-main
12-11 11:23:08.514 30746 30746 V fb-UnpackingSoSource: releasing dso store lock for /data/user/0/com.flipkart.android/lib-main
12-11 11:23:08.514 30746 30746 D SoLoader: init finish: 4 SO sources prepared
12-11 11:23:08.514 30746 30746 D SoLoader: init exiting
12-11 11:23:08.516 30746 30828 D BinaryFileManagerRunner: Attempting operation for module: multiWidget
12-11 11:23:08.516 30746 30828 D BinaryFileManagerRunner: Starting operation for module: multiWidget
12-11 11:23:08.518 30746 30828 D BinaryFileManager: Returning current bundle
12-11 11:23:08.518 30693 30725 I appium  : channel read invoked!
12-11 11:23:08.518 30693 30725 I appium  : channel read: GET /wd/hub/session/84aaee0d-145e-4d68-9135-0b4bacad36fa/window/current/size
12-11 11:23:08.519 30693 30725 I appium  : Get window size of the device
12-11 11:23:08.520 30693 30725 I appium  : AppiumResponse: {"sessionId":"84aaee0d-145e-4d68-9135-0b4bacad36fa","value":{"height":2712,"width":1440}}
12-11 11:23:08.523 30746 30746 W System.err: java.net.MalformedURLException: no protocol: homepage
12-11 11:23:08.523 30746 30746 W System.err: 	at java.net.URL.<init>(URL.java:601)
12-11 11:23:08.523 30746 30746 W System.err: 	at java.net.URL.<init>(URL.java:498)
12-11 11:23:08.523 30746 30746 W System.err: 	at java.net.URL.<init>(URL.java:447)
12-11 11:23:08.523 30746 30746 W System.err: 	at com.flipkart.android.utils.cc.getUrlPath(Unknown Source:2)
12-11 11:23:08.523 30746 30746 W System.err: 	at com.flipkart.android.bottomnavigation.c.a(Unknown Source:139)
12-11 11:23:08.523 30746 30746 W System.err: 	at com.flipkart.android.bottomnavigation.c.update(Unknown Source:135)
12-11 11:23:08.523 30746 30746 W System.err: 	at com.flipkart.android.reactnative.nativeuimodules.reactbottombar.ReactBottomNavigationFragment.emitAlreadyExistingResponse(Unknown Source:15)
12-11 11:23:08.523 30746 30746 W System.err: 	at com.flipkart.android.reactnative.nativeuimodules.reactbottombar.ReactBottomNavigationFragment.onViewCreated(Unknown Source:8)
12-11 11:23:08.523 30746 30746 W System.err: 	at androidx.fragment.app.h.a(Unknown Source:632)
12-11 11:23:08.523 30746 30746 W System.err: 	at androidx.fragment.app.h.f(Unknown Source:38)
12-11 11:23:08.523 30746 30746 W System.err: 	at androidx.fragment.app.a.h(Unknown Source:150)
12-11 11:23:08.523 30746 30746 W System.err: 	at androidx.fragment.app.h.b(Unknown Source:38)
12-11 11:23:08.523 30746 30746 W System.err: 	at androidx.fragment.app.h.a(Unknown Source:113)
12-11 11:23:08.523 30746 30746 W System.err: 	at androidx.fragment.app.h.b(Unknown Source:88)
12-11 11:23:08.523 30746 30746 W System.err: 	at androidx.fragment.app.h.k(Unknown Source:21)
12-11 11:23:08.523 30746 30746 W System.err: 	at androidx.fragment.app.h.f(Unknown Source:9)
12-11 11:23:08.523 30746 30746 W System.err: 	at androidx.fragment.app.h.s(Unknown Source:6)
12-11 11:23:08.523 30746 30746 W System.err: 	at androidx.fragment.app.Fragment.performActivityCreated(Unknown Source:24)
12-11 11:23:08.523 30746 30746 W System.err: 	at androidx.fragment.app.h.a(Unknown Source:663)
12-11 11:23:08.523 30746 30746 W System.err: 	at androidx.fragment.app.h.f(Unknown Source:38)
12-11 11:23:08.523 30746 30746 W System.err: 	at androidx.fragment.app.a.h(Unknown Source:150)
12-11 11:23:08.523 30746 30746 W System.err: 	at androidx.fragment.app.h.b(Unknown Source:38)
12-11 11:23:08.523 30746 30746 W System.err: 	at androidx.fragment.app.h.a(Unknown Source:113)
12-11 11:23:08.523 30746 30746 W System.err: 	at androidx.fragment.app.h.b(Unknown Source:88)
12-11 11:23:08.523 30746 30746 W System.err: 	at androidx.fragment.app.h.k(Unknown Source:21)
12-11 11:23:08.523 30746 30746 W System.err: 	at androidx.fragment.app.h$1.run(Unknown Source:2)
12-11 11:23:08.523 30746 30746 W System.err: 	at android.os.Handler.handleCallback(Handler.java:938)
12-11 11:23:08.523 30746 30746 W System.err: 	at android.os.Handler.dispatchMessage(Handler.java:99)
12-11 11:23:08.523 30746 30746 W System.err: 	at android.os.Looper.loop(Looper.java:223)
12-11 11:23:08.523 30746 30746 W System.err: 	at android.app.ActivityThread.main(ActivityThread.java:7656)
12-11 11:23:08.523 30746 30746 W System.err: 	at java.lang.reflect.Method.invoke(Native Method)
12-11 11:23:08.523 30746 30746 W System.err: 	at com.android.internal.os.RuntimeInit$MethodAndArgsCaller.run(RuntimeInit.java:592)
12-11 11:23:08.524 30746 30746 W System.err: 	at com.android.internal.os.ZygoteInit.main(ZygoteInit.java:947)
12-11 11:23:08.525 30746 30746 D SoLoader: About to load: libreactnativejni.so
12-11 11:23:08.525 30746 30746 D SoLoader: libreactnativejni.so not found on /data/user/0/com.flipkart.android/lib-main
12-11 11:23:08.525 30746 30746 D SoLoader: libreactnativejni.so found on /data/app/~~AyNcwMNVTgJJmuyoQ36DuQ==/com.flipkart.android-2FPjidu9cl0MIe0Lo372nw==/lib/arm64
12-11 11:23:08.525 30746 30746 D SoLoader: Not resolving dependencies for libreactnativejni.so
12-11 11:23:08.546 30746 30746 D SoLoader: Loaded: libreactnativejni.so
12-11 11:23:08.546 30746 30746 D SoLoader: About to load: libfb.so
12-11 11:23:08.546 30746 30746 D SoLoader: libfb.so not found on /data/user/0/com.flipkart.android/lib-main
12-11 11:23:08.546 30746 30746 D SoLoader: libfb.so found on /data/app/~~AyNcwMNVTgJJmuyoQ36DuQ==/com.flipkart.android-2FPjidu9cl0MIe0Lo372nw==/lib/arm64
12-11 11:23:08.546 30746 30746 D SoLoader: Not resolving dependencies for libfb.so
12-11 11:23:08.548 30746 30746 D SoLoader: About to load: libfb.so
12-11 11:23:08.549 30746 30746 D SoLoader: libfb.so not found on /data/user/0/com.flipkart.android/lib-main
12-11 11:23:08.549 30746 30746 D SoLoader: libfb.so found on /data/app/~~AyNcwMNVTgJJmuyoQ36DuQ==/com.flipkart.android-2FPjidu9cl0MIe0Lo372nw==/lib/arm64
12-11 11:23:08.549 30746 30746 D SoLoader: Not resolving dependencies for libfb.so
12-11 11:23:08.549 30746 30746 I lipkart.androi: Thread[1,tid=30746,Native,Thread*=0x789b4d1380,peer=0x726593a8,"main"] recursive attempt to load library "/data/app/~~AyNcwMNVTgJJmuyoQ36DuQ==/com.flipkart.android-2FPjidu9cl0MIe0Lo372nw==/lib/arm64/libfb.so"
12-11 11:23:08.549 30746 30746 D SoLoader: Loaded: libfb.so
12-11 11:23:08.549 30746 30746 D SoLoader: Loaded: libfb.so
12-11 11:23:08.552 30746 30746 W System.err: java.net.MalformedURLException: no protocol: homepage
12-11 11:23:08.553 30746 30746 W System.err: 	at java.net.URL.<init>(URL.java:601)
12-11 11:23:08.553 30746 30746 W System.err: 	at java.net.URL.<init>(URL.java:498)
12-11 11:23:08.553 30746 30746 W System.err: 	at java.net.URL.<init>(URL.java:447)
12-11 11:23:08.553 30746 30746 W System.err: 	at com.flipkart.android.utils.cc.getUrlPath(Unknown Source:2)
12-11 11:23:08.553 30746 30746 W System.err: 	at com.flipkart.android.bottomnavigation.c.a(Unknown Source:139)
12-11 11:23:08.553 30746 30746 W System.err: 	at com.flipkart.android.bottomnavigation.c.update(Unknown Source:135)
12-11 11:23:08.553 30746 30746 W System.err: 	at com.flipkart.android.reactnative.nativeuimodules.reactbottombar.ReactBottomNavigationFragment.onResume(Unknown Source:13)
12-11 11:23:08.553 30746 30746 W System.err: 	at androidx.fragment.app.Fragment.performResume(Unknown Source:18)
12-11 11:23:08.553 30746 30746 W System.err: 	at androidx.fragment.app.h.a(Unknown Source:740)
12-11 11:23:08.553 30746 30746 W System.err: 	at androidx.fragment.app.h.f(Unknown Source:38)
12-11 11:23:08.553 30746 30746 W System.err: 	at androidx.fragment.app.h.a(Unknown Source:46)
12-11 11:23:08.553 30746 30746 W System.err: 	at androidx.fragment.app.h.f(Unknown Source:4)
12-11 11:23:08.553 30746 30746 W System.err: 	at androidx.fragment.app.h.u(Unknown Source:6)
12-11 11:23:08.553 30746 30746 W System.err: 	at androidx.fragment.app.Fragment.performResume(Unknown Source:29)
12-11 11:23:08.553 30746 30746 W System.err: 	at androidx.fragment.app.h.a(Unknown Source:740)
12-11 11:23:08.553 30746 30746 W System.err: 	at androidx.fragment.app.h.f(Unknown Source:38)
12-11 11:23:08.553 30746 30746 W System.err: 	at androidx.fragment.app.a.h(Unknown Source:150)
12-11 11:23:08.553 30746 30746 W System.err: 	at androidx.fragment.app.h.b(Unknown Source:38)
12-11 11:23:08.553 30746 30746 W System.err: 	at androidx.fragment.app.h.a(Unknown Source:113)
12-11 11:23:08.553 30746 30746 W System.err: 	at androidx.fragment.app.h.b(Unknown Source:88)
12-11 11:23:08.553 30746 30746 W System.err: 	at androidx.fragment.app.h.k(Unknown Source:21)
12-11 11:23:08.553 30746 30746 W System.err: 	at androidx.fragment.app.h$1.run(Unknown Source:2)
12-11 11:23:08.553 30746 30746 W System.err: 	at android.os.Handler.handleCallback(Handler.java:938)
12-11 11:23:08.553 30746 30746 W System.err: 	at android.os.Handler.dispatchMessage(Handler.java:99)
12-11 11:23:08.553 30746 30746 W System.err: 	at android.os.Looper.loop(Looper.java:223)
12-11 11:23:08.553 30746 30746 W System.err: 	at android.app.ActivityThread.main(ActivityThread.java:7656)
12-11 11:23:08.553 30746 30746 W System.err: 	at java.lang.reflect.Method.invoke(Native Method)
12-11 11:23:08.553 30746 30746 W System.err: 	at com.android.internal.os.RuntimeInit$MethodAndArgsCaller.run(RuntimeInit.java:592)
12-11 11:23:08.553 30746 30746 W System.err: 	at com.android.internal.os.ZygoteInit.main(ZygoteInit.java:947)
12-11 11:23:08.569  1406  1644 D ConnectivityService: releasing NetworkRequest [ TRACK_DEFAULT id=23499, [ Capabilities: INTERNET&NOT_RESTRICTED&TRUSTED Uid: 10340 AdministratorUids: [] RequestorUid: 10340 RequestorPackageName: com.flipkart.android] ] (release request)
12-11 11:23:08.571 19878 19878 I GoogleInputMethodService: GoogleInputMethodService.onFinishInput():3308 
12-11 11:23:08.574 19878 19878 I GoogleInputMethodService: GoogleInputMethodService.onStartInput():1887 
12-11 11:23:08.582 30746 30828 D BinaryFileManager: Returning bundle: /data/user/0/com.flipkart.android/files/binaryfilemanager/multiWidget/e2d78d64513d21f5f2a1df9f48fc6be3-17.ota
12-11 11:23:08.582  2117  2117 D Telephony: isEmergencyPreferredAccount: subId=1, activeData=1
12-11 11:23:08.582  2117  2117 D Telephony: isEmergencyPreferredAccount: Device does not require preference.
12-11 11:23:08.583  1791  1791 V KeyguardUpdateMonitor: onSubscriptionInfoChanged()
12-11 11:23:08.586  1791  1791 V KeyguardUpdateMonitor: SubInfo:{id=1 iccId=899186000[****] simSlotIndex=0 carrierId=1963 displayName=Vodafone IN carrierName=Vodafone IN nameSource=0 iconTint=-16746133 number=[****] dataRoaming=0 iconBitmap=android.graphics.Bitmap@d10a453 mcc=404 mnc=86 countryIso=in isEmbedded=false nativeAccessRules=null cardString=899186000[****] cardId=-1 isOpportunistic=false groupUUID=null isGroupDisabled=false profileClass=-1 ehplmns=[] hplmns=[40486] subscriptionType=0 groupOwner=null carrierConfigAccessRules=null areUiccApplicationsEnabled=true}
12-11 11:23:08.588 30746 30827 I WM-WorkerWrapper: Worker result SUCCESS for Work [ id=9480cdfb-064a-4eee-873b-e8f6e6c6a9d2, tags={ com.flipkart.android.notification.FkPNTaskWorker } ]
12-11 11:23:08.591 30746 30888 D BinaryFileManagerRunner: Attempting operation for module: multiWidget
12-11 11:23:08.591 30746 30888 D BinaryFileManagerRunner: Starting operation for module: multiWidget
12-11 11:23:08.593 30746 30888 D BinaryFileManager: No Update Available
12-11 11:23:08.594  1406  1644 D ConnectivityService: NetReassign [no changes]
