12-11 11:00:05.149 24345 18643 W NetworkScheduler: Error inserting flex_time=3316000 job_id=-1 period=6634000 source=16 requires_charging=0 preferred_network_type=1 target_class=com.google.android.gms.measurement.PackageMeasurementTaskService user_id=0 target_package=com.google.android.gms tag=Measurement.PackageMeasurementTaskService.UPLOAD_TASK_TAG task_type=0 required_idleness_state=0 service_kind=0 source_version=204516000 persistence_level=1 preferred_charging_state=1 required_network_type=0 runtime=1607664605144 retry_strategy={"maximum_backoff_seconds":{"3600":0},"initial_backoff_seconds":{"30":0},"retry_policy":{"0":0}} last_runtime=0, error message: UNIQUE constraint failed: pending_ops.tag, pending_ops.target_class, pending_ops.target_package, pending_ops.user_id (code 2067 SQLITE_CONSTRAINT_UNIQUE) [CONTEXT service_id=218 ]
12-11 11:00:05.155  1791  1791 V KeyguardUpdateMonitor: onSubscriptionInfoChanged()
12-11 11:00:05.155  2117  2117 D Telephony: isEmergencyPreferredAccount: subId=1, activeData=1
12-11 11:00:05.155  2117  2117 D Telephony: isEmergencyPreferredAccount: Device does not require preference.
12-11 11:00:05.157  1791  1791 V KeyguardUpdateMonitor: SubInfo:{id=1 iccId=899186000[****] simSlotIndex=0 carrierId=1963 displayName=Vodafone IN carrierName=Vodafone IN nameSource=0 iconTint=-16746133 number=[****] dataRoaming=0 iconBitmap=android.graphics.Bitmap@49520f2 mcc=404 mnc=86 countryIso=in isEmbedded=false nativeAccessRules=null cardString=899186000[****] cardId=-1 isOpportunistic=false groupUUID=null isGroupDisabled=false profileClass=-1 ehplmns=[] hplmns=[40486] subscriptionType=0 groupOwner=null carrierConfigAccessRules=null areUiccApplicationsEnabled=true}
12-11 11:00:05.158 26222 26222 W unknown:ViewManagerPropertyUpdater: Could not find generated setter for class com.facebook.react.views.art.ARTGroupViewManager
12-11 11:00:05.159 26222 26222 W unknown:ViewManagerPropertyUpdater: Could not find generated setter for class com.facebook.react.views.art.ARTGroupShadowNode
12-11 11:00:05.160 26222 26222 W unknown:ViewManagerPropertyUpdater: Could not find generated setter for class com.facebook.react.views.art.ARTShapeViewManager
12-11 11:00:05.160 26222 26222 W unknown:ViewManagerPropertyUpdater: Could not find generated setter for class com.facebook.react.views.art.ARTShapeShadowNode
12-11 11:00:05.160 26222 26222 W unknown:ViewManagerPropertyUpdater: Could not find generated setter for class com.facebook.react.views.art.ARTTextViewManager
12-11 11:00:05.160 26222 26222 W unknown:ViewManagerPropertyUpdater: Could not find generated setter for class com.facebook.react.views.art.ARTTextShadowNode
12-11 11:00:05.161 26222 26222 W unknown:ViewManagerPropertyUpdater: Could not find generated setter for class com.facebook.react.views.checkbox.ReactCheckBoxManager
12-11 11:00:05.167 26222 26222 W unknown:ViewManagerPropertyUpdater: Could not find generated setter for class com.facebook.react.uimanager.LayoutShadowNode
12-11 11:00:05.169 26222 26222 W unknown:ViewManagerPropertyUpdater: Could not find generated setter for class com.facebook.react.views.picker.ReactDialogPickerManager
12-11 11:00:05.171 26222 26222 W unknown:ViewManagerPropertyUpdater: Could not find generated setter for class com.facebook.react.views.drawer.ReactDrawerLayoutManager
12-11 11:00:05.171 12570 21746 I PBSessionCacheImpl: Deleted sessionId[55285052306656317] from persistence.
12-11 11:00:05.174 26222 26222 W unknown:ViewManagerPropertyUpdater: Could not find generated setter for class com.facebook.react.views.picker.ReactDropdownPickerManager
12-11 11:00:05.174 26222 26222 W unknown:ViewManagerPropertyUpdater: Could not find generated setter for class com.facebook.react.views.scroll.ReactHorizontalScrollViewManager
12-11 11:00:05.177 26222 26222 W unknown:ViewManagerPropertyUpdater: Could not find generated setter for class com.facebook.react.views.scroll.ReactHorizontalScrollContainerViewManager
12-11 11:00:05.180 26222 26343 E CursorWindow: Failed to read row 0, column 29 from a CursorWindow which has 1 rows, 29 columns.
12-11 11:00:05.180 26222 26222 W unknown:ViewManagerPropertyUpdater: Could not find generated setter for class com.facebook.react.views.progressbar.ReactProgressBarViewManager
12-11 11:00:05.182 26222 26222 W unknown:ViewManagerPropertyUpdater: Could not find generated setter for class com.facebook.react.views.progressbar.ProgressBarShadowNode
12-11 11:00:05.183 26222 26222 W unknown:ViewManagerPropertyUpdater: Could not find generated setter for class com.facebook.react.views.scroll.ReactScrollViewManager
12-11 11:00:05.185 26222 26222 W unknown:ViewManagerPropertyUpdater: Could not find generated setter for class com.facebook.react.views.slider.ReactSliderManager
12-11 11:00:05.186 26222 26222 W unknown:ViewManagerPropertyUpdater: Could not find generated setter for class com.facebook.react.views.slider.ReactSliderManager$ReactSliderShadowNode
12-11 11:00:05.187 26222 26222 W unknown:ViewManagerPropertyUpdater: Could not find generated setter for class com.facebook.react.views.switchview.ReactSwitchManager
12-11 11:00:05.189 26222 26222 W unknown:ViewManagerPropertyUpdater: Could not find generated setter for class com.facebook.react.views.switchview.ReactSwitchManager$ReactSwitchShadowNode
12-11 11:00:05.190  1406  1644 D ConnectivityService: NetReassign [no changes]
12-11 11:00:05.191 26222 26338 E CursorWindow: Failed to read row 0, column 29 from a CursorWindow which has 17 rows, 29 columns.
12-11 11:00:05.191 26222 26340 E CursorWindow: Failed to read row 0, column 29 from a CursorWindow which has 14 rows, 29 columns.
12-11 11:00:05.191 26222 26340 E CursorWindow: Failed to read row 1, column 29 from a CursorWindow which has 14 rows, 29 columns.
12-11 11:00:05.192 26222 26222 W unknown:ViewManagerPropertyUpdater: Could not find generated setter for class com.facebook.react.views.swiperefresh.SwipeRefreshLayoutManager
12-11 11:00:05.194 26222 26222 W unknown:ViewManagerPropertyUpdater: Could not find generated setter for class com.facebook.react.views.art.ARTSurfaceViewManager
12-11 11:00:05.194 26222 26222 W unknown:ViewManagerPropertyUpdater: Could not find generated setter for class com.facebook.react.views.art.ARTSurfaceViewShadowNode
12-11 11:00:05.196 26222 26222 W unknown:ViewManagerPropertyUpdater: Could not find generated setter for class com.facebook.react.views.text.frescosupport.FrescoBasedReactTextInlineImageViewManager
12-11 11:00:05.196 26222 26340 E CursorWindow: Failed to read row 2, column 29 from a CursorWindow which has 14 rows, 29 columns.
12-11 11:00:05.196 26222 26222 W unknown:ViewManagerPropertyUpdater: Could not find generated setter for class com.facebook.react.views.text.frescosupport.FrescoBasedReactTextInlineImageShadowNode
12-11 11:00:05.196 26222 26340 E CursorWindow: Failed to read row 3, column 29 from a CursorWindow which has 14 rows, 29 columns.
12-11 11:00:05.196 24345 18433 W NetworkScheduler: Error inserting flex_time=3316000 job_id=-1 period=6634000 source=16 requires_charging=0 preferred_network_type=1 target_class=com.google.android.gms.measurement.PackageMeasurementTaskService user_id=0 target_package=com.google.android.gms tag=Measurement.PackageMeasurementTaskService.UPLOAD_TASK_TAG task_type=0 required_idleness_state=0 service_kind=0 source_version=204516000 persistence_level=1 preferred_charging_state=1 required_network_type=0 runtime=1607664605189 retry_strategy={"maximum_backoff_seconds":{"3600":0},"initial_backoff_seconds":{"30":0},"retry_policy":{"0":0}} last_runtime=0, error message: UNIQUE constraint failed: pending_ops.tag, pending_ops.target_class, pending_ops.target_package, pending_ops.user_id (code 2067 SQLITE_CONSTRAINT_UNIQUE) [CONTEXT service_id=218 ]
12-11 11:00:05.197 26222 26340 E CursorWindow: Failed to read row 4, column 29 from a CursorWindow which has 14 rows, 29 columns.
12-11 11:00:05.197 26222 26222 W unknown:ViewManagerPropertyUpdater: Could not find generated setter for class com.facebook.react.views.image.ReactImageManager
12-11 11:00:05.199 26222 26338 E CursorWindow: Failed to read row 1, column 29 from a CursorWindow which has 17 rows, 29 columns.
12-11 11:00:05.199 26222 26222 W unknown:ViewManagerPropertyUpdater: Could not find generated setter for class com.facebook.react.views.modal.ReactModalHostManager
12-11 11:00:05.200 26222 26222 W unknown:ViewManagerPropertyUpdater: Could not find generated setter for class com.facebook.react.views.modal.ModalHostShadowNode
12-11 11:00:05.200 26222 26222 W unknown:ViewManagerPropertyUpdater: Could not find generated setter for class com.facebook.react.views.text.ReactRawTextManager
12-11 11:00:05.201 26222 26222 W unknown:ViewManagerPropertyUpdater: Could not find generated setter for class com.facebook.react.views.text.ReactRawTextShadowNode
12-11 11:00:05.202 26222 26222 W unknown:ViewManagerPropertyUpdater: Could not find generated setter for class com.facebook.react.views.textinput.ReactTextInputManager
12-11 11:00:05.202 12570 12639 W SearchServiceCore: Abort, client detached.
12-11 11:00:05.203 26222 26340 E CursorWindow: Failed to read row 5, column 29 from a CursorWindow which has 14 rows, 29 columns.
12-11 11:00:05.203 26222 26340 E CursorWindow: Failed to read row 6, column 29 from a CursorWindow which has 14 rows, 29 columns.
12-11 11:00:05.204 26222 26338 E CursorWindow: Failed to read row 2, column 29 from a CursorWindow which has 17 rows, 29 columns.
12-11 11:00:05.204 26222 26340 E CursorWindow: Failed to read row 7, column 29 from a CursorWindow which has 14 rows, 29 columns.
12-11 11:00:05.204 26222 26222 W unknown:ViewManagerPropertyUpdater: Could not find generated setter for class com.facebook.react.views.textinput.ReactTextInputShadowNode
12-11 11:00:05.205 26222 26340 E CursorWindow: Failed to read row 8, column 29 from a CursorWindow which has 14 rows, 29 columns.
12-11 11:00:05.205 26222 26340 E CursorWindow: Failed to read row 9, column 29 from a CursorWindow which has 14 rows, 29 columns.
12-11 11:00:05.206 26222 26222 W unknown:ViewManagerPropertyUpdater: Could not find generated setter for class com.facebook.react.views.text.ReactTextViewManager
12-11 11:00:05.207 26222 26338 E CursorWindow: Failed to read row 3, column 29 from a CursorWindow which has 17 rows, 29 columns.
12-11 11:00:05.207 26222 26340 E CursorWindow: Failed to read row 10, column 29 from a CursorWindow which has 14 rows, 29 columns.
12-11 11:00:05.207 26222 26340 E CursorWindow: Failed to read row 11, column 29 from a CursorWindow which has 14 rows, 29 columns.
12-11 11:00:05.207 26222 26338 E CursorWindow: Failed to read row 4, column 29 from a CursorWindow which has 17 rows, 29 columns.
12-11 11:00:05.207 26222 26340 E CursorWindow: Failed to read row 12, column 29 from a CursorWindow which has 14 rows, 29 columns.
12-11 11:00:05.208 26222 26340 E CursorWindow: Failed to read row 13, column 29 from a CursorWindow which has 14 rows, 29 columns.
12-11 11:00:05.209 26222 26338 E CursorWindow: Failed to read row 5, column 29 from a CursorWindow which has 17 rows, 29 columns.
12-11 11:00:05.209 26222 26338 E CursorWindow: Failed to read row 6, column 29 from a CursorWindow which has 17 rows, 29 columns.
12-11 11:00:05.209 26222 26338 E CursorWindow: Failed to read row 7, column 29 from a CursorWindow which has 17 rows, 29 columns.
12-11 11:00:05.210 26222 26222 W unknown:ViewManagerPropertyUpdater: Could not find generated setter for class com.facebook.react.views.text.ReactTextShadowNode
12-11 11:00:05.211 26222 26222 W unknown:ViewManagerPropertyUpdater: Could not find generated setter for class com.facebook.react.views.view.ReactViewManager
12-11 11:00:05.213 26222 26222 W unknown:ViewManagerPropertyUpdater: Could not find generated setter for class com.facebook.react.views.viewpager.ReactViewPagerManager
12-11 11:00:05.215 26222 26338 E CursorWindow: Failed to read row 8, column 29 from a CursorWindow which has 17 rows, 29 columns.
12-11 11:00:05.215 26222 26222 W unknown:ViewManagerPropertyUpdater: Could not find generated setter for class com.facebook.react.views.text.ReactVirtualTextViewManager
12-11 11:00:05.215 26222 26222 W unknown:ViewManagerPropertyUpdater: Could not find generated setter for class com.facebook.react.views.text.ReactVirtualTextShadowNode
12-11 11:00:05.215 26222 26338 E CursorWindow: Failed to read row 9, column 29 from a CursorWindow which has 17 rows, 29 columns.
12-11 11:00:05.215 26222 26222 W unknown:ViewManagerPropertyUpdater: Could not find generated setter for class com.flipkart.reactuimodules.reusableviews.lineargradient.LinearGradientManager
12-11 11:00:05.216 26222 26338 E CursorWindow: Failed to read row 10, column 29 from a CursorWindow which has 17 rows, 29 columns.
12-11 11:00:05.216 26222 26222 W unknown:ViewManagerPropertyUpdater: Could not find generated setter for class com.flipkart.reacthelpersdk.modules.nestedscrollview.ReactNestedScrollViewManager
12-11 11:00:05.218 26222 26338 E CursorWindow: Failed to read row 11, column 29 from a CursorWindow which has 17 rows, 29 columns.
12-11 11:00:05.219 26222 26222 W unknown:ViewManagerPropertyUpdater: Could not find generated setter for class com.flipkart.reacthelpersdk.modules.nestedscrollview.ReactHorizontalNestedScrollViewManager
12-11 11:00:05.219 26222 26338 E CursorWindow: Failed to read row 12, column 29 from a CursorWindow which has 17 rows, 29 columns.
12-11 11:00:05.219 26222 26222 W unknown:ViewManagerPropertyUpdater: Could not find generated setter for class com.flipkart.reactuimodules.reusableviews.absolutelayoutcontainer.AbsoluteLayoutContainerManager
12-11 11:00:05.220 26222 26222 W unknown:ViewManagerPropertyUpdater: Could not find generated setter for class com.flipkart.android.reactnative.nativeuimodules.AdContainer
12-11 11:00:05.221 26222 26222 W unknown:ViewManagerPropertyUpdater: Could not find generated setter for class com.flipkart.android.reactnative.nativeuimodules.image.SatyabhamaReactImageManager
12-11 11:00:05.222 26222 26222 W unknown:ViewManagerPropertyUpdater: Could not find generated setter for class com.flipkart.android.reactnative.nativeuimodules.youtube.ReactYouTubeManager
12-11 11:00:05.223 26222 26222 W unknown:ViewManagerPropertyUpdater: Could not find generated setter for class com.flipkart.android.reactnative.nativeuimodules.WishlistAnimation
12-11 11:00:05.225 26222 26222 W unknown:ViewManagerPropertyUpdater: Could not find generated setter for class com.flipkart.android.reactnative.nativeuimodules.viewability.TrackerViewManager
12-11 11:00:05.226 26222 26222 W unknown:ViewManagerPropertyUpdater: Could not find generated setter for class com.flipkart.android.reactnative.nativeuimodules.recyclerview.ReactNestedScrollViewabilityViewManager
12-11 11:00:05.227 26222 26338 E CursorWindow: Failed to read row 13, column 29 from a CursorWindow which has 17 rows, 29 columns.
12-11 11:00:05.227 26222 26222 W unknown:ViewManagerPropertyUpdater: Could not find generated setter for class com.flipkart.android.reactnative.nativeuimodules.viewability.PlaceholderViewManager
12-11 11:00:05.228 26222 26222 W unknown:ViewManagerPropertyUpdater: Could not find generated setter for class com.flipkart.android.reactnative.nativeuimodules.material.AppBarLayoutManager
12-11 11:00:05.229 26222 26222 W unknown:ViewManagerPropertyUpdater: Could not find generated setter for class com.flipkart.android.reactnative.nativeuimodules.material.CoordinatorLayoutManager
12-11 11:00:05.229 26222 26222 W unknown:ViewManagerPropertyUpdater: Could not find generated setter for class com.flipkart.android.reactnative.nativeuimodules.material.BottomViewManager
12-11 11:00:05.229 26222 26338 E CursorWindow: Failed to read row 14, column 29 from a CursorWindow which has 17 rows, 29 columns.
12-11 11:00:05.230 26222 26222 W unknown:ViewManagerPropertyUpdater: Could not find generated setter for class com.flipkart.android.reactnative.nativeuimodules.material.toolbar.ToolbarManager
12-11 11:00:05.232 26222 26222 W unknown:ViewManagerPropertyUpdater: Could not find generated setter for class com.oblador.shimmer.RNShimmerManager
12-11 11:00:05.232 26222 26338 E CursorWindow: Failed to read row 15, column 29 from a CursorWindow which has 17 rows, 29 columns.
12-11 11:00:05.233 26222 26222 W unknown:ViewManagerPropertyUpdater: Could not find generated setter for class com.flipkart.android.reactnative.nativeuimodules.image.Fk360ImageViewManager
12-11 11:00:05.234 26222 26338 E CursorWindow: Failed to read row 16, column 29 from a CursorWindow which has 17 rows, 29 columns.
12-11 11:00:05.235 26222 26222 W unknown:ViewManagerPropertyUpdater: Could not find generated setter for class com.flipkart.android.reactnative.nativeuimodules.ExtendedReactViewManager
12-11 11:00:05.236 26222 26222 W unknown:ViewManagerPropertyUpdater: Could not find generated setter for class com.flipkart.android.reactnative.nativeuimodules.FKVideoViewManager
12-11 11:00:05.236 24345 18643 W NetworkScheduler: Error inserting flex_time=3316000 job_id=-1 period=6634000 source=16 requires_charging=0 preferred_network_type=1 target_class=com.google.android.gms.measurement.PackageMeasurementTaskService user_id=0 target_package=com.google.android.gms tag=Measurement.PackageMeasurementTaskService.UPLOAD_TASK_TAG task_type=0 required_idleness_state=0 service_kind=0 source_version=204516000 persistence_level=1 preferred_charging_state=1 required_network_type=0 runtime=1607664605230 retry_strategy={"maximum_backoff_seconds":{"3600":0},"initial_backoff_seconds":{"30":0},"retry_policy":{"0":0}} last_runtime=0, error message: UNIQUE constraint failed: pending_ops.tag, pending_ops.target_class, pending_ops.target_package, pending_ops.user_id (code 2067 SQLITE_CONSTRAINT_UNIQUE) [CONTEXT service_id=218 ]
12-11 11:00:05.239 26222 26222 W unknown:ViewManagerPropertyUpdater: Could not find generated setter for class com.flipkart.android.reactnative.nativeuimodules.FKLiveVideoViewManager
12-11 11:00:05.241 26222 26222 W unknown:ViewManagerPropertyUpdater: Could not find generated setter for class com.flipkart.android.reactnative.nativeuimodules.FKGifViewManager
12-11 11:00:05.242 26222 26222 W unknown:ViewManagerPropertyUpdater: Could not find generated setter for class com.flipkart.android.reactnative.nativeuimodules.viewability.MultiConditionTrackerViewManager
12-11 11:00:05.244 26222 26222 W unknown:ViewManagerPropertyUpdater: Could not find generated setter for class com.flipkart.android.reactnative.nativeuimodules.StoryViewManager
12-11 11:00:05.247 26222 26222 W unknown:ViewManagerPropertyUpdater: Could not find generated setter for class com.flipkart.android.reactnative.nativeuimodules.tryonlooks.TryOnLipstickFaceView
12-11 11:00:05.248 26222 26222 W unknown:ViewManagerPropertyUpdater: Could not find generated setter for class com.flipkart.android.reactnative.nativeuimodules.ViewWrapperManager
12-11 11:00:05.248 26222 26222 W unknown:ViewManagerPropertyUpdater: Could not find generated setter for class com.flipkart.android.reactnative.nativeuimodules.voice.VoiceInputBarViewManager
12-11 11:00:05.250 26222 26222 W unknown:ViewManagerPropertyUpdater: Could not find generated setter for class com.flipkart.android.reactnative.nativeuimodules.camera.CameraViewManager
12-11 11:00:05.251 26222 26222 W unknown:ViewManagerPropertyUpdater: Could not find generated setter for class com.flipkart.android.reactnative.nativeuimodules.voice.MicViewManager
12-11 11:00:05.253 26222 26222 W unknown:ViewManagerPropertyUpdater: Could not find generated setter for class com.reactnativecommunity.webview.RNCWebViewManager
12-11 11:00:05.255 26222 26222 W unknown:ViewManagerPropertyUpdater: Could not find generated setter for class com.reactnativecommunity.viewpager.ReactViewPagerManager
12-11 11:00:05.259 26222 26222 D SoLoader: About to load: libyoga.so
12-11 11:00:05.259 26222 26222 D SoLoader: libyoga.so not found on /data/user/0/com.flipkart.android/lib-main
12-11 11:00:05.259 26222 26222 D SoLoader: libyoga.so found on /data/app/~~AyNcwMNVTgJJmuyoQ36DuQ==/com.flipkart.android-2FPjidu9cl0MIe0Lo372nw==/lib/arm64
12-11 11:00:05.259 26222 26222 D SoLoader: Not resolving dependencies for libyoga.so
12-11 11:00:05.261 26222 26222 D SoLoader: Loaded: libyoga.so
12-11 11:00:05.284 26222 26343 E CursorWindow: Failed to read row 0, column 29 from a CursorWindow which has 1 rows, 29 columns.
12-11 11:00:05.286 26222 26222 W System.err: java.net.MalformedURLException: no protocol: homepage
12-11 11:00:05.286 26222 26222 W System.err: 	at java.net.URL.<init>(URL.java:601)
12-11 11:00:05.286 26222 26222 W System.err: 	at java.net.URL.<init>(URL.java:498)
12-11 11:00:05.286 26222 26222 W System.err: 	at java.net.URL.<init>(URL.java:447)
12-11 11:00:05.286 26222 26222 W System.err: 	at com.flipkart.android.utils.cc.getUrlPath(Unknown Source:2)
12-11 11:00:05.286 26222 26222 W System.err: 	at com.flipkart.android.bottomnavigation.c.a(Unknown Source:139)
12-11 11:00:05.286 26222 26222 W System.err: 	at com.flipkart.android.bottomnavigation.c.update(Unknown Source:135)
12-11 11:00:05.286 26222 26222 W System.err: 	at com.flipkart.android.reactnative.nativeuimodules.reactbottombar.ReactBottomNavigationFragment.emitAlreadyExistingResponse(Unknown Source:15)
12-11 11:00:05.286 26222 26222 W System.err: 	at com.flipkart.android.reactnative.nativeuimodules.reactbottombar.ReactBottomNavigationFragment.onLoadFinished(Unknown Source:84)
12-11 11:00:05.286 26222 26222 W System.err: 	at com.flipkart.android.reactnative.nativeuimodules.reactbottombar.ReactBottomNavigationFragment.onLoadFinished(Unknown Source:2)
12-11 11:00:05.286 26222 26222 W System.err: 	at androidx.loader.app.LoaderManagerImpl$LoaderObserver.onChanged(Unknown Source:46)
12-11 11:00:05.286 26222 26222 W System.err: 	at androidx.lifecycle.LiveData.considerNotify(Unknown Source:29)
12-11 11:00:05.286 26222 26222 W System.err: 	at androidx.lifecycle.LiveData.dispatchingValue(Unknown Source:44)
12-11 11:00:05.286 26222 26222 W System.err: 	at androidx.lifecycle.LiveData.setValue(Unknown Source:14)
12-11 11:00:05.286 26222 26222 W System.err: 	at androidx.lifecycle.s.setValue(Unknown Source:0)
12-11 11:00:05.286 26222 26222 W System.err: 	at androidx.loader.app.LoaderManagerImpl$LoaderInfo.setValue(Unknown Source:0)
12-11 11:00:05.286 26222 26222 W System.err: 	at androidx.loader.app.LoaderManagerImpl$LoaderInfo.onLoadComplete(Unknown Source:36)
12-11 11:00:05.286 26222 26222 W System.err: 	at androidx.loader.content.Loader.deliverResult(Unknown Source:4)
12-11 11:00:05.286 26222 26222 W System.err: 	at androidx.loader.content.CursorLoader.deliverResult(Unknown Source:22)
12-11 11:00:05.286 26222 26222 W System.err: 	at androidx.loader.content.CursorLoader.deliverResult(Unknown Source:2)
12-11 11:00:05.286 26222 26222 W System.err: 	at androidx.loader.content.AsyncTaskLoader.dispatchOnLoadComplete(Unknown Source:30)
12-11 11:00:05.286 26222 26222 W System.err: 	at androidx.loader.content.AsyncTaskLoader$a.a(Unknown Source:2)
12-11 11:00:05.286 26222 26222 W System.err: 	at androidx.loader.content.a.e(Unknown Source:10)
12-11 11:00:05.287 26222 26222 W System.err: 	at androidx.loader.content.a$b.handleMessage(Unknown Source:28)
12-11 11:00:05.287 26222 26222 W System.err: 	at android.os.Handler.dispatchMessage(Handler.java:106)
12-11 11:00:05.287 26222 26222 W System.err: 	at android.os.Looper.loop(Looper.java:223)
12-11 11:00:05.287 26222 26222 W System.err: 	at android.app.ActivityThread.main(ActivityThread.java:7656)
12-11 11:00:05.287 26222 26222 W System.err: 	at java.lang.reflect.Method.invoke(Native Method)
12-11 11:00:05.287 26222 26222 W System.err: 	at com.android.internal.os.RuntimeInit$MethodAndArgsCaller.run(RuntimeInit.java:592)
12-11 11:00:05.287 26222 26222 W System.err: 	at com.android.internal.os.ZygoteInit.main(ZygoteInit.java:947)
12-11 11:00:05.287 26222 26342 E CursorWindow: Failed to read row 0, column 29 from a CursorWindow which has 14 rows, 29 columns.
12-11 11:00:05.287 26222 26342 E CursorWindow: Failed to read row 1, column 29 from a CursorWindow which has 14 rows, 29 columns.
12-11 11:00:05.291 26222 26342 E CursorWindow: Failed to read row 2, column 29 from a CursorWindow which has 14 rows, 29 columns.
12-11 11:00:05.291 26222 26342 E CursorWindow: Failed to read row 3, column 29 from a CursorWindow which has 14 rows, 29 columns.
12-11 11:00:05.291 26222 26342 E CursorWindow: Failed to read row 4, column 29 from a CursorWindow which has 14 rows, 29 columns.
12-11 11:00:05.294 26222 26342 E CursorWindow: Failed to read row 5, column 29 from a CursorWindow which has 14 rows, 29 columns.
12-11 11:00:05.294 26222 26342 E CursorWindow: Failed to read row 6, column 29 from a CursorWindow which has 14 rows, 29 columns.
12-11 11:00:05.298 26222 26340 E CursorWindow: Failed to read row 0, column 29 from a CursorWindow which has 17 rows, 29 columns.
12-11 11:00:05.300 26222 26340 E CursorWindow: Failed to read row 1, column 29 from a CursorWindow which has 17 rows, 29 columns.
12-11 11:00:05.301 26222 26222 E RecyclerView: No adapter attached; skipping layout
12-11 11:00:05.301 26222 26340 E CursorWindow: Failed to read row 2, column 29 from a CursorWindow which has 17 rows, 29 columns.
12-11 11:00:05.301 26222 26342 E CursorWindow: Failed to read row 7, column 29 from a CursorWindow which has 14 rows, 29 columns.
12-11 11:00:05.302 26222 26340 E CursorWindow: Failed to read row 3, column 29 from a CursorWindow which has 17 rows, 29 columns.
12-11 11:00:05.302 26222 26342 E CursorWindow: Failed to read row 8, column 29 from a CursorWindow which has 14 rows, 29 columns.
12-11 11:00:05.302 26222 26342 E CursorWindow: Failed to read row 9, column 29 from a CursorWindow which has 14 rows, 29 columns.
12-11 11:00:05.302 26222 26340 E CursorWindow: Failed to read row 4, column 29 from a CursorWindow which has 17 rows, 29 columns.
12-11 11:00:05.305 26222 26342 E CursorWindow: Failed to read row 10, column 29 from a CursorWindow which has 14 rows, 29 columns.
12-11 11:00:05.305 26222 26340 E CursorWindow: Failed to read row 5, column 29 from a CursorWindow which has 17 rows, 29 columns.
12-11 11:00:05.305 26222 26342 E CursorWindow: Failed to read row 11, column 29 from a CursorWindow which has 14 rows, 29 columns.
12-11 11:00:05.306 26222 26342 E CursorWindow: Failed to read row 12, column 29 from a CursorWindow which has 14 rows, 29 columns.
12-11 11:00:05.307 26222 26340 E CursorWindow: Failed to read row 6, column 29 from a CursorWindow which has 17 rows, 29 columns.
12-11 11:00:05.307 26222 26340 E CursorWindow: Failed to read row 7, column 29 from a CursorWindow which has 17 rows, 29 columns.
12-11 11:00:05.309 26222 26342 E CursorWindow: Failed to read row 13, column 29 from a CursorWindow which has 14 rows, 29 columns.
12-11 11:00:05.310 26222 26340 E CursorWindow: Failed to read row 8, column 29 from a CursorWindow which has 17 rows, 29 columns.
12-11 11:00:05.310 26222 26340 E CursorWindow: Failed to read row 9, column 29 from a CursorWindow which has 17 rows, 29 columns.
12-11 11:00:05.311 26222 26340 E CursorWindow: Failed to read row 10, column 29 from a CursorWindow which has 17 rows, 29 columns.
12-11 11:00:05.315 26222 26340 E CursorWindow: Failed to read row 11, column 29 from a CursorWindow which has 17 rows, 29 columns.
12-11 11:00:05.315 26222 26340 E CursorWindow: Failed to read row 12, column 29 from a CursorWindow which has 17 rows, 29 columns.
12-11 11:00:05.330 26222 26340 E CursorWindow: Failed to read row 13, column 29 from a CursorWindow which has 17 rows, 29 columns.
12-11 11:00:05.331 26222 26340 E CursorWindow: Failed to read row 14, column 29 from a CursorWindow which has 17 rows, 29 columns.
12-11 11:00:05.332 26222 26340 E CursorWindow: Failed to read row 15, column 29 from a CursorWindow which has 17 rows, 29 columns.
12-11 11:00:05.332 26222 26340 E CursorWindow: Failed to read row 16, column 29 from a CursorWindow which has 17 rows, 29 columns.
12-11 11:00:05.364 26222 26384 I FirebasePerformance: Session ID - e68819a72ab3447fa1c48e878b4ba2a2
12-11 11:00:05.365 26222 26347 I FirebasePerformance: Session ID - e68819a72ab3447fa1c48e878b4ba2a2
12-11 11:00:05.366 26222 26331 I FirebasePerformance: Session ID - e68819a72ab3447fa1c48e878b4ba2a2
12-11 11:00:05.377 26222 26362 I FirebasePerformance: Session ID - e68819a72ab3447fa1c48e878b4ba2a2
12-11 11:00:05.378 26222 26417 I FirebasePerformance: Session ID - e68819a72ab3447fa1c48e878b4ba2a2
12-11 11:00:05.460 26222 26327 W FirebaseRemoteConfig: No value of type 'String' exists for parameter key 'sessions_feature_enabled'.
12-11 11:00:05.461 26222 26384 W FirebaseRemoteConfig: No value of type 'String' exists for parameter key 'sessions_max_length_minutes'.
12-11 11:00:05.461 26222 26383 I FirebasePerformance: Session ID - e68819a72ab3447fa1c48e878b4ba2a2
12-11 11:00:05.466 26222 26417 W FirebaseRemoteConfig: No value of type 'String' exists for parameter key 'sessions_max_length_minutes'.
12-11 11:00:05.467 26222 26327 W FirebaseRemoteConfig: No value of type 'String' exists for parameter key 'sessions_feature_enabled'.
12-11 11:00:05.467 26222 26334 I FirebasePerformance: Session ID - e68819a72ab3447fa1c48e878b4ba2a2
12-11 11:00:05.469 26222 26347 W FirebaseRemoteConfig: No value of type 'String' exists for parameter key 'sessions_max_length_minutes'.
12-11 11:00:05.469 26222 26327 W FirebaseRemoteConfig: No value of type 'String' exists for parameter key 'sessions_feature_enabled'.
12-11 11:00:05.469 26222 26417 I FirebasePerformance: Session ID - e68819a72ab3447fa1c48e878b4ba2a2
12-11 11:00:05.470 26222 26331 W FirebaseRemoteConfig: No value of type 'String' exists for parameter key 'sessions_max_length_minutes'.
12-11 11:00:05.470 26222 26327 W FirebaseRemoteConfig: No value of type 'String' exists for parameter key 'sessions_feature_enabled'.
12-11 11:00:05.471 26222 26347 I FirebasePerformance: Session ID - e68819a72ab3447fa1c48e878b4ba2a2
12-11 11:00:05.479 26222 26327 W FirebaseRemoteConfig: No value of type 'String' exists for parameter key 'sessions_feature_enabled'.
12-11 11:00:05.479 26222 26362 W FirebaseRemoteConfig: No value of type 'String' exists for parameter key 'sessions_max_length_minutes'.
12-11 11:00:05.480 26222 26336 I FirebasePerformance: Session ID - e68819a72ab3447fa1c48e878b4ba2a2
12-11 11:00:05.490 26222 26347 W FirebaseRemoteConfig: No value of type 'String' exists for parameter key 'sessions_max_length_minutes'.
12-11 11:00:05.490 26222 26417 W FirebaseRemoteConfig: No value of type 'String' exists for parameter key 'sessions_max_length_minutes'.
12-11 11:00:05.490 26222 26327 W FirebaseRemoteConfig: No value of type 'String' exists for parameter key 'sessions_feature_enabled'.
12-11 11:00:05.491 26222 26385 I FirebasePerformance: Session ID - e68819a72ab3447fa1c48e878b4ba2a2
12-11 11:00:05.491 26222 26327 W FirebaseRemoteConfig: No value of type 'String' exists for parameter key 'sessions_feature_enabled'.
12-11 11:00:05.492 26222 26331 I FirebasePerformance: Session ID - e68819a72ab3447fa1c48e878b4ba2a2
12-11 11:00:05.498 26222 26327 W FirebaseRemoteConfig: No value of type 'String' exists for parameter key 'sessions_feature_enabled'.
12-11 11:00:05.498 26222 26336 W FirebaseRemoteConfig: No value of type 'String' exists for parameter key 'sessions_max_length_minutes'.
12-11 11:00:05.498 26222 26420 I FirebasePerformance: Session ID - e68819a72ab3447fa1c48e878b4ba2a2
12-11 11:00:05.500 26222 26334 W FirebaseRemoteConfig: No value of type 'String' exists for parameter key 'sessions_max_length_minutes'.
12-11 11:00:05.500 26222 26327 W FirebaseRemoteConfig: No value of type 'String' exists for parameter key 'sessions_feature_enabled'.
12-11 11:00:05.501 26222 26336 I FirebasePerformance: Session ID - e68819a72ab3447fa1c48e878b4ba2a2
12-11 11:00:05.507 26222 26331 W FirebaseRemoteConfig: No value of type 'String' exists for parameter key 'sessions_max_length_minutes'.
12-11 11:00:05.507 26222 26327 W FirebaseRemoteConfig: No value of type 'String' exists for parameter key 'sessions_feature_enabled'.
12-11 11:00:05.508 26222 26421 I FirebasePerformance: Session ID - e68819a72ab3447fa1c48e878b4ba2a2
12-11 11:00:05.512 26222 26385 W FirebaseRemoteConfig: No value of type 'String' exists for parameter key 'sessions_max_length_minutes'.
12-11 11:00:05.512 26222 26327 W FirebaseRemoteConfig: No value of type 'String' exists for parameter key 'sessions_feature_enabled'.
12-11 11:00:05.513 26222 26417 I FirebasePerformance: Session ID - e68819a72ab3447fa1c48e878b4ba2a2
12-11 11:00:05.514 26222 26383 W FirebaseRemoteConfig: No value of type 'String' exists for parameter key 'sessions_max_length_minutes'.
12-11 11:00:05.514 26222 26327 W FirebaseRemoteConfig: No value of type 'String' exists for parameter key 'sessions_feature_enabled'.
12-11 11:00:05.514 26222 26385 I FirebasePerformance: Session ID - e68819a72ab3447fa1c48e878b4ba2a2
12-11 11:00:05.518 26222 26420 W FirebaseRemoteConfig: No value of type 'String' exists for parameter key 'sessions_max_length_minutes'.
12-11 11:00:05.518 26222 26327 W FirebaseRemoteConfig: No value of type 'String' exists for parameter key 'sessions_feature_enabled'.
12-11 11:00:05.519 26222 26384 I FirebasePerformance: Session ID - e68819a72ab3447fa1c48e878b4ba2a2
12-11 11:00:05.525 26222 26336 W FirebaseRemoteConfig: No value of type 'String' exists for parameter key 'sessions_max_length_minutes'.
12-11 11:00:05.525 26222 26421 W FirebaseRemoteConfig: No value of type 'String' exists for parameter key 'sessions_max_length_minutes'.
12-11 11:00:05.525 26222 26327 W FirebaseRemoteConfig: No value of type 'String' exists for parameter key 'sessions_feature_enabled'.
12-11 11:00:05.525 26222 26334 I FirebasePerformance: Session ID - e68819a72ab3447fa1c48e878b4ba2a2
12-11 11:00:05.526 26222 26327 W FirebaseRemoteConfig: No value of type 'String' exists for parameter key 'sessions_feature_enabled'.
12-11 11:00:05.526 26222 26336 I FirebasePerformance: Session ID - e68819a72ab3447fa1c48e878b4ba2a2
12-11 11:00:05.533 26222 26327 W FirebaseRemoteConfig: No value of type 'String' exists for parameter key 'sessions_feature_enabled'.
12-11 11:00:05.533 26222 26417 W FirebaseRemoteConfig: No value of type 'String' exists for parameter key 'sessions_max_length_minutes'.
12-11 11:00:05.534 26222 26331 I FirebasePerformance: Session ID - e68819a72ab3447fa1c48e878b4ba2a2
12-11 11:00:05.540 26222 26385 W FirebaseRemoteConfig: No value of type 'String' exists for parameter key 'sessions_max_length_minutes'.
12-11 11:00:05.541 26222 26417 I FirebasePerformance: Session ID - e68819a72ab3447fa1c48e878b4ba2a2
12-11 11:00:05.541 26222 26384 W FirebaseRemoteConfig: No value of type 'String' exists for parameter key 'sessions_max_length_minutes'.
12-11 11:00:05.541 26222 26327 W FirebaseRemoteConfig: No value of type 'String' exists for parameter key 'sessions_feature_enabled'.
12-11 11:00:05.542 26222 26327 W FirebaseRemoteConfig: No value of type 'String' exists for parameter key 'sessions_feature_enabled'.
12-11 11:00:05.542 26222 26385 I FirebasePerformance: Session ID - e68819a72ab3447fa1c48e878b4ba2a2
12-11 11:00:05.542 26222 26327 W FirebaseRemoteConfig: No value of type 'String' exists for parameter key 'sessions_feature_enabled'.
12-11 11:00:05.542 26222 26336 W FirebaseRemoteConfig: No value of type 'String' exists for parameter key 'sessions_max_length_minutes'.
12-11 11:00:05.543 26222 26384 I FirebasePerformance: Session ID - e68819a72ab3447fa1c48e878b4ba2a2
12-11 11:00:05.551 26222 26222 W System.err: java.net.MalformedURLException: no protocol: homepage
12-11 11:00:05.551 26222 26222 W System.err: 	at java.net.URL.<init>(URL.java:601)
12-11 11:00:05.551 26222 26222 W System.err: 	at java.net.URL.<init>(URL.java:498)
12-11 11:00:05.551 26222 26222 W System.err: 	at java.net.URL.<init>(URL.java:447)
12-11 11:00:05.551 26222 26222 W System.err: 	at com.flipkart.android.utils.cc.getUrlPath(Unknown Source:2)
12-11 11:00:05.551 26222 26222 W System.err: 	at com.flipkart.android.bottomnavigation.c.a(Unknown Source:139)
12-11 11:00:05.551 26222 26222 W System.err: 	at com.flipkart.android.bottomnavigation.c.update(Unknown Source:135)
12-11 11:00:05.551 26222 26222 W System.err: 	at com.flipkart.android.reactnative.nativeuimodules.reactbottombar.ReactBottomNavigationFragment.emitAlreadyExistingResponse(Unknown Source:15)
12-11 11:00:05.551 26222 26222 W System.err: 	at com.flipkart.android.reactnative.nativeuimodules.reactbottombar.ReactBottomNavigationFragment.onComponentWillMount(Unknown Source:0)
12-11 11:00:05.551 26222 26222 W System.err: 	at com.flipkart.android.reactnative.nativemodules.BottomNavigationModule$2.run(Unknown Source:10)
12-11 11:00:05.551 26222 26222 W System.err: 	at android.os.Handler.handleCallback(Handler.java:938)
12-11 11:00:05.551 26222 26222 W System.err: 	at android.os.Handler.dispatchMessage(Handler.java:99)
12-11 11:00:05.551 26222 26222 W System.err: 	at android.os.Looper.loop(Looper.java:223)
12-11 11:00:05.551 26222 26222 W System.err: 	at android.app.ActivityThread.main(ActivityThread.java:7656)
12-11 11:00:05.551 26222 26222 W System.err: 	at java.lang.reflect.Method.invoke(Native Method)
12-11 11:00:05.551 26222 26222 W System.err: 	at com.android.internal.os.RuntimeInit$MethodAndArgsCaller.run(RuntimeInit.java:592)
12-11 11:00:05.551 26222 26222 W System.err: 	at com.android.internal.os.ZygoteInit.main(ZygoteInit.java:947)
12-11 11:00:05.553 26222 26331 W FirebaseRemoteConfig: No value of type 'String' exists for parameter key 'sessions_max_length_minutes'.
12-11 11:00:05.553 26222 26334 W FirebaseRemoteConfig: No value of type 'String' exists for parameter key 'sessions_max_length_minutes'.
12-11 11:00:05.554 26222 26327 W FirebaseRemoteConfig: No value of type 'String' exists for parameter key 'sessions_feature_enabled'.
12-11 11:00:05.554 26222 26336 I FirebasePerformance: Session ID - e68819a72ab3447fa1c48e878b4ba2a2
12-11 11:00:05.554 26222 26327 W FirebaseRemoteConfig: No value of type 'String' exists for parameter key 'sessions_feature_enabled'.
12-11 11:00:05.555 26222 26331 I FirebasePerformance: Session ID - e68819a72ab3447fa1c48e878b4ba2a2
12-11 11:00:05.566 26222 26385 W FirebaseRemoteConfig: No value of type 'String' exists for parameter key 'sessions_max_length_minutes'.
12-11 11:00:05.568 26222 26327 W FirebaseRemoteConfig: No value of type 'String' exists for parameter key 'sessions_feature_enabled'.
12-11 11:00:05.568 26222 26417 W FirebaseRemoteConfig: No value of type 'String' exists for parameter key 'sessions_max_length_minutes'.
12-11 11:00:05.568 26222 26362 I FirebasePerformance: Session ID - e68819a72ab3447fa1c48e878b4ba2a2
12-11 11:00:05.569 26222 26327 W FirebaseRemoteConfig: No value of type 'String' exists for parameter key 'sessions_feature_enabled'.
12-11 11:00:05.569 26222 26347 I FirebasePerformance: Session ID - e68819a72ab3447fa1c48e878b4ba2a2
12-11 11:00:05.606 26222 26384 W FirebaseRemoteConfig: No value of type 'String' exists for parameter key 'sessions_max_length_minutes'.
12-11 11:00:05.606 26222 26327 W FirebaseRemoteConfig: No value of type 'String' exists for parameter key 'sessions_feature_enabled'.
12-11 11:00:05.607 26222 26385 I FirebasePerformance: Session ID - e68819a72ab3447fa1c48e878b4ba2a2
12-11 11:00:05.608 26222 26331 W FirebaseRemoteConfig: No value of type 'String' exists for parameter key 'sessions_max_length_minutes'.
12-11 11:00:05.608 26222 26327 W FirebaseRemoteConfig: No value of type 'String' exists for parameter key 'sessions_feature_enabled'.
12-11 11:00:05.609 26222 26384 I FirebasePerformance: Session ID - e68819a72ab3447fa1c48e878b4ba2a2
12-11 11:00:05.618 26222 26336 W FirebaseRemoteConfig: No value of type 'String' exists for parameter key 'sessions_max_length_minutes'.
12-11 11:00:05.619 26222 26327 W FirebaseRemoteConfig: No value of type 'String' exists for parameter key 'sessions_feature_enabled'.
12-11 11:00:05.621 26222 26383 I FirebasePerformance: Session ID - e68819a72ab3447fa1c48e878b4ba2a2
12-11 11:00:05.627 26222 26385 W FirebaseRemoteConfig: No value of type 'String' exists for parameter key 'sessions_max_length_minutes'.
12-11 11:00:05.628 26222 26327 W FirebaseRemoteConfig: No value of type 'String' exists for parameter key 'sessions_feature_enabled'.
12-11 11:00:05.628 26222 26421 I FirebasePerformance: Session ID - e68819a72ab3447fa1c48e878b4ba2a2
12-11 11:00:05.633 26222 26384 W FirebaseRemoteConfig: No value of type 'String' exists for parameter key 'sessions_max_length_minutes'.
12-11 11:00:05.634 26222 26385 I FirebasePerformance: Session ID - e68819a72ab3447fa1c48e878b4ba2a2
12-11 11:00:05.636 26222 26327 W FirebaseRemoteConfig: No value of type 'String' exists for parameter key 'sessions_feature_enabled'.
12-11 11:00:05.641 26222 26362 W FirebaseRemoteConfig: No value of type 'String' exists for parameter key 'sessions_max_length_minutes'.
12-11 11:00:05.641 26222 26327 W FirebaseRemoteConfig: No value of type 'String' exists for parameter key 'sessions_feature_enabled'.
12-11 11:00:05.642 26222 26356 I FirebasePerformance: Session ID - e68819a72ab3447fa1c48e878b4ba2a2
12-11 11:00:05.645 26222 26383 W FirebaseRemoteConfig: No value of type 'String' exists for parameter key 'sessions_max_length_minutes'.
12-11 11:00:05.645 26222 26327 W FirebaseRemoteConfig: No value of type 'String' exists for parameter key 'sessions_feature_enabled'.
12-11 11:00:05.646 26222 26327 W FirebaseRemoteConfig: No value of type 'String' exists for parameter key 'sessions_feature_enabled'.
12-11 11:00:05.646 26222 26347 W FirebaseRemoteConfig: No value of type 'String' exists for parameter key 'sessions_max_length_minutes'.
12-11 11:00:05.692 26222 26327 W FirebaseRemoteConfig: No value of type 'String' exists for parameter key 'sessions_feature_enabled'.
12-11 11:00:05.692 26222 26356 W FirebaseRemoteConfig: No value of type 'String' exists for parameter key 'sessions_max_length_minutes'.
12-11 11:00:05.764 26222 26327 W FirebaseRemoteConfig: No value of type 'String' exists for parameter key 'sessions_feature_enabled'.
12-11 11:00:05.765 26222 26421 W FirebaseRemoteConfig: No value of type 'String' exists for parameter key 'sessions_max_length_minutes'.
12-11 11:00:05.771 26222 26327 W FirebaseRemoteConfig: No value of type 'String' exists for parameter key 'sessions_feature_enabled'.
12-11 11:00:05.773 26222 26385 W FirebaseRemoteConfig: No value of type 'String' exists for parameter key 'sessions_max_length_minutes'.
12-11 11:00:06.215 26222 26235 I lipkart.androi: Background young concurrent copying GC freed 635446(45MB) AllocSpace objects, 257(48MB) LOS objects, 50% free, 23MB/47MB, paused 178us total 104.155ms
12-11 11:00:06.229 26222 26236 W JavaBinder: BinderProxy is being destroyed but the application did not call unlinkToDeath to unlink all of its death recipients beforehand.  Releasing leaked death recipient: com.google.android.play.core.internal.i
12-11 11:00:06.229 26222 26236 I BpBinder: onLastStrongRef automatically unlinking death recipients: <uncached descriptor>
12-11 11:00:06.273 26222 26385 I FirebasePerformance: Session ID - e68819a72ab3447fa1c48e878b4ba2a2
12-11 11:00:06.274 26222 26356 I FirebasePerformance: Session ID - e68819a72ab3447fa1c48e878b4ba2a2
12-11 11:00:06.274 26222 26347 I FirebasePerformance: Session ID - e68819a72ab3447fa1c48e878b4ba2a2
12-11 11:00:06.274 26222 26417 I FirebasePerformance: Session ID - e68819a72ab3447fa1c48e878b4ba2a2
12-11 11:00:06.275 26222 26421 I FirebasePerformance: Session ID - e68819a72ab3447fa1c48e878b4ba2a2
12-11 11:00:06.291 26222 26385 W FirebaseRemoteConfig: No value of type 'String' exists for parameter key 'sessions_max_length_minutes'.
12-11 11:00:06.291 26222 26327 W FirebaseRemoteConfig: No value of type 'String' exists for parameter key 'sessions_feature_enabled'.
12-11 11:00:06.291 26222 26384 I FirebasePerformance: Session ID - e68819a72ab3447fa1c48e878b4ba2a2
12-11 11:00:06.295 26222 26327 W FirebaseRemoteConfig: No value of type 'String' exists for parameter key 'sessions_feature_enabled'.
12-11 11:00:06.296 26222 26347 W FirebaseRemoteConfig: No value of type 'String' exists for parameter key 'sessions_max_length_minutes'.
12-11 11:00:06.296 26222 26327 W FirebaseRemoteConfig: No value of type 'String' exists for parameter key 'sessions_feature_enabled'.
12-11 11:00:06.296 26222 26385 I FirebasePerformance: Session ID - e68819a72ab3447fa1c48e878b4ba2a2
12-11 11:00:06.297 26222 26356 W FirebaseRemoteConfig: No value of type 'String' exists for parameter key 'sessions_max_length_minutes'.
12-11 11:00:06.297 26222 26347 I FirebasePerformance: Session ID - e68819a72ab3447fa1c48e878b4ba2a2
12-11 11:00:06.307 26222 26385 W FirebaseRemoteConfig: No value of type 'String' exists for parameter key 'sessions_max_length_minutes'.
12-11 11:00:06.307 26222 26327 W FirebaseRemoteConfig: No value of type 'String' exists for parameter key 'sessions_feature_enabled'.
12-11 11:00:06.308 26222 26356 I FirebasePerformance: Session ID - e68819a72ab3447fa1c48e878b4ba2a2
12-11 11:00:06.320 26222 26327 W FirebaseRemoteConfig: No value of type 'String' exists for parameter key 'sessions_feature_enabled'.
12-11 11:00:06.320 26222 26421 W FirebaseRemoteConfig: No value of type 'String' exists for parameter key 'sessions_max_length_minutes'.
12-11 11:00:06.320 26222 26385 I FirebasePerformance: Session ID - e68819a72ab3447fa1c48e878b4ba2a2
12-11 11:00:06.323 26222 26356 W FirebaseRemoteConfig: No value of type 'String' exists for parameter key 'sessions_max_length_minutes'.
12-11 11:00:06.323 26222 26327 W FirebaseRemoteConfig: No value of type 'String' exists for parameter key 'sessions_feature_enabled'.
12-11 11:00:06.323 26222 26421 I FirebasePerformance: Session ID - e68819a72ab3447fa1c48e878b4ba2a2
12-11 11:00:06.324 26222 26327 W FirebaseRemoteConfig: No value of type 'String' exists for parameter key 'sessions_feature_enabled'.
12-11 11:00:06.324 26222 26417 W FirebaseRemoteConfig: No value of type 'String' exists for parameter key 'sessions_max_length_minutes'.
12-11 11:00:06.327 26222 26384 W FirebaseRemoteConfig: No value of type 'String' exists for parameter key 'sessions_max_length_minutes'.
12-11 11:00:06.327 26222 26327 W FirebaseRemoteConfig: No value of type 'String' exists for parameter key 'sessions_feature_enabled'.
12-11 11:00:06.329 26222 26327 W FirebaseRemoteConfig: No value of type 'String' exists for parameter key 'sessions_feature_enabled'.
12-11 11:00:06.329 26222 26385 W FirebaseRemoteConfig: No value of type 'String' exists for parameter key 'sessions_max_length_minutes'.
12-11 11:00:06.347 26222 26347 W FirebaseRemoteConfig: No value of type 'String' exists for parameter key 'sessions_max_length_minutes'.
12-11 11:00:06.347 26222 26327 W FirebaseRemoteConfig: No value of type 'String' exists for parameter key 'sessions_feature_enabled'.
12-11 11:00:06.361 26222 26421 W FirebaseRemoteConfig: No value of type 'String' exists for parameter key 'sessions_max_length_minutes'.
12-11 11:00:06.361 26222 26327 W FirebaseRemoteConfig: No value of type 'String' exists for parameter key 'sessions_feature_enabled'.
12-11 11:00:08.657 26222 26421 I FirebasePerformance: Session ID - e68819a72ab3447fa1c48e878b4ba2a2
12-11 11:00:08.689 26222 26327 W FirebaseRemoteConfig: No value of type 'String' exists for parameter key 'sessions_feature_enabled'.
12-11 11:00:08.689 26222 26421 W FirebaseRemoteConfig: No value of type 'String' exists for parameter key 'sessions_max_length_minutes'.
12-11 11:00:08.981   895   895 I android.hardware.health@2.0-service.wahoo: SRAM data: 3623000
12-11 11:00:08.989  1791  2378 D PowerUI : can't show warning due to - plugged: true status unknown: false
12-11 11:00:09.101  1034  1034 I perfetto: probes_producer.cc:329  Producer stop (id=5708)
12-11 11:00:09.101  1034  1034 I perfetto: ftrace_procfs.cc:183    disabled ftrace
12-11 11:00:09.114  1035  1035 I perfetto: ng_service_impl.cc:1948 Tracing session 5708 ended, total sessions:0
12-11 11:00:09.248  1066 26216 I iorapd  : Perfetto TraceBuffer saved to file: /data/misc/iorapd/com.flipkart.android/1200017/com.flipkart.android.activity.HomeFragmentHolderActivity/raw_traces/1607664609239625059.perfetto_trace.pb
12-11 11:00:10.663 26162 26202 I appium  : channel read invoked!
12-11 11:00:10.664 26162 26202 I appium  : channel read: POST /wd/hub/session/d9573d1f-218d-47b6-b267-712cec9cec5b/element
12-11 11:00:10.666 26162 26202 I appium  : Find element command using 'id' with selector 'com.amazon.mShop.android.shopping:id/sign_in_button'.
12-11 11:00:10.676 26162 26202 I appium  : Waiting up to 10000ms for device to be idle
12-11 11:00:10.882 26162 26202 I appium  : AppiumResponse: {"sessionId":"d9573d1f-218d-47b6-b267-712cec9cec5b","value":{"error":"no such element","message":"An element could not be located on the page using the given search parameters","stacktrace":"io.appium.uiautomator2.common.exceptions.ElementNotFoundException: An element could not be located on the ...
12-11 11:00:11.429 26162 26202 I appium  : channel read invoked!
12-11 11:00:11.430 26162 26202 I appium  : channel read: POST /wd/hub/session/d9573d1f-218d-47b6-b267-712cec9cec5b/element
12-11 11:00:11.435 26162 26202 I appium  : Find element command using 'id' with selector 'com.amazon.mShop.android.shopping:id/sign_in_button'.
12-11 11:00:11.436 26162 26202 I appium  : Waiting up to 10000ms for device to be idle
12-11 11:00:11.641 26162 26202 I appium  : AppiumResponse: {"sessionId":"d9573d1f-218d-47b6-b267-712cec9cec5b","value":{"error":"no such element","message":"An element could not be located on the page using the given search parameters","stacktrace":"io.appium.uiautomator2.common.exceptions.ElementNotFoundException: An element could not be located on the ...
12-11 11:00:12.164 26162 26202 I appium  : channel read invoked!
