12-11 11:00:12.165 26162 26202 I appium  : channel read: POST /wd/hub/session/d9573d1f-218d-47b6-b267-712cec9cec5b/element
12-11 11:00:12.168 26162 26202 I appium  : Find element command using 'id' with selector 'com.amazon.mShop.android.shopping:id/sign_in_button'.
12-11 11:00:12.169 26162 26202 I appium  : Waiting up to 10000ms for device to be idle
12-11 11:00:12.354 26162 26202 I appium  : AppiumResponse: {"sessionId":"d9573d1f-218d-47b6-b267-712cec9cec5b","value":{"error":"no such element","message":"An element could not be located on the page using the given search parameters","stacktrace":"io.appium.uiautomator2.common.exceptions.ElementNotFoundException: An element could not be located on the ...
12-11 11:00:12.865 26222 26421 I FirebasePerformance: Session ID - e68819a72ab3447fa1c48e878b4ba2a2
12-11 11:00:12.872 26162 26202 I appium  : channel read invoked!
12-11 11:00:12.872 26162 26202 I appium  : channel read: POST /wd/hub/session/d9573d1f-218d-47b6-b267-712cec9cec5b/element
12-11 11:00:12.875 26162 26202 I appium  : Find element command using 'id' with selector 'com.amazon.mShop.android.shopping:id/sign_in_button'.
12-11 11:00:12.875 26162 26202 I appium  : Waiting up to 10000ms for device to be idle
12-11 11:00:12.883 26222 26327 W FirebaseRemoteConfig: No value of type 'String' exists for parameter key 'sessions_feature_enabled'.
12-11 11:00:12.883 26222 26421 W FirebaseRemoteConfig: No value of type 'String' exists for parameter key 'sessions_max_length_minutes'.
12-11 11:00:14.800 26162 26202 I appium  : AppiumResponse: {"sessionId":"d9573d1f-218d-47b6-b267-712cec9cec5b","value":{"error":"no such element","message":"An element could not be located on the page using the given search parameters","stacktrace":"io.appium.uiautomator2.common.exceptions.ElementNotFoundException: An element could not be located on the ...
12-11 11:00:15.340 26162 26202 I appium  : channel read invoked!
12-11 11:00:15.340 26162 26202 I appium  : channel read: POST /wd/hub/session/d9573d1f-218d-47b6-b267-712cec9cec5b/element
12-11 11:00:15.344 26162 26202 I appium  : Find element command using 'id' with selector 'com.amazon.mShop.android.shopping:id/sign_in_button'.
12-11 11:00:15.344 26162 26202 I appium  : Waiting up to 10000ms for device to be idle
12-11 11:00:15.456 26162 26202 I appium  : AppiumResponse: {"sessionId":"d9573d1f-218d-47b6-b267-712cec9cec5b","value":{"error":"no such element","message":"An element could not be located on the page using the given search parameters","stacktrace":"io.appium.uiautomator2.common.exceptions.ElementNotFoundException: An element could not be located on the ...
12-11 11:00:15.979 26162 26202 I appium  : channel read invoked!
12-11 11:00:15.979 26162 26202 I appium  : channel read: POST /wd/hub/session/d9573d1f-218d-47b6-b267-712cec9cec5b/element
12-11 11:00:15.988 26162 26202 I appium  : Find element command using 'id' with selector 'com.amazon.mShop.android.shopping:id/sign_in_button'.
12-11 11:00:15.988 26162 26202 I appium  : Waiting up to 10000ms for device to be idle
12-11 11:00:16.155 26162 26202 I appium  : AppiumResponse: {"sessionId":"d9573d1f-218d-47b6-b267-712cec9cec5b","value":{"error":"no such element","message":"An element could not be located on the page using the given search parameters","stacktrace":"io.appium.uiautomator2.common.exceptions.ElementNotFoundException: An element could not be located on the ...
12-11 11:00:16.673 26162 26202 I appium  : channel read invoked!
12-11 11:00:16.674 26162 26202 I appium  : channel read: POST /wd/hub/session/d9573d1f-218d-47b6-b267-712cec9cec5b/element
12-11 11:00:16.678 26162 26202 I appium  : Find element command using 'id' with selector 'com.amazon.mShop.android.shopping:id/sign_in_button'.
12-11 11:00:16.678 26162 26202 I appium  : Waiting up to 10000ms for device to be idle
12-11 11:00:16.831 26162 26202 I appium  : AppiumResponse: {"sessionId":"d9573d1f-218d-47b6-b267-712cec9cec5b","value":{"error":"no such element","message":"An element could not be located on the page using the given search parameters","stacktrace":"io.appium.uiautomator2.common.exceptions.ElementNotFoundException: An element could not be located on the ...
12-11 11:00:17.075 26222 26421 I FirebasePerformance: Session ID - e68819a72ab3447fa1c48e878b4ba2a2
12-11 11:00:17.127 26222 26327 W FirebaseRemoteConfig: No value of type 'String' exists for parameter key 'sessions_feature_enabled'.
12-11 11:00:17.127 26222 26421 W FirebaseRemoteConfig: No value of type 'String' exists for parameter key 'sessions_max_length_minutes'.
12-11 11:00:17.349 26162 26202 I appium  : channel read invoked!
12-11 11:00:17.349 26162 26202 I appium  : channel read: POST /wd/hub/session/d9573d1f-218d-47b6-b267-712cec9cec5b/element
12-11 11:00:17.349 26162 26202 I appium  : Find element command using 'id' with selector 'com.amazon.mShop.android.shopping:id/sign_in_button'.
12-11 11:00:17.350 26162 26202 I appium  : Waiting up to 10000ms for device to be idle
12-11 11:00:18.937 26162 26202 I appium  : AppiumResponse: {"sessionId":"d9573d1f-218d-47b6-b267-712cec9cec5b","value":{"error":"no such element","message":"An element could not be located on the page using the given search parameters","stacktrace":"io.appium.uiautomator2.common.exceptions.ElementNotFoundException: An element could not be located on the ...
12-11 11:00:19.465 26162 26202 I appium  : channel read invoked!
12-11 11:00:19.466 26162 26202 I appium  : channel read: POST /wd/hub/session/d9573d1f-218d-47b6-b267-712cec9cec5b/element
12-11 11:00:19.472 26162 26202 I appium  : Find element command using 'id' with selector 'com.amazon.mShop.android.shopping:id/sign_in_button'.
12-11 11:00:19.473 26162 26202 I appium  : Waiting up to 10000ms for device to be idle
12-11 11:00:19.582 26162 26202 I appium  : AppiumResponse: {"sessionId":"d9573d1f-218d-47b6-b267-712cec9cec5b","value":{"error":"no such element","message":"An element could not be located on the page using the given search parameters","stacktrace":"io.appium.uiautomator2.common.exceptions.ElementNotFoundException: An element could not be located on the ...
12-11 11:00:20.097 26162 26202 I appium  : channel read invoked!
12-11 11:00:20.097 26162 26202 I appium  : channel read: POST /wd/hub/session/d9573d1f-218d-47b6-b267-712cec9cec5b/element
12-11 11:00:20.100 26162 26202 I appium  : Find element command using 'id' with selector 'com.amazon.mShop.android.shopping:id/sign_in_button'.
12-11 11:00:20.100 26162 26202 I appium  : Waiting up to 10000ms for device to be idle
12-11 11:00:20.198 26162 26202 I appium  : AppiumResponse: {"sessionId":"d9573d1f-218d-47b6-b267-712cec9cec5b","value":{"error":"no such element","message":"An element could not be located on the page using the given search parameters","stacktrace":"io.appium.uiautomator2.common.exceptions.ElementNotFoundException: An element could not be located on the ...
12-11 11:00:20.721 26162 26202 I appium  : channel read invoked!
12-11 11:00:20.722 26162 26202 I appium  : channel read: POST /wd/hub/session/d9573d1f-218d-47b6-b267-712cec9cec5b/element
12-11 11:00:20.725 26162 26202 I appium  : Find element command using 'id' with selector 'com.amazon.mShop.android.shopping:id/sign_in_button'.
12-11 11:00:20.725 26162 26202 I appium  : Waiting up to 10000ms for device to be idle
12-11 11:00:20.821 26162 26202 I appium  : AppiumResponse: {"sessionId":"d9573d1f-218d-47b6-b267-712cec9cec5b","value":{"error":"no such element","message":"An element could not be located on the page using the given search parameters","stacktrace":"io.appium.uiautomator2.common.exceptions.ElementNotFoundException: An element could not be located on the ...
12-11 11:00:21.285 26222 26421 I FirebasePerformance: Session ID - e68819a72ab3447fa1c48e878b4ba2a2
12-11 11:00:21.317 26222 26327 W FirebaseRemoteConfig: No value of type 'String' exists for parameter key 'sessions_feature_enabled'.
12-11 11:00:21.317 26222 26421 W FirebaseRemoteConfig: No value of type 'String' exists for parameter key 'sessions_max_length_minutes'.
12-11 11:00:21.338 26162 26202 I appium  : channel read invoked!
12-11 11:00:21.338 26162 26202 I appium  : channel read: POST /wd/hub/session/d9573d1f-218d-47b6-b267-712cec9cec5b/element
12-11 11:00:21.340 26162 26202 I appium  : Find element command using 'id' with selector 'com.amazon.mShop.android.shopping:id/sign_in_button'.
12-11 11:00:21.340 26162 26202 I appium  : Waiting up to 10000ms for device to be idle
12-11 11:00:23.067 26162 26202 I appium  : AppiumResponse: {"sessionId":"d9573d1f-218d-47b6-b267-712cec9cec5b","value":{"error":"no such element","message":"An element could not be located on the page using the given search parameters","stacktrace":"io.appium.uiautomator2.common.exceptions.ElementNotFoundException: An element could not be located on the ...
12-11 11:00:23.622 26162 26202 I appium  : channel read invoked!
12-11 11:00:23.623 26162 26202 I appium  : channel read: POST /wd/hub/session/d9573d1f-218d-47b6-b267-712cec9cec5b/element
12-11 11:00:23.625 26162 26202 I appium  : Find element command using 'id' with selector 'com.amazon.mShop.android.shopping:id/sign_in_button'.
12-11 11:00:23.626 26162 26202 I appium  : Waiting up to 10000ms for device to be idle
12-11 11:00:23.725 26162 26202 I appium  : AppiumResponse: {"sessionId":"d9573d1f-218d-47b6-b267-712cec9cec5b","value":{"error":"no such element","message":"An element could not be located on the page using the given search parameters","stacktrace":"io.appium.uiautomator2.common.exceptions.ElementNotFoundException: An element could not be located on the ...
12-11 11:00:24.253 26162 26202 I appium  : channel read invoked!
12-11 11:00:24.253 26162 26202 I appium  : channel read: POST /wd/hub/session/d9573d1f-218d-47b6-b267-712cec9cec5b/element
12-11 11:00:24.256 26162 26202 I appium  : Find element command using 'id' with selector 'com.amazon.mShop.android.shopping:id/sign_in_button'.
12-11 11:00:24.257 26162 26202 I appium  : Waiting up to 10000ms for device to be idle
12-11 11:00:24.374 26162 26202 I appium  : AppiumResponse: {"sessionId":"d9573d1f-218d-47b6-b267-712cec9cec5b","value":{"error":"no such element","message":"An element could not be located on the page using the given search parameters","stacktrace":"io.appium.uiautomator2.common.exceptions.ElementNotFoundException: An element could not be located on the ...
12-11 11:00:24.892 26162 26202 I appium  : channel read invoked!
12-11 11:00:24.893 26162 26202 I appium  : channel read: POST /wd/hub/session/d9573d1f-218d-47b6-b267-712cec9cec5b/element
12-11 11:00:24.896 26162 26202 I appium  : Find element command using 'id' with selector 'com.amazon.mShop.android.shopping:id/sign_in_button'.
12-11 11:00:24.896 26162 26202 I appium  : Waiting up to 10000ms for device to be idle
12-11 11:00:24.970 26162 26202 I appium  : AppiumResponse: {"sessionId":"d9573d1f-218d-47b6-b267-712cec9cec5b","value":{"error":"no such element","message":"An element could not be located on the page using the given search parameters","stacktrace":"io.appium.uiautomator2.common.exceptions.ElementNotFoundException: An element could not be located on the ...
12-11 11:00:25.491 26162 26202 I appium  : channel read invoked!
12-11 11:00:25.492 26162 26202 I appium  : channel read: POST /wd/hub/session/d9573d1f-218d-47b6-b267-712cec9cec5b/element
12-11 11:00:25.495 26222 26421 I FirebasePerformance: Session ID - e68819a72ab3447fa1c48e878b4ba2a2
12-11 11:00:25.495 26162 26202 I appium  : Find element command using 'id' with selector 'com.amazon.mShop.android.shopping:id/sign_in_button'.
12-11 11:00:25.495 26162 26202 I appium  : Waiting up to 10000ms for device to be idle
12-11 11:00:25.522 26222 26327 W FirebaseRemoteConfig: No value of type 'String' exists for parameter key 'sessions_feature_enabled'.
12-11 11:00:25.522 26222 26421 W FirebaseRemoteConfig: No value of type 'String' exists for parameter key 'sessions_max_length_minutes'.
12-11 11:00:27.364 26162 26202 I appium  : AppiumResponse: {"sessionId":"d9573d1f-218d-47b6-b267-712cec9cec5b","value":{"error":"no such element","message":"An element could not be located on the page using the given search parameters","stacktrace":"io.appium.uiautomator2.common.exceptions.ElementNotFoundException: An element could not be located on the ...
12-11 11:00:27.534 26162 26202 I appium  : channel read invoked!
12-11 11:00:27.535 26162 26202 I appium  : channel read: GET /wd/hub/session/d9573d1f-218d-47b6-b267-712cec9cec5b/screenshot
12-11 11:00:27.536 26162 26202 I appium  : Capture screenshot command
12-11 11:00:27.697   638   638 I hwservicemanager: getTransport: Cannot find entry android.hardware.graphics.mapper@4.0::IMapper/default in either framework or device manifest.
12-11 11:00:27.697 26433 26433 I Gralloc4: mapper 4.x is not supported
12-11 11:00:27.698   638   638 I hwservicemanager: getTransport: Cannot find entry android.hardware.graphics.mapper@3.0::IMapper/default in either framework or device manifest.
12-11 11:00:27.698 26433 26433 W Gralloc3: mapper 3.x is not supported
12-11 11:00:27.716 26433 26433 W AdrenoUtils: <ReadGpuID_from_sysfs:197>: Failed to open /sys/class/kgsl/kgsl-3d0/gpu_model
12-11 11:00:27.716 26433 26433 W AdrenoUtils: <ReadGpuID:221>: Failed to read chip ID from gpu_model. Fallback to use the GSL path
12-11 11:00:29.168 26162 26202 I appium  : AppiumResponse: {"sessionId":"d9573d1f-218d-47b6-b267-712cec9cec5b","value":"iVBORw0KGgoAAAANSUhEUgAABaAAAAtACAYAAADu24QXAAAAAXNSR0IArs4c6QAAAARzQklUCAgI\nCHwIZIgAACAASURBVHic7N13nFx1vf\/x9zln6u7O9r6b3kMLvUsXFPBeQYrSFFCQK6D3p14VFcvV\n69WLKCrNBgqCSFWUFkA6hGKoCQQIKdt7nX7O749JNtlsm01mdmZ2X8\/HI49Hspk53zNnZ2dn3udz\n...
12-11 11:00:29.555 15503 15583 I PlayCommon: [5121] avrz.h(22): Preparing logs for uploading
12-11 11:00:29.621 15503 15583 I PlayCommon: [5121] avrz.h(167): Connecting to server: https://play.googleapis.com/play/log?format=raw&proto_v2=true
12-11 11:00:29.879 15503 15583 I PlayCommon: [5121] avrz.h(199): Successfully uploaded logs.
