--------- beginning of main
12-11 10:52:23.362  1406  1415 I system_server: Background concurrent copying GC freed 459731(21MB) AllocSpace objects, 115(3272KB) LOS objects, 35% free, 43MB/67MB, paused 127us total 242.636ms
12-11 10:52:23.380  1406  1417 W System  : A resource failed to call release. 
12-11 10:52:23.381  1406  1417 I chatty  : uid=1000(system) FinalizerDaemon identical 4 lines
12-11 10:52:23.382  1406  1417 W System  : A resource failed to call release. 
12-11 10:52:23.514 21008 21038 I appium  : channel read invoked!
12-11 10:52:23.515 21008 21038 I appium  : channel read: GET /wd/hub/status
12-11 10:52:23.521 21008 21038 I appium  : AppiumResponse: {"sessionId":"None","value":{"ready":true,"message":"UiAutomator2 Server is ready to accept commands"}}
12-11 10:52:23.548 21008 21038 I appium  : channel read invoked!
12-11 10:52:23.549 21008 21038 I appium  : channel read: POST /wd/hub/session
12-11 10:52:23.562 21008 21038 W tomator2.serve: Accessing hidden field Landroid/app/UiAutomation;->mOnAccessibilityEventListener:Landroid/app/UiAutomation$OnAccessibilityEventListener; (greylist-max-o, reflection, allowed)
12-11 10:52:23.564 21008 21038 I appium  : Created the new session with SessionID: 07d78c60-34f9-44d4-b860-6d7802a49080
12-11 10:52:23.566 21008 21038 I appium  : AppiumResponse: {"sessionId":"07d78c60-34f9-44d4-b860-6d7802a49080","value":{"sessionId":"07d78c60-34f9-44d4-b860-6d7802a49080","capabilities":{"firstMatch":[{"platform":"LINUX","webStorageEnabled":false,"takesScreenshot":true,"javascriptEnabled":true,"databaseEnabled":false,"networkConnectionEnabled":true,"loca...
12-11 10:52:23.596 21008 21038 I appium  : channel read invoked!
12-11 10:52:23.596 21008 21038 I appium  : channel read: GET /wd/hub/session/07d78c60-34f9-44d4-b860-6d7802a49080/appium/device/info
12-11 10:52:23.597 21008 21038 I appium  : Get Device Info command
12-11 10:52:23.606 21008 21038 I TetheringManager: registerTetheringEventCallback:io.appium.uiautomator2.server
12-11 10:52:23.639 21008 21038 W tomator2.serve: Accessing hidden field Landroid/net/NetworkCapabilities;->mSignalStrength:I (greylist-max-p, reflection, allowed)
12-11 10:52:23.639 21008 21038 W tomator2.serve: Accessing hidden field Landroid/net/NetworkCapabilities;->mNetworkSpecifier:Landroid/net/NetworkSpecifier; (greylist-max-o, reflection, allowed)
12-11 10:52:23.639 21008 21038 W tomator2.serve: Accessing hidden field Landroid/net/NetworkCapabilities;->mSSID:Ljava/lang/String; (greylist-max-o, reflection, allowed)
12-11 10:52:23.662 21008 21038 I appium  : AppiumResponse: {"sessionId":"07d78c60-34f9-44d4-b860-6d7802a49080","value":{"androidId":"6a840bcba1727937","manufacturer":"Google","model":"Pixel 2 XL","brand":"google","apiVersion":"30","platformVersion":"11","carrierName":"Vi India","realDisplaySize":"1440x2880","displayDensity":560,"networks":[{"type":1,"typ...
--------- beginning of system
12-11 10:52:23.742  1406  3935 W ActivityManager: Permission Denial: getIntentForIntentSender() from pid=21039, uid=2000 requires android.permission.GET_INTENT_SENDER_INTENT
12-11 10:52:23.857  1406  3935 I ActivityManager: Force stopping com.flipkart.android appid=10338 user=0: from pid 21044
12-11 10:52:23.887  2117  2117 D CarrierSvcBindHelper: No carrier app for: 0
12-11 10:52:23.898  3305  3305 D RegisteredNfcFServicesCache: Service unchanged, not updating
12-11 10:52:23.899 18590 21047 I EuiccGoogle: [55053] EuiccServiceImpl.onGetEuiccProfileInfoList: onGetEuiccProfileInfoList: slotId = -1
12-11 10:52:23.915  1916  1916 D QcrilMsgTunnelIfaceManager: handleMessage what = 1
12-11 10:52:23.917  1916  1916 I QcrilOemhookMsgTunnel: [0]invokeOemRilRequestRaw: serial=2408 length=16
12-11 10:52:23.923  1916  1945 I QcrilOemhookMsgTunnel: [0]processOemHookResponse serial no: 2408 error: 0length=88
12-11 10:52:23.923  1916  1916 D QcrilMsgTunnelIfaceManager: handleMessage what = 2
12-11 10:52:23.924 18590 21047 I EuiccGoogle: [55053] UiccLogicalChannel.open: Locked on aid: A0000005591010FFFFFFFF8900000100
12-11 10:52:23.971  2117  2117 E PhoneInterfaceManager: [PhoneIntfMgr] iccOpenLogicalChannel: Exception: com.android.internal.telephony.CommandException: NO_SUCH_ELEMENT
12-11 10:52:23.972 18590 21047 E EuiccGoogle: [55053] UiccLogicalChannel.open: selectResponse is null. Unlocked for aid: A0000005591010FFFFFFFF8900000100
12-11 10:52:23.972 18590 21047 W EuiccGoogle: [55053] EuiccServiceImpl.onGetEuiccProfileInfoList: slotId=-1. No eUICC is active. Return null.
12-11 10:52:24.124  1406  3935 I ActivityTaskManager: START u0 {flg=0x10000000 cmp=com.flipkart.android/.activity.HomeFragmentHolderActivity} from uid 2000
12-11 10:52:24.126  1406  1469 D EventSequenceValidator: IntentStarted during UNKNOWN. Intent { flg=0x10000000 cmp=com.flipkart.android/.activity.HomeFragmentHolderActivity }
12-11 10:52:24.126  1406  1469 D EventSequenceValidator: java.lang.Throwable: EventSequenceValidator#getStackTrace
12-11 10:52:24.126  1406  1469 D EventSequenceValidator: 	at com.google.android.startop.iorap.EventSequenceValidator.logWarningWithStackTrace(EventSequenceValidator.java:260)
12-11 10:52:24.126  1406  1469 D EventSequenceValidator: 	at com.google.android.startop.iorap.EventSequenceValidator.onIntentStarted(EventSequenceValidator.java:106)
12-11 10:52:24.126  1406  1469 D EventSequenceValidator: 	at com.android.server.wm.LaunchObserverRegistryImpl.handleOnIntentStarted(LaunchObserverRegistryImpl.java:139)
12-11 10:52:24.126  1406  1469 D EventSequenceValidator: 	at com.android.server.wm.LaunchObserverRegistryImpl.lambda$veRn_GhgLZLlOHOJ0ZYT6KcfYqo(Unknown Source:0)
12-11 10:52:24.126  1406  1469 D EventSequenceValidator: 	at com.android.server.wm.-$$Lambda$LaunchObserverRegistryImpl$veRn_GhgLZLlOHOJ0ZYT6KcfYqo.accept(Unknown Source:10)
12-11 10:52:24.126  1406  1469 D EventSequenceValidator: 	at com.android.internal.util.function.pooled.PooledLambdaImpl.doInvoke(PooledLambdaImpl.java:292)
12-11 10:52:24.126  1406  1469 D EventSequenceValidator: 	at com.android.internal.util.function.pooled.PooledLambdaImpl.invoke(PooledLambdaImpl.java:201)
12-11 10:52:24.126  1406  1469 D EventSequenceValidator: 	at com.android.internal.util.function.pooled.OmniFunction.run(OmniFunction.java:97)
12-11 10:52:24.126  1406  1469 D EventSequenceValidator: 	at android.os.Handler.handleCallback(Handler.java:938)
12-11 10:52:24.126  1406  1469 D EventSequenceValidator: 	at android.os.Handler.dispatchMessage(Handler.java:99)
12-11 10:52:24.126  1406  1469 D EventSequenceValidator: 	at android.os.Looper.loop(Looper.java:223)
12-11 10:52:24.126  1406  1469 D EventSequenceValidator: 	at android.os.HandlerThread.run(HandlerThread.java:67)
12-11 10:52:24.126  1406  1469 D EventSequenceValidator: 	at com.android.server.ServiceThread.run(ServiceThread.java:44)
12-11 10:52:24.126  1406  1469 D EventSequenceValidator: inc AccIntentStartedEvents to 2
12-11 10:52:24.149   671   671 D android.hardware.power@1.3-service.pixel-libperfmgr: LAUNCH: 1
12-11 10:52:24.157  1035  1035 I perfetto: ing_service_impl.cc:758 Configured tracing session 5701, #sources:1, duration:5000 ms, #buffers:1, total buffer size:4096 KB, total sessions:1, uid:1071 session name: ""
12-11 10:52:24.157  1034  1034 I perfetto: probes_producer.cc:230  Ftrace setup (target_buf=5701)
12-11 10:52:24.162  1034  1034 I perfetto: ftrace_procfs.cc:176    enabled ftrace
12-11 10:52:24.162  1406  1469 D CompatibilityChangeReporter: Compat change id reported: 135634846; UID 10338; state: DISABLED
12-11 10:52:24.162  1406  1476 D CompatibilityChangeReporter: Compat change id reported: 143937733; UID 10338; state: DISABLED
12-11 10:52:24.163  1406  1469 D EventSequenceValidator: onActivityLaunched during UNKNOWN.
12-11 10:52:24.163  1406  1469 D EventSequenceValidator: java.lang.Throwable: EventSequenceValidator#getStackTrace
12-11 10:52:24.163  1406  1469 D EventSequenceValidator: 	at com.google.android.startop.iorap.EventSequenceValidator.logWarningWithStackTrace(EventSequenceValidator.java:260)
12-11 10:52:24.163  1406  1469 D EventSequenceValidator: 	at com.google.android.startop.iorap.EventSequenceValidator.onActivityLaunched(EventSequenceValidator.java:149)
12-11 10:52:24.163  1406  1469 D EventSequenceValidator: 	at com.android.server.wm.LaunchObserverRegistryImpl.handleOnActivityLaunched(LaunchObserverRegistryImpl.java:157)
12-11 10:52:24.163  1406  1469 D EventSequenceValidator: 	at com.android.server.wm.LaunchObserverRegistryImpl.lambda$UGY1OclnLIQLMEL9B55qjERFf4o(Unknown Source:0)
12-11 10:52:24.163  1406  1469 D EventSequenceValidator: 	at com.android.server.wm.-$$Lambda$LaunchObserverRegistryImpl$UGY1OclnLIQLMEL9B55qjERFf4o.accept(Unknown Source:10)
12-11 10:52:24.163  1406  1469 D EventSequenceValidator: 	at com.android.internal.util.function.pooled.PooledLambdaImpl.doInvoke(PooledLambdaImpl.java:292)
12-11 10:52:24.163  1406  1469 D EventSequenceValidator: 	at com.android.internal.util.function.pooled.PooledLambdaImpl.invoke(PooledLambdaImpl.java:201)
12-11 10:52:24.163  1406  1469 D EventSequenceValidator: 	at com.android.internal.util.function.pooled.OmniFunction.run(OmniFunction.java:97)
12-11 10:52:24.163  1406  1469 D EventSequenceValidator: 	at android.os.Handler.handleCallback(Handler.java:938)
12-11 10:52:24.163  1406  1469 D EventSequenceValidator: 	at android.os.Handler.dispatchMessage(Handler.java:99)
12-11 10:52:24.163  1406  1469 D EventSequenceValidator: 	at android.os.Looper.loop(Looper.java:223)
12-11 10:52:24.163  1406  1469 D EventSequenceValidator: 	at android.os.HandlerThread.run(HandlerThread.java:67)
12-11 10:52:24.163  1406  1469 D EventSequenceValidator: 	at com.android.server.ServiceThread.run(ServiceThread.java:44)
12-11 10:52:24.170   868   868 D Zygote  : Forked child process 21053
12-11 10:52:24.172  1406  1476 I ActivityManager: Start proc 21053:com.flipkart.android/u0a338 for pre-top-activity {com.flipkart.android/com.flipkart.android.activity.HomeFragmentHolderActivity}
12-11 10:52:24.178 21053 21053 E lipkart.androi: Not starting debugger since process cannot load the jdwp agent.
12-11 10:52:24.201 21053 21053 D ApplicationLoaders: Returning zygote-cached class loader: /system/framework/android.test.base.jar
12-11 10:52:24.203 21053 21053 I lipkart.androi: The ClassLoaderContext is a special shared library.
12-11 10:52:24.215 21053 21053 I LoadedApk: No resource references to update in package com.flipkart.android.chat
12-11 10:52:24.215 21053 21053 I LoadedApk: No resource references to update in package com.flipkart.android.condition_assessor
12-11 10:52:24.216 21053 21053 D NetworkSecurityConfig: Using Network Security Config from resource network_security_config debugBuild: false
12-11 10:52:24.216 21053 21053 D NetworkSecurityConfig: Using Network Security Config from resource network_security_config debugBuild: false
12-11 10:52:24.223 21053 21053 I MultiDex: VM with version 2.1.0 has multidex support
12-11 10:52:24.223 21053 21053 I MultiDex: Installing application
12-11 10:52:24.223 21053 21053 I MultiDex: VM has multidex support, MultiDex support library is disabled.
12-11 10:52:24.231 21053 21053 I FirebaseApp: Device unlocked: initializing all Firebase APIs for app [DEFAULT]
12-11 10:52:24.250 21053 21053 W FirebaseCrashlytics: A new version of the Google Analytics for Firebase SDK is now available. For improved performance and compatibility with Crashlytics, please update to the latest version.
12-11 10:52:24.251 21053 21082 W cd      : Application name is not set. Call Builder#setApplicationName.
12-11 10:52:24.256 21053 21053 I FirebaseCrashlytics: Initializing Crashlytics 17.2.2
12-11 10:52:24.268 21053 21053 W cd      : Application name is not set. Call Builder#setApplicationName.
12-11 10:52:24.271 21053 21053 I FirebaseInitProvider: FirebaseApp initialization successful
12-11 10:52:24.276 21053 21053 I TetheringManager: registerTetheringEventCallback:com.flipkart.android
12-11 10:52:24.307 21053 21102 E ADBMobile: ADBMobile Error : Wearable - Failed to load class com.adobe.mobile.ConfigSynchronizer
12-11 10:52:24.314 21053 21101 I Tune#a():107: Initializing Tune Version 4.16.0
12-11 10:52:24.318  1406  4060 D CompatibilityChangeReporter: Compat change id reported: 136274596; UID 10338; state: DISABLED
12-11 10:52:24.350 21053 21080 I FA      : App measurement is starting up, version: 16250
12-11 10:52:24.350 21053 21080 I FA      : To enable debug logging run: adb shell setprop log.tag.FA VERBOSE
12-11 10:52:24.351 21053 21080 I FA      : To enable faster debug mode event logging run:
12-11 10:52:24.351 21053 21080 I FA      :   adb shell setprop debug.firebase.analytics.app com.flipkart.android
12-11 10:52:24.367 21053 21053 W FirebaseRemoteConfig: No value of type 'String' exists for parameter key 'sessions_feature_enabled'.
12-11 10:52:24.367 21053 21053 D FirebasePerformance: Creating a new Non Verbose Session: 329a984bc6114d72bfe782ce4791d350
12-11 10:52:24.367 21053 21053 W FirebaseRemoteConfig: No value of type 'String' exists for parameter key 'sessions_feature_enabled'.
12-11 10:52:24.368 21053 21053 D FirebasePerformance: Creating a new Non Verbose Session: 3f5299c1bc6d414b92186113856b4c83
12-11 10:52:24.375 21053 21053 I PlayCore: UID: [10338]  PID: [21053] AppUpdateService : requestUpdateInfo(com.flipkart.android)
12-11 10:52:24.377 21053 21129 I PlayCore: UID: [10338]  PID: [21053] AppUpdateService : Initiate binding to the service.
12-11 10:52:24.390 21818 21818 D BoundBrokerSvc: onBind: Intent { act=com.google.android.gms.auth.api.credentials.service.START pkg=com.google.android.gms }
12-11 10:52:24.390 21818 21818 D BoundBrokerSvc: Loading bound service for intent: Intent { act=com.google.android.gms.auth.api.credentials.service.START pkg=com.google.android.gms }
12-11 10:52:24.394 21053 21083 I FirebaseRemoteConfig: Fetch succeeded!
12-11 10:52:24.407 21053 21080 I FA      : Tag Manager is not found and thus will not be used
12-11 10:52:24.435 21053 21053 I FirebasePerformance: Session ID - 3f5299c1bc6d414b92186113856b4c83
12-11 10:52:24.443 21053 21146 W FirebaseRemoteConfig: No value of type 'String' exists for parameter key 'trace_flimit_time'.
12-11 10:52:24.443 21053 21146 W FirebaseRemoteConfig: No value of type 'String' exists for parameter key 'trace_flimit_events'.
12-11 10:52:24.443 21053 21146 W FirebaseRemoteConfig: No value of type 'String' exists for parameter key 'trace_blimit_time'.
12-11 10:52:24.443 21053 21146 W FirebaseRemoteConfig: No value of type 'String' exists for parameter key 'trace_blimit_events'.
12-11 10:52:24.443 21053 21146 W FirebaseRemoteConfig: No value of type 'String' exists for parameter key 'network_flimit_time'.
12-11 10:52:24.443 21053 21146 W FirebaseRemoteConfig: No value of type 'String' exists for parameter key 'network_flimit_events'.
12-11 10:52:24.443 21053 21146 W FirebaseRemoteConfig: No value of type 'String' exists for parameter key 'network_blimit_time'.
12-11 10:52:24.443 21053 21146 W FirebaseRemoteConfig: No value of type 'String' exists for parameter key 'network_blimit_events'.
12-11 10:52:24.464  1406  1442 D ConnectivityService: requestNetwork for uid/pid:10338/21053 NetworkRequest [ TRACK_DEFAULT id=23341, [ Capabilities: INTERNET&NOT_RESTRICTED&TRUSTED Uid: 10338 AdministratorUids: [] RequestorUid: 10338 RequestorPackageName: com.flipkart.android] ]
12-11 10:52:24.465  1406  1644 D ConnectivityService: NetReassign [23341 : null → 457]
12-11 10:52:24.465  1406  1720 D Ethernet: got request NetworkRequest [ TRACK_DEFAULT id=23341, [ Capabilities: INTERNET&NOT_RESTRICTED&TRUSTED Uid: 10338 AdministratorUids: [] RequestorUid: 10338 RequestorPackageName: com.flipkart.android] ] with score 60 and providerId 5
12-11 10:52:24.465  1406  1719 D WIFI_AWARE_FACTORY: got request NetworkRequest [ TRACK_DEFAULT id=23341, [ Capabilities: INTERNET&NOT_RESTRICTED&TRUSTED Uid: 10338 AdministratorUids: [] RequestorUid: 10338 RequestorPackageName: com.flipkart.android] ] with score 60 and providerId 5
12-11 10:52:24.465  1406  1619 D UntrustedWifiNetworkFactory: got request NetworkRequest [ TRACK_DEFAULT id=23341, [ Capabilities: INTERNET&NOT_RESTRICTED&TRUSTED Uid: 10338 AdministratorUids: [] RequestorUid: 10338 RequestorPackageName: com.flipkart.android] ] with score 60 and providerId 5
12-11 10:52:24.465  2117  2117 D PhoneSwitcherNetworkRequstListener: got request NetworkRequest [ TRACK_DEFAULT id=23341, [ Capabilities: INTERNET&NOT_RESTRICTED&TRUSTED Uid: 10338 AdministratorUids: [] RequestorUid: 10338 RequestorPackageName: com.flipkart.android] ] with score 60 and providerId 5
12-11 10:52:24.465  1406  1619 D WifiNetworkFactory: got request NetworkRequest [ TRACK_DEFAULT id=23341, [ Capabilities: INTERNET&NOT_RESTRICTED&TRUSTED Uid: 10338 AdministratorUids: [] RequestorUid: 10338 RequestorPackageName: com.flipkart.android] ] with score 60 and providerId 5
12-11 10:52:24.475  2117  2117 D Telephony: isEmergencyPreferredAccount: subId=1, activeData=1
12-11 10:52:24.475  2117  2117 D Telephony: isEmergencyPreferredAccount: Device does not require preference.
12-11 10:52:24.482  1406  1644 D ConnectivityService: NetReassign [no changes]
12-11 10:52:24.490  1791  1791 V KeyguardUpdateMonitor: onSubscriptionInfoChanged()
12-11 10:52:24.496  1791  1791 V KeyguardUpdateMonitor: SubInfo:{id=1 iccId=899186000[****] simSlotIndex=0 carrierId=1963 displayName=Vodafone IN carrierName=Vodafone IN nameSource=0 iconTint=-16746133 number=[****] dataRoaming=0 iconBitmap=android.graphics.Bitmap@468a776 mcc=404 mnc=86 countryIso=in isEmbedded=false nativeAccessRules=null cardString=899186000[****] cardId=-1 isOpportunistic=false groupUUID=null isGroupDisabled=false profileClass=-1 ehplmns=[] hplmns=[40486] subscriptionType=0 groupOwner=null carrierConfigAccessRules=null areUiccApplicationsEnabled=true}
12-11 10:52:24.507 21053 21053 D FirebasePerformance: onResume(): com.flipkart.android.activity.HomeFragmentHolderActivity: 282160 microseconds
12-11 10:52:24.511 21053 21053 W FirebaseRemoteConfig: No value of type 'String' exists for parameter key 'sessions_max_length_minutes'.
12-11 10:52:24.511 21053 21146 W FirebaseRemoteConfig: No value of type 'String' exists for parameter key 'sessions_feature_enabled'.
12-11 10:52:24.526 21053 21053 I PlayCore: UID: [10338]  PID: [21053] SplitInstallListenerRegistry : registerListener
12-11 10:52:24.530 21053 21160 E TUNETuneParameters#getGoogleAdTrackingLimited():31: Error parsing googleAdTrackingLimited value null
12-11 10:52:24.530 21053 21160 E TUNETuneParameters#getGoogleAdTrackingLimited():31: java.lang.NumberFormatException: s == null
12-11 10:52:24.530 21053 21160 E TUNETuneParameters#getGoogleAdTrackingLimited():31: 	at java.lang.Integer.parseInt(Integer.java:577)
12-11 10:52:24.530 21053 21160 E TUNETuneParameters#getGoogleAdTrackingLimited():31: 	at java.lang.Integer.parseInt(Integer.java:650)
12-11 10:52:24.530 21053 21160 E TUNETuneParameters#getGoogleAdTrackingLimited():31: 	at com.tune.TuneParameters.getGoogleAdTrackingLimited(Unknown Source:6)
12-11 10:52:24.530 21053 21160 E TUNETuneParameters#getGoogleAdTrackingLimited():31: 	at com.tune.c.a(Unknown Source:924)
12-11 10:52:24.530 21053 21160 E TUNETuneParameters#getGoogleAdTrackingLimited():31: 	at com.tune.Tune$4.run(Unknown Source:164)
12-11 10:52:24.530 21053 21160 E TUNETuneParameters#getGoogleAdTrackingLimited():31: 	at java.util.concurrent.ThreadPoolExecutor.runWorker(ThreadPoolExecutor.java:1167)
12-11 10:52:24.530 21053 21160 E TUNETuneParameters#getGoogleAdTrackingLimited():31: 	at java.util.concurrent.ThreadPoolExecutor$Worker.run(ThreadPoolExecutor.java:641)
12-11 10:52:24.530 21053 21160 E TUNETuneParameters#getGoogleAdTrackingLimited():31: 	at java.lang.Thread.run(Thread.java:923)
12-11 10:52:24.530 21053 21160 E TUNETuneParameters#getFireAdTrackingLimited():31: Error parsing fireAdTrackingLimited value null
12-11 10:52:24.530 21053 21160 E TUNETuneParameters#getFireAdTrackingLimited():31: java.lang.NumberFormatException: s == null
12-11 10:52:24.530 21053 21160 E TUNETuneParameters#getFireAdTrackingLimited():31: 	at java.lang.Integer.parseInt(Integer.java:577)
12-11 10:52:24.530 21053 21160 E TUNETuneParameters#getFireAdTrackingLimited():31: 	at java.lang.Integer.parseInt(Integer.java:650)
12-11 10:52:24.530 21053 21160 E TUNETuneParameters#getFireAdTrackingLimited():31: 	at com.tune.TuneParameters.getFireAdTrackingLimited(Unknown Source:6)
12-11 10:52:24.530 21053 21160 E TUNETuneParameters#getFireAdTrackingLimited():31: 	at com.tune.c.a(Unknown Source:940)
12-11 10:52:24.530 21053 21160 E TUNETuneParameters#getFireAdTrackingLimited():31: 	at com.tune.Tune$4.run(Unknown Source:164)
12-11 10:52:24.530 21053 21160 E TUNETuneParameters#getFireAdTrackingLimited():31: 	at java.util.concurrent.ThreadPoolExecutor.runWorker(ThreadPoolExecutor.java:1167)
12-11 10:52:24.530 21053 21160 E TUNETuneParameters#getFireAdTrackingLimited():31: 	at java.util.concurrent.ThreadPoolExecutor$Worker.run(ThreadPoolExecutor.java:641)
12-11 10:52:24.530 21053 21160 E TUNETuneParameters#getFireAdTrackingLimited():31: 	at java.lang.Thread.run(Thread.java:923)
12-11 10:52:24.531 21053 21071 D CompatibilityChangeReporter: Compat change id reported: 150939131; UID 10338; state: DISABLED
12-11 10:52:24.532 21053 21157 E CursorWindow: Failed to read row 0, column 29 from a CursorWindow which has 1 rows, 29 columns.
12-11 10:52:24.539 21053 21053 W Choreographer: Frame time is 0.276364 ms in the future!  Check that graphics HAL is generating vsync timestamps using the correct timebase.
12-11 10:52:24.539  1791  1791 W Choreographer: Frame time is 0.302041 ms in the future!  Check that graphics HAL is generating vsync timestamps using the correct timebase.
12-11 10:52:24.539  9879  9879 W Choreographer: Frame time is 0.296677 ms in the future!  Check that graphics HAL is generating vsync timestamps using the correct timebase.
12-11 10:52:24.540 21053 21053 I PlayCore: UID: [10338]  PID: [21053] AppUpdateService : ServiceConnectionImpl.onServiceConnected(ComponentInfo{com.android.vending/com.google.android.finsky.installservice.DevTriggeredUpdateService})
12-11 10:52:24.540 21053 21129 I PlayCore: UID: [10338]  PID: [21053] AppUpdateService : linkToDeath
12-11 10:52:24.546 15503 21166 I Finsky  : [5189] sap.a(5): Using cached document to get update info
12-11 10:52:24.546 15503 21166 W Finsky  : [5189] sdg.e(2): No cached information about app com.flipkart.android, while trying to retrieve app details.
12-11 10:52:24.546 15503 21166 E Finsky  : [5189] sap.a(7): In-app-update: Missing AppDetails!
12-11 10:52:24.550 15503 21166 W Finsky  : [5189] sau.a(3): No cached information about app com.flipkart.android, while trying to retrieve the available version code.
12-11 10:52:24.553 21053 21069 I PlayCore: UID: [10338]  PID: [21053] OnRequestInstallCallback : onRequestInfo
12-11 10:52:24.553 21053 21129 I PlayCore: UID: [10338]  PID: [21053] AppUpdateService : Unbind from service.
12-11 10:52:24.578 21053 21122 I AdrenoGLES-0: QUALCOMM build                   : 02fe52e, Ie73904e3bd
12-11 10:52:24.578 21053 21122 I AdrenoGLES-0: Build Date                       : 06/27/20
12-11 10:52:24.578 21053 21122 I AdrenoGLES-0: OpenGL ES Shader Compiler Version: EV031.31.04.00
12-11 10:52:24.578 21053 21122 I AdrenoGLES-0: Local Branch                     : gfx-adreno.lnx.2.0
12-11 10:52:24.578 21053 21122 I AdrenoGLES-0: Remote Branch                    : quic/gfx-adreno.lnx.2.0
12-11 10:52:24.578 21053 21122 I AdrenoGLES-0: Remote Branch                    : NONE
12-11 10:52:24.578 21053 21122 I AdrenoGLES-0: Reconstruct Branch               : NOTHING
12-11 10:52:24.578 21053 21122 I AdrenoGLES-0: Build Config                     : S L 10.0.5 AArch64
12-11 10:52:24.578 21053 21122 I AdrenoGLES-0: Driver Path                      : /vendor/lib64/egl/libGLESv2_adreno.so
12-11 10:52:24.581 21053 21053 E RecyclerView: No adapter attached; skipping layout
12-11 10:52:24.582 21053 21053 E RecyclerView: No adapter attached; skipping layout
12-11 10:52:24.583 21053 21156 E CursorWindow: Failed to read row 0, column 29 from a CursorWindow which has 32 rows, 29 columns.
12-11 10:52:24.584 21053 21122 I AdrenoGLES-0: PFP: 0x005ff112, ME: 0x005ff066
12-11 10:52:24.585 21053 21159 E CursorWindow: Failed to read row 0, column 29 from a CursorWindow which has 14 rows, 29 columns.
12-11 10:52:24.585 21053 21159 E CursorWindow: Failed to read row 1, column 29 from a CursorWindow which has 14 rows, 29 columns.
12-11 10:52:24.586 21053 21122 W AdrenoUtils: <ReadGpuID_from_sysfs:197>: Failed to open /sys/class/kgsl/kgsl-3d0/gpu_model
12-11 10:52:24.586 21053 21122 W AdrenoUtils: <ReadGpuID:221>: Failed to read chip ID from gpu_model. Fallback to use the GSL path
12-11 10:52:24.586 21053 21159 E CursorWindow: Failed to read row 2, column 29 from a CursorWindow which has 14 rows, 29 columns.
12-11 10:52:24.586 21053 21156 E CursorWindow: Failed to read row 1, column 29 from a CursorWindow which has 32 rows, 29 columns.
12-11 10:52:24.587 21053 21159 E CursorWindow: Failed to read row 3, column 29 from a CursorWindow which has 14 rows, 29 columns.
12-11 10:52:24.588 21053 21159 E CursorWindow: Failed to read row 4, column 29 from a CursorWindow which has 14 rows, 29 columns.
12-11 10:52:24.588 21053 21159 E CursorWindow: Failed to read row 5, column 29 from a CursorWindow which has 14 rows, 29 columns.
12-11 10:52:24.589 21053 21159 E CursorWindow: Failed to read row 6, column 29 from a CursorWindow which has 14 rows, 29 columns.
12-11 10:52:24.589 21053 21156 E CursorWindow: Failed to read row 2, column 29 from a CursorWindow which has 32 rows, 29 columns.
12-11 10:52:24.589 21053 21159 E CursorWindow: Failed to read row 7, column 29 from a CursorWindow which has 14 rows, 29 columns.
12-11 10:52:24.590 21053 21159 E CursorWindow: Failed to read row 8, column 29 from a CursorWindow which has 14 rows, 29 columns.
12-11 10:52:24.590 21053 21159 E CursorWindow: Failed to read row 9, column 29 from a CursorWindow which has 14 rows, 29 columns.
12-11 10:52:24.595 21053 21159 E CursorWindow: Failed to read row 10, column 29 from a CursorWindow which has 14 rows, 29 columns.
12-11 10:52:24.595 21053 21159 E CursorWindow: Failed to read row 11, column 29 from a CursorWindow which has 14 rows, 29 columns.
12-11 10:52:24.595 21053 21156 E CursorWindow: Failed to read row 3, column 29 from a CursorWindow which has 32 rows, 29 columns.
12-11 10:52:24.595 21053 21159 E CursorWindow: Failed to read row 12, column 29 from a CursorWindow which has 14 rows, 29 columns.
12-11 10:52:24.596 21053 21159 E CursorWindow: Failed to read row 13, column 29 from a CursorWindow which has 14 rows, 29 columns.
12-11 10:52:24.597 21053 21156 E CursorWindow: Failed to read row 4, column 29 from a CursorWindow which has 32 rows, 29 columns.
12-11 10:52:24.603 21053 21156 E CursorWindow: Failed to read row 5, column 29 from a CursorWindow which has 32 rows, 29 columns.
12-11 10:52:24.604 21053 21156 E CursorWindow: Failed to read row 6, column 29 from a CursorWindow which has 32 rows, 29 columns.
12-11 10:52:24.604 21053 21156 E CursorWindow: Failed to read row 7, column 29 from a CursorWindow which has 32 rows, 29 columns.
12-11 10:52:24.606 21053 21156 E CursorWindow: Failed to read row 8, column 29 from a CursorWindow which has 32 rows, 29 columns.
12-11 10:52:24.606 21053 21156 E CursorWindow: Failed to read row 9, column 29 from a CursorWindow which has 32 rows, 29 columns.
12-11 10:52:24.607   638   638 I hwservicemanager: getTransport: Cannot find entry android.hardware.graphics.mapper@4.0::IMapper/default in either framework or device manifest.
12-11 10:52:24.607 21053 21122 I Gralloc4: mapper 4.x is not supported
12-11 10:52:24.607 21053 21156 E CursorWindow: Failed to read row 10, column 29 from a CursorWindow which has 32 rows, 29 columns.
12-11 10:52:24.607   638   638 I hwservicemanager: getTransport: Cannot find entry android.hardware.graphics.mapper@3.0::IMapper/default in either framework or device manifest.
12-11 10:52:24.607 21053 21122 W Gralloc3: mapper 3.x is not supported
12-11 10:52:24.609 21053 21156 E CursorWindow: Failed to read row 11, column 29 from a CursorWindow which has 32 rows, 29 columns.
12-11 10:52:24.609 21053 21156 E CursorWindow: Failed to read row 12, column 29 from a CursorWindow which has 32 rows, 29 columns.
12-11 10:52:24.622  1406  1469 D EventSequenceValidator: onActivityLaunchFinished during UNKNOWN.
12-11 10:52:24.622  1406  1469 D EventSequenceValidator: java.lang.Throwable: EventSequenceValidator#getStackTrace
12-11 10:52:24.622  1406  1469 D EventSequenceValidator: 	at com.google.android.startop.iorap.EventSequenceValidator.logWarningWithStackTrace(EventSequenceValidator.java:260)
12-11 10:52:24.622  1406  1469 D EventSequenceValidator: 	at com.google.android.startop.iorap.EventSequenceValidator.onActivityLaunchFinished(EventSequenceValidator.java:185)
12-11 10:52:24.622  1406  1469 D EventSequenceValidator: 	at com.android.server.wm.LaunchObserverRegistryImpl.handleOnActivityLaunchFinished(LaunchObserverRegistryImpl.java:175)
12-11 10:52:24.622  1406  1469 D EventSequenceValidator: 	at com.android.server.wm.LaunchObserverRegistryImpl.lambda$QcawcFcJtEX4EhYptq_Vb4j368Y(Unknown Source:0)
12-11 10:52:24.622  1406  1469 D EventSequenceValidator: 	at com.android.server.wm.-$$Lambda$LaunchObserverRegistryImpl$QcawcFcJtEX4EhYptq_Vb4j368Y.accept(Unknown Source:10)
12-11 10:52:24.622  1406  1469 D EventSequenceValidator: 	at com.android.internal.util.function.pooled.PooledLambdaImpl.doInvoke(PooledLambdaImpl.java:292)
12-11 10:52:24.622  1406  1469 D EventSequenceValidator: 	at com.android.internal.util.function.pooled.PooledLambdaImpl.invoke(PooledLambdaImpl.java:201)
12-11 10:52:24.622  1406  1469 D EventSequenceValidator: 	at com.android.internal.util.function.pooled.OmniFunction.run(OmniFunction.java:97)
12-11 10:52:24.622  1406  1469 D EventSequenceValidator: 	at android.os.Handler.handleCallback(Handler.java:938)
12-11 10:52:24.622  1406  1469 D EventSequenceValidator: 	at android.os.Handler.dispatchMessage(Handler.java:99)
12-11 10:52:24.622  1406  1469 D EventSequenceValidator: 	at android.os.Looper.loop(Looper.java:223)
12-11 10:52:24.622  1406  1469 D EventSequenceValidator: 	at android.os.HandlerThread.run(HandlerThread.java:67)
12-11 10:52:24.622  1406  1469 D EventSequenceValidator: 	at com.android.server.ServiceThread.run(ServiceThread.java:44)
12-11 10:52:24.623  1406  1469 D EventSequenceValidator: dec AccIntentStartedEvents to 1
12-11 10:52:24.623 21044 21046 I cmd     : oneway function results will be dropped but finished with status OK and parcel size 4
12-11 10:52:24.624  1406  1474 D ArtManagerInternalImpl: /data/misc/iorapd/com.flipkart.android/1200017/com.flipkart.android.activity.HomeFragmentHolderActivity/compiled_traces/compiled_trace.pb doesn't exist
12-11 10:52:24.625 21053 21156 E CursorWindow: Failed to read row 13, column 29 from a CursorWindow which has 32 rows, 29 columns.
12-11 10:52:24.625 21053 21156 E CursorWindow: Failed to read row 14, column 29 from a CursorWindow which has 32 rows, 29 columns.
12-11 10:52:24.626 21053 21156 E CursorWindow: Failed to read row 15, column 29 from a CursorWindow which has 32 rows, 29 columns.
12-11 10:52:24.626  1406  1474 I ActivityTaskManager: Displayed com.flipkart.android/.activity.HomeFragmentHolderActivity: +498ms
12-11 10:52:24.627 21053 21156 E CursorWindow: Failed to read row 16, column 29 from a CursorWindow which has 32 rows, 29 columns.
12-11 10:52:24.627 21053 21156 E CursorWindow: Failed to read row 17, column 29 from a CursorWindow which has 32 rows, 29 columns.
12-11 10:52:24.629 21053 21156 E CursorWindow: Failed to read row 18, column 29 from a CursorWindow which has 32 rows, 29 columns.
12-11 10:52:24.631 21053 21156 E CursorWindow: Failed to read row 19, column 29 from a CursorWindow which has 32 rows, 29 columns.
12-11 10:52:24.632 21053 21156 E CursorWindow: Failed to read row 20, column 29 from a CursorWindow which has 32 rows, 29 columns.
12-11 10:52:24.633 21053 21156 E CursorWindow: Failed to read row 21, column 29 from a CursorWindow which has 32 rows, 29 columns.
12-11 10:52:24.634 21053 21156 E CursorWindow: Failed to read row 22, column 29 from a CursorWindow which has 32 rows, 29 columns.
12-11 10:52:24.638 21053 21125 I WM-WorkerWrapper: Worker result SUCCESS for Work [ id=2bd85a89-98ee-4377-bb94-3eb4d5e5aebc, tags={ com.flipkart.android.notification.FkPNTaskWorker } ]
12-11 10:52:24.639 21053 21156 E CursorWindow: Failed to read row 23, column 29 from a CursorWindow which has 32 rows, 29 columns.
12-11 10:52:24.641 21008 21038 I appium  : channel read invoked!
12-11 10:52:24.641 21008 21038 I appium  : channel read: GET /wd/hub/session/07d78c60-34f9-44d4-b860-6d7802a49080/appium/device/pixel_ratio
12-11 10:52:24.641 21008 21038 I appium  : Get device pixel ratio
12-11 10:52:24.642 21008 21038 I appium  : AppiumResponse: {"sessionId":"07d78c60-34f9-44d4-b860-6d7802a49080","value":3.5}
12-11 10:52:24.647 21053 21156 E CursorWindow: Failed to read row 24, column 29 from a CursorWindow which has 32 rows, 29 columns.
12-11 10:52:24.652 21008 21038 I appium  : channel read invoked!
12-11 10:52:24.652 21008 21038 I appium  : channel read: GET /wd/hub/session/07d78c60-34f9-44d4-b860-6d7802a49080/appium/device/system_bars
12-11 10:52:24.653 21053 21053 D SoLoader: init start
12-11 10:52:24.653 21053 21053 D SoLoader: adding system library source: /vendor/lib
12-11 10:52:24.653 21053 21053 D SoLoader: adding system library source: /system/lib
12-11 10:52:24.653 21053 21053 D SoLoader: adding application source: com.facebook.soloader.c[root = /data/app/~~V9_sH3jA5AdxuXCbtb-DGQ==/com.flipkart.android-06-vWxCd8d5WyIMtc562Dw==/lib/arm64 flags = 0]
12-11 10:52:24.653 21008 21038 I appium  : Get status bar height of the device
12-11 10:52:24.653 21053 21053 D SoLoader: adding backup source from : com.facebook.soloader.a[root = /data/user/0/com.flipkart.android/lib-main flags = 1]
12-11 10:52:24.653 21053 21053 D SoLoader: Preparing SO source: com.facebook.soloader.c[root = /system/lib flags = 2]
12-11 10:52:24.653 21053 21053 D SoLoader: Preparing SO source: com.facebook.soloader.c[root = /vendor/lib flags = 2]
12-11 10:52:24.653 21053 21053 D SoLoader: Preparing SO source: com.facebook.soloader.c[root = /data/app/~~V9_sH3jA5AdxuXCbtb-DGQ==/com.flipkart.android-06-vWxCd8d5WyIMtc562Dw==/lib/arm64 flags = 0]
12-11 10:52:24.653 21053 21053 D SoLoader: Preparing SO source: com.facebook.soloader.a[root = /data/user/0/com.flipkart.android/lib-main flags = 1]
12-11 10:52:24.654 21053 21053 V fb-UnpackingSoSource: locked dso store /data/user/0/com.flipkart.android/lib-main
12-11 10:52:24.654 21053 21156 E CursorWindow: Failed to read row 25, column 29 from a CursorWindow which has 32 rows, 29 columns.
12-11 10:52:24.655 21053 21053 I fb-UnpackingSoSource: dso store is up-to-date: /data/user/0/com.flipkart.android/lib-main
12-11 10:52:24.655 21053 21053 V fb-UnpackingSoSource: releasing dso store lock for /data/user/0/com.flipkart.android/lib-main
12-11 10:52:24.655 21053 21053 D SoLoader: init finish: 4 SO sources prepared
12-11 10:52:24.655 21053 21053 D SoLoader: init exiting
12-11 10:52:24.655 21008 21038 I appium  : AppiumResponse: {"sessionId":"07d78c60-34f9-44d4-b860-6d7802a49080","value":{"statusBar":98}}
12-11 10:52:24.656 21053 21156 E CursorWindow: Failed to read row 26, column 29 from a CursorWindow which has 32 rows, 29 columns.
12-11 10:52:24.657 21053 21133 D BinaryFileManagerRunner: Attempting operation for module: multiWidget
12-11 10:52:24.657 21053 21133 D BinaryFileManagerRunner: Starting operation for module: multiWidget
12-11 10:52:24.659 21053 21133 D BinaryFileManager: Returning current bundle
12-11 10:52:24.659 21053 21156 E CursorWindow: Failed to read row 27, column 29 from a CursorWindow which has 32 rows, 29 columns.
12-11 10:52:24.662 21053 21156 E CursorWindow: Failed to read row 28, column 29 from a CursorWindow which has 32 rows, 29 columns.
12-11 10:52:24.664 21053 21053 W System.err: java.net.MalformedURLException: no protocol: homepage
12-11 10:52:24.664 21053 21053 W System.err: 	at java.net.URL.<init>(URL.java:601)
12-11 10:52:24.665 21053 21053 W System.err: 	at java.net.URL.<init>(URL.java:498)
12-11 10:52:24.665 21053 21053 W System.err: 	at java.net.URL.<init>(URL.java:447)
12-11 10:52:24.665 21053 21053 W System.err: 	at com.flipkart.android.utils.cc.getUrlPath(Unknown Source:2)
12-11 10:52:24.665 21053 21053 W System.err: 	at com.flipkart.android.bottomnavigation.c.a(Unknown Source:139)
12-11 10:52:24.665 21053 21053 W System.err: 	at com.flipkart.android.bottomnavigation.c.update(Unknown Source:135)
12-11 10:52:24.665 21053 21053 W System.err: 	at com.flipkart.android.reactnative.nativeuimodules.reactbottombar.ReactBottomNavigationFragment.emitAlreadyExistingResponse(Unknown Source:15)
12-11 10:52:24.665 21053 21053 W System.err: 	at com.flipkart.android.reactnative.nativeuimodules.reactbottombar.ReactBottomNavigationFragment.onViewCreated(Unknown Source:8)
12-11 10:52:24.665 21053 21053 W System.err: 	at androidx.fragment.app.h.a(Unknown Source:632)
12-11 10:52:24.665 21053 21053 W System.err: 	at androidx.fragment.app.h.f(Unknown Source:38)
12-11 10:52:24.665 21053 21053 W System.err: 	at androidx.fragment.app.a.h(Unknown Source:150)
12-11 10:52:24.665 21053 21053 W System.err: 	at androidx.fragment.app.h.b(Unknown Source:38)
12-11 10:52:24.665 21053 21053 W System.err: 	at androidx.fragment.app.h.a(Unknown Source:113)
12-11 10:52:24.665 21053 21053 W System.err: 	at androidx.fragment.app.h.b(Unknown Source:88)
12-11 10:52:24.665 21053 21053 W System.err: 	at androidx.fragment.app.h.k(Unknown Source:21)
12-11 10:52:24.665 21053 21053 W System.err: 	at androidx.fragment.app.h.f(Unknown Source:9)
12-11 10:52:24.665 21053 21053 W System.err: 	at androidx.fragment.app.h.s(Unknown Source:6)
12-11 10:52:24.665 21053 21053 W System.err: 	at androidx.fragment.app.Fragment.performActivityCreated(Unknown Source:24)
12-11 10:52:24.665 21053 21053 W System.err: 	at androidx.fragment.app.h.a(Unknown Source:663)
12-11 10:52:24.665 21053 21053 W System.err: 	at androidx.fragment.app.h.f(Unknown Source:38)
12-11 10:52:24.665 21053 21053 W System.err: 	at androidx.fragment.app.a.h(Unknown Source:150)
12-11 10:52:24.665 21053 21053 W System.err: 	at androidx.fragment.app.h.b(Unknown Source:38)
12-11 10:52:24.665 21053 21053 W System.err: 	at androidx.fragment.app.h.a(Unknown Source:113)
12-11 10:52:24.665 21053 21053 W System.err: 	at androidx.fragment.app.h.b(Unknown Source:88)
12-11 10:52:24.665 21053 21053 W System.err: 	at androidx.fragment.app.h.k(Unknown Source:21)
12-11 10:52:24.665 21053 21053 W System.err: 	at androidx.fragment.app.h$1.run(Unknown Source:2)
12-11 10:52:24.665 21053 21053 W System.err: 	at android.os.Handler.handleCallback(Handler.java:938)
12-11 10:52:24.665 21053 21053 W System.err: 	at android.os.Handler.dispatchMessage(Handler.java:99)
12-11 10:52:24.665 21053 21053 W System.err: 	at android.os.Looper.loop(Looper.java:223)
12-11 10:52:24.665 21053 21053 W System.err: 	at android.app.ActivityThread.main(ActivityThread.java:7656)
12-11 10:52:24.665 21053 21053 W System.err: 	at java.lang.reflect.Method.invoke(Native Method)
12-11 10:52:24.665 21053 21053 W System.err: 	at com.android.internal.os.RuntimeInit$MethodAndArgsCaller.run(RuntimeInit.java:592)
12-11 10:52:24.665 21053 21053 W System.err: 	at com.android.internal.os.ZygoteInit.main(ZygoteInit.java:947)
12-11 10:52:24.667 21053 21053 D SoLoader: About to load: libreactnativejni.so
12-11 10:52:24.667 21053 21053 D SoLoader: libreactnativejni.so not found on /data/user/0/com.flipkart.android/lib-main
12-11 10:52:24.667 21053 21053 D SoLoader: libreactnativejni.so found on /data/app/~~V9_sH3jA5AdxuXCbtb-DGQ==/com.flipkart.android-06-vWxCd8d5WyIMtc562Dw==/lib/arm64
12-11 10:52:24.667 21053 21053 D SoLoader: Not resolving dependencies for libreactnativejni.so
12-11 10:52:24.668 21008 21038 I appium  : channel read invoked!
12-11 10:52:24.669 21008 21038 I appium  : channel read: GET /wd/hub/session/07d78c60-34f9-44d4-b860-6d7802a49080/window/current/size
12-11 10:52:24.669 21008 21038 I appium  : Get window size of the device
12-11 10:52:24.670 21008 21038 I appium  : AppiumResponse: {"sessionId":"07d78c60-34f9-44d4-b860-6d7802a49080","value":{"height":2712,"width":1440}}
12-11 10:52:24.672 21053 21156 E CursorWindow: Failed to read row 29, column 29 from a CursorWindow which has 32 rows, 29 columns.
12-11 10:52:24.674 21053 21156 E CursorWindow: Failed to read row 30, column 29 from a CursorWindow which has 32 rows, 29 columns.
12-11 10:52:24.678 21053 21156 E CursorWindow: Failed to read row 31, column 29 from a CursorWindow which has 32 rows, 29 columns.
12-11 10:52:24.694 21053 21053 D SoLoader: Loaded: libreactnativejni.so
12-11 10:52:24.694 21053 21053 D SoLoader: About to load: libfb.so
12-11 10:52:24.695 21053 21053 D SoLoader: libfb.so not found on /data/user/0/com.flipkart.android/lib-main
12-11 10:52:24.695 21053 21053 D SoLoader: libfb.so found on /data/app/~~V9_sH3jA5AdxuXCbtb-DGQ==/com.flipkart.android-06-vWxCd8d5WyIMtc562Dw==/lib/arm64
12-11 10:52:24.695 21053 21053 D SoLoader: Not resolving dependencies for libfb.so
12-11 10:52:24.695 21053 21053 D SoLoader: About to load: libfb.so
12-11 10:52:24.696 21053 21053 D SoLoader: libfb.so not found on /data/user/0/com.flipkart.android/lib-main
12-11 10:52:24.696 21053 21053 D SoLoader: libfb.so found on /data/app/~~V9_sH3jA5AdxuXCbtb-DGQ==/com.flipkart.android-06-vWxCd8d5WyIMtc562Dw==/lib/arm64
12-11 10:52:24.696 21053 21053 D SoLoader: Not resolving dependencies for libfb.so
12-11 10:52:24.696 21053 21053 I lipkart.androi: Thread[1,tid=21053,Native,Thread*=0x789b4d1380,peer=0x726593a8,"main"] recursive attempt to load library "/data/app/~~V9_sH3jA5AdxuXCbtb-DGQ==/com.flipkart.android-06-vWxCd8d5WyIMtc562Dw==/lib/arm64/libfb.so"
12-11 10:52:24.696 21053 21053 D SoLoader: Loaded: libfb.so
12-11 10:52:24.696 21053 21053 D SoLoader: Loaded: libfb.so
12-11 10:52:24.699 21053 21053 W System.err: java.net.MalformedURLException: no protocol: homepage
12-11 10:52:24.699 21053 21053 W System.err: 	at java.net.URL.<init>(URL.java:601)
12-11 10:52:24.699 21053 21053 W System.err: 	at java.net.URL.<init>(URL.java:498)
12-11 10:52:24.699 21053 21053 W System.err: 	at java.net.URL.<init>(URL.java:447)
12-11 10:52:24.699 21053 21053 W System.err: 	at com.flipkart.android.utils.cc.getUrlPath(Unknown Source:2)
12-11 10:52:24.699 21053 21053 W System.err: 	at com.flipkart.android.bottomnavigation.c.a(Unknown Source:139)
12-11 10:52:24.699 21053 21053 W System.err: 	at com.flipkart.android.bottomnavigation.c.update(Unknown Source:135)
12-11 10:52:24.699 21053 21053 W System.err: 	at com.flipkart.android.reactnative.nativeuimodules.reactbottombar.ReactBottomNavigationFragment.onResume(Unknown Source:13)
12-11 10:52:24.699 21053 21053 W System.err: 	at androidx.fragment.app.Fragment.performResume(Unknown Source:18)
12-11 10:52:24.699 21053 21053 W System.err: 	at androidx.fragment.app.h.a(Unknown Source:740)
12-11 10:52:24.699 21053 21053 W System.err: 	at androidx.fragment.app.h.f(Unknown Source:38)
12-11 10:52:24.699 21053 21053 W System.err: 	at androidx.fragment.app.h.a(Unknown Source:46)
12-11 10:52:24.699 21053 21053 W System.err: 	at androidx.fragment.app.h.f(Unknown Source:4)
12-11 10:52:24.699 21053 21053 W System.err: 	at androidx.fragment.app.h.u(Unknown Source:6)
12-11 10:52:24.699 21053 21053 W System.err: 	at androidx.fragment.app.Fragment.performResume(Unknown Source:29)
12-11 10:52:24.699 21053 21053 W System.err: 	at androidx.fragment.app.h.a(Unknown Source:740)
12-11 10:52:24.699 21053 21053 W System.err: 	at androidx.fragment.app.h.f(Unknown Source:38)
12-11 10:52:24.699 21053 21053 W System.err: 	at androidx.fragment.app.a.h(Unknown Source:150)
12-11 10:52:24.699 21053 21053 W System.err: 	at androidx.fragment.app.h.b(Unknown Source:38)
12-11 10:52:24.699 21053 21053 W System.err: 	at androidx.fragment.app.h.a(Unknown Source:113)
12-11 10:52:24.699 21053 21053 W System.err: 	at androidx.fragment.app.h.b(Unknown Source:88)
12-11 10:52:24.699 21053 21053 W System.err: 	at androidx.fragment.app.h.k(Unknown Source:21)
12-11 10:52:24.699 21053 21053 W System.err: 	at androidx.fragment.app.h$1.run(Unknown Source:2)
12-11 10:52:24.699 21053 21053 W System.err: 	at android.os.Handler.handleCallback(Handler.java:938)
12-11 10:52:24.699 21053 21053 W System.err: 	at android.os.Handler.dispatchMessage(Handler.java:99)
12-11 10:52:24.699 21053 21053 W System.err: 	at android.os.Looper.loop(Looper.java:223)
12-11 10:52:24.699 21053 21053 W System.err: 	at android.app.ActivityThread.main(ActivityThread.java:7656)
12-11 10:52:24.699 21053 21053 W System.err: 	at java.lang.reflect.Method.invoke(Native Method)
12-11 10:52:24.699 21053 21053 W System.err: 	at com.android.internal.os.RuntimeInit$MethodAndArgsCaller.run(RuntimeInit.java:592)
12-11 10:52:24.699 21053 21053 W System.err: 	at com.android.internal.os.ZygoteInit.main(ZygoteInit.java:947)
12-11 10:52:24.719 21053 21133 D BinaryFileManager: Returning bundle: /data/user/0/com.flipkart.android/files/binaryfilemanager/multiWidget/e2d78d64513d21f5f2a1df9f48fc6be3-17.ota
12-11 10:52:24.720  1406  1644 D ConnectivityService: releasing NetworkRequest [ TRACK_DEFAULT id=23341, [ Capabilities: INTERNET&NOT_RESTRICTED&TRUSTED Uid: 10338 AdministratorUids: [] RequestorUid: 10338 RequestorPackageName: com.flipkart.android] ] (release request)
12-11 10:52:24.724 19878 19878 I GoogleInputMethodService: GoogleInputMethodService.onFinishInput():3308 
12-11 10:52:24.724 19878 19878 I GoogleInputMethodService: GoogleInputMethodService.onStartInput():1887 
12-11 10:52:24.728 21053 21192 D BinaryFileManagerRunner: Attempting operation for module: multiWidget
12-11 10:52:24.729 21053 21192 D BinaryFileManagerRunner: Starting operation for module: multiWidget
12-11 10:52:24.732  2117  2117 D Telephony: isEmergencyPreferredAccount: subId=1, activeData=1
12-11 10:52:24.732  2117  2117 D Telephony: isEmergencyPreferredAccount: Device does not require preference.
12-11 10:52:24.737 21053 21125 I WM-WorkerWrapper: Worker result SUCCESS for Work [ id=918a3335-0f66-4b70-bf36-f27cb0c571e3, tags={ com.flipkart.android.notification.FkPNTaskWorker } ]
12-11 10:52:24.742 21053 21133 D BinaryFileManager: No Update Available
12-11 10:52:24.745  1406  1644 D ConnectivityService: NetReassign [no changes]
12-11 10:52:24.753 21053 21158 E CursorWindow: Failed to read row 0, column 29 from a CursorWindow which has 14 rows, 29 columns.
12-11 10:52:24.753 21053 21158 E CursorWindow: Failed to read row 1, column 29 from a CursorWindow which has 14 rows, 29 columns.
12-11 10:52:24.756 21053 21158 E CursorWindow: Failed to read row 2, column 29 from a CursorWindow which has 14 rows, 29 columns.
12-11 10:52:24.757 21053 21158 E CursorWindow: Failed to read row 3, column 29 from a CursorWindow which has 14 rows, 29 columns.
12-11 10:52:24.757 21053 21158 E CursorWindow: Failed to read row 4, column 29 from a CursorWindow which has 14 rows, 29 columns.
12-11 10:52:24.758 21053 21158 E CursorWindow: Failed to read row 5, column 29 from a CursorWindow which has 14 rows, 29 columns.
12-11 10:52:24.758 21053 21158 E CursorWindow: Failed to read row 6, column 29 from a CursorWindow which has 14 rows, 29 columns.
12-11 10:52:24.759 21053 21158 E CursorWindow: Failed to read row 7, column 29 from a CursorWindow which has 14 rows, 29 columns.
12-11 10:52:24.761 21053 21158 E CursorWindow: Failed to read row 8, column 29 from a CursorWindow which has 14 rows, 29 columns.
12-11 10:52:24.761 21053 21158 E CursorWindow: Failed to read row 9, column 29 from a CursorWindow which has 14 rows, 29 columns.
12-11 10:52:24.761  1791  1791 V KeyguardUpdateMonitor: onSubscriptionInfoChanged()
12-11 10:52:24.763  1791  1791 V KeyguardUpdateMonitor: SubInfo:{id=1 iccId=899186000[****] simSlotIndex=0 carrierId=1963 displayName=Vodafone IN carrierName=Vodafone IN nameSource=0 iconTint=-16746133 number=[****] dataRoaming=0 iconBitmap=android.graphics.Bitmap@ed97177 mcc=404 mnc=86 countryIso=in isEmbedded=false nativeAccessRules=null cardString=899186000[****] cardId=-1 isOpportunistic=false groupUUID=null isGroupDisabled=false profileClass=-1 ehplmns=[] hplmns=[40486] subscriptionType=0 groupOwner=null carrierConfigAccessRules=null areUiccApplicationsEnabled=true}
12-11 10:52:24.767 21053 21158 E CursorWindow: Failed to read row 10, column 29 from a CursorWindow which has 14 rows, 29 columns.
12-11 10:52:24.767 21053 21158 E CursorWindow: Failed to read row 11, column 29 from a CursorWindow which has 14 rows, 29 columns.
12-11 10:52:24.768 21053 21158 E CursorWindow: Failed to read row 12, column 29 from a CursorWindow which has 14 rows, 29 columns.
12-11 10:52:24.768 21053 21158 E CursorWindow: Failed to read row 13, column 29 from a CursorWindow which has 14 rows, 29 columns.
12-11 10:52:24.807 24345 17798 W NetworkScheduler: Error inserting flex_time=1819000 job_id=-1 period=3639000 source=16 requires_charging=0 preferred_network_type=1 target_class=com.google.android.gms.measurement.PackageMeasurementTaskService user_id=0 target_package=com.google.android.gms tag=Measurement.PackageMeasurementTaskService.UPLOAD_TASK_TAG task_type=0 required_idleness_state=0 service_kind=0 source_version=204516000 persistence_level=1 preferred_charging_state=1 required_network_type=0 runtime=1607664144800 retry_strategy={"maximum_backoff_seconds":{"3600":0},"initial_backoff_seconds":{"30":0},"retry_policy":{"0":0}} last_runtime=0, error message: UNIQUE constraint failed: pending_ops.tag, pending_ops.target_class, pending_ops.target_package, pending_ops.user_id (code 2067 SQLITE_CONSTRAINT_UNIQUE) [CONTEXT service_id=218 ]
