12-11 10:55:11.973 18590 24523 W EuiccGoogle: [55065] EuiccServiceImpl.onGetEuiccProfileInfoList: slotId=-1. No eUICC is active. Return null.
12-11 10:55:11.991 24289 24440 I FirebasePerformance: Session ID - d853757acaf446e898806cf59ab9eb13
12-11 10:55:11.995 24289 24486 I FirebasePerformance: Session ID - d853757acaf446e898806cf59ab9eb13
12-11 10:55:12.003 21818 24191 I Icing   : Indexing done com.google.android.gms-apps
12-11 10:55:12.005 24289 24484 I FirebasePerformance: Session ID - d853757acaf446e898806cf59ab9eb13
12-11 10:55:12.012 24289 24493 I FirebasePerformance: Session ID - d853757acaf446e898806cf59ab9eb13
12-11 10:55:12.014 24289 24317 E FA      : Name must consist of letters, digits or _ (underscores). Type, name: event, Other Errors
12-11 10:55:12.014 24289 24317 E FA      : Invalid public event name. Event will not be logged (FE): Other Errors
12-11 10:55:12.015  1406  1406 I Telecom : DefaultDialerCache: Refreshing default dialer for user 0: now com.truecaller: DDC.oR@zBc
12-11 10:55:12.015  1406  1406 W Looper  : Slow delivery took 220ms main h=android.app.ActivityThread$H c=android.app.-$$Lambda$LoadedApk$ReceiverDispatcher$Args$_BumDX2UKsnxLVrE6UJsJZkotuA@6298035 m=0
12-11 10:55:12.020 24289 24408 I FirebasePerformance: Session ID - d853757acaf446e898806cf59ab9eb13
12-11 10:55:12.074  1406  1466 W Looper  : Slow delivery took 213ms android.fg h=android.os.Handler c=<recycled PooledLambda@7e680ed> m=0
12-11 10:55:12.091 24289 24317 E FA      : Name must consist of letters, digits or _ (underscores). Type, name: event, Push Notification
12-11 10:55:12.091 24289 24317 E FA      : Invalid public event name. Event will not be logged (FE): Push Notification
12-11 10:55:12.096 24289 24317 E FA      : Name must consist of letters, digits or _ (underscores). Type, name: event, Push Notification
12-11 10:55:12.096 24289 24317 E FA      : Invalid public event name. Event will not be logged (FE): Push Notification
12-11 10:55:12.101 24289 24317 E FA      : Name must consist of letters, digits or _ (underscores). Type, name: event, Push Notification
12-11 10:55:12.101 24289 24317 E FA      : Invalid public event name. Event will not be logged (FE): Push Notification
12-11 10:55:12.107  1406  1406 W Looper  : Drained
12-11 10:55:12.136 24345 20157 E WakeLock: GCMSEND release without a matched acquire!
12-11 10:55:12.143 24345 18643 W NetworkScheduler: Error inserting flex_time=9000 job_id=-1 period=20000 source=16 requires_charging=0 preferred_network_type=1 target_class=com.google.android.gms.measurement.PackageMeasurementTaskService user_id=0 target_package=com.google.android.gms tag=Measurement.PackageMeasurementTaskService.UPLOAD_TASK_TAG task_type=0 required_idleness_state=0 service_kind=0 source_version=204516000 persistence_level=1 preferred_charging_state=1 required_network_type=0 runtime=1607664312138 retry_strategy={"maximum_backoff_seconds":{"3600":0},"initial_backoff_seconds":{"30":0},"retry_policy":{"0":0}} last_runtime=0, error message: UNIQUE constraint failed: pending_ops.tag, pending_ops.target_class, pending_ops.target_package, pending_ops.user_id (code 2067 SQLITE_CONSTRAINT_UNIQUE) [CONTEXT service_id=218 ]
12-11 10:55:12.160 24345 18643 W NetworkScheduler: Error inserting flex_time=9000 job_id=-1 period=19000 source=16 requires_charging=0 preferred_network_type=1 target_class=com.google.android.gms.measurement.PackageMeasurementTaskService user_id=0 target_package=com.google.android.gms tag=Measurement.PackageMeasurementTaskService.UPLOAD_TASK_TAG task_type=0 required_idleness_state=0 service_kind=0 source_version=204516000 persistence_level=1 preferred_charging_state=1 required_network_type=0 runtime=1607664312144 retry_strategy={"maximum_backoff_seconds":{"3600":0},"initial_backoff_seconds":{"30":0},"retry_policy":{"0":0}} last_runtime=0, error message: UNIQUE constraint failed: pending_ops.tag, pending_ops.target_class, pending_ops.target_package, pending_ops.user_id (code 2067 SQLITE_CONSTRAINT_UNIQUE) [CONTEXT service_id=218 ]
12-11 10:55:12.163 24289 24317 E FA      : Name must consist of letters, digits or _ (underscores). Type, name: event, Rukmini Errors
12-11 10:55:12.163 24289 24317 E FA      : Invalid public event name. Event will not be logged (FE): Rukmini Errors
12-11 10:55:12.167 24345 18643 W NetworkScheduler: Error inserting flex_time=9000 job_id=-1 period=19000 source=16 requires_charging=0 preferred_network_type=1 target_class=com.google.android.gms.measurement.PackageMeasurementTaskService user_id=0 target_package=com.google.android.gms tag=Measurement.PackageMeasurementTaskService.UPLOAD_TASK_TAG task_type=0 required_idleness_state=0 service_kind=0 source_version=204516000 persistence_level=1 preferred_charging_state=1 required_network_type=0 runtime=1607664312151 retry_strategy={"maximum_backoff_seconds":{"3600":0},"initial_backoff_seconds":{"30":0},"retry_policy":{"0":0}} last_runtime=0, error message: UNIQUE constraint failed: pending_ops.tag, pending_ops.target_class, pending_ops.target_package, pending_ops.user_id (code 2067 SQLITE_CONSTRAINT_UNIQUE) [CONTEXT service_id=218 ]
12-11 10:55:12.175 24345 18643 W NetworkScheduler: Error inserting flex_time=9000 job_id=-1 period=19000 source=16 requires_charging=0 preferred_network_type=1 target_class=com.google.android.gms.measurement.PackageMeasurementTaskService user_id=0 target_package=com.google.android.gms tag=Measurement.PackageMeasurementTaskService.UPLOAD_TASK_TAG task_type=0 required_idleness_state=0 service_kind=0 source_version=204516000 persistence_level=1 preferred_charging_state=1 required_network_type=0 runtime=1607664312155 retry_strategy={"maximum_backoff_seconds":{"3600":0},"initial_backoff_seconds":{"30":0},"retry_policy":{"0":0}} last_runtime=0, error message: UNIQUE constraint failed: pending_ops.tag, pending_ops.target_class, pending_ops.target_package, pending_ops.user_id (code 2067 SQLITE_CONSTRAINT_UNIQUE) [CONTEXT service_id=218 ]
12-11 10:55:12.185 24345 18643 W NetworkScheduler: Error inserting flex_time=9000 job_id=-1 period=19000 source=16 requires_charging=0 preferred_network_type=1 target_class=com.google.android.gms.measurement.PackageMeasurementTaskService user_id=0 target_package=com.google.android.gms tag=Measurement.PackageMeasurementTaskService.UPLOAD_TASK_TAG task_type=0 required_idleness_state=0 service_kind=0 source_version=204516000 persistence_level=1 preferred_charging_state=1 required_network_type=0 runtime=1607664312180 retry_strategy={"maximum_backoff_seconds":{"3600":0},"initial_backoff_seconds":{"30":0},"retry_policy":{"0":0}} last_runtime=0, error message: UNIQUE constraint failed: pending_ops.tag, pending_ops.target_class, pending_ops.target_package, pending_ops.user_id (code 2067 SQLITE_CONSTRAINT_UNIQUE) [CONTEXT service_id=218 ]
12-11 10:55:12.185 23260 23284 I PermissionControllerServiceImpl: Updating user sensitive for uid 10340
12-11 10:55:12.209 24345 18913 W NetworkScheduler: Error inserting flex_time=9000 job_id=-1 period=19000 source=16 requires_charging=0 preferred_network_type=1 target_class=com.google.android.gms.measurement.PackageMeasurementTaskService user_id=0 target_package=com.google.android.gms tag=Measurement.PackageMeasurementTaskService.UPLOAD_TASK_TAG task_type=0 required_idleness_state=0 service_kind=0 source_version=204516000 persistence_level=1 preferred_charging_state=1 required_network_type=0 runtime=1607664312203 retry_strategy={"maximum_backoff_seconds":{"3600":0},"initial_backoff_seconds":{"30":0},"retry_policy":{"0":0}} last_runtime=0, error message: UNIQUE constraint failed: pending_ops.tag, pending_ops.target_class, pending_ops.target_package, pending_ops.user_id (code 2067 SQLITE_CONSTRAINT_UNIQUE) [CONTEXT service_id=218 ]
12-11 10:55:12.220 24289 24327 I FirebaseRemoteConfig: Fetch succeeded!
12-11 10:55:12.228 24289 24430 W FirebaseRemoteConfig: No value of type 'String' exists for parameter key 'sessions_feature_enabled'.
12-11 10:55:12.228 24289 24486 W FirebaseRemoteConfig: No value of type 'String' exists for parameter key 'sessions_max_length_minutes'.
12-11 10:55:12.228 24289 24484 W FirebaseRemoteConfig: No value of type 'String' exists for parameter key 'sessions_max_length_minutes'.
12-11 10:55:12.229 24289 24430 W FirebaseRemoteConfig: No value of type 'String' exists for parameter key 'sessions_feature_enabled'.
12-11 10:55:12.229 24289 24421 I FirebasePerformance: Session ID - d853757acaf446e898806cf59ab9eb13
12-11 10:55:12.232 24345 18643 W NetworkScheduler: Error inserting flex_time=9000 job_id=-1 period=19000 source=16 requires_charging=0 preferred_network_type=1 target_class=com.google.android.gms.measurement.PackageMeasurementTaskService user_id=0 target_package=com.google.android.gms tag=Measurement.PackageMeasurementTaskService.UPLOAD_TASK_TAG task_type=0 required_idleness_state=0 service_kind=0 source_version=204516000 persistence_level=1 preferred_charging_state=1 required_network_type=0 runtime=1607664312226 retry_strategy={"maximum_backoff_seconds":{"3600":0},"initial_backoff_seconds":{"30":0},"retry_policy":{"0":0}} last_runtime=0, error message: UNIQUE constraint failed: pending_ops.tag, pending_ops.target_class, pending_ops.target_package, pending_ops.user_id (code 2067 SQLITE_CONSTRAINT_UNIQUE) [CONTEXT service_id=218 ]
12-11 10:55:12.232 24289 24408 W FirebaseRemoteConfig: No value of type 'String' exists for parameter key 'sessions_max_length_minutes'.
12-11 10:55:12.233 24289 24430 W FirebaseRemoteConfig: No value of type 'String' exists for parameter key 'sessions_feature_enabled'.
12-11 10:55:12.233 24289 24493 W FirebaseRemoteConfig: No value of type 'String' exists for parameter key 'sessions_max_length_minutes'.
12-11 10:55:12.233 24289 24440 W FirebaseRemoteConfig: No value of type 'String' exists for parameter key 'sessions_max_length_minutes'.
12-11 10:55:12.233 24289 24430 W FirebaseRemoteConfig: No value of type 'String' exists for parameter key 'sessions_feature_enabled'.
12-11 10:55:12.234 24289 24430 W FirebaseRemoteConfig: No value of type 'String' exists for parameter key 'sessions_feature_enabled'.
12-11 10:55:12.267 24289 24421 W FirebaseRemoteConfig: No value of type 'String' exists for parameter key 'sessions_max_length_minutes'.
12-11 10:55:12.267 24289 24430 W FirebaseRemoteConfig: No value of type 'String' exists for parameter key 'sessions_feature_enabled'.
12-11 10:55:12.284 24345 18643 W NetworkScheduler: Error inserting flex_time=9000 job_id=-1 period=19000 source=16 requires_charging=0 preferred_network_type=1 target_class=com.google.android.gms.measurement.PackageMeasurementTaskService user_id=0 target_package=com.google.android.gms tag=Measurement.PackageMeasurementTaskService.UPLOAD_TASK_TAG task_type=0 required_idleness_state=0 service_kind=0 source_version=204516000 persistence_level=1 preferred_charging_state=1 required_network_type=0 runtime=1607664312279 retry_strategy={"maximum_backoff_seconds":{"3600":0},"initial_backoff_seconds":{"30":0},"retry_policy":{"0":0}} last_runtime=0, error message: UNIQUE constraint failed: pending_ops.tag, pending_ops.target_class, pending_ops.target_package, pending_ops.user_id (code 2067 SQLITE_CONSTRAINT_UNIQUE) [CONTEXT service_id=218 ]
12-11 10:55:12.315 24289 24317 E FA      : Name must consist of letters, digits or _ (underscores). Type, name: event, Flipkart Errors
12-11 10:55:12.315 24289 24317 E FA      : Invalid public event name. Event will not be logged (FE): Flipkart Errors
12-11 10:55:12.323 24289 24317 E FA      : Name must consist of letters, digits or _ (underscores). Type, name: event, Other Errors
12-11 10:55:12.323 24289 24317 E FA      : Invalid public event name. Event will not be logged (FE): Other Errors
12-11 10:55:12.328 24345 18643 W NetworkScheduler: Error inserting flex_time=9000 job_id=-1 period=19000 source=16 requires_charging=0 preferred_network_type=1 target_class=com.google.android.gms.measurement.PackageMeasurementTaskService user_id=0 target_package=com.google.android.gms tag=Measurement.PackageMeasurementTaskService.UPLOAD_TASK_TAG task_type=0 required_idleness_state=0 service_kind=0 source_version=204516000 persistence_level=1 preferred_charging_state=1 required_network_type=0 runtime=1607664312322 retry_strategy={"maximum_backoff_seconds":{"3600":0},"initial_backoff_seconds":{"30":0},"retry_policy":{"0":0}} last_runtime=0, error message: UNIQUE constraint failed: pending_ops.tag, pending_ops.target_class, pending_ops.target_package, pending_ops.user_id (code 2067 SQLITE_CONSTRAINT_UNIQUE) [CONTEXT service_id=218 ]
12-11 10:55:12.357 24289 24317 E FA      : Name must consist of letters, digits or _ (underscores). Type, name: event, Flipkart Errors
12-11 10:55:12.357 24289 24317 E FA      : Invalid public event name. Event will not be logged (FE): Flipkart Errors
12-11 10:55:12.360 24289 24317 E FA      : Name must consist of letters, digits or _ (underscores). Type, name: event, Other Errors
12-11 10:55:12.360 24289 24317 E FA      : Invalid public event name. Event will not be logged (FE): Other Errors
12-11 10:55:12.364 24289 24317 E FA      : Name must consist of letters, digits or _ (underscores). Type, name: event, Flipkart Errors
12-11 10:55:12.364 24289 24317 E FA      : Invalid public event name. Event will not be logged (FE): Flipkart Errors
12-11 10:55:12.379 24345 18643 W NetworkScheduler: Error inserting flex_time=9000 job_id=-1 period=19000 source=16 requires_charging=0 preferred_network_type=1 target_class=com.google.android.gms.measurement.PackageMeasurementTaskService user_id=0 target_package=com.google.android.gms tag=Measurement.PackageMeasurementTaskService.UPLOAD_TASK_TAG task_type=0 required_idleness_state=0 service_kind=0 source_version=204516000 persistence_level=1 preferred_charging_state=1 required_network_type=0 runtime=1607664312371 retry_strategy={"maximum_backoff_seconds":{"3600":0},"initial_backoff_seconds":{"30":0},"retry_policy":{"0":0}} last_runtime=0, error message: UNIQUE constraint failed: pending_ops.tag, pending_ops.target_class, pending_ops.target_package, pending_ops.user_id (code 2067 SQLITE_CONSTRAINT_UNIQUE) [CONTEXT service_id=218 ]
12-11 10:55:12.406 24345 18643 W NetworkScheduler: Error inserting flex_time=9000 job_id=-1 period=19000 source=16 requires_charging=0 preferred_network_type=1 target_class=com.google.android.gms.measurement.PackageMeasurementTaskService user_id=0 target_package=com.google.android.gms tag=Measurement.PackageMeasurementTaskService.UPLOAD_TASK_TAG task_type=0 required_idleness_state=0 service_kind=0 source_version=204516000 persistence_level=1 preferred_charging_state=1 required_network_type=0 runtime=1607664312400 retry_strategy={"maximum_backoff_seconds":{"3600":0},"initial_backoff_seconds":{"30":0},"retry_policy":{"0":0}} last_runtime=0, error message: UNIQUE constraint failed: pending_ops.tag, pending_ops.target_class, pending_ops.target_package, pending_ops.user_id (code 2067 SQLITE_CONSTRAINT_UNIQUE) [CONTEXT service_id=218 ]
12-11 10:55:12.439 24345 18643 W NetworkScheduler: Error inserting flex_time=8000 job_id=-1 period=18000 source=16 requires_charging=0 preferred_network_type=1 target_class=com.google.android.gms.measurement.PackageMeasurementTaskService user_id=0 target_package=com.google.android.gms tag=Measurement.PackageMeasurementTaskService.UPLOAD_TASK_TAG task_type=0 required_idleness_state=0 service_kind=0 source_version=204516000 persistence_level=1 preferred_charging_state=1 required_network_type=0 runtime=1607664312437 retry_strategy={"maximum_backoff_seconds":{"3600":0},"initial_backoff_seconds":{"30":0},"retry_policy":{"0":0}} last_runtime=0, error message: UNIQUE constraint failed: pending_ops.tag, pending_ops.target_class, pending_ops.target_package, pending_ops.user_id (code 2067 SQLITE_CONSTRAINT_UNIQUE) [CONTEXT service_id=218 ]
12-11 10:55:12.463 24345 18643 W NetworkScheduler: Error inserting flex_time=8000 job_id=-1 period=18000 source=16 requires_charging=0 preferred_network_type=1 target_class=com.google.android.gms.measurement.PackageMeasurementTaskService user_id=0 target_package=com.google.android.gms tag=Measurement.PackageMeasurementTaskService.UPLOAD_TASK_TAG task_type=0 required_idleness_state=0 service_kind=0 source_version=204516000 persistence_level=1 preferred_charging_state=1 required_network_type=0 runtime=1607664312458 retry_strategy={"maximum_backoff_seconds":{"3600":0},"initial_backoff_seconds":{"30":0},"retry_policy":{"0":0}} last_runtime=0, error message: UNIQUE constraint failed: pending_ops.tag, pending_ops.target_class, pending_ops.target_package, pending_ops.user_id (code 2067 SQLITE_CONSTRAINT_UNIQUE) [CONTEXT service_id=218 ]
12-11 10:55:12.516 24345 18643 W NetworkScheduler: Error inserting flex_time=8000 job_id=-1 period=18000 source=16 requires_charging=0 preferred_network_type=1 target_class=com.google.android.gms.measurement.PackageMeasurementTaskService user_id=0 target_package=com.google.android.gms tag=Measurement.PackageMeasurementTaskService.UPLOAD_TASK_TAG task_type=0 required_idleness_state=0 service_kind=0 source_version=204516000 persistence_level=1 preferred_charging_state=1 required_network_type=0 runtime=1607664312513 retry_strategy={"maximum_backoff_seconds":{"3600":0},"initial_backoff_seconds":{"30":0},"retry_policy":{"0":0}} last_runtime=0, error message: UNIQUE constraint failed: pending_ops.tag, pending_ops.target_class, pending_ops.target_package, pending_ops.user_id (code 2067 SQLITE_CONSTRAINT_UNIQUE) [CONTEXT service_id=218 ]
12-11 10:55:12.534 24289 24317 E FA      : Name must consist of letters, digits or _ (underscores). Type, name: event, Other Errors
12-11 10:55:12.534 24289 24317 E FA      : Invalid public event name. Event will not be logged (FE): Other Errors
12-11 10:55:12.536 24289 24317 E FA      : Name must consist of letters, digits or _ (underscores). Type, name: event, Flipkart Errors
12-11 10:55:12.536 24289 24317 E FA      : Invalid public event name. Event will not be logged (FE): Flipkart Errors
12-11 10:55:12.541 24289 24317 E FA      : Name must consist of letters, digits or _ (underscores). Type, name: event, Other Errors
12-11 10:55:12.541 24289 24317 E FA      : Invalid public event name. Event will not be logged (FE): Other Errors
12-11 10:55:12.547 24345 18643 W NetworkScheduler: Error inserting flex_time=8000 job_id=-1 period=18000 source=16 requires_charging=0 preferred_network_type=1 target_class=com.google.android.gms.measurement.PackageMeasurementTaskService user_id=0 target_package=com.google.android.gms tag=Measurement.PackageMeasurementTaskService.UPLOAD_TASK_TAG task_type=0 required_idleness_state=0 service_kind=0 source_version=204516000 persistence_level=1 preferred_charging_state=1 required_network_type=0 runtime=1607664312542 retry_strategy={"maximum_backoff_seconds":{"3600":0},"initial_backoff_seconds":{"30":0},"retry_policy":{"0":0}} last_runtime=0, error message: UNIQUE constraint failed: pending_ops.tag, pending_ops.target_class, pending_ops.target_package, pending_ops.user_id (code 2067 SQLITE_CONSTRAINT_UNIQUE) [CONTEXT service_id=218 ]
12-11 10:55:12.585 24345 18643 W NetworkScheduler: Error inserting flex_time=8000 job_id=-1 period=18000 source=16 requires_charging=0 preferred_network_type=1 target_class=com.google.android.gms.measurement.PackageMeasurementTaskService user_id=0 target_package=com.google.android.gms tag=Measurement.PackageMeasurementTaskService.UPLOAD_TASK_TAG task_type=0 required_idleness_state=0 service_kind=0 source_version=204516000 persistence_level=1 preferred_charging_state=1 required_network_type=0 runtime=1607664312577 retry_strategy={"maximum_backoff_seconds":{"3600":0},"initial_backoff_seconds":{"30":0},"retry_policy":{"0":0}} last_runtime=0, error message: UNIQUE constraint failed: pending_ops.tag, pending_ops.target_class, pending_ops.target_package, pending_ops.user_id (code 2067 SQLITE_CONSTRAINT_UNIQUE) [CONTEXT service_id=218 ]
12-11 10:55:12.618 24345 18913 W NetworkScheduler: Error inserting flex_time=8000 job_id=-1 period=18000 source=16 requires_charging=0 preferred_network_type=1 target_class=com.google.android.gms.measurement.PackageMeasurementTaskService user_id=0 target_package=com.google.android.gms tag=Measurement.PackageMeasurementTaskService.UPLOAD_TASK_TAG task_type=0 required_idleness_state=0 service_kind=0 source_version=204516000 persistence_level=1 preferred_charging_state=1 required_network_type=0 runtime=1607664312613 retry_strategy={"maximum_backoff_seconds":{"3600":0},"initial_backoff_seconds":{"30":0},"retry_policy":{"0":0}} last_runtime=0, error message: UNIQUE constraint failed: pending_ops.tag, pending_ops.target_class, pending_ops.target_package, pending_ops.user_id (code 2067 SQLITE_CONSTRAINT_UNIQUE) [CONTEXT service_id=218 ]
12-11 10:55:12.624 24289 24468 D BinaryFileManager: Returning bundle: /data/user/0/com.flipkart.android/files/binaryfilemanager/multiWidget/e2d78d64513d21f5f2a1df9f48fc6be3-17.ota
12-11 10:55:12.624 24289 24468 D BinaryFileManager: Config updated to version: 17
12-11 10:55:12.628 24289 24317 E FA      : Name must consist of letters, digits or _ (underscores). Type, name: event, Flipkart Errors
12-11 10:55:12.628 24289 24317 E FA      : Invalid public event name. Event will not be logged (FE): Flipkart Errors
12-11 10:55:12.630 24289 24317 E FA      : Name must consist of letters, digits or _ (underscores). Type, name: event, Other Errors
12-11 10:55:12.630 24289 24317 E FA      : Invalid public event name. Event will not be logged (FE): Other Errors
12-11 10:55:12.633 24289 24317 E FA      : Name must consist of letters, digits or _ (underscores). Type, name: event, Flipkart Errors
12-11 10:55:12.633 24289 24317 E FA      : Invalid public event name. Event will not be logged (FE): Flipkart Errors
12-11 10:55:12.635 24289 24317 E FA      : Name must consist of letters, digits or _ (underscores). Type, name: event, Other Errors
12-11 10:55:12.635 24289 24317 E FA      : Invalid public event name. Event will not be logged (FE): Other Errors
12-11 10:55:12.642 24345 18643 W NetworkScheduler: Error inserting flex_time=8000 job_id=-1 period=18000 source=16 requires_charging=0 preferred_network_type=1 target_class=com.google.android.gms.measurement.PackageMeasurementTaskService user_id=0 target_package=com.google.android.gms tag=Measurement.PackageMeasurementTaskService.UPLOAD_TASK_TAG task_type=0 required_idleness_state=0 service_kind=0 source_version=204516000 persistence_level=1 preferred_charging_state=1 required_network_type=0 runtime=1607664312640 retry_strategy={"maximum_backoff_seconds":{"3600":0},"initial_backoff_seconds":{"30":0},"retry_policy":{"0":0}} last_runtime=0, error message: UNIQUE constraint failed: pending_ops.tag, pending_ops.target_class, pending_ops.target_package, pending_ops.user_id (code 2067 SQLITE_CONSTRAINT_UNIQUE) [CONTEXT service_id=218 ]
12-11 10:55:12.672 24345 18643 W NetworkScheduler: Error inserting flex_time=8000 job_id=-1 period=18000 source=16 requires_charging=0 preferred_network_type=1 target_class=com.google.android.gms.measurement.PackageMeasurementTaskService user_id=0 target_package=com.google.android.gms tag=Measurement.PackageMeasurementTaskService.UPLOAD_TASK_TAG task_type=0 required_idleness_state=0 service_kind=0 source_version=204516000 persistence_level=1 preferred_charging_state=1 required_network_type=0 runtime=1607664312668 retry_strategy={"maximum_backoff_seconds":{"3600":0},"initial_backoff_seconds":{"30":0},"retry_policy":{"0":0}} last_runtime=0, error message: UNIQUE constraint failed: pending_ops.tag, pending_ops.target_class, pending_ops.target_package, pending_ops.user_id (code 2067 SQLITE_CONSTRAINT_UNIQUE) [CONTEXT service_id=218 ]
12-11 10:55:12.712 24345 18643 W NetworkScheduler: Error inserting flex_time=8000 job_id=-1 period=18000 source=16 requires_charging=0 preferred_network_type=1 target_class=com.google.android.gms.measurement.PackageMeasurementTaskService user_id=0 target_package=com.google.android.gms tag=Measurement.PackageMeasurementTaskService.UPLOAD_TASK_TAG task_type=0 required_idleness_state=0 service_kind=0 source_version=204516000 persistence_level=1 preferred_charging_state=1 required_network_type=0 runtime=1607664312708 retry_strategy={"maximum_backoff_seconds":{"3600":0},"initial_backoff_seconds":{"30":0},"retry_policy":{"0":0}} last_runtime=0, error message: UNIQUE constraint failed: pending_ops.tag, pending_ops.target_class, pending_ops.target_package, pending_ops.user_id (code 2067 SQLITE_CONSTRAINT_UNIQUE) [CONTEXT service_id=218 ]
12-11 10:55:12.729 24289 24304 W JavaBinder: BinderProxy is being destroyed but the application did not call unlinkToDeath to unlink all of its death recipients beforehand.  Releasing leaked death recipient: com.google.android.play.core.internal.i
12-11 10:55:12.729 24289 24304 I BpBinder: onLastStrongRef automatically unlinking death recipients: <uncached descriptor>
12-11 10:55:12.733 24289 24304 W JavaBinder: BinderProxy is being destroyed but the application did not call unlinkToDeath to unlink all of its death recipients beforehand.  Releasing leaked death recipient: com.google.android.play.core.internal.i
12-11 10:55:12.733 24289 24304 I BpBinder: onLastStrongRef automatically unlinking death recipients: <uncached descriptor>
12-11 10:55:12.738 24289 24305 W System  : A resource failed to call close. 
12-11 10:55:12.739 24289 24305 W System  : A resource failed to call close. 
12-11 10:55:12.756 24345 18643 W NetworkScheduler: Error inserting flex_time=8000 job_id=-1 period=18000 source=16 requires_charging=0 preferred_network_type=1 target_class=com.google.android.gms.measurement.PackageMeasurementTaskService user_id=0 target_package=com.google.android.gms tag=Measurement.PackageMeasurementTaskService.UPLOAD_TASK_TAG task_type=0 required_idleness_state=0 service_kind=0 source_version=204516000 persistence_level=1 preferred_charging_state=1 required_network_type=0 runtime=1607664312753 retry_strategy={"maximum_backoff_seconds":{"3600":0},"initial_backoff_seconds":{"30":0},"retry_policy":{"0":0}} last_runtime=0, error message: UNIQUE constraint failed: pending_ops.tag, pending_ops.target_class, pending_ops.target_package, pending_ops.user_id (code 2067 SQLITE_CONSTRAINT_UNIQUE) [CONTEXT service_id=218 ]
12-11 10:55:12.772 24289 24317 E FA      : Name must consist of letters, digits or _ (underscores). Type, name: event, Flipkart Errors
12-11 10:55:12.773 24289 24317 E FA      : Invalid public event name. Event will not be logged (FE): Flipkart Errors
12-11 10:55:12.776 24289 24317 E FA      : Name must consist of letters, digits or _ (underscores). Type, name: event, Other Errors
12-11 10:55:12.776 24289 24317 E FA      : Invalid public event name. Event will not be logged (FE): Other Errors
12-11 10:55:12.778 24289 24317 E FA      : Name must consist of letters, digits or _ (underscores). Type, name: event, Flipkart Errors
12-11 10:55:12.779 24289 24317 E FA      : Invalid public event name. Event will not be logged (FE): Flipkart Errors
12-11 10:55:12.781 24289 24317 E FA      : Name must consist of letters, digits or _ (underscores). Type, name: event, Other Errors
12-11 10:55:12.781 24289 24317 E FA      : Invalid public event name. Event will not be logged (FE): Other Errors
12-11 10:55:12.783 24289 24317 E FA      : Name must consist of letters, digits or _ (underscores). Type, name: event, Flipkart Errors
12-11 10:55:12.783 24289 24317 E FA      : Invalid public event name. Event will not be logged (FE): Flipkart Errors
12-11 10:55:12.785 24345 18913 W NetworkScheduler: Error inserting flex_time=8000 job_id=-1 period=18000 source=16 requires_charging=0 preferred_network_type=1 target_class=com.google.android.gms.measurement.PackageMeasurementTaskService user_id=0 target_package=com.google.android.gms tag=Measurement.PackageMeasurementTaskService.UPLOAD_TASK_TAG task_type=0 required_idleness_state=0 service_kind=0 source_version=204516000 persistence_level=1 preferred_charging_state=1 required_network_type=0 runtime=1607664312779 retry_strategy={"maximum_backoff_seconds":{"3600":0},"initial_backoff_seconds":{"30":0},"retry_policy":{"0":0}} last_runtime=0, error message: UNIQUE constraint failed: pending_ops.tag, pending_ops.target_class, pending_ops.target_package, pending_ops.user_id (code 2067 SQLITE_CONSTRAINT_UNIQUE) [CONTEXT service_id=218 ]
12-11 10:55:12.786 24289 24317 E FA      : Name must consist of letters, digits or _ (underscores). Type, name: event, Other Errors
12-11 10:55:12.786 24289 24317 E FA      : Invalid public event name. Event will not be logged (FE): Other Errors
12-11 10:55:12.827 24345 18913 W NetworkScheduler: Error inserting flex_time=8000 job_id=-1 period=18000 source=16 requires_charging=0 preferred_network_type=1 target_class=com.google.android.gms.measurement.PackageMeasurementTaskService user_id=0 target_package=com.google.android.gms tag=Measurement.PackageMeasurementTaskService.UPLOAD_TASK_TAG task_type=0 required_idleness_state=0 service_kind=0 source_version=204516000 persistence_level=1 preferred_charging_state=1 required_network_type=0 runtime=1607664312823 retry_strategy={"maximum_backoff_seconds":{"3600":0},"initial_backoff_seconds":{"30":0},"retry_policy":{"0":0}} last_runtime=0, error message: UNIQUE constraint failed: pending_ops.tag, pending_ops.target_class, pending_ops.target_package, pending_ops.user_id (code 2067 SQLITE_CONSTRAINT_UNIQUE) [CONTEXT service_id=218 ]
12-11 10:55:12.845 24345 18913 W NetworkScheduler: Error inserting flex_time=8000 job_id=-1 period=18000 source=16 requires_charging=0 preferred_network_type=1 target_class=com.google.android.gms.measurement.PackageMeasurementTaskService user_id=0 target_package=com.google.android.gms tag=Measurement.PackageMeasurementTaskService.UPLOAD_TASK_TAG task_type=0 required_idleness_state=0 service_kind=0 source_version=204516000 persistence_level=1 preferred_charging_state=1 required_network_type=0 runtime=1607664312840 retry_strategy={"maximum_backoff_seconds":{"3600":0},"initial_backoff_seconds":{"30":0},"retry_policy":{"0":0}} last_runtime=0, error message: UNIQUE constraint failed: pending_ops.tag, pending_ops.target_class, pending_ops.target_package, pending_ops.user_id (code 2067 SQLITE_CONSTRAINT_UNIQUE) [CONTEXT service_id=218 ]
12-11 10:55:12.876 24345 18913 W NetworkScheduler: Error inserting flex_time=8000 job_id=-1 period=18000 source=16 requires_charging=0 preferred_network_type=1 target_class=com.google.android.gms.measurement.PackageMeasurementTaskService user_id=0 target_package=com.google.android.gms tag=Measurement.PackageMeasurementTaskService.UPLOAD_TASK_TAG task_type=0 required_idleness_state=0 service_kind=0 source_version=204516000 persistence_level=1 preferred_charging_state=1 required_network_type=0 runtime=1607664312874 retry_strategy={"maximum_backoff_seconds":{"3600":0},"initial_backoff_seconds":{"30":0},"retry_policy":{"0":0}} last_runtime=0, error message: UNIQUE constraint failed: pending_ops.tag, pending_ops.target_class, pending_ops.target_package, pending_ops.user_id (code 2067 SQLITE_CONSTRAINT_UNIQUE) [CONTEXT service_id=218 ]
12-11 10:55:12.897 24345 18643 W NetworkScheduler: Error inserting flex_time=8000 job_id=-1 period=18000 source=16 requires_charging=0 preferred_network_type=1 target_class=com.google.android.gms.measurement.PackageMeasurementTaskService user_id=0 target_package=com.google.android.gms tag=Measurement.PackageMeasurementTaskService.UPLOAD_TASK_TAG task_type=0 required_idleness_state=0 service_kind=0 source_version=204516000 persistence_level=1 preferred_charging_state=1 required_network_type=0 runtime=1607664312891 retry_strategy={"maximum_backoff_seconds":{"3600":0},"initial_backoff_seconds":{"30":0},"retry_policy":{"0":0}} last_runtime=0, error message: UNIQUE constraint failed: pending_ops.tag, pending_ops.target_class, pending_ops.target_package, pending_ops.user_id (code 2067 SQLITE_CONSTRAINT_UNIQUE) [CONTEXT service_id=218 ]
12-11 10:55:12.918 24345 18913 W NetworkScheduler: Error inserting flex_time=8000 job_id=-1 period=18000 source=16 requires_charging=0 preferred_network_type=1 target_class=com.google.android.gms.measurement.PackageMeasurementTaskService user_id=0 target_package=com.google.android.gms tag=Measurement.PackageMeasurementTaskService.UPLOAD_TASK_TAG task_type=0 required_idleness_state=0 service_kind=0 source_version=204516000 persistence_level=1 preferred_charging_state=1 required_network_type=0 runtime=1607664312911 retry_strategy={"maximum_backoff_seconds":{"3600":0},"initial_backoff_seconds":{"30":0},"retry_policy":{"0":0}} last_runtime=0, error message: UNIQUE constraint failed: pending_ops.tag, pending_ops.target_class, pending_ops.target_package, pending_ops.user_id (code 2067 SQLITE_CONSTRAINT_UNIQUE) [CONTEXT service_id=218 ]
12-11 10:55:12.938 24345 18643 W NetworkScheduler: Error inserting flex_time=8000 job_id=-1 period=17000 source=16 requires_charging=0 preferred_network_type=1 target_class=com.google.android.gms.measurement.PackageMeasurementTaskService user_id=0 target_package=com.google.android.gms tag=Measurement.PackageMeasurementTaskService.UPLOAD_TASK_TAG task_type=0 required_idleness_state=0 service_kind=0 source_version=204516000 persistence_level=1 preferred_charging_state=1 required_network_type=0 runtime=1607664312933 retry_strategy={"maximum_backoff_seconds":{"3600":0},"initial_backoff_seconds":{"30":0},"retry_policy":{"0":0}} last_runtime=0, error message: UNIQUE constraint failed: pending_ops.tag, pending_ops.target_class, pending_ops.target_package, pending_ops.user_id (code 2067 SQLITE_CONSTRAINT_UNIQUE) [CONTEXT service_id=218 ]
12-11 10:55:13.379  1406  1417 W System  : A resource failed to call release. 
12-11 10:55:13.379  1406  1417 I chatty  : uid=1000(system) FinalizerDaemon identical 2 lines
12-11 10:55:13.391  1406  1417 W System  : A resource failed to call release. 
12-11 10:55:15.605  1034  1034 I perfetto: probes_producer.cc:329  Producer stop (id=5706)
12-11 10:55:15.611  1034  1034 I perfetto: ftrace_procfs.cc:183    disabled ftrace
12-11 10:55:15.618  1035  1035 I perfetto: ng_service_impl.cc:1948 Tracing session 5706 ended, total sessions:0
12-11 10:55:15.709  1406  1466 W Looper  : Drained
12-11 10:55:15.711  1066 24285 I iorapd  : Perfetto TraceBuffer saved to file: /data/misc/iorapd/com.flipkart.android/1200017/com.flipkart.android.activity.HomeFragmentHolderActivity/raw_traces/1607664315703532015.perfetto_trace.pb
12-11 10:55:15.715  1406  2904 D ConnectivityService: requestNetwork for uid/pid:10153/22628 NetworkRequest [ TRACK_DEFAULT id=23398, [ Capabilities: INTERNET&NOT_RESTRICTED&TRUSTED Uid: 10153 AdministratorUids: [] RequestorUid: 10153 RequestorPackageName: com.google.android.apps.photos] ]
12-11 10:55:15.715  1406  1644 D ConnectivityService: NetReassign [23398 : null → 457]
12-11 10:55:15.715  1406  1720 D Ethernet: got request NetworkRequest [ TRACK_DEFAULT id=23398, [ Capabilities: INTERNET&NOT_RESTRICTED&TRUSTED Uid: 10153 AdministratorUids: [] RequestorUid: 10153 RequestorPackageName: com.google.android.apps.photos] ] with score 60 and providerId 5
12-11 10:55:15.716  1406  1719 D WIFI_AWARE_FACTORY: got request NetworkRequest [ TRACK_DEFAULT id=23398, [ Capabilities: INTERNET&NOT_RESTRICTED&TRUSTED Uid: 10153 AdministratorUids: [] RequestorUid: 10153 RequestorPackageName: com.google.android.apps.photos] ] with score 60 and providerId 5
12-11 10:55:15.716  1406  1619 D UntrustedWifiNetworkFactory: got request NetworkRequest [ TRACK_DEFAULT id=23398, [ Capabilities: INTERNET&NOT_RESTRICTED&TRUSTED Uid: 10153 AdministratorUids: [] RequestorUid: 10153 RequestorPackageName: com.google.android.apps.photos] ] with score 60 and providerId 5
12-11 10:55:15.716  1406  1619 D WifiNetworkFactory: got request NetworkRequest [ TRACK_DEFAULT id=23398, [ Capabilities: INTERNET&NOT_RESTRICTED&TRUSTED Uid: 10153 AdministratorUids: [] RequestorUid: 10153 RequestorPackageName: com.google.android.apps.photos] ] with score 60 and providerId 5
12-11 10:55:15.716  2117  2117 D PhoneSwitcherNetworkRequstListener: got request NetworkRequest [ TRACK_DEFAULT id=23398, [ Capabilities: INTERNET&NOT_RESTRICTED&TRUSTED Uid: 10153 AdministratorUids: [] RequestorUid: 10153 RequestorPackageName: com.google.android.apps.photos] ] with score 60 and providerId 5
12-11 10:55:15.720  2117  2117 D Telephony: isEmergencyPreferredAccount: subId=1, activeData=1
12-11 10:55:15.720  2117  2117 D Telephony: isEmergencyPreferredAccount: Device does not require preference.
12-11 10:55:15.721  1791  1791 V KeyguardUpdateMonitor: onSubscriptionInfoChanged()
12-11 10:55:15.723  1791  1791 V KeyguardUpdateMonitor: SubInfo:{id=1 iccId=899186000[****] simSlotIndex=0 carrierId=1963 displayName=Vodafone IN carrierName=Vodafone IN nameSource=0 iconTint=-16746133 number=[****] dataRoaming=0 iconBitmap=android.graphics.Bitmap@190243f mcc=404 mnc=86 countryIso=in isEmbedded=false nativeAccessRules=null cardString=899186000[****] cardId=-1 isOpportunistic=false groupUUID=null isGroupDisabled=false profileClass=-1 ehplmns=[] hplmns=[40486] subscriptionType=0 groupOwner=null carrierConfigAccessRules=null areUiccApplicationsEnabled=true}
12-11 10:55:15.730  1406  1644 D ConnectivityService: NetReassign [no changes]
12-11 10:55:15.741  1406  1644 D ConnectivityService: releasing NetworkRequest [ TRACK_DEFAULT id=23398, [ Capabilities: INTERNET&NOT_RESTRICTED&TRUSTED Uid: 10153 AdministratorUids: [] RequestorUid: 10153 RequestorPackageName: com.google.android.apps.photos] ] (release request)
12-11 10:55:15.746  1791  1791 V KeyguardUpdateMonitor: onSubscriptionInfoChanged()
12-11 10:55:15.747  2117  2117 D Telephony: isEmergencyPreferredAccount: subId=1, activeData=1
12-11 10:55:15.747  2117  2117 D Telephony: isEmergencyPreferredAccount: Device does not require preference.
12-11 10:55:15.747  1791  1791 V KeyguardUpdateMonitor: SubInfo:{id=1 iccId=899186000[****] simSlotIndex=0 carrierId=1963 displayName=Vodafone IN carrierName=Vodafone IN nameSource=0 iconTint=-16746133 number=[****] dataRoaming=0 iconBitmap=android.graphics.Bitmap@d24d10c mcc=404 mnc=86 countryIso=in isEmbedded=false nativeAccessRules=null cardString=899186000[****] cardId=-1 isOpportunistic=false groupUUID=null isGroupDisabled=false profileClass=-1 ehplmns=[] hplmns=[40486] subscriptionType=0 groupOwner=null carrierConfigAccessRules=null areUiccApplicationsEnabled=true}
12-11 10:55:15.758  1406  1644 D ConnectivityService: NetReassign [no changes]
12-11 10:55:16.155 24240 24273 I appium  : channel read invoked!
12-11 10:55:16.155 24240 24273 I appium  : channel read: POST /wd/hub/session/628d2f11-2f0a-4446-8fb2-381aaf273d10/element
12-11 10:55:16.159 24240 24273 I appium  : Find element command using 'id' with selector 'com.amazon.mShop.android.shopping:id/sign_in_button'.
12-11 10:55:16.166 24240 24273 I appium  : Waiting up to 10000ms for device to be idle
12-11 10:55:16.258 24240 24273 I appium  : AppiumResponse: {"sessionId":"628d2f11-2f0a-4446-8fb2-381aaf273d10","value":{"error":"no such element","message":"An element could not be located on the page using the given search parameters","stacktrace":"io.appium.uiautomator2.common.exceptions.ElementNotFoundException: An element could not be located on the ...
12-11 10:55:16.728 21818 21594 W ConnectionTracker: Exception thrown while unbinding
12-11 10:55:16.728 21818 21594 W ConnectionTracker: java.lang.IllegalArgumentException: Service not registered: agey@d3e5c3b
12-11 10:55:16.728 21818 21594 W ConnectionTracker: 	at android.app.LoadedApk.forgetServiceDispatcher(LoadedApk.java:1757)
12-11 10:55:16.728 21818 21594 W ConnectionTracker: 	at android.app.ContextImpl.unbindService(ContextImpl.java:1874)
12-11 10:55:16.728 21818 21594 W ConnectionTracker: 	at android.content.ContextWrapper.unbindService(ContextWrapper.java:792)
12-11 10:55:16.728 21818 21594 W ConnectionTracker: 	at android.content.ContextWrapper.unbindService(ContextWrapper.java:792)
12-11 10:55:16.728 21818 21594 W ConnectionTracker: 	at rgh.i(:com.google.android.gms@204516046@20.45.16 (150400-344294571):4)
12-11 10:55:16.728 21818 21594 W ConnectionTracker: 	at rgh.d(:com.google.android.gms@204516046@20.45.16 (150400-344294571):2)
12-11 10:55:16.728 21818 21594 W ConnectionTracker: 	at agez.y(:com.google.android.gms@204516046@20.45.16 (150400-344294571):3)
12-11 10:55:16.728 21818 21594 W ConnectionTracker: 	at agel.a(:com.google.android.gms@204516046@20.45.16 (150400-344294571):3)
12-11 10:55:16.728 21818 21594 W ConnectionTracker: 	at afwp.run(:com.google.android.gms@204516046@20.45.16 (150400-344294571):4)
12-11 10:55:16.728 21818 21594 W ConnectionTracker: 	at bnit.run(:com.google.android.gms@204516046@20.45.16 (150400-344294571):2)
12-11 10:55:16.728 21818 21594 W ConnectionTracker: 	at java.util.concurrent.Executors$RunnableAdapter.call(Executors.java:462)
12-11 10:55:16.728 21818 21594 W ConnectionTracker: 	at java.util.concurrent.FutureTask.run(FutureTask.java:266)
12-11 10:55:16.728 21818 21594 W ConnectionTracker: 	at agbz.run(:com.google.android.gms@204516046@20.45.16 (150400-344294571):5)
12-11 10:55:16.775 24240 24273 I appium  : channel read invoked!
12-11 10:55:16.775 24240 24273 I appium  : channel read: POST /wd/hub/session/628d2f11-2f0a-4446-8fb2-381aaf273d10/element
12-11 10:55:16.778 24240 24273 I appium  : Find element command using 'id' with selector 'com.amazon.mShop.android.shopping:id/sign_in_button'.
12-11 10:55:16.779 24240 24273 I appium  : Waiting up to 10000ms for device to be idle
12-11 10:55:16.840 24240 24273 I appium  : AppiumResponse: {"sessionId":"628d2f11-2f0a-4446-8fb2-381aaf273d10","value":{"error":"no such element","message":"An element could not be located on the page using the given search parameters","stacktrace":"io.appium.uiautomator2.common.exceptions.ElementNotFoundException: An element could not be located on the ...
12-11 10:55:17.361 24240 24273 I appium  : channel read invoked!
12-11 10:55:17.363 24240 24273 I appium  : channel read: POST /wd/hub/session/628d2f11-2f0a-4446-8fb2-381aaf273d10/element
12-11 10:55:17.366 24240 24273 I appium  : Find element command using 'id' with selector 'com.amazon.mShop.android.shopping:id/sign_in_button'.
12-11 10:55:17.366 24240 24273 I appium  : Waiting up to 10000ms for device to be idle
12-11 10:55:17.443 24240 24273 I appium  : AppiumResponse: {"sessionId":"628d2f11-2f0a-4446-8fb2-381aaf273d10","value":{"error":"no such element","message":"An element could not be located on the page using the given search parameters","stacktrace":"io.appium.uiautomator2.common.exceptions.ElementNotFoundException: An element could not be located on the ...
12-11 10:55:17.763   895   895 I android.hardware.health@2.0-service.wahoo: SRAM data: 3623000
12-11 10:55:17.776  1791  3188 D PowerUI : can't show warning due to - plugged: true status unknown: false
12-11 10:55:17.966 24240 24273 I appium  : channel read invoked!
12-11 10:55:17.967 24240 24273 I appium  : channel read: POST /wd/hub/session/628d2f11-2f0a-4446-8fb2-381aaf273d10/element
12-11 10:55:17.971 24240 24273 I appium  : Find element command using 'id' with selector 'com.amazon.mShop.android.shopping:id/sign_in_button'.
12-11 10:55:17.972 24240 24273 I appium  : Waiting up to 10000ms for device to be idle
12-11 10:55:18.033 24240 24273 I appium  : AppiumResponse: {"sessionId":"628d2f11-2f0a-4446-8fb2-381aaf273d10","value":{"error":"no such element","message":"An element could not be located on the page using the given search parameters","stacktrace":"io.appium.uiautomator2.common.exceptions.ElementNotFoundException: An element could not be located on the ...
12-11 10:55:18.131   895   895 I android.hardware.health@2.0-service.wahoo: SRAM data: 3623000
12-11 10:55:18.556 24240 24273 I appium  : channel read invoked!
12-11 10:55:18.556 24240 24273 I appium  : channel read: POST /wd/hub/session/628d2f11-2f0a-4446-8fb2-381aaf273d10/element
12-11 10:55:18.562 24240 24273 I appium  : Find element command using 'id' with selector 'com.amazon.mShop.android.shopping:id/sign_in_button'.
12-11 10:55:18.563 24240 24273 I appium  : Waiting up to 10000ms for device to be idle
12-11 10:55:18.623 24240 24273 I appium  : AppiumResponse: {"sessionId":"628d2f11-2f0a-4446-8fb2-381aaf273d10","value":{"error":"no such element","message":"An element could not be located on the page using the given search parameters","stacktrace":"io.appium.uiautomator2.common.exceptions.ElementNotFoundException: An element could not be located on the ...
12-11 10:55:19.140 24240 24273 I appium  : channel read invoked!
12-11 10:55:19.142 24240 24273 I appium  : channel read: POST /wd/hub/session/628d2f11-2f0a-4446-8fb2-381aaf273d10/element
12-11 10:55:19.146 24240 24273 I appium  : Find element command using 'id' with selector 'com.amazon.mShop.android.shopping:id/sign_in_button'.
12-11 10:55:19.146 24240 24273 I appium  : Waiting up to 10000ms for device to be idle
12-11 10:55:19.206 24240 24273 I appium  : AppiumResponse: {"sessionId":"628d2f11-2f0a-4446-8fb2-381aaf273d10","value":{"error":"no such element","message":"An element could not be located on the page using the given search parameters","stacktrace":"io.appium.uiautomator2.common.exceptions.ElementNotFoundException: An element could not be located on the ...
12-11 10:55:19.728 24240 24273 I appium  : channel read invoked!
12-11 10:55:19.728 24240 24273 I appium  : channel read: POST /wd/hub/session/628d2f11-2f0a-4446-8fb2-381aaf273d10/element
12-11 10:55:19.732 24240 24273 I appium  : Find element command using 'id' with selector 'com.amazon.mShop.android.shopping:id/sign_in_button'.
12-11 10:55:19.732 24240 24273 I appium  : Waiting up to 10000ms for device to be idle
12-11 10:55:19.813 24240 24273 I appium  : AppiumResponse: {"sessionId":"628d2f11-2f0a-4446-8fb2-381aaf273d10","value":{"error":"no such element","message":"An element could not be located on the page using the given search parameters","stacktrace":"io.appium.uiautomator2.common.exceptions.ElementNotFoundException: An element could not be located on the ...
12-11 10:55:20.345 24240 24273 I appium  : channel read invoked!
12-11 10:55:20.345 24240 24273 I appium  : channel read: POST /wd/hub/session/628d2f11-2f0a-4446-8fb2-381aaf273d10/element
12-11 10:55:20.347 24240 24273 I appium  : Find element command using 'id' with selector 'com.amazon.mShop.android.shopping:id/sign_in_button'.
12-11 10:55:20.348 24240 24273 I appium  : Waiting up to 10000ms for device to be idle
12-11 10:55:20.405 24240 24273 I appium  : AppiumResponse: {"sessionId":"628d2f11-2f0a-4446-8fb2-381aaf273d10","value":{"error":"no such element","message":"An element could not be located on the page using the given search parameters","stacktrace":"io.appium.uiautomator2.common.exceptions.ElementNotFoundException: An element could not be located on the ...
12-11 10:55:20.929 24240 24273 I appium  : channel read invoked!
12-11 10:55:20.930 24240 24273 I appium  : channel read: POST /wd/hub/session/628d2f11-2f0a-4446-8fb2-381aaf273d10/element
12-11 10:55:20.933 24240 24273 I appium  : Find element command using 'id' with selector 'com.amazon.mShop.android.shopping:id/sign_in_button'.
12-11 10:55:20.933 24240 24273 I appium  : Waiting up to 10000ms for device to be idle
12-11 10:55:20.994 24240 24273 I appium  : AppiumResponse: {"sessionId":"628d2f11-2f0a-4446-8fb2-381aaf273d10","value":{"error":"no such element","message":"An element could not be located on the page using the given search parameters","stacktrace":"io.appium.uiautomator2.common.exceptions.ElementNotFoundException: An element could not be located on the ...
12-11 10:55:21.511 24240 24273 I appium  : channel read invoked!
12-11 10:55:21.512 24240 24273 I appium  : channel read: POST /wd/hub/session/628d2f11-2f0a-4446-8fb2-381aaf273d10/element
12-11 10:55:21.514 24240 24273 I appium  : Find element command using 'id' with selector 'com.amazon.mShop.android.shopping:id/sign_in_button'.
12-11 10:55:21.514 24240 24273 I appium  : Waiting up to 10000ms for device to be idle
12-11 10:55:21.565 24240 24273 I appium  : AppiumResponse: {"sessionId":"628d2f11-2f0a-4446-8fb2-381aaf273d10","value":{"error":"no such element","message":"An element could not be located on the page using the given search parameters","stacktrace":"io.appium.uiautomator2.common.exceptions.ElementNotFoundException: An element could not be located on the ...
12-11 10:55:21.793 24345 18433 W NetworkScheduler: Error inserting flex_time=3599000 job_id=-1 period=7200000 source=16 requires_charging=0 preferred_network_type=1 target_class=com.google.android.gms.measurement.PackageMeasurementTaskService user_id=0 target_package=com.google.android.gms tag=Measurement.PackageMeasurementTaskService.UPLOAD_TASK_TAG task_type=0 required_idleness_state=0 service_kind=0 source_version=204516000 persistence_level=1 preferred_charging_state=1 required_network_type=0 runtime=1607664321788 retry_strategy={"maximum_backoff_seconds":{"3600":0},"initial_backoff_seconds":{"30":0},"retry_policy":{"0":0}} last_runtime=0, error message: UNIQUE constraint failed: pending_ops.tag, pending_ops.target_class, pending_ops.target_package, pending_ops.user_id (code 2067 SQLITE_CONSTRAINT_UNIQUE) [CONTEXT service_id=218 ]
12-11 10:55:22.097 24240 24273 I appium  : channel read invoked!
12-11 10:55:22.098 24240 24273 I appium  : channel read: POST /wd/hub/session/628d2f11-2f0a-4446-8fb2-381aaf273d10/element
12-11 10:55:22.101 24240 24273 I appium  : Find element command using 'id' with selector 'com.amazon.mShop.android.shopping:id/sign_in_button'.
12-11 10:55:22.101 24240 24273 I appium  : Waiting up to 10000ms for device to be idle
