12-11 10:55:22.153 24240 24273 I appium  : AppiumResponse: {"sessionId":"628d2f11-2f0a-4446-8fb2-381aaf273d10","value":{"error":"no such element","message":"An element could not be located on the page using the given search parameters","stacktrace":"io.appium.uiautomator2.common.exceptions.ElementNotFoundException: An element could not be located on the ...
12-11 10:55:22.273   971  1023 I CHRE    : @ 824228.945: [ImuCal] [NanoSensorCal:GYRO_RPS] Offset | Temperature [C]: 0.006832, -0.001217, 0.001216 | 24.14
12-11 10:55:22.273   971  1023 I CHRE    : @ 824228.945: [ImuCal] [NanoSensorCal:GYRO_RPS] Temp Sensitivity: 0.000017, -0.000145, 0.000008
12-11 10:55:22.273   971  1023 I CHRE    : @ 824228.945: [ImuCal] [NanoSensorCal:GYRO_RPS] Temp Intercept: 0.006401, 0.002278, 0.000973
12-11 10:55:22.672 24240 24273 I appium  : channel read invoked!
12-11 10:55:22.673 24240 24273 I appium  : channel read: POST /wd/hub/session/628d2f11-2f0a-4446-8fb2-381aaf273d10/element
12-11 10:55:22.676 24240 24273 I appium  : Find element command using 'id' with selector 'com.amazon.mShop.android.shopping:id/sign_in_button'.
12-11 10:55:22.677 24240 24273 I appium  : Waiting up to 10000ms for device to be idle
12-11 10:55:22.737 24240 24273 I appium  : AppiumResponse: {"sessionId":"628d2f11-2f0a-4446-8fb2-381aaf273d10","value":{"error":"no such element","message":"An element could not be located on the page using the given search parameters","stacktrace":"io.appium.uiautomator2.common.exceptions.ElementNotFoundException: An element could not be located on the ...
12-11 10:55:23.266 24240 24273 I appium  : channel read invoked!
12-11 10:55:23.266 24240 24273 I appium  : channel read: POST /wd/hub/session/628d2f11-2f0a-4446-8fb2-381aaf273d10/element
12-11 10:55:23.270 24240 24273 I appium  : Find element command using 'id' with selector 'com.amazon.mShop.android.shopping:id/sign_in_button'.
12-11 10:55:23.270 24240 24273 I appium  : Waiting up to 10000ms for device to be idle
12-11 10:55:23.334 24240 24273 I appium  : AppiumResponse: {"sessionId":"628d2f11-2f0a-4446-8fb2-381aaf273d10","value":{"error":"no such element","message":"An element could not be located on the page using the given search parameters","stacktrace":"io.appium.uiautomator2.common.exceptions.ElementNotFoundException: An element could not be located on the ...
12-11 10:55:23.854 24240 24273 I appium  : channel read invoked!
12-11 10:55:23.855 24240 24273 I appium  : channel read: POST /wd/hub/session/628d2f11-2f0a-4446-8fb2-381aaf273d10/element
12-11 10:55:23.860 24240 24273 I appium  : Find element command using 'id' with selector 'com.amazon.mShop.android.shopping:id/sign_in_button'.
12-11 10:55:23.860 24240 24273 I appium  : Waiting up to 10000ms for device to be idle
12-11 10:55:23.924 24240 24273 I appium  : AppiumResponse: {"sessionId":"628d2f11-2f0a-4446-8fb2-381aaf273d10","value":{"error":"no such element","message":"An element could not be located on the page using the given search parameters","stacktrace":"io.appium.uiautomator2.common.exceptions.ElementNotFoundException: An element could not be located on the ...
12-11 10:55:24.451 24240 24273 I appium  : channel read invoked!
12-11 10:55:24.451 24240 24273 I appium  : channel read: POST /wd/hub/session/628d2f11-2f0a-4446-8fb2-381aaf273d10/element
12-11 10:55:24.454 24240 24273 I appium  : Find element command using 'id' with selector 'com.amazon.mShop.android.shopping:id/sign_in_button'.
12-11 10:55:24.455 24240 24273 I appium  : Waiting up to 10000ms for device to be idle
12-11 10:55:24.517 24240 24273 I appium  : AppiumResponse: {"sessionId":"628d2f11-2f0a-4446-8fb2-381aaf273d10","value":{"error":"no such element","message":"An element could not be located on the page using the given search parameters","stacktrace":"io.appium.uiautomator2.common.exceptions.ElementNotFoundException: An element could not be located on the ...
12-11 10:55:24.949 22215 22215 I BiChannelGoogleApi: [FirebaseAuth: ] getGoogleApiForMethod() returned Gms: com.google.firebase.auth.api.internal.zzao@c3143e9
12-11 10:55:24.954 22215 22272 I FirebaseAuth: [FirebaseAuth:] Preparing to create service connection to gms implementation
12-11 10:55:24.961 21818 21818 D BoundBrokerSvc: onBind: Intent { act=com.google.firebase.auth.api.gms.service.START pkg=com.google.android.gms }
12-11 10:55:24.961 21818 21818 D BoundBrokerSvc: Loading bound service for intent: Intent { act=com.google.firebase.auth.api.gms.service.START pkg=com.google.android.gms }
12-11 10:55:24.974 21818 24191 W FirebaseAuth: [PhoneNumberAuthPostProcessor] postProcess starts
12-11 10:55:24.974 21818 24191 W FirebaseAuth: [PhoneNumberAuthPostProcessor] postProcess ends
12-11 10:55:24.978 21818 21818 D BoundBrokerSvc: onBind: Intent { act=com.google.android.gms.auth.service.START pkg=com.google.android.gms }
12-11 10:55:24.978 21818 21818 D BoundBrokerSvc: Loading bound service for intent: Intent { act=com.google.android.gms.auth.service.START pkg=com.google.android.gms }
12-11 10:55:24.984 21818 24191 I AuthChimeraService: Executing request: ProxyRequest[ url: https://securetoken.googleapis.com/v1/token?alt=proto&key=AIzaSyAfWLMYwLc6u-A5kyOKHLSNeoweH_S1_1g, method: 1 ] [CONTEXT service_id=16 ]
12-11 10:55:25.038 24240 24273 I appium  : channel read invoked!
12-11 10:55:25.038 24240 24273 I appium  : channel read: POST /wd/hub/session/628d2f11-2f0a-4446-8fb2-381aaf273d10/element
12-11 10:55:25.041 24240 24273 I appium  : Find element command using 'id' with selector 'com.amazon.mShop.android.shopping:id/sign_in_button'.
12-11 10:55:25.042 24240 24273 I appium  : Waiting up to 10000ms for device to be idle
12-11 10:55:25.087 24240 24273 I appium  : AppiumResponse: {"sessionId":"628d2f11-2f0a-4446-8fb2-381aaf273d10","value":{"error":"no such element","message":"An element could not be located on the page using the given search parameters","stacktrace":"io.appium.uiautomator2.common.exceptions.ElementNotFoundException: An element could not be located on the ...
12-11 10:55:25.127 21818  2586 W Conscrypt: Could not set socket write timeout: java.net.SocketException: Socket closed
12-11 10:55:25.138 21818  2586 W Conscrypt: 	at com.google.android.gms.org.conscrypt.Platform.setSocketWriteTimeout(:com.google.android.gms@204516046@20.45.16 (150400-344294571):2)
12-11 10:55:25.138 21818  2586 W Conscrypt: 	at com.google.android.gms.org.conscrypt.ConscryptFileDescriptorSocket.setSoWriteTimeout(:com.google.android.gms@204516046@20.45.16 (150400-344294571):0)
12-11 10:55:25.216 21818  2586 W Conscrypt: Could not set socket write timeout: java.net.SocketException: Socket closed
12-11 10:55:25.217 21818  2586 W Conscrypt: 	at com.google.android.gms.org.conscrypt.Platform.setSocketWriteTimeout(:com.google.android.gms@204516046@20.45.16 (150400-344294571):2)
12-11 10:55:25.217 21818  2586 W Conscrypt: 	at com.google.android.gms.org.conscrypt.ConscryptFileDescriptorSocket.setSoWriteTimeout(:com.google.android.gms@204516046@20.45.16 (150400-344294571):0)
12-11 10:55:25.610 24240 24273 I appium  : channel read invoked!
12-11 10:55:25.610 24240 24273 I appium  : channel read: POST /wd/hub/session/628d2f11-2f0a-4446-8fb2-381aaf273d10/element
12-11 10:55:25.614 24240 24273 I appium  : Find element command using 'id' with selector 'com.amazon.mShop.android.shopping:id/sign_in_button'.
12-11 10:55:25.615 24240 24273 I appium  : Waiting up to 10000ms for device to be idle
12-11 10:55:25.669 24240 24273 I appium  : AppiumResponse: {"sessionId":"628d2f11-2f0a-4446-8fb2-381aaf273d10","value":{"error":"no such element","message":"An element could not be located on the page using the given search parameters","stacktrace":"io.appium.uiautomator2.common.exceptions.ElementNotFoundException: An element could not be located on the ...
12-11 10:55:25.694 21818  2586 E Volley  : [39667] NetworkUtility.d: Unexpected response code 429 for https://securetoken.googleapis.com/v1/token?alt=proto&key=AIzaSyAfWLMYwLc6u-A5kyOKHLSNeoweH_S1_1g
12-11 10:55:25.695 21818 24191 I AuthChimeraService: Error description received from server: �Quota exceeded for quota metric 'Token exchange' and limit 'Token exchange per minute' of service 'securetoken.googleapis.com' for consumer 'project_number:996213618945'.�
12-11 10:55:25.695 21818 24191 I AuthChimeraService: (type.googleapis.com/google.rpc.ErrorInfo�
12-11 10:55:25.695 21818 24191 I AuthChimeraService: RATE_LIMIT_EXCEEDEDgoogleapis.com5
12-11 10:55:25.695 21818 24191 I AuthChimeraService: quota_limit&SecureTokenRequestsPerMinutePerProject@
12-11 10:55:25.695 21818 24191 I AuthChimeraService: quota_metric0securetoken.googleapis.com/secure_token_requests%
12-11 10:55:25.695 21818 24191 I AuthChimeraService: servicesecuretoken.googleapis.com!
12-11 10:55:25.695 21818 24191 I AuthChimeraService: consumerprojects/996213618945
12-11 10:55:25.695 21818 24191 I AuthChimeraService: [CONTEXT service_id=16 ]
12-11 10:55:26.194 24240 24273 I appium  : channel read invoked!
12-11 10:55:26.195 24240 24273 I appium  : channel read: POST /wd/hub/session/628d2f11-2f0a-4446-8fb2-381aaf273d10/element
12-11 10:55:26.198 24240 24273 I appium  : Find element command using 'id' with selector 'com.amazon.mShop.android.shopping:id/sign_in_button'.
12-11 10:55:26.198 24240 24273 I appium  : Waiting up to 10000ms for device to be idle
12-11 10:55:26.250 24240 24273 I appium  : AppiumResponse: {"sessionId":"628d2f11-2f0a-4446-8fb2-381aaf273d10","value":{"error":"no such element","message":"An element could not be located on the page using the given search parameters","stacktrace":"io.appium.uiautomator2.common.exceptions.ElementNotFoundException: An element could not be located on the ...
12-11 10:55:26.773 24240 24273 I appium  : channel read invoked!
12-11 10:55:26.774 24240 24273 I appium  : channel read: POST /wd/hub/session/628d2f11-2f0a-4446-8fb2-381aaf273d10/element
12-11 10:55:26.777 24240 24273 I appium  : Find element command using 'id' with selector 'com.amazon.mShop.android.shopping:id/sign_in_button'.
12-11 10:55:26.777 24240 24273 I appium  : Waiting up to 10000ms for device to be idle
12-11 10:55:26.828 24240 24273 I appium  : AppiumResponse: {"sessionId":"628d2f11-2f0a-4446-8fb2-381aaf273d10","value":{"error":"no such element","message":"An element could not be located on the page using the given search parameters","stacktrace":"io.appium.uiautomator2.common.exceptions.ElementNotFoundException: An element could not be located on the ...
12-11 10:55:27.347 24240 24273 I appium  : channel read invoked!
12-11 10:55:27.348 24240 24273 I appium  : channel read: POST /wd/hub/session/628d2f11-2f0a-4446-8fb2-381aaf273d10/element
12-11 10:55:27.350 24240 24273 I appium  : Find element command using 'id' with selector 'com.amazon.mShop.android.shopping:id/sign_in_button'.
12-11 10:55:27.351 24240 24273 I appium  : Waiting up to 10000ms for device to be idle
12-11 10:55:27.393 24240 24273 I appium  : AppiumResponse: {"sessionId":"628d2f11-2f0a-4446-8fb2-381aaf273d10","value":{"error":"no such element","message":"An element could not be located on the page using the given search parameters","stacktrace":"io.appium.uiautomator2.common.exceptions.ElementNotFoundException: An element could not be located on the ...
12-11 10:55:27.914 24240 24273 I appium  : channel read invoked!
12-11 10:55:27.914 24240 24273 I appium  : channel read: POST /wd/hub/session/628d2f11-2f0a-4446-8fb2-381aaf273d10/element
12-11 10:55:27.917 24240 24273 I appium  : Find element command using 'id' with selector 'com.amazon.mShop.android.shopping:id/sign_in_button'.
12-11 10:55:27.918 24240 24273 I appium  : Waiting up to 10000ms for device to be idle
12-11 10:55:27.967 24240 24273 I appium  : AppiumResponse: {"sessionId":"628d2f11-2f0a-4446-8fb2-381aaf273d10","value":{"error":"no such element","message":"An element could not be located on the page using the given search parameters","stacktrace":"io.appium.uiautomator2.common.exceptions.ElementNotFoundException: An element could not be located on the ...
12-11 10:55:28.486 24240 24273 I appium  : channel read invoked!
12-11 10:55:28.486 24240 24273 I appium  : channel read: POST /wd/hub/session/628d2f11-2f0a-4446-8fb2-381aaf273d10/element
12-11 10:55:28.489 24240 24273 I appium  : Find element command using 'id' with selector 'com.amazon.mShop.android.shopping:id/sign_in_button'.
12-11 10:55:28.490 24240 24273 I appium  : Waiting up to 10000ms for device to be idle
12-11 10:55:28.537 24240 24273 I appium  : AppiumResponse: {"sessionId":"628d2f11-2f0a-4446-8fb2-381aaf273d10","value":{"error":"no such element","message":"An element could not be located on the page using the given search parameters","stacktrace":"io.appium.uiautomator2.common.exceptions.ElementNotFoundException: An element could not be located on the ...
12-11 10:55:29.057 24240 24273 I appium  : channel read invoked!
12-11 10:55:29.057 24240 24273 I appium  : channel read: POST /wd/hub/session/628d2f11-2f0a-4446-8fb2-381aaf273d10/element
12-11 10:55:29.060 24240 24273 I appium  : Find element command using 'id' with selector 'com.amazon.mShop.android.shopping:id/sign_in_button'.
12-11 10:55:29.060 24240 24273 I appium  : Waiting up to 10000ms for device to be idle
12-11 10:55:29.118 24240 24273 I appium  : AppiumResponse: {"sessionId":"628d2f11-2f0a-4446-8fb2-381aaf273d10","value":{"error":"no such element","message":"An element could not be located on the page using the given search parameters","stacktrace":"io.appium.uiautomator2.common.exceptions.ElementNotFoundException: An element could not be located on the ...
12-11 10:55:29.639 24240 24273 I appium  : channel read invoked!
12-11 10:55:29.641 24240 24273 I appium  : channel read: POST /wd/hub/session/628d2f11-2f0a-4446-8fb2-381aaf273d10/element
12-11 10:55:29.643 24240 24273 I appium  : Find element command using 'id' with selector 'com.amazon.mShop.android.shopping:id/sign_in_button'.
12-11 10:55:29.643 24240 24273 I appium  : Waiting up to 10000ms for device to be idle
12-11 10:55:29.684 24240 24273 I appium  : AppiumResponse: {"sessionId":"628d2f11-2f0a-4446-8fb2-381aaf273d10","value":{"error":"no such element","message":"An element could not be located on the page using the given search parameters","stacktrace":"io.appium.uiautomator2.common.exceptions.ElementNotFoundException: An element could not be located on the ...
12-11 10:55:30.201 24240 24273 I appium  : channel read invoked!
12-11 10:55:30.201 24240 24273 I appium  : channel read: POST /wd/hub/session/628d2f11-2f0a-4446-8fb2-381aaf273d10/element
12-11 10:55:30.202 24240 24273 I appium  : Find element command using 'id' with selector 'com.amazon.mShop.android.shopping:id/sign_in_button'.
12-11 10:55:30.203 24240 24273 I appium  : Waiting up to 10000ms for device to be idle
12-11 10:55:30.240 24240 24273 I appium  : AppiumResponse: {"sessionId":"628d2f11-2f0a-4446-8fb2-381aaf273d10","value":{"error":"no such element","message":"An element could not be located on the page using the given search parameters","stacktrace":"io.appium.uiautomator2.common.exceptions.ElementNotFoundException: An element could not be located on the ...
12-11 10:55:30.769 24240 24273 I appium  : channel read invoked!
12-11 10:55:30.770 24240 24273 I appium  : channel read: POST /wd/hub/session/628d2f11-2f0a-4446-8fb2-381aaf273d10/element
12-11 10:55:30.773 24240 24273 I appium  : Find element command using 'id' with selector 'com.amazon.mShop.android.shopping:id/sign_in_button'.
12-11 10:55:30.773 24240 24273 I appium  : Waiting up to 10000ms for device to be idle
12-11 10:55:30.829 24240 24273 I appium  : AppiumResponse: {"sessionId":"628d2f11-2f0a-4446-8fb2-381aaf273d10","value":{"error":"no such element","message":"An element could not be located on the page using the given search parameters","stacktrace":"io.appium.uiautomator2.common.exceptions.ElementNotFoundException: An element could not be located on the ...
12-11 10:55:31.351 24240 24273 I appium  : channel read invoked!
12-11 10:55:31.352 24240 24273 I appium  : channel read: POST /wd/hub/session/628d2f11-2f0a-4446-8fb2-381aaf273d10/element
12-11 10:55:31.355 24240 24273 I appium  : Find element command using 'id' with selector 'com.amazon.mShop.android.shopping:id/sign_in_button'.
12-11 10:55:31.355 24240 24273 I appium  : Waiting up to 10000ms for device to be idle
12-11 10:55:31.405 24240 24273 I appium  : AppiumResponse: {"sessionId":"628d2f11-2f0a-4446-8fb2-381aaf273d10","value":{"error":"no such element","message":"An element could not be located on the page using the given search parameters","stacktrace":"io.appium.uiautomator2.common.exceptions.ElementNotFoundException: An element could not be located on the ...
12-11 10:55:31.480 24240 24273 I appium  : channel read invoked!
12-11 10:55:31.480 24240 24273 I appium  : channel read: GET /wd/hub/session/628d2f11-2f0a-4446-8fb2-381aaf273d10/screenshot
12-11 10:55:31.481 24240 24273 I appium  : Capture screenshot command
12-11 10:55:31.696   638   638 I hwservicemanager: getTransport: Cannot find entry android.hardware.graphics.mapper@4.0::IMapper/default in either framework or device manifest.
12-11 10:55:31.696 24569 24569 I Gralloc4: mapper 4.x is not supported
12-11 10:55:31.697   638   638 I hwservicemanager: getTransport: Cannot find entry android.hardware.graphics.mapper@3.0::IMapper/default in either framework or device manifest.
12-11 10:55:31.698 24569 24569 W Gralloc3: mapper 3.x is not supported
12-11 10:55:31.722 24569 24569 W AdrenoUtils: <ReadGpuID_from_sysfs:197>: Failed to open /sys/class/kgsl/kgsl-3d0/gpu_model
12-11 10:55:31.722 24569 24569 W AdrenoUtils: <ReadGpuID:221>: Failed to read chip ID from gpu_model. Fallback to use the GSL path
12-11 10:55:32.344 24240 24273 I appium  : AppiumResponse: {"sessionId":"628d2f11-2f0a-4446-8fb2-381aaf273d10","value":"iVBORw0KGgoAAAANSUhEUgAABaAAAAtACAYAAADu24QXAAAAAXNSR0IArs4c6QAAAARzQklUCAgI\nCHwIZIgAACAASURBVHic7N13eFv12f\/xz9GwLMt7r+wdEkhIAoQVNgmhUKBhl0LZLaWlpXTAj1L6\ndDzt0xZoS2kplFJCWGW00JRdCCQQAiSMhAwyHY94b2v\/\/jAJcTQs2zqWbL9f18V1EUs652v5WJY+\...
