--------- beginning of main
12-11 11:58:58.680  8324  8358 I appium  : AndroidServer created on port 6790
12-11 11:58:58.683  8324  8358 I appium  : io.appium.uiautomator2.server started:
12-11 11:58:58.736  8324  8366 I appium  : Started UiAutomator2 io.appium.uiautomator2.http io.appium.uiautomator2.server on port 6790
12-11 11:58:58.791  8324  8368 W tomator2.serve: Accessing hidden method Lsun/misc/VM;->maxDirectMemory()J (greylist, reflection, allowed)
12-11 11:58:58.802  8324  8368 W tomator2.serve: Accessing hidden field Lsun/nio/ch/SelectorImpl;->selectedKeys:Ljava/util/Set; (greylist, reflection, allowed)
12-11 11:58:58.802  8324  8368 W tomator2.serve: Accessing hidden field Lsun/nio/ch/SelectorImpl;->publicSelectedKeys:Ljava/util/Set; (greylist, reflection, allowed)
12-11 11:58:58.826  8324  8324 W Thread-3: type=1400 audit(0.0:60730): avc: denied { read } for name="somaxconn" dev="proc" ino=17300534 scontext=u:r:untrusted_app_27:s0:c47,c257,c512,c768 tcontext=u:object_r:proc_net:s0 tclass=file permissive=0 app=com.whatsapp
12-11 11:58:58.980  8324  8370 I appium  : channel read invoked!
12-11 11:58:58.980  8324  8370 I appium  : channel read: GET /wd/hub/status
12-11 11:58:58.985  8324  8370 I appium  : AppiumResponse: {"sessionId":"None","value":{"ready":true,"message":"UiAutomator2 Server is ready to accept commands"}}
12-11 11:58:59.012  8324  8370 I appium  : channel read invoked!
12-11 11:58:59.012  8324  8370 I appium  : channel read: POST /wd/hub/session
12-11 11:58:59.018  8324  8370 W tomator2.serve: Accessing hidden field Landroid/app/UiAutomation;->mOnAccessibilityEventListener:Landroid/app/UiAutomation$OnAccessibilityEventListener; (greylist-max-o, reflection, allowed)
12-11 11:58:59.018  8324  8370 I appium  : Created the new session with SessionID: 017b38bf-4339-4468-8b91-a7ec0983b8a8
12-11 11:58:59.020  8324  8370 I appium  : AppiumResponse: {"sessionId":"017b38bf-4339-4468-8b91-a7ec0983b8a8","value":{"sessionId":"017b38bf-4339-4468-8b91-a7ec0983b8a8","capabilities":{"firstMatch":[{"platform":"LINUX","webStorageEnabled":false,"takesScreenshot":true,"javascriptEnabled":true,"databaseEnabled":false,"networkConnectionEnabled":true,"loca...
12-11 11:58:59.047  8324  8370 I appium  : channel read invoked!
12-11 11:58:59.048  8324  8370 I appium  : channel read: GET /wd/hub/session/017b38bf-4339-4468-8b91-a7ec0983b8a8/appium/device/info
12-11 11:58:59.048  8324  8370 I appium  : Get Device Info command
12-11 11:58:59.052  8324  8370 I TetheringManager: registerTetheringEventCallback:io.appium.uiautomator2.server
12-11 11:58:59.063  8324  8370 W tomator2.serve: Accessing hidden field Landroid/net/NetworkCapabilities;->mSignalStrength:I (greylist-max-p, reflection, allowed)
12-11 11:58:59.063  8324  8370 W tomator2.serve: Accessing hidden field Landroid/net/NetworkCapabilities;->mNetworkSpecifier:Landroid/net/NetworkSpecifier; (greylist-max-o, reflection, allowed)
12-11 11:58:59.063  8324  8370 W tomator2.serve: Accessing hidden field Landroid/net/NetworkCapabilities;->mSSID:Ljava/lang/String; (greylist-max-o, reflection, allowed)
12-11 11:58:59.079  8324  8370 I appium  : AppiumResponse: {"sessionId":"017b38bf-4339-4468-8b91-a7ec0983b8a8","value":{"androidId":"6a840bcba1727937","manufacturer":"Google","model":"Pixel 2 XL","brand":"google","apiVersion":"30","platformVersion":"11","carrierName":"Vi India","realDisplaySize":"1440x2880","displayDensity":560,"networks":[{"type":1,"typ...
--------- beginning of system
12-11 11:58:59.141  1406  3812 W ActivityManager: Permission Denial: getIntentForIntentSender() from pid=8372, uid=2000 requires android.permission.GET_INTENT_SENDER_INTENT
12-11 11:58:59.207  1406  3812 I ActivityManager: Force stopping com.flipkart.android appid=10340 user=0: from pid 8377
12-11 11:58:59.207  1406  3812 I ActivityManager: Killing 8026:com.flipkart.android/u0a340 (adj 0): stop com.flipkart.android due to from pid 8377
12-11 11:58:59.210  1406  3812 W ActivityTaskManager: Force removing ActivityRecord{7a058bb u0 com.flipkart.android/.activity.HomeFragmentHolderActivity t3781 f}}: app died, no saved state
12-11 11:58:59.236  2117  2117 D CarrierSvcBindHelper: No carrier app for: 0
12-11 11:58:59.240  7666  8380 I EuiccGoogle: [55759] EuiccServiceImpl.onGetEuiccProfileInfoList: onGetEuiccProfileInfoList: slotId = -1
12-11 11:58:59.242  1406  3742 W ActivityManager: Permission Denial: Accessing service com.google.android.music/.dial.DialMediaRouteProviderService from pid=6926, uid=10190 that is not exported from uid 10167
12-11 11:58:59.244  3305  3305 D RegisteredNfcFServicesCache: Service unchanged, not updating
12-11 11:58:59.257  1916  1916 D QcrilMsgTunnelIfaceManager: handleMessage what = 1
12-11 11:58:59.259  1916  1916 I QcrilOemhookMsgTunnel: [0]invokeOemRilRequestRaw: serial=2444 length=16
12-11 11:58:59.262  1916  1945 I QcrilOemhookMsgTunnel: [0]processOemHookResponse serial no: 2444 error: 0length=88
12-11 11:58:59.262  1916  1916 D QcrilMsgTunnelIfaceManager: handleMessage what = 2
12-11 11:58:59.263  7666  8380 I EuiccGoogle: [55759] UiccLogicalChannel.open: Locked on aid: A0000005591010FFFFFFFF8900000100
12-11 11:58:59.264  1406  4297 D ConnectivityService: ConnectivityService NetworkRequestInfo binderDied(NetworkRequest [ TRACK_DEFAULT id=23607, [ Capabilities: INTERNET&NOT_RESTRICTED&TRUSTED Uid: 10340 AdministratorUids: [] RequestorUid: 10340 RequestorPackageName: com.flipkart.android] ], android.os.BinderProxy@7dea896)
12-11 11:58:59.265  1406  1644 D ConnectivityService: releasing NetworkRequest [ TRACK_DEFAULT id=23607, [ Capabilities: INTERNET&NOT_RESTRICTED&TRUSTED Uid: 10340 AdministratorUids: [] RequestorUid: 10340 RequestorPackageName: com.flipkart.android] ] (release request)
12-11 11:58:59.265   868   868 I Zygote  : Process 8026 exited due to signal 9 (Killed)
12-11 11:58:59.269  1406  3274 W WindowManager: Cannot find window which accessibility connection is added to
12-11 11:58:59.273  2117  2117 D Telephony: isEmergencyPreferredAccount: subId=1, activeData=1
12-11 11:58:59.273  2117  2117 D Telephony: isEmergencyPreferredAccount: Device does not require preference.
12-11 11:58:59.273  1406  1469 W ActivityManager: setHasOverlayUi called on unknown pid: 8026
12-11 11:58:59.280  1791  1791 V KeyguardUpdateMonitor: onSubscriptionInfoChanged()
12-11 11:58:59.284  1791  1791 V KeyguardUpdateMonitor: SubInfo:{id=1 iccId=899186000[****] simSlotIndex=0 carrierId=1963 displayName=Vodafone IN carrierName=Vodafone IN nameSource=0 iconTint=-16746133 number=[****] dataRoaming=0 iconBitmap=android.graphics.Bitmap@997b586 mcc=404 mnc=86 countryIso=in isEmbedded=false nativeAccessRules=null cardString=899186000[****] cardId=-1 isOpportunistic=false groupUUID=null isGroupDisabled=false profileClass=-1 ehplmns=[] hplmns=[40486] subscriptionType=0 groupOwner=null carrierConfigAccessRules=null areUiccApplicationsEnabled=true}
12-11 11:58:59.287  1406  1477 I libprocessgroup: Successfully killed process cgroup uid 10340 pid 8026 in 78ms
12-11 11:58:59.288  1406  1644 D ConnectivityService: NetReassign [no changes]
12-11 11:58:59.292  2117  2117 E PhoneInterfaceManager: [PhoneIntfMgr] iccOpenLogicalChannel: Exception: com.android.internal.telephony.CommandException: NO_SUCH_ELEMENT
12-11 11:58:59.292  7666  8380 E EuiccGoogle: [55759] UiccLogicalChannel.open: selectResponse is null. Unlocked for aid: A0000005591010FFFFFFFF8900000100
12-11 11:58:59.292  7666  8380 W EuiccGoogle: [55759] EuiccServiceImpl.onGetEuiccProfileInfoList: slotId=-1. No eUICC is active. Return null.
12-11 11:58:59.298 12570 12639 W ThreadPoolDumper: Queue length for executor EventBus is now 11. Perhaps some tasks are too long, or the pool is too small.
12-11 11:58:59.299 19878 19878 I GoogleInputMethodService: GoogleInputMethodService.onFinishInput():3308 
12-11 11:58:59.299 19878 19878 I GoogleInputMethodService: GoogleInputMethodService.onStartInput():1887 
12-11 11:58:59.329 12570 12570 I BgTaskExecutorImpl: Starting EXCLUSIVE background task TNG_MINUS_ONE_SYNC.
12-11 11:58:59.331 12570 12570 I BgTaskExecutorImpl: Starting EXCLUSIVE background task TNG_VOICE_SEARCH_SYNC.
12-11 11:58:59.333 12570 12639 I TngMinusOneSync: Syncing TNG:-1
12-11 11:58:59.333 12570 12639 I TngVoiceSearchSync: Syncing TNG:VoiceSearch
12-11 11:58:59.483  1406  1469 D EventSequenceValidator: IntentStarted during UNKNOWN. Intent { flg=0x10000000 cmp=com.flipkart.android/.activity.HomeFragmentHolderActivity }
12-11 11:58:59.483  1406  1469 D EventSequenceValidator: java.lang.Throwable: EventSequenceValidator#getStackTrace
12-11 11:58:59.483  1406  1469 D EventSequenceValidator: 	at com.google.android.startop.iorap.EventSequenceValidator.logWarningWithStackTrace(EventSequenceValidator.java:260)
12-11 11:58:59.483  1406  1469 D EventSequenceValidator: 	at com.google.android.startop.iorap.EventSequenceValidator.onIntentStarted(EventSequenceValidator.java:106)
12-11 11:58:59.483  1406  1469 D EventSequenceValidator: 	at com.android.server.wm.LaunchObserverRegistryImpl.handleOnIntentStarted(LaunchObserverRegistryImpl.java:139)
12-11 11:58:59.483  1406  1469 D EventSequenceValidator: 	at com.android.server.wm.LaunchObserverRegistryImpl.lambda$veRn_GhgLZLlOHOJ0ZYT6KcfYqo(Unknown Source:0)
12-11 11:58:59.483  1406  1469 D EventSequenceValidator: 	at com.android.server.wm.-$$Lambda$LaunchObserverRegistryImpl$veRn_GhgLZLlOHOJ0ZYT6KcfYqo.accept(Unknown Source:10)
12-11 11:58:59.483  1406  1469 D EventSequenceValidator: 	at com.android.internal.util.function.pooled.PooledLambdaImpl.doInvoke(PooledLambdaImpl.java:292)
12-11 11:58:59.483  1406  1469 D EventSequenceValidator: 	at com.android.internal.util.function.pooled.PooledLambdaImpl.invoke(PooledLambdaImpl.java:201)
12-11 11:58:59.483  1406  1469 D EventSequenceValidator: 	at com.android.internal.util.function.pooled.OmniFunction.run(OmniFunction.java:97)
12-11 11:58:59.483  1406  1469 D EventSequenceValidator: 	at android.os.Handler.handleCallback(Handler.java:938)
12-11 11:58:59.483  1406  1469 D EventSequenceValidator: 	at android.os.Handler.dispatchMessage(Handler.java:99)
12-11 11:58:59.483  1406  1469 D EventSequenceValidator: 	at android.os.Looper.loop(Looper.java:223)
12-11 11:58:59.483  1406  1469 D EventSequenceValidator: 	at android.os.HandlerThread.run(HandlerThread.java:67)
12-11 11:58:59.483  1406  1469 D EventSequenceValidator: 	at com.android.server.ServiceThread.run(ServiceThread.java:44)
12-11 11:58:59.484  1406  1469 D EventSequenceValidator: inc AccIntentStartedEvents to 2
12-11 11:58:59.484  1406  3812 I ActivityTaskManager: START u0 {flg=0x10000000 cmp=com.flipkart.android/.activity.HomeFragmentHolderActivity} from uid 2000
12-11 11:58:59.488   671   671 D android.hardware.power@1.3-service.pixel-libperfmgr: LAUNCH: 1
12-11 11:58:59.494  1035  1035 I perfetto: ing_service_impl.cc:758 Configured tracing session 5734, #sources:1, duration:5000 ms, #buffers:1, total buffer size:4096 KB, total sessions:1, uid:1071 session name: ""
12-11 11:58:59.494  1406  1469 D CompatibilityChangeReporter: Compat change id reported: 135634846; UID 10340; state: DISABLED
12-11 11:58:59.494  1034  1034 I perfetto: probes_producer.cc:230  Ftrace setup (target_buf=5734)
12-11 11:58:59.494  1406  1476 D CompatibilityChangeReporter: Compat change id reported: 143937733; UID 10340; state: DISABLED
12-11 11:58:59.495  1406  1469 D EventSequenceValidator: onActivityLaunched during UNKNOWN.
12-11 11:58:59.495  1406  1469 D EventSequenceValidator: java.lang.Throwable: EventSequenceValidator#getStackTrace
12-11 11:58:59.495  1406  1469 D EventSequenceValidator: 	at com.google.android.startop.iorap.EventSequenceValidator.logWarningWithStackTrace(EventSequenceValidator.java:260)
12-11 11:58:59.495  1406  1469 D EventSequenceValidator: 	at com.google.android.startop.iorap.EventSequenceValidator.onActivityLaunched(EventSequenceValidator.java:149)
12-11 11:58:59.495  1406  1469 D EventSequenceValidator: 	at com.android.server.wm.LaunchObserverRegistryImpl.handleOnActivityLaunched(LaunchObserverRegistryImpl.java:157)
12-11 11:58:59.495  1406  1469 D EventSequenceValidator: 	at com.android.server.wm.LaunchObserverRegistryImpl.lambda$UGY1OclnLIQLMEL9B55qjERFf4o(Unknown Source:0)
12-11 11:58:59.495  1406  1469 D EventSequenceValidator: 	at com.android.server.wm.-$$Lambda$LaunchObserverRegistryImpl$UGY1OclnLIQLMEL9B55qjERFf4o.accept(Unknown Source:10)
12-11 11:58:59.495  1406  1469 D EventSequenceValidator: 	at com.android.internal.util.function.pooled.PooledLambdaImpl.doInvoke(PooledLambdaImpl.java:292)
12-11 11:58:59.495  1406  1469 D EventSequenceValidator: 	at com.android.internal.util.function.pooled.PooledLambdaImpl.invoke(PooledLambdaImpl.java:201)
12-11 11:58:59.495  1406  1469 D EventSequenceValidator: 	at com.android.internal.util.function.pooled.OmniFunction.run(OmniFunction.java:97)
12-11 11:58:59.495  1406  1469 D EventSequenceValidator: 	at android.os.Handler.handleCallback(Handler.java:938)
12-11 11:58:59.495  1406  1469 D EventSequenceValidator: 	at android.os.Handler.dispatchMessage(Handler.java:99)
12-11 11:58:59.495  1406  1469 D EventSequenceValidator: 	at android.os.Looper.loop(Looper.java:223)
12-11 11:58:59.495  1406  1469 D EventSequenceValidator: 	at android.os.HandlerThread.run(HandlerThread.java:67)
12-11 11:58:59.495  1406  1469 D EventSequenceValidator: 	at com.android.server.ServiceThread.run(ServiceThread.java:44)
12-11 11:58:59.501  1034  1034 I perfetto: ftrace_procfs.cc:176    enabled ftrace
12-11 11:58:59.502   868   868 D Zygote  : Forked child process 8389
12-11 11:58:59.506  1406  1476 I ActivityManager: Start proc 8389:com.flipkart.android/u0a340 for pre-top-activity {com.flipkart.android/com.flipkart.android.activity.HomeFragmentHolderActivity}
12-11 11:58:59.513  8389  8389 E lipkart.androi: Not starting debugger since process cannot load the jdwp agent.
12-11 11:58:59.535  8389  8389 D ApplicationLoaders: Returning zygote-cached class loader: /system/framework/android.test.base.jar
12-11 11:58:59.537  8389  8389 I lipkart.androi: The ClassLoaderContext is a special shared library.
12-11 11:58:59.547  8389  8389 I LoadedApk: No resource references to update in package com.flipkart.android.chat
12-11 11:58:59.547  8389  8389 I LoadedApk: No resource references to update in package com.flipkart.android.condition_assessor
12-11 11:58:59.547  8389  8389 D NetworkSecurityConfig: Using Network Security Config from resource network_security_config debugBuild: false
12-11 11:58:59.548  8389  8389 D NetworkSecurityConfig: Using Network Security Config from resource network_security_config debugBuild: false
12-11 11:58:59.555  8389  8389 I MultiDex: VM with version 2.1.0 has multidex support
12-11 11:58:59.555  8389  8389 I MultiDex: Installing application
12-11 11:58:59.555  8389  8389 I MultiDex: VM has multidex support, MultiDex support library is disabled.
12-11 11:58:59.565  8389  8389 I FirebaseApp: Device unlocked: initializing all Firebase APIs for app [DEFAULT]
12-11 11:58:59.581  8389  8389 W FirebaseCrashlytics: A new version of the Google Analytics for Firebase SDK is now available. For improved performance and compatibility with Crashlytics, please update to the latest version.
12-11 11:58:59.582  8389  8418 W cd      : Application name is not set. Call Builder#setApplicationName.
12-11 11:58:59.587  8389  8389 I FirebaseCrashlytics: Initializing Crashlytics 17.2.2
12-11 11:58:59.598  8389  8389 W cd      : Application name is not set. Call Builder#setApplicationName.
12-11 11:58:59.601  8389  8389 I FirebaseInitProvider: FirebaseApp initialization successful
12-11 11:58:59.607  8389  8389 I TetheringManager: registerTetheringEventCallback:com.flipkart.android
12-11 11:58:59.637  8389  8439 E ADBMobile: ADBMobile Error : Wearable - Failed to load class com.adobe.mobile.ConfigSynchronizer
12-11 11:58:59.644  8389  8438 I Tune#a():107: Initializing Tune Version 4.16.0
12-11 11:58:59.646  8389  8416 I FA      : App measurement is starting up, version: 16250
12-11 11:58:59.646  8389  8416 I FA      : To enable debug logging run: adb shell setprop log.tag.FA VERBOSE
12-11 11:58:59.646  8389  8416 I FA      : To enable faster debug mode event logging run:
12-11 11:58:59.646  8389  8416 I FA      :   adb shell setprop debug.firebase.analytics.app com.flipkart.android
12-11 11:58:59.659  1406  1442 D CompatibilityChangeReporter: Compat change id reported: 136274596; UID 10340; state: DISABLED
12-11 11:58:59.696  8389  8389 W FirebaseRemoteConfig: No value of type 'String' exists for parameter key 'sessions_feature_enabled'.
12-11 11:58:59.697  8389  8389 D FirebasePerformance: Creating a new Non Verbose Session: 5454087c5a0d45dbbe218437534c939b
12-11 11:58:59.697  8389  8389 W FirebaseRemoteConfig: No value of type 'String' exists for parameter key 'sessions_feature_enabled'.
12-11 11:58:59.697  8389  8389 D FirebasePerformance: Creating a new Non Verbose Session: ecd349caf6e541b38a69bc690a0c95b1
12-11 11:58:59.707  8389  8389 I PlayCore: UID: [10340]  PID: [8389] AppUpdateService : requestUpdateInfo(com.flipkart.android)
12-11 11:58:59.710  8389  8418 I FirebaseRemoteConfig: Fetch succeeded!
12-11 11:58:59.710  8389  8469 I PlayCore: UID: [10340]  PID: [8389] AppUpdateService : Initiate binding to the service.
12-11 11:58:59.718  8389  8416 I FA      : Tag Manager is not found and thus will not be used
12-11 11:58:59.760  8389  8389 I FirebasePerformance: Session ID - ecd349caf6e541b38a69bc690a0c95b1
12-11 11:58:59.766  8389  8485 W FirebaseRemoteConfig: No value of type 'String' exists for parameter key 'trace_flimit_time'.
12-11 11:58:59.767  8389  8485 W FirebaseRemoteConfig: No value of type 'String' exists for parameter key 'trace_flimit_events'.
12-11 11:58:59.767  8389  8485 W FirebaseRemoteConfig: No value of type 'String' exists for parameter key 'trace_blimit_time'.
12-11 11:58:59.768  8389  8485 W FirebaseRemoteConfig: No value of type 'String' exists for parameter key 'trace_blimit_events'.
12-11 11:58:59.768  8389  8485 W FirebaseRemoteConfig: No value of type 'String' exists for parameter key 'network_flimit_time'.
12-11 11:58:59.768  8389  8485 W FirebaseRemoteConfig: No value of type 'String' exists for parameter key 'network_flimit_events'.
12-11 11:58:59.768  8389  8485 W FirebaseRemoteConfig: No value of type 'String' exists for parameter key 'network_blimit_time'.
12-11 11:58:59.768  8389  8485 W FirebaseRemoteConfig: No value of type 'String' exists for parameter key 'network_blimit_events'.
12-11 11:58:59.780  1406  2010 D ConnectivityService: requestNetwork for uid/pid:10340/8389 NetworkRequest [ TRACK_DEFAULT id=23612, [ Capabilities: INTERNET&NOT_RESTRICTED&TRUSTED Uid: 10340 AdministratorUids: [] RequestorUid: 10340 RequestorPackageName: com.flipkart.android] ]
12-11 11:58:59.780  1406  1644 D ConnectivityService: NetReassign [23612 : null → 457]
12-11 11:58:59.781  1406  1720 D Ethernet: got request NetworkRequest [ TRACK_DEFAULT id=23612, [ Capabilities: INTERNET&NOT_RESTRICTED&TRUSTED Uid: 10340 AdministratorUids: [] RequestorUid: 10340 RequestorPackageName: com.flipkart.android] ] with score 60 and providerId 5
12-11 11:58:59.781  1406  1719 D WIFI_AWARE_FACTORY: got request NetworkRequest [ TRACK_DEFAULT id=23612, [ Capabilities: INTERNET&NOT_RESTRICTED&TRUSTED Uid: 10340 AdministratorUids: [] RequestorUid: 10340 RequestorPackageName: com.flipkart.android] ] with score 60 and providerId 5
12-11 11:58:59.781  2117  2117 D PhoneSwitcherNetworkRequstListener: got request NetworkRequest [ TRACK_DEFAULT id=23612, [ Capabilities: INTERNET&NOT_RESTRICTED&TRUSTED Uid: 10340 AdministratorUids: [] RequestorUid: 10340 RequestorPackageName: com.flipkart.android] ] with score 60 and providerId 5
12-11 11:58:59.781  1406  1619 D UntrustedWifiNetworkFactory: got request NetworkRequest [ TRACK_DEFAULT id=23612, [ Capabilities: INTERNET&NOT_RESTRICTED&TRUSTED Uid: 10340 AdministratorUids: [] RequestorUid: 10340 RequestorPackageName: com.flipkart.android] ] with score 60 and providerId 5
12-11 11:58:59.781  1406  1619 D WifiNetworkFactory: got request NetworkRequest [ TRACK_DEFAULT id=23612, [ Capabilities: INTERNET&NOT_RESTRICTED&TRUSTED Uid: 10340 AdministratorUids: [] RequestorUid: 10340 RequestorPackageName: com.flipkart.android] ] with score 60 and providerId 5
12-11 11:58:59.786  2117  2117 D Telephony: isEmergencyPreferredAccount: subId=1, activeData=1
12-11 11:58:59.786  2117  2117 D Telephony: isEmergencyPreferredAccount: Device does not require preference.
12-11 11:58:59.787  1791  1791 V KeyguardUpdateMonitor: onSubscriptionInfoChanged()
12-11 11:58:59.792  1791  1791 V KeyguardUpdateMonitor: SubInfo:{id=1 iccId=899186000[****] simSlotIndex=0 carrierId=1963 displayName=Vodafone IN carrierName=Vodafone IN nameSource=0 iconTint=-16746133 number=[****] dataRoaming=0 iconBitmap=android.graphics.Bitmap@a8b4e47 mcc=404 mnc=86 countryIso=in isEmbedded=false nativeAccessRules=null cardString=899186000[****] cardId=-1 isOpportunistic=false groupUUID=null isGroupDisabled=false profileClass=-1 ehplmns=[] hplmns=[40486] subscriptionType=0 groupOwner=null carrierConfigAccessRules=null areUiccApplicationsEnabled=true}
12-11 11:58:59.799  1406  1644 D ConnectivityService: NetReassign [no changes]
12-11 11:58:59.813 21818  6369 I CastDatabase: Saving the database
12-11 11:58:59.819 21818  6369 E SQLiteCastStore: Skip saving CastDeviceInfo: "Nearby device" (__cast_nearby___V_1da68434-efee-44b4-ab15-4a2fb4b1147b)
12-11 11:58:59.819 21818  6369 I SQLiteCastStore: [CastNetworkInfo] saved: 1, skipped: 0, [CastDeviceInfo]: saved 2, skipped 1, [Paired Guest Mode DeviceInfo] saved: 0, skipped: 0. [ProbedNetworks]: saved 0, skipped: 0, [ProbedSocketAddress]: saved 2, skipped: 0, [Network-Device pairs]: saved: 2
12-11 11:58:59.840  8389  8389 D FirebasePerformance: onResume(): com.flipkart.android.activity.HomeFragmentHolderActivity: 281923 microseconds
12-11 11:58:59.844  8389  8485 W FirebaseRemoteConfig: No value of type 'String' exists for parameter key 'sessions_feature_enabled'.
12-11 11:58:59.844  8389  8389 W FirebaseRemoteConfig: No value of type 'String' exists for parameter key 'sessions_max_length_minutes'.
12-11 11:58:59.849  8389  8500 E TUNETuneParameters#getGoogleAdTrackingLimited():31: Error parsing googleAdTrackingLimited value null
12-11 11:58:59.849  8389  8500 E TUNETuneParameters#getGoogleAdTrackingLimited():31: java.lang.NumberFormatException: s == null
12-11 11:58:59.849  8389  8500 E TUNETuneParameters#getGoogleAdTrackingLimited():31: 	at java.lang.Integer.parseInt(Integer.java:577)
12-11 11:58:59.849  8389  8500 E TUNETuneParameters#getGoogleAdTrackingLimited():31: 	at java.lang.Integer.parseInt(Integer.java:650)
12-11 11:58:59.849  8389  8500 E TUNETuneParameters#getGoogleAdTrackingLimited():31: 	at com.tune.TuneParameters.getGoogleAdTrackingLimited(Unknown Source:6)
12-11 11:58:59.849  8389  8500 E TUNETuneParameters#getGoogleAdTrackingLimited():31: 	at com.tune.c.a(Unknown Source:924)
12-11 11:58:59.849  8389  8500 E TUNETuneParameters#getGoogleAdTrackingLimited():31: 	at com.tune.Tune$4.run(Unknown Source:164)
12-11 11:58:59.849  8389  8500 E TUNETuneParameters#getGoogleAdTrackingLimited():31: 	at java.util.concurrent.ThreadPoolExecutor.runWorker(ThreadPoolExecutor.java:1167)
12-11 11:58:59.849  8389  8500 E TUNETuneParameters#getGoogleAdTrackingLimited():31: 	at java.util.concurrent.ThreadPoolExecutor$Worker.run(ThreadPoolExecutor.java:641)
12-11 11:58:59.849  8389  8500 E TUNETuneParameters#getGoogleAdTrackingLimited():31: 	at java.lang.Thread.run(Thread.java:923)
12-11 11:58:59.849  8389  8500 E TUNETuneParameters#getFireAdTrackingLimited():31: Error parsing fireAdTrackingLimited value null
12-11 11:58:59.849  8389  8500 E TUNETuneParameters#getFireAdTrackingLimited():31: java.lang.NumberFormatException: s == null
12-11 11:58:59.849  8389  8500 E TUNETuneParameters#getFireAdTrackingLimited():31: 	at java.lang.Integer.parseInt(Integer.java:577)
12-11 11:58:59.849  8389  8500 E TUNETuneParameters#getFireAdTrackingLimited():31: 	at java.lang.Integer.parseInt(Integer.java:650)
12-11 11:58:59.849  8389  8500 E TUNETuneParameters#getFireAdTrackingLimited():31: 	at com.tune.TuneParameters.getFireAdTrackingLimited(Unknown Source:6)
12-11 11:58:59.849  8389  8500 E TUNETuneParameters#getFireAdTrackingLimited():31: 	at com.tune.c.a(Unknown Source:940)
12-11 11:58:59.849  8389  8500 E TUNETuneParameters#getFireAdTrackingLimited():31: 	at com.tune.Tune$4.run(Unknown Source:164)
12-11 11:58:59.849  8389  8500 E TUNETuneParameters#getFireAdTrackingLimited():31: 	at java.util.concurrent.ThreadPoolExecutor.runWorker(ThreadPoolExecutor.java:1167)
12-11 11:58:59.849  8389  8500 E TUNETuneParameters#getFireAdTrackingLimited():31: 	at java.util.concurrent.ThreadPoolExecutor$Worker.run(ThreadPoolExecutor.java:641)
12-11 11:58:59.849  8389  8500 E TUNETuneParameters#getFireAdTrackingLimited():31: 	at java.lang.Thread.run(Thread.java:923)
12-11 11:58:59.850  8389  8389 I PlayCore: UID: [10340]  PID: [8389] SplitInstallListenerRegistry : registerListener
12-11 11:58:59.850  8389  8406 D CompatibilityChangeReporter: Compat change id reported: 150939131; UID 10340; state: DISABLED
12-11 11:58:59.851  8389  8495 E CursorWindow: Failed to read row 0, column 29 from a CursorWindow which has 1 rows, 29 columns.
12-11 11:58:59.867  8389  8389 I PlayCore: UID: [10340]  PID: [8389] AppUpdateService : ServiceConnectionImpl.onServiceConnected(ComponentInfo{com.android.vending/com.google.android.finsky.installservice.DevTriggeredUpdateService})
12-11 11:58:59.869  8389  8469 I PlayCore: UID: [10340]  PID: [8389] AppUpdateService : linkToDeath
12-11 11:58:59.871  8389  8389 W Choreographer: Frame time is 0.216898 ms in the future!  Check that graphics HAL is generating vsync timestamps using the correct timebase.
12-11 11:58:59.871 24762 24762 W Choreographer: Frame time is 0.251326 ms in the future!  Check that graphics HAL is generating vsync timestamps using the correct timebase.
12-11 11:58:59.871  1791  1791 W Choreographer: Frame time is 0.272576 ms in the future!  Check that graphics HAL is generating vsync timestamps using the correct timebase.
12-11 11:58:59.877  3514  8505 I Finsky  : [5221] sap.a(5): Using cached document to get update info
12-11 11:58:59.878  3514  8505 W Finsky  : [5221] sdg.e(2): No cached information about app com.flipkart.android, while trying to retrieve app details.
12-11 11:58:59.878  3514  8505 E Finsky  : [5221] sap.a(7): In-app-update: Missing AppDetails!
12-11 11:58:59.887  3514  8505 W Finsky  : [5221] sau.a(3): No cached information about app com.flipkart.android, while trying to retrieve the available version code.
12-11 11:58:59.888  8389  8407 I PlayCore: UID: [10340]  PID: [8389] OnRequestInstallCallback : onRequestInfo
12-11 11:58:59.888  8389  8469 I PlayCore: UID: [10340]  PID: [8389] AppUpdateService : Unbind from service.
12-11 11:58:59.901  8389  8494 E CursorWindow: Failed to read row 0, column 29 from a CursorWindow which has 32 rows, 29 columns.
12-11 11:58:59.904  8389  8497 E CursorWindow: Failed to read row 0, column 29 from a CursorWindow which has 14 rows, 29 columns.
12-11 11:58:59.905  8389  8494 E CursorWindow: Failed to read row 1, column 29 from a CursorWindow which has 32 rows, 29 columns.
12-11 11:58:59.905  8389  8497 E CursorWindow: Failed to read row 1, column 29 from a CursorWindow which has 14 rows, 29 columns.
12-11 11:58:59.906  8389  8497 E CursorWindow: Failed to read row 2, column 29 from a CursorWindow which has 14 rows, 29 columns.
12-11 11:58:59.906  8389  8497 E CursorWindow: Failed to read row 3, column 29 from a CursorWindow which has 14 rows, 29 columns.
12-11 11:58:59.907  8389  8497 E CursorWindow: Failed to read row 4, column 29 from a CursorWindow which has 14 rows, 29 columns.
12-11 11:58:59.907  8389  8494 E CursorWindow: Failed to read row 2, column 29 from a CursorWindow which has 32 rows, 29 columns.
12-11 11:58:59.907  8389  8497 E CursorWindow: Failed to read row 5, column 29 from a CursorWindow which has 14 rows, 29 columns.
12-11 11:58:59.907  8389  8497 E CursorWindow: Failed to read row 6, column 29 from a CursorWindow which has 14 rows, 29 columns.
12-11 11:58:59.908  8389  8497 E CursorWindow: Failed to read row 7, column 29 from a CursorWindow which has 14 rows, 29 columns.
12-11 11:58:59.909  8389  8497 E CursorWindow: Failed to read row 8, column 29 from a CursorWindow which has 14 rows, 29 columns.
12-11 11:58:59.909  8389  8497 E CursorWindow: Failed to read row 9, column 29 from a CursorWindow which has 14 rows, 29 columns.
12-11 11:58:59.911  8389  8497 E CursorWindow: Failed to read row 10, column 29 from a CursorWindow which has 14 rows, 29 columns.
12-11 11:58:59.911  8389  8497 E CursorWindow: Failed to read row 11, column 29 from a CursorWindow which has 14 rows, 29 columns.
12-11 11:58:59.911  8389  8497 E CursorWindow: Failed to read row 12, column 29 from a CursorWindow which has 14 rows, 29 columns.
12-11 11:58:59.911  8389  8494 E CursorWindow: Failed to read row 3, column 29 from a CursorWindow which has 32 rows, 29 columns.
12-11 11:58:59.912  8389  8497 E CursorWindow: Failed to read row 13, column 29 from a CursorWindow which has 14 rows, 29 columns.
12-11 11:58:59.914  8389  8494 E CursorWindow: Failed to read row 4, column 29 from a CursorWindow which has 32 rows, 29 columns.
12-11 11:58:59.914  8389  8460 I AdrenoGLES-0: QUALCOMM build                   : 02fe52e, Ie73904e3bd
12-11 11:58:59.914  8389  8460 I AdrenoGLES-0: Build Date                       : 06/27/20
12-11 11:58:59.914  8389  8460 I AdrenoGLES-0: OpenGL ES Shader Compiler Version: EV031.31.04.00
12-11 11:58:59.914  8389  8460 I AdrenoGLES-0: Local Branch                     : gfx-adreno.lnx.2.0
12-11 11:58:59.914  8389  8460 I AdrenoGLES-0: Remote Branch                    : quic/gfx-adreno.lnx.2.0
12-11 11:58:59.914  8389  8460 I AdrenoGLES-0: Remote Branch                    : NONE
12-11 11:58:59.914  8389  8460 I AdrenoGLES-0: Reconstruct Branch               : NOTHING
12-11 11:58:59.914  8389  8460 I AdrenoGLES-0: Build Config                     : S L 10.0.5 AArch64
12-11 11:58:59.914  8389  8460 I AdrenoGLES-0: Driver Path                      : /vendor/lib64/egl/libGLESv2_adreno.so
12-11 11:58:59.916  8389  8389 E RecyclerView: No adapter attached; skipping layout
12-11 11:58:59.918  8389  8389 E RecyclerView: No adapter attached; skipping layout
12-11 11:58:59.920  8389  8494 E CursorWindow: Failed to read row 5, column 29 from a CursorWindow which has 32 rows, 29 columns.
12-11 11:58:59.921  8389  8494 E CursorWindow: Failed to read row 6, column 29 from a CursorWindow which has 32 rows, 29 columns.
12-11 11:58:59.921  8389  8460 I AdrenoGLES-0: PFP: 0x005ff112, ME: 0x005ff066
12-11 11:58:59.922  8389  8494 E CursorWindow: Failed to read row 7, column 29 from a CursorWindow which has 32 rows, 29 columns.
12-11 11:58:59.923  8389  8460 W AdrenoUtils: <ReadGpuID_from_sysfs:197>: Failed to open /sys/class/kgsl/kgsl-3d0/gpu_model
12-11 11:58:59.923  8389  8460 W AdrenoUtils: <ReadGpuID:221>: Failed to read chip ID from gpu_model. Fallback to use the GSL path
12-11 11:58:59.925  8389  8494 E CursorWindow: Failed to read row 8, column 29 from a CursorWindow which has 32 rows, 29 columns.
12-11 11:58:59.926  8389  8494 E CursorWindow: Failed to read row 9, column 29 from a CursorWindow which has 32 rows, 29 columns.
12-11 11:58:59.927  8389  8494 E CursorWindow: Failed to read row 10, column 29 from a CursorWindow which has 32 rows, 29 columns.
12-11 11:58:59.927  8389  8494 E CursorWindow: Failed to read row 11, column 29 from a CursorWindow which has 32 rows, 29 columns.
12-11 11:58:59.928  8389  8494 E CursorWindow: Failed to read row 12, column 29 from a CursorWindow which has 32 rows, 29 columns.
12-11 11:58:59.948   638   638 I hwservicemanager: getTransport: Cannot find entry android.hardware.graphics.mapper@4.0::IMapper/default in either framework or device manifest.
12-11 11:58:59.948  8389  8460 I Gralloc4: mapper 4.x is not supported
12-11 11:58:59.948   638   638 I hwservicemanager: getTransport: Cannot find entry android.hardware.graphics.mapper@3.0::IMapper/default in either framework or device manifest.
12-11 11:58:59.948  8389  8460 W Gralloc3: mapper 3.x is not supported
12-11 11:58:59.953  8389  8494 E CursorWindow: Failed to read row 13, column 29 from a CursorWindow which has 32 rows, 29 columns.
12-11 11:58:59.954  8389  8494 E CursorWindow: Failed to read row 14, column 29 from a CursorWindow which has 32 rows, 29 columns.
12-11 11:58:59.955  8389  8494 E CursorWindow: Failed to read row 15, column 29 from a CursorWindow which has 32 rows, 29 columns.
12-11 11:58:59.955  8389  8494 E CursorWindow: Failed to read row 16, column 29 from a CursorWindow which has 32 rows, 29 columns.
12-11 11:58:59.958  8389  8494 E CursorWindow: Failed to read row 17, column 29 from a CursorWindow which has 32 rows, 29 columns.
12-11 11:58:59.960  8389  8494 E CursorWindow: Failed to read row 18, column 29 from a CursorWindow which has 32 rows, 29 columns.
12-11 11:58:59.961  8389  8494 E CursorWindow: Failed to read row 19, column 29 from a CursorWindow which has 32 rows, 29 columns.
12-11 11:58:59.963  8389  8494 E CursorWindow: Failed to read row 20, column 29 from a CursorWindow which has 32 rows, 29 columns.
12-11 11:58:59.964  8389  8494 E CursorWindow: Failed to read row 21, column 29 from a CursorWindow which has 32 rows, 29 columns.
12-11 11:58:59.965  8389  8494 E CursorWindow: Failed to read row 22, column 29 from a CursorWindow which has 32 rows, 29 columns.
12-11 11:58:59.965  8389  8494 E CursorWindow: Failed to read row 23, column 29 from a CursorWindow which has 32 rows, 29 columns.
12-11 11:58:59.966  8389  8494 E CursorWindow: Failed to read row 24, column 29 from a CursorWindow which has 32 rows, 29 columns.
12-11 11:58:59.966  1406  1469 D EventSequenceValidator: onActivityLaunchFinished during UNKNOWN.
12-11 11:58:59.966  1406  1469 D EventSequenceValidator: java.lang.Throwable: EventSequenceValidator#getStackTrace
12-11 11:58:59.966  1406  1469 D EventSequenceValidator: 	at com.google.android.startop.iorap.EventSequenceValidator.logWarningWithStackTrace(EventSequenceValidator.java:260)
12-11 11:58:59.966  1406  1469 D EventSequenceValidator: 	at com.google.android.startop.iorap.EventSequenceValidator.onActivityLaunchFinished(EventSequenceValidator.java:185)
12-11 11:58:59.966  1406  1469 D EventSequenceValidator: 	at com.android.server.wm.LaunchObserverRegistryImpl.handleOnActivityLaunchFinished(LaunchObserverRegistryImpl.java:175)
12-11 11:58:59.966  1406  1469 D EventSequenceValidator: 	at com.android.server.wm.LaunchObserverRegistryImpl.lambda$QcawcFcJtEX4EhYptq_Vb4j368Y(Unknown Source:0)
12-11 11:58:59.966  1406  1469 D EventSequenceValidator: 	at com.android.server.wm.-$$Lambda$LaunchObserverRegistryImpl$QcawcFcJtEX4EhYptq_Vb4j368Y.accept(Unknown Source:10)
12-11 11:58:59.966  1406  1469 D EventSequenceValidator: 	at com.android.internal.util.function.pooled.PooledLambdaImpl.doInvoke(PooledLambdaImpl.java:292)
12-11 11:58:59.966  1406  1469 D EventSequenceValidator: 	at com.android.internal.util.function.pooled.PooledLambdaImpl.invoke(PooledLambdaImpl.java:201)
12-11 11:58:59.966  1406  1469 D EventSequenceValidator: 	at com.android.internal.util.function.pooled.OmniFunction.run(OmniFunction.java:97)
12-11 11:58:59.966  1406  1469 D EventSequenceValidator: 	at android.os.Handler.handleCallback(Handler.java:938)
12-11 11:58:59.966  1406  1469 D EventSequenceValidator: 	at android.os.Handler.dispatchMessage(Handler.java:99)
12-11 11:58:59.966  1406  1469 D EventSequenceValidator: 	at android.os.Looper.loop(Looper.java:223)
12-11 11:58:59.966  1406  1469 D EventSequenceValidator: 	at android.os.HandlerThread.run(HandlerThread.java:67)
12-11 11:58:59.966  1406  1469 D EventSequenceValidator: 	at com.android.server.ServiceThread.run(ServiceThread.java:44)
12-11 11:58:59.966  1406  1469 D EventSequenceValidator: dec AccIntentStartedEvents to 1
12-11 11:58:59.966  8377  8379 I cmd     : oneway function results will be dropped but finished with status OK and parcel size 4
12-11 11:58:59.968  8389  8494 E CursorWindow: Failed to read row 25, column 29 from a CursorWindow which has 32 rows, 29 columns.
12-11 11:58:59.968  8389  8494 E CursorWindow: Failed to read row 26, column 29 from a CursorWindow which has 32 rows, 29 columns.
12-11 11:58:59.968  1406  1474 D ArtManagerInternalImpl: /data/misc/iorapd/com.flipkart.android/1200017/com.flipkart.android.activity.HomeFragmentHolderActivity/compiled_traces/compiled_trace.pb doesn't exist
12-11 11:58:59.969  8389  8494 E CursorWindow: Failed to read row 27, column 29 from a CursorWindow which has 32 rows, 29 columns.
12-11 11:58:59.969  8389  8494 E CursorWindow: Failed to read row 28, column 29 from a CursorWindow which has 32 rows, 29 columns.
12-11 11:58:59.970  1406  1474 I ActivityTaskManager: Displayed com.flipkart.android/.activity.HomeFragmentHolderActivity: +481ms
12-11 11:58:59.972  8389  8494 E CursorWindow: Failed to read row 29, column 29 from a CursorWindow which has 32 rows, 29 columns.
12-11 11:58:59.975  8389  8389 D SoLoader: init start
12-11 11:58:59.975  8389  8389 D SoLoader: adding system library source: /vendor/lib
12-11 11:58:59.975  8389  8389 D SoLoader: adding system library source: /system/lib
12-11 11:58:59.976  8389  8389 D SoLoader: adding application source: com.facebook.soloader.c[root = /data/app/~~AyNcwMNVTgJJmuyoQ36DuQ==/com.flipkart.android-2FPjidu9cl0MIe0Lo372nw==/lib/arm64 flags = 0]
12-11 11:58:59.976  8389  8389 D SoLoader: adding backup source from : com.facebook.soloader.a[root = /data/user/0/com.flipkart.android/lib-main flags = 1]
12-11 11:58:59.976  8389  8389 D SoLoader: Preparing SO source: com.facebook.soloader.c[root = /system/lib flags = 2]
12-11 11:58:59.976  8389  8389 D SoLoader: Preparing SO source: com.facebook.soloader.c[root = /vendor/lib flags = 2]
12-11 11:58:59.976  8389  8389 D SoLoader: Preparing SO source: com.facebook.soloader.c[root = /data/app/~~AyNcwMNVTgJJmuyoQ36DuQ==/com.flipkart.android-2FPjidu9cl0MIe0Lo372nw==/lib/arm64 flags = 0]
12-11 11:58:59.976  8389  8389 D SoLoader: Preparing SO source: com.facebook.soloader.a[root = /data/user/0/com.flipkart.android/lib-main flags = 1]
12-11 11:58:59.977  8389  8389 V fb-UnpackingSoSource: locked dso store /data/user/0/com.flipkart.android/lib-main
12-11 11:58:59.977  8389  8494 E CursorWindow: Failed to read row 30, column 29 from a CursorWindow which has 32 rows, 29 columns.
12-11 11:58:59.978  8389  8435 I WM-WorkerWrapper: Worker result SUCCESS for Work [ id=44fd8370-55de-42ae-a95e-464b5d772d4a, tags={ com.flipkart.android.notification.FkPNTaskWorker } ]
12-11 11:58:59.978  8389  8494 E CursorWindow: Failed to read row 31, column 29 from a CursorWindow which has 32 rows, 29 columns.
12-11 11:58:59.979  8389  8389 I fb-UnpackingSoSource: dso store is up-to-date: /data/user/0/com.flipkart.android/lib-main
12-11 11:58:59.979  8389  8389 V fb-UnpackingSoSource: releasing dso store lock for /data/user/0/com.flipkart.android/lib-main
12-11 11:58:59.979  8389  8389 D SoLoader: init finish: 4 SO sources prepared
12-11 11:58:59.979  8389  8389 D SoLoader: init exiting
12-11 11:58:59.982  8389  8476 D BinaryFileManagerRunner: Attempting operation for module: multiWidget
12-11 11:58:59.982  8389  8476 D BinaryFileManagerRunner: Starting operation for module: multiWidget
12-11 11:58:59.985  8324  8370 I appium  : channel read invoked!
12-11 11:58:59.985  8324  8370 I appium  : channel read: GET /wd/hub/session/017b38bf-4339-4468-8b91-a7ec0983b8a8/appium/device/pixel_ratio
12-11 11:58:59.986  8324  8370 I appium  : Get device pixel ratio
12-11 11:58:59.986  8389  8476 D BinaryFileManager: Returning current bundle
12-11 11:58:59.986  8324  8370 I appium  : AppiumResponse: {"sessionId":"017b38bf-4339-4468-8b91-a7ec0983b8a8","value":3.5}
12-11 11:58:59.987  8389  8389 W System.err: java.net.MalformedURLException: no protocol: homepage
12-11 11:58:59.987  8389  8389 W System.err: 	at java.net.URL.<init>(URL.java:601)
12-11 11:58:59.987  8389  8389 W System.err: 	at java.net.URL.<init>(URL.java:498)
12-11 11:58:59.987  8389  8389 W System.err: 	at java.net.URL.<init>(URL.java:447)
12-11 11:58:59.987  8389  8389 W System.err: 	at com.flipkart.android.utils.cc.getUrlPath(Unknown Source:2)
12-11 11:58:59.987  8389  8389 W System.err: 	at com.flipkart.android.bottomnavigation.c.a(Unknown Source:139)
12-11 11:58:59.987  8389  8389 W System.err: 	at com.flipkart.android.bottomnavigation.c.update(Unknown Source:135)
12-11 11:58:59.987  8389  8389 W System.err: 	at com.flipkart.android.reactnative.nativeuimodules.reactbottombar.ReactBottomNavigationFragment.emitAlreadyExistingResponse(Unknown Source:15)
12-11 11:58:59.987  8389  8389 W System.err: 	at com.flipkart.android.reactnative.nativeuimodules.reactbottombar.ReactBottomNavigationFragment.onViewCreated(Unknown Source:8)
12-11 11:58:59.987  8389  8389 W System.err: 	at androidx.fragment.app.h.a(Unknown Source:632)
12-11 11:58:59.987  8389  8389 W System.err: 	at androidx.fragment.app.h.f(Unknown Source:38)
12-11 11:58:59.987  8389  8389 W System.err: 	at androidx.fragment.app.a.h(Unknown Source:150)
12-11 11:58:59.987  8389  8389 W System.err: 	at androidx.fragment.app.h.b(Unknown Source:38)
12-11 11:58:59.987  8389  8389 W System.err: 	at androidx.fragment.app.h.a(Unknown Source:113)
12-11 11:58:59.987  8389  8389 W System.err: 	at androidx.fragment.app.h.b(Unknown Source:88)
12-11 11:58:59.987  8389  8389 W System.err: 	at androidx.fragment.app.h.k(Unknown Source:21)
12-11 11:58:59.987  8389  8389 W System.err: 	at androidx.fragment.app.h.f(Unknown Source:9)
12-11 11:58:59.987  8389  8389 W System.err: 	at androidx.fragment.app.h.s(Unknown Source:6)
12-11 11:58:59.987  8389  8389 W System.err: 	at androidx.fragment.app.Fragment.performActivityCreated(Unknown Source:24)
12-11 11:58:59.987  8389  8389 W System.err: 	at androidx.fragment.app.h.a(Unknown Source:663)
12-11 11:58:59.987  8389  8389 W System.err: 	at androidx.fragment.app.h.f(Unknown Source:38)
12-11 11:58:59.987  8389  8389 W System.err: 	at androidx.fragment.app.a.h(Unknown Source:150)
12-11 11:58:59.987  8389  8389 W System.err: 	at androidx.fragment.app.h.b(Unknown Source:38)
12-11 11:58:59.987  8389  8389 W System.err: 	at androidx.fragment.app.h.a(Unknown Source:113)
12-11 11:58:59.987  8389  8389 W System.err: 	at androidx.fragment.app.h.b(Unknown Source:88)
12-11 11:58:59.987  8389  8389 W System.err: 	at androidx.fragment.app.h.k(Unknown Source:21)
12-11 11:58:59.987  8389  8389 W System.err: 	at androidx.fragment.app.h$1.run(Unknown Source:2)
12-11 11:58:59.987  8389  8389 W System.err: 	at android.os.Handler.handleCallback(Handler.java:938)
12-11 11:58:59.987  8389  8389 W System.err: 	at android.os.Handler.dispatchMessage(Handler.java:99)
12-11 11:58:59.987  8389  8389 W System.err: 	at android.os.Looper.loop(Looper.java:223)
12-11 11:58:59.987  8389  8389 W System.err: 	at android.app.ActivityThread.main(ActivityThread.java:7656)
12-11 11:58:59.987  8389  8389 W System.err: 	at java.lang.reflect.Method.invoke(Native Method)
12-11 11:58:59.987  8389  8389 W System.err: 	at com.android.internal.os.RuntimeInit$MethodAndArgsCaller.run(RuntimeInit.java:592)
12-11 11:58:59.987  8389  8389 W System.err: 	at com.android.internal.os.ZygoteInit.main(ZygoteInit.java:947)
12-11 11:58:59.989  8389  8389 D SoLoader: About to load: libreactnativejni.so
12-11 11:58:59.989  8389  8389 D SoLoader: libreactnativejni.so not found on /data/user/0/com.flipkart.android/lib-main
12-11 11:58:59.989  8389  8389 D SoLoader: libreactnativejni.so found on /data/app/~~AyNcwMNVTgJJmuyoQ36DuQ==/com.flipkart.android-2FPjidu9cl0MIe0Lo372nw==/lib/arm64
12-11 11:58:59.989  8389  8389 D SoLoader: Not resolving dependencies for libreactnativejni.so
12-11 11:58:59.997  8324  8370 I appium  : channel read invoked!
12-11 11:58:59.997  8324  8370 I appium  : channel read: GET /wd/hub/session/017b38bf-4339-4468-8b91-a7ec0983b8a8/appium/device/system_bars
12-11 11:58:59.997  8324  8370 I appium  : Get status bar height of the device
12-11 11:58:59.998  8324  8370 I appium  : AppiumResponse: {"sessionId":"017b38bf-4339-4468-8b91-a7ec0983b8a8","value":{"statusBar":98}}
12-11 11:59:00.005  3175  8523 D EventNotificationJob: Running EventNotificationJob, isDetail=true
12-11 11:59:00.008  8324  8370 I appium  : channel read invoked!
12-11 11:59:00.008  8324  8370 I appium  : channel read: GET /wd/hub/session/017b38bf-4339-4468-8b91-a7ec0983b8a8/window/current/size
12-11 11:59:00.009  8324  8370 I appium  : Get window size of the device
12-11 11:59:00.009  8324  8370 I appium  : AppiumResponse: {"sessionId":"017b38bf-4339-4468-8b91-a7ec0983b8a8","value":{"height":2712,"width":1440}}
12-11 11:59:00.011  8389  8389 D SoLoader: Loaded: libreactnativejni.so
12-11 11:59:00.011  8389  8389 D SoLoader: About to load: libfb.so
12-11 11:59:00.011  8389  8389 D SoLoader: libfb.so not found on /data/user/0/com.flipkart.android/lib-main
12-11 11:59:00.011  8389  8389 D SoLoader: libfb.so found on /data/app/~~AyNcwMNVTgJJmuyoQ36DuQ==/com.flipkart.android-2FPjidu9cl0MIe0Lo372nw==/lib/arm64
12-11 11:59:00.011  8389  8389 D SoLoader: Not resolving dependencies for libfb.so
12-11 11:59:00.012  8389  8389 D SoLoader: About to load: libfb.so
12-11 11:59:00.012  8389  8389 D SoLoader: libfb.so not found on /data/user/0/com.flipkart.android/lib-main
12-11 11:59:00.012  8389  8389 D SoLoader: libfb.so found on /data/app/~~AyNcwMNVTgJJmuyoQ36DuQ==/com.flipkart.android-2FPjidu9cl0MIe0Lo372nw==/lib/arm64
12-11 11:59:00.012  8389  8389 D SoLoader: Not resolving dependencies for libfb.so
12-11 11:59:00.012  8389  8389 I lipkart.androi: Thread[1,tid=8389,Native,Thread*=0x789b4d1380,peer=0x726593a8,"main"] recursive attempt to load library "/data/app/~~AyNcwMNVTgJJmuyoQ36DuQ==/com.flipkart.android-2FPjidu9cl0MIe0Lo372nw==/lib/arm64/libfb.so"
12-11 11:59:00.012  8389  8389 D SoLoader: Loaded: libfb.so
12-11 11:59:00.012  8389  8389 D SoLoader: Loaded: libfb.so
12-11 11:59:00.015  8389  8389 W System.err: java.net.MalformedURLException: no protocol: homepage
12-11 11:59:00.015  8389  8389 W System.err: 	at java.net.URL.<init>(URL.java:601)
12-11 11:59:00.015  8389  8389 W System.err: 	at java.net.URL.<init>(URL.java:498)
12-11 11:59:00.015  8389  8389 W System.err: 	at java.net.URL.<init>(URL.java:447)
12-11 11:59:00.015  8389  8389 W System.err: 	at com.flipkart.android.utils.cc.getUrlPath(Unknown Source:2)
12-11 11:59:00.015  8389  8389 W System.err: 	at com.flipkart.android.bottomnavigation.c.a(Unknown Source:139)
12-11 11:59:00.015  8389  8389 W System.err: 	at com.flipkart.android.bottomnavigation.c.update(Unknown Source:135)
12-11 11:59:00.015  8389  8389 W System.err: 	at com.flipkart.android.reactnative.nativeuimodules.reactbottombar.ReactBottomNavigationFragment.onResume(Unknown Source:13)
12-11 11:59:00.015  8389  8389 W System.err: 	at androidx.fragment.app.Fragment.performResume(Unknown Source:18)
12-11 11:59:00.015  8389  8389 W System.err: 	at androidx.fragment.app.h.a(Unknown Source:740)
12-11 11:59:00.015  8389  8389 W System.err: 	at androidx.fragment.app.h.f(Unknown Source:38)
12-11 11:59:00.015  8389  8389 W System.err: 	at androidx.fragment.app.h.a(Unknown Source:46)
12-11 11:59:00.015  8389  8389 W System.err: 	at androidx.fragment.app.h.f(Unknown Source:4)
12-11 11:59:00.015  8389  8389 W System.err: 	at androidx.fragment.app.h.u(Unknown Source:6)
12-11 11:59:00.015  8389  8389 W System.err: 	at androidx.fragment.app.Fragment.performResume(Unknown Source:29)
12-11 11:59:00.015  8389  8389 W System.err: 	at androidx.fragment.app.h.a(Unknown Source:740)
12-11 11:59:00.015  8389  8389 W System.err: 	at androidx.fragment.app.h.f(Unknown Source:38)
12-11 11:59:00.015  8389  8389 W System.err: 	at androidx.fragment.app.a.h(Unknown Source:150)
12-11 11:59:00.015  8389  8389 W System.err: 	at androidx.fragment.app.h.b(Unknown Source:38)
12-11 11:59:00.015  8389  8389 W System.err: 	at androidx.fragment.app.h.a(Unknown Source:113)
12-11 11:59:00.015  8389  8389 W System.err: 	at androidx.fragment.app.h.b(Unknown Source:88)
12-11 11:59:00.015  8389  8389 W System.err: 	at androidx.fragment.app.h.k(Unknown Source:21)
12-11 11:59:00.015  8389  8389 W System.err: 	at androidx.fragment.app.h$1.run(Unknown Source:2)
12-11 11:59:00.015  8389  8389 W System.err: 	at android.os.Handler.handleCallback(Handler.java:938)
12-11 11:59:00.015  8389  8389 W System.err: 	at android.os.Handler.dispatchMessage(Handler.java:99)
12-11 11:59:00.015  8389  8389 W System.err: 	at android.os.Looper.loop(Looper.java:223)
12-11 11:59:00.015  8389  8389 W System.err: 	at android.app.ActivityThread.main(ActivityThread.java:7656)
12-11 11:59:00.015  8389  8389 W System.err: 	at java.lang.reflect.Method.invoke(Native Method)
12-11 11:59:00.015  8389  8389 W System.err: 	at com.android.internal.os.RuntimeInit$MethodAndArgsCaller.run(RuntimeInit.java:592)
12-11 11:59:00.016  8389  8389 W System.err: 	at com.android.internal.os.ZygoteInit.main(ZygoteInit.java:947)
12-11 11:59:00.035  8389  8435 I WM-WorkerWrapper: Worker result SUCCESS for Work [ id=e4eeacc2-89aa-49aa-88a4-770be1534277, tags={ com.flipkart.android.notification.FkPNTaskWorker } ]
12-11 11:59:00.036  1406  1644 D ConnectivityService: releasing NetworkRequest [ TRACK_DEFAULT id=23612, [ Capabilities: INTERNET&NOT_RESTRICTED&TRUSTED Uid: 10340 AdministratorUids: [] RequestorUid: 10340 RequestorPackageName: com.flipkart.android] ] (release request)
12-11 11:59:00.041  8389  8533 D BinaryFileManagerRunner: Attempting operation for module: multiWidget
12-11 11:59:00.043  8389  8475 D BinaryFileManager: Returning bundle: /data/user/0/com.flipkart.android/files/binaryfilemanager/multiWidget/e2d78d64513d21f5f2a1df9f48fc6be3-17.ota
