12-11 11:59:00.043  8389  8533 D BinaryFileManagerRunner: Starting operation for module: multiWidget
12-11 11:59:00.044  8389  8533 D BinaryFileManager: No Update Available
12-11 11:59:00.049  2117  2117 D Telephony: isEmergencyPreferredAccount: subId=1, activeData=1
12-11 11:59:00.049  2117  2117 D Telephony: isEmergencyPreferredAccount: Device does not require preference.
12-11 11:59:00.053 19878 19878 I GoogleInputMethodService: GoogleInputMethodService.onFinishInput():3308 
12-11 11:59:00.054 19878 19878 I GoogleInputMethodService: GoogleInputMethodService.onStartInput():1887 
12-11 11:59:00.058  1791  1791 V KeyguardUpdateMonitor: onSubscriptionInfoChanged()
12-11 11:59:00.060  3175  8523 D EventNotificationJob: Interval is 15 minutes
12-11 11:59:00.060  1791  1791 V KeyguardUpdateMonitor: SubInfo:{id=1 iccId=899186000[****] simSlotIndex=0 carrierId=1963 displayName=Vodafone IN carrierName=Vodafone IN nameSource=0 iconTint=-16746133 number=[****] dataRoaming=0 iconBitmap=android.graphics.Bitmap@b2ab2d2 mcc=404 mnc=86 countryIso=in isEmbedded=false nativeAccessRules=null cardString=899186000[****] cardId=-1 isOpportunistic=false groupUUID=null isGroupDisabled=false profileClass=-1 ehplmns=[] hplmns=[40486] subscriptionType=0 groupOwner=null carrierConfigAccessRules=null areUiccApplicationsEnabled=true}
12-11 11:59:00.061  3175  8523 D EventNotificationJob: processEventList() on [37] events. First cleaning up expired notifications.
12-11 11:59:00.064  3175  8523 D EventNotificationJob: Finished cleaning up notifications. Event notification list had 2 items, 2 unique IDs, added 2 notifications in id set.
12-11 11:59:00.069  1406  1644 D ConnectivityService: NetReassign [no changes]
12-11 11:59:00.071  3175  8523 D outlook.Notifications: No reminder enabled. Skip event: [[32768:db5e8000-a79e-08d8-abb0-010000000000]]
12-11 11:59:00.073  3175  8523 D outlook.Notifications: No reminder enabled. Skip event: [[32768:db5e8000-a79e-08d8-e6b0-010000000000]]
12-11 11:59:00.074  3175  8523 D outlook.Notifications: No reminder enabled. Skip event: [[32768:05c84000-a868-08d8-acb0-010000000000]]
12-11 11:59:00.076  3175  8523 D outlook.Notifications: No reminder enabled. Skip event: [[32768:05c84000-a868-08d8-e7b0-010000000000]]
12-11 11:59:00.076  3175  8523 D EventNotificationJob:   finished processing events.
12-11 11:59:00.091  8389  8536 D BinaryFileManager: Returning bundle: /data/user/0/com.flipkart.android/files/binaryfilemanager/multiWidget/e2d78d64513d21f5f2a1df9f48fc6be3-17.ota
12-11 11:59:00.132 24345 18913 W NetworkScheduler: Error inserting flex_time=3382000 job_id=-1 period=6766000 source=16 requires_charging=0 preferred_network_type=1 target_class=com.google.android.gms.measurement.PackageMeasurementTaskService user_id=0 target_package=com.google.android.gms tag=Measurement.PackageMeasurementTaskService.UPLOAD_TASK_TAG task_type=0 required_idleness_state=0 service_kind=0 source_version=204516000 persistence_level=1 preferred_charging_state=1 required_network_type=0 runtime=1607668140127 retry_strategy={"maximum_backoff_seconds":{"3600":0},"initial_backoff_seconds":{"30":0},"retry_policy":{"0":0}} last_runtime=0, error message: UNIQUE constraint failed: pending_ops.tag, pending_ops.target_class, pending_ops.target_package, pending_ops.user_id (code 2067 SQLITE_CONSTRAINT_UNIQUE) [CONTEXT service_id=218 ]
12-11 11:59:00.158 24345  6427 W NetworkScheduler: Error inserting flex_time=3382000 job_id=-1 period=6766000 source=16 requires_charging=0 preferred_network_type=1 target_class=com.google.android.gms.measurement.PackageMeasurementTaskService user_id=0 target_package=com.google.android.gms tag=Measurement.PackageMeasurementTaskService.UPLOAD_TASK_TAG task_type=0 required_idleness_state=0 service_kind=0 source_version=204516000 persistence_level=1 preferred_charging_state=1 required_network_type=0 runtime=1607668140156 retry_strategy={"maximum_backoff_seconds":{"3600":0},"initial_backoff_seconds":{"30":0},"retry_policy":{"0":0}} last_runtime=0, error message: UNIQUE constraint failed: pending_ops.tag, pending_ops.target_class, pending_ops.target_package, pending_ops.user_id (code 2067 SQLITE_CONSTRAINT_UNIQUE) [CONTEXT service_id=218 ]
12-11 11:59:00.244  8389  8389 D ReactNative: ReactInstanceManager.ctor()
12-11 11:59:00.244  8389  8389 D SoLoader: init exiting
12-11 11:59:00.245  8389  8389 D ReactNative: ReactInstanceManager.createReactContextInBackground()
12-11 11:59:00.245  8389  8389 D ReactNative: ReactInstanceManager.recreateReactContextInBackgroundInner()
12-11 11:59:00.245  8389  8389 D ReactNative: ReactInstanceManager.recreateReactContextInBackgroundFromBundleLoader()
12-11 11:59:00.245  8389  8389 D ReactNative: ReactInstanceManager.recreateReactContextInBackground()
12-11 11:59:00.245  8389  8389 D ReactNative: ReactInstanceManager.runCreateReactContextOnNewThread()
12-11 11:59:00.247  8389  8496 E CursorWindow: Failed to read row 0, column 29 from a CursorWindow which has 14 rows, 29 columns.
12-11 11:59:00.247  8389  8496 E CursorWindow: Failed to read row 1, column 29 from a CursorWindow which has 14 rows, 29 columns.
12-11 11:59:00.248  8389  8542 D SoLoader: About to load: libhermes.so
12-11 11:59:00.249  8389  8542 D SoLoader: libhermes.so not found on /data/user/0/com.flipkart.android/lib-main
12-11 11:59:00.249  8389  8542 D SoLoader: libhermes.so found on /data/app/~~AyNcwMNVTgJJmuyoQ36DuQ==/com.flipkart.android-2FPjidu9cl0MIe0Lo372nw==/lib/arm64
12-11 11:59:00.249  8389  8542 D SoLoader: Not resolving dependencies for libhermes.so
12-11 11:59:00.249  8389  8496 E CursorWindow: Failed to read row 2, column 29 from a CursorWindow which has 14 rows, 29 columns.
12-11 11:59:00.252  8389  8496 E CursorWindow: Failed to read row 3, column 29 from a CursorWindow which has 14 rows, 29 columns.
12-11 11:59:00.253  8389  8496 E CursorWindow: Failed to read row 4, column 29 from a CursorWindow which has 14 rows, 29 columns.
12-11 11:59:00.254  8389  8496 E CursorWindow: Failed to read row 5, column 29 from a CursorWindow which has 14 rows, 29 columns.
12-11 11:59:00.254  8389  8496 E CursorWindow: Failed to read row 6, column 29 from a CursorWindow which has 14 rows, 29 columns.
12-11 11:59:00.255  8389  8542 D SoLoader: Loaded: libhermes.so
12-11 11:59:00.255  8389  8542 D SoLoader: About to load: libhermes-executor-release.so
12-11 11:59:00.256  8389  8496 E CursorWindow: Failed to read row 7, column 29 from a CursorWindow which has 14 rows, 29 columns.
12-11 11:59:00.256  8389  8542 D SoLoader: libhermes-executor-release.so not found on /data/user/0/com.flipkart.android/lib-main
12-11 11:59:00.256  8389  8542 D SoLoader: libhermes-executor-release.so found on /data/app/~~AyNcwMNVTgJJmuyoQ36DuQ==/com.flipkart.android-2FPjidu9cl0MIe0Lo372nw==/lib/arm64
12-11 11:59:00.256  8389  8542 D SoLoader: Not resolving dependencies for libhermes-executor-release.so
12-11 11:59:00.257  8389  8496 E CursorWindow: Failed to read row 8, column 29 from a CursorWindow which has 14 rows, 29 columns.
12-11 11:59:00.257  8389  8496 E CursorWindow: Failed to read row 9, column 29 from a CursorWindow which has 14 rows, 29 columns.
12-11 11:59:00.259  8389  8542 D SoLoader: Loaded: libhermes-executor-release.so
12-11 11:59:00.259  8389  8542 D ReactNative: ReactInstanceManager.createReactContext()
12-11 11:59:00.260  8389  8389 W System.err: java.net.MalformedURLException: no protocol: homepage
12-11 11:59:00.260  8389  8389 W System.err: 	at java.net.URL.<init>(URL.java:601)
12-11 11:59:00.260  8389  8389 W System.err: 	at java.net.URL.<init>(URL.java:498)
12-11 11:59:00.260  8389  8389 W System.err: 	at java.net.URL.<init>(URL.java:447)
12-11 11:59:00.261  8389  8389 W System.err: 	at com.flipkart.android.utils.cc.getUrlPath(Unknown Source:2)
12-11 11:59:00.261  8389  8389 W System.err: 	at com.flipkart.android.bottomnavigation.c.a(Unknown Source:139)
12-11 11:59:00.261  8389  8389 W System.err: 	at com.flipkart.android.bottomnavigation.c.update(Unknown Source:135)
12-11 11:59:00.261  8389  8389 W System.err: 	at com.flipkart.android.reactnative.nativeuimodules.reactbottombar.ReactBottomNavigationFragment.emitAlreadyExistingResponse(Unknown Source:15)
12-11 11:59:00.261  8389  8389 W System.err: 	at com.flipkart.android.reactnative.nativeuimodules.reactbottombar.ReactBottomNavigationFragment.onLoadFinished(Unknown Source:84)
12-11 11:59:00.261  8389  8389 W System.err: 	at com.flipkart.android.reactnative.nativeuimodules.reactbottombar.ReactBottomNavigationFragment.onLoadFinished(Unknown Source:2)
12-11 11:59:00.261  8389  8389 W System.err: 	at androidx.loader.app.LoaderManagerImpl$LoaderObserver.onChanged(Unknown Source:46)
12-11 11:59:00.261  8389  8389 W System.err: 	at androidx.lifecycle.LiveData.considerNotify(Unknown Source:29)
12-11 11:59:00.261  8389  8389 W System.err: 	at androidx.lifecycle.LiveData.dispatchingValue(Unknown Source:44)
12-11 11:59:00.261  8389  8389 W System.err: 	at androidx.lifecycle.LiveData.setValue(Unknown Source:14)
12-11 11:59:00.261  8389  8496 E CursorWindow: Failed to read row 10, column 29 from a CursorWindow which has 14 rows, 29 columns.
12-11 11:59:00.261  8389  8389 W System.err: 	at androidx.lifecycle.s.setValue(Unknown Source:0)
12-11 11:59:00.261  8389  8389 W System.err: 	at androidx.loader.app.LoaderManagerImpl$LoaderInfo.setValue(Unknown Source:0)
12-11 11:59:00.261  8389  8389 W System.err: 	at androidx.loader.app.LoaderManagerImpl$LoaderInfo.onLoadComplete(Unknown Source:36)
12-11 11:59:00.261  8389  8389 W System.err: 	at androidx.loader.content.Loader.deliverResult(Unknown Source:4)
12-11 11:59:00.261  8389  8389 W System.err: 	at androidx.loader.content.CursorLoader.deliverResult(Unknown Source:22)
12-11 11:59:00.261  8389  8389 W System.err: 	at androidx.loader.content.CursorLoader.deliverResult(Unknown Source:2)
12-11 11:59:00.261  8389  8389 W System.err: 	at androidx.loader.content.AsyncTaskLoader.dispatchOnLoadComplete(Unknown Source:30)
12-11 11:59:00.261  8389  8389 W System.err: 	at androidx.loader.content.AsyncTaskLoader$a.a(Unknown Source:2)
12-11 11:59:00.261  8389  8389 W System.err: 	at androidx.loader.content.a.e(Unknown Source:10)
12-11 11:59:00.261  8389  8389 W System.err: 	at androidx.loader.content.a$b.handleMessage(Unknown Source:28)
12-11 11:59:00.261  8389  8389 W System.err: 	at android.os.Handler.dispatchMessage(Handler.java:106)
12-11 11:59:00.261  8389  8389 W System.err: 	at android.os.Looper.loop(Looper.java:223)
12-11 11:59:00.261  8389  8389 W System.err: 	at android.app.ActivityThread.main(ActivityThread.java:7656)
12-11 11:59:00.261  8389  8389 W System.err: 	at java.lang.reflect.Method.invoke(Native Method)
12-11 11:59:00.261  8389  8389 W System.err: 	at com.android.internal.os.RuntimeInit$MethodAndArgsCaller.run(RuntimeInit.java:592)
12-11 11:59:00.261  8389  8389 W System.err: 	at com.android.internal.os.ZygoteInit.main(ZygoteInit.java:947)
12-11 11:59:00.262  8389  8496 E CursorWindow: Failed to read row 11, column 29 from a CursorWindow which has 14 rows, 29 columns.
12-11 11:59:00.262  8389  8496 E CursorWindow: Failed to read row 12, column 29 from a CursorWindow which has 14 rows, 29 columns.
12-11 11:59:00.263  8389  8496 E CursorWindow: Failed to read row 13, column 29 from a CursorWindow which has 14 rows, 29 columns.
12-11 11:59:00.277  8389  8495 E CursorWindow: Failed to read row 0, column 29 from a CursorWindow which has 1 rows, 29 columns.
12-11 11:59:00.278  8389  8542 D ReactNative: Initializing React Xplat Bridge.
12-11 11:59:00.282  8389  8494 E CursorWindow: Failed to read row 0, column 29 from a CursorWindow which has 17 rows, 29 columns.
12-11 11:59:00.284  8389  8494 E CursorWindow: Failed to read row 1, column 29 from a CursorWindow which has 17 rows, 29 columns.
12-11 11:59:00.285  8389  8494 E CursorWindow: Failed to read row 2, column 29 from a CursorWindow which has 17 rows, 29 columns.
12-11 11:59:00.286  8389  8494 E CursorWindow: Failed to read row 3, column 29 from a CursorWindow which has 17 rows, 29 columns.
12-11 11:59:00.286  8389  8542 D ReactNative: Initializing React Xplat Bridge before initializeBridge
12-11 11:59:00.287  8389  8494 E CursorWindow: Failed to read row 4, column 29 from a CursorWindow which has 17 rows, 29 columns.
12-11 11:59:00.288  8389  8494 E CursorWindow: Failed to read row 5, column 29 from a CursorWindow which has 17 rows, 29 columns.
12-11 11:59:00.288  8389  8494 E CursorWindow: Failed to read row 6, column 29 from a CursorWindow which has 17 rows, 29 columns.
12-11 11:59:00.289  8389  8542 D ReactNative: Initializing React Xplat Bridge after initializeBridge
12-11 11:59:00.289  8389  8494 E CursorWindow: Failed to read row 7, column 29 from a CursorWindow which has 17 rows, 29 columns.
12-11 11:59:00.289  8389  8542 D ReactNative: CatalystInstanceImpl.runJSBundle()
12-11 11:59:00.290  8389  8544 D ReactNative: ReactInstanceManager.setupReactContext()
12-11 11:59:00.290  8389  8494 E CursorWindow: Failed to read row 8, column 29 from a CursorWindow which has 17 rows, 29 columns.
12-11 11:59:00.290  8389  8544 D ReactNative: CatalystInstanceImpl.initialize()
12-11 11:59:00.291  8389  8494 E CursorWindow: Failed to read row 9, column 29 from a CursorWindow which has 17 rows, 29 columns.
12-11 11:59:00.291  8389  8494 E CursorWindow: Failed to read row 10, column 29 from a CursorWindow which has 17 rows, 29 columns.
12-11 11:59:00.292  8389  8494 E CursorWindow: Failed to read row 11, column 29 from a CursorWindow which has 17 rows, 29 columns.
12-11 11:59:00.292  8389  8494 E CursorWindow: Failed to read row 12, column 29 from a CursorWindow which has 17 rows, 29 columns.
12-11 11:59:00.299  8389  8544 D SoLoader: init exiting
12-11 11:59:00.300  8389  8494 E CursorWindow: Failed to read row 13, column 29 from a CursorWindow which has 17 rows, 29 columns.
12-11 11:59:00.300  8389  8494 E CursorWindow: Failed to read row 14, column 29 from a CursorWindow which has 17 rows, 29 columns.
12-11 11:59:00.301  8389  8494 E CursorWindow: Failed to read row 15, column 29 from a CursorWindow which has 17 rows, 29 columns.
12-11 11:59:00.301  8389  8494 E CursorWindow: Failed to read row 16, column 29 from a CursorWindow which has 17 rows, 29 columns.
12-11 11:59:00.310  1406  4299 D ConnectivityService: requestNetwork for uid/pid:10340/8389 NetworkRequest [ TRACK_DEFAULT id=23615, [ Capabilities: INTERNET&NOT_RESTRICTED&TRUSTED Uid: 10340 AdministratorUids: [] RequestorUid: 10340 RequestorPackageName: com.flipkart.android] ]
12-11 11:59:00.311  1406  1644 D ConnectivityService: NetReassign [23615 : null → 457]
12-11 11:59:00.311  1406  1619 D UntrustedWifiNetworkFactory: got request NetworkRequest [ TRACK_DEFAULT id=23615, [ Capabilities: INTERNET&NOT_RESTRICTED&TRUSTED Uid: 10340 AdministratorUids: [] RequestorUid: 10340 RequestorPackageName: com.flipkart.android] ] with score 60 and providerId 5
12-11 11:59:00.311  1406  1720 D Ethernet: got request NetworkRequest [ TRACK_DEFAULT id=23615, [ Capabilities: INTERNET&NOT_RESTRICTED&TRUSTED Uid: 10340 AdministratorUids: [] RequestorUid: 10340 RequestorPackageName: com.flipkart.android] ] with score 60 and providerId 5
12-11 11:59:00.311  1406  1619 D WifiNetworkFactory: got request NetworkRequest [ TRACK_DEFAULT id=23615, [ Capabilities: INTERNET&NOT_RESTRICTED&TRUSTED Uid: 10340 AdministratorUids: [] RequestorUid: 10340 RequestorPackageName: com.flipkart.android] ] with score 60 and providerId 5
12-11 11:59:00.311  1406  1719 D WIFI_AWARE_FACTORY: got request NetworkRequest [ TRACK_DEFAULT id=23615, [ Capabilities: INTERNET&NOT_RESTRICTED&TRUSTED Uid: 10340 AdministratorUids: [] RequestorUid: 10340 RequestorPackageName: com.flipkart.android] ] with score 60 and providerId 5
12-11 11:59:00.312  2117  2117 D PhoneSwitcherNetworkRequstListener: got request NetworkRequest [ TRACK_DEFAULT id=23615, [ Capabilities: INTERNET&NOT_RESTRICTED&TRUSTED Uid: 10340 AdministratorUids: [] RequestorUid: 10340 RequestorPackageName: com.flipkart.android] ] with score 60 and providerId 5
12-11 11:59:00.316  1791  1791 V KeyguardUpdateMonitor: onSubscriptionInfoChanged()
12-11 11:59:00.316  2117  2117 D Telephony: isEmergencyPreferredAccount: subId=1, activeData=1
12-11 11:59:00.317  2117  2117 D Telephony: isEmergencyPreferredAccount: Device does not require preference.
12-11 11:59:00.317  1791  1791 V KeyguardUpdateMonitor: SubInfo:{id=1 iccId=899186000[****] simSlotIndex=0 carrierId=1963 displayName=Vodafone IN carrierName=Vodafone IN nameSource=0 iconTint=-16746133 number=[****] dataRoaming=0 iconBitmap=android.graphics.Bitmap@4164fa3 mcc=404 mnc=86 countryIso=in isEmbedded=false nativeAccessRules=null cardString=899186000[****] cardId=-1 isOpportunistic=false groupUUID=null isGroupDisabled=false profileClass=-1 ehplmns=[] hplmns=[40486] subscriptionType=0 groupOwner=null carrierConfigAccessRules=null areUiccApplicationsEnabled=true}
12-11 11:59:00.318  8389  8389 D ReactNative: ReactInstanceManager.createReactContextInBackground()
12-11 11:59:00.318  8389  8389 D ReactNative: ReactInstanceManager.attachRootViewToInstance()
12-11 11:59:00.328  1406  1644 D ConnectivityService: NetReassign [no changes]
12-11 11:59:00.330  8389  8389 W unknown:ViewManagerPropertyUpdater: Could not find generated setter for class com.facebook.react.views.art.ARTGroupViewManager
12-11 11:59:00.331  8389  8389 W unknown:ViewManagerPropertyUpdater: Could not find generated setter for class com.facebook.react.views.art.ARTGroupShadowNode
12-11 11:59:00.332  8389  8389 W unknown:ViewManagerPropertyUpdater: Could not find generated setter for class com.facebook.react.views.art.ARTShapeViewManager
12-11 11:59:00.332  8389  8389 W unknown:ViewManagerPropertyUpdater: Could not find generated setter for class com.facebook.react.views.art.ARTShapeShadowNode
12-11 11:59:00.332  8389  8389 W unknown:ViewManagerPropertyUpdater: Could not find generated setter for class com.facebook.react.views.art.ARTTextViewManager
12-11 11:59:00.333  8389  8389 W unknown:ViewManagerPropertyUpdater: Could not find generated setter for class com.facebook.react.views.art.ARTTextShadowNode
12-11 11:59:00.333  8389  8389 W unknown:ViewManagerPropertyUpdater: Could not find generated setter for class com.facebook.react.views.checkbox.ReactCheckBoxManager
12-11 11:59:00.334  8389  8389 W unknown:ViewManagerPropertyUpdater: Could not find generated setter for class com.facebook.react.uimanager.LayoutShadowNode
12-11 11:59:00.336  8389  8389 W unknown:ViewManagerPropertyUpdater: Could not find generated setter for class com.facebook.react.views.picker.ReactDialogPickerManager
12-11 11:59:00.337  8389  8389 W unknown:ViewManagerPropertyUpdater: Could not find generated setter for class com.facebook.react.views.drawer.ReactDrawerLayoutManager
12-11 11:59:00.338  8389  8389 W unknown:ViewManagerPropertyUpdater: Could not find generated setter for class com.facebook.react.views.picker.ReactDropdownPickerManager
12-11 11:59:00.338  8389  8389 W unknown:ViewManagerPropertyUpdater: Could not find generated setter for class com.facebook.react.views.scroll.ReactHorizontalScrollViewManager
12-11 11:59:00.339  8389  8389 W unknown:ViewManagerPropertyUpdater: Could not find generated setter for class com.facebook.react.views.scroll.ReactHorizontalScrollContainerViewManager
12-11 11:59:00.340  8389  8389 W unknown:ViewManagerPropertyUpdater: Could not find generated setter for class com.facebook.react.views.progressbar.ReactProgressBarViewManager
12-11 11:59:00.340  8389  8389 W unknown:ViewManagerPropertyUpdater: Could not find generated setter for class com.facebook.react.views.progressbar.ProgressBarShadowNode
12-11 11:59:00.341  8389  8389 W unknown:ViewManagerPropertyUpdater: Could not find generated setter for class com.facebook.react.views.scroll.ReactScrollViewManager
12-11 11:59:00.342  8389  8389 W unknown:ViewManagerPropertyUpdater: Could not find generated setter for class com.facebook.react.views.slider.ReactSliderManager
12-11 11:59:00.343  8389  8389 W unknown:ViewManagerPropertyUpdater: Could not find generated setter for class com.facebook.react.views.slider.ReactSliderManager$ReactSliderShadowNode
12-11 11:59:00.344  8389  8389 W unknown:ViewManagerPropertyUpdater: Could not find generated setter for class com.facebook.react.views.switchview.ReactSwitchManager
12-11 11:59:00.345  8389  8389 W unknown:ViewManagerPropertyUpdater: Could not find generated setter for class com.facebook.react.views.switchview.ReactSwitchManager$ReactSwitchShadowNode
12-11 11:59:00.345  8389  8389 W unknown:ViewManagerPropertyUpdater: Could not find generated setter for class com.facebook.react.views.swiperefresh.SwipeRefreshLayoutManager
12-11 11:59:00.345  8389  8389 W unknown:ViewManagerPropertyUpdater: Could not find generated setter for class com.facebook.react.views.art.ARTSurfaceViewManager
12-11 11:59:00.346  8389  8389 W unknown:ViewManagerPropertyUpdater: Could not find generated setter for class com.facebook.react.views.art.ARTSurfaceViewShadowNode
12-11 11:59:00.346  8389  8389 W unknown:ViewManagerPropertyUpdater: Could not find generated setter for class com.facebook.react.views.text.frescosupport.FrescoBasedReactTextInlineImageViewManager
12-11 11:59:00.346  8389  8389 W unknown:ViewManagerPropertyUpdater: Could not find generated setter for class com.facebook.react.views.text.frescosupport.FrescoBasedReactTextInlineImageShadowNode
12-11 11:59:00.347  8389  8389 W unknown:ViewManagerPropertyUpdater: Could not find generated setter for class com.facebook.react.views.image.ReactImageManager
12-11 11:59:00.348  8389  8389 W unknown:ViewManagerPropertyUpdater: Could not find generated setter for class com.facebook.react.views.modal.ReactModalHostManager
12-11 11:59:00.349  8389  8389 W unknown:ViewManagerPropertyUpdater: Could not find generated setter for class com.facebook.react.views.modal.ModalHostShadowNode
12-11 11:59:00.349  8389  8389 W unknown:ViewManagerPropertyUpdater: Could not find generated setter for class com.facebook.react.views.text.ReactRawTextManager
12-11 11:59:00.350  8389  8389 W unknown:ViewManagerPropertyUpdater: Could not find generated setter for class com.facebook.react.views.text.ReactRawTextShadowNode
12-11 11:59:00.350  8389  8389 W unknown:ViewManagerPropertyUpdater: Could not find generated setter for class com.facebook.react.views.textinput.ReactTextInputManager
12-11 11:59:00.352  8389  8389 W unknown:ViewManagerPropertyUpdater: Could not find generated setter for class com.facebook.react.views.textinput.ReactTextInputShadowNode
12-11 11:59:00.353  8389  8389 W unknown:ViewManagerPropertyUpdater: Could not find generated setter for class com.facebook.react.views.text.ReactTextViewManager
12-11 11:59:00.354  8389  8389 W unknown:ViewManagerPropertyUpdater: Could not find generated setter for class com.facebook.react.views.text.ReactTextShadowNode
12-11 11:59:00.354  8389  8389 W unknown:ViewManagerPropertyUpdater: Could not find generated setter for class com.facebook.react.views.view.ReactViewManager
12-11 11:59:00.355  8389  8389 W unknown:ViewManagerPropertyUpdater: Could not find generated setter for class com.facebook.react.views.viewpager.ReactViewPagerManager
12-11 11:59:00.356  8389  8389 W unknown:ViewManagerPropertyUpdater: Could not find generated setter for class com.facebook.react.views.text.ReactVirtualTextViewManager
12-11 11:59:00.356  8389  8389 W unknown:ViewManagerPropertyUpdater: Could not find generated setter for class com.facebook.react.views.text.ReactVirtualTextShadowNode
12-11 11:59:00.356  8389  8389 W unknown:ViewManagerPropertyUpdater: Could not find generated setter for class com.flipkart.reactuimodules.reusableviews.lineargradient.LinearGradientManager
12-11 11:59:00.357  8389  8389 W unknown:ViewManagerPropertyUpdater: Could not find generated setter for class com.flipkart.reacthelpersdk.modules.nestedscrollview.ReactNestedScrollViewManager
12-11 11:59:00.359  8389  8389 W unknown:ViewManagerPropertyUpdater: Could not find generated setter for class com.flipkart.reacthelpersdk.modules.nestedscrollview.ReactHorizontalNestedScrollViewManager
12-11 11:59:00.359  8389  8389 W unknown:ViewManagerPropertyUpdater: Could not find generated setter for class com.flipkart.reactuimodules.reusableviews.absolutelayoutcontainer.AbsoluteLayoutContainerManager
12-11 11:59:00.360  8389  8389 W unknown:ViewManagerPropertyUpdater: Could not find generated setter for class com.flipkart.android.reactnative.nativeuimodules.AdContainer
12-11 11:59:00.360  8389  8389 W unknown:ViewManagerPropertyUpdater: Could not find generated setter for class com.flipkart.android.reactnative.nativeuimodules.image.SatyabhamaReactImageManager
12-11 11:59:00.361  8389  8389 W unknown:ViewManagerPropertyUpdater: Could not find generated setter for class com.flipkart.android.reactnative.nativeuimodules.youtube.ReactYouTubeManager
12-11 11:59:00.362  8389  8389 W unknown:ViewManagerPropertyUpdater: Could not find generated setter for class com.flipkart.android.reactnative.nativeuimodules.WishlistAnimation
12-11 11:59:00.362  8389  8389 W unknown:ViewManagerPropertyUpdater: Could not find generated setter for class com.flipkart.android.reactnative.nativeuimodules.viewability.TrackerViewManager
12-11 11:59:00.363  8389  8389 W unknown:ViewManagerPropertyUpdater: Could not find generated setter for class com.flipkart.android.reactnative.nativeuimodules.recyclerview.ReactNestedScrollViewabilityViewManager
12-11 11:59:00.364  8389  8389 W unknown:ViewManagerPropertyUpdater: Could not find generated setter for class com.flipkart.android.reactnative.nativeuimodules.viewability.PlaceholderViewManager
12-11 11:59:00.364  8389  8389 W unknown:ViewManagerPropertyUpdater: Could not find generated setter for class com.flipkart.android.reactnative.nativeuimodules.material.AppBarLayoutManager
12-11 11:59:00.365  8389  8389 W unknown:ViewManagerPropertyUpdater: Could not find generated setter for class com.flipkart.android.reactnative.nativeuimodules.material.CoordinatorLayoutManager
12-11 11:59:00.365  8389  8389 W unknown:ViewManagerPropertyUpdater: Could not find generated setter for class com.flipkart.android.reactnative.nativeuimodules.material.BottomViewManager
12-11 11:59:00.365  8389  8389 W unknown:ViewManagerPropertyUpdater: Could not find generated setter for class com.flipkart.android.reactnative.nativeuimodules.material.toolbar.ToolbarManager
12-11 11:59:00.366  8389  8389 W unknown:ViewManagerPropertyUpdater: Could not find generated setter for class com.oblador.shimmer.RNShimmerManager
12-11 11:59:00.367  8389  8389 W unknown:ViewManagerPropertyUpdater: Could not find generated setter for class com.flipkart.android.reactnative.nativeuimodules.image.Fk360ImageViewManager
12-11 11:59:00.368  8389  8389 W unknown:ViewManagerPropertyUpdater: Could not find generated setter for class com.flipkart.android.reactnative.nativeuimodules.ExtendedReactViewManager
12-11 11:59:00.369  8389  8389 W unknown:ViewManagerPropertyUpdater: Could not find generated setter for class com.flipkart.android.reactnative.nativeuimodules.FKVideoViewManager
12-11 11:59:00.371  8389  8389 W unknown:ViewManagerPropertyUpdater: Could not find generated setter for class com.flipkart.android.reactnative.nativeuimodules.FKLiveVideoViewManager
12-11 11:59:00.372  8389  8389 W unknown:ViewManagerPropertyUpdater: Could not find generated setter for class com.flipkart.android.reactnative.nativeuimodules.FKGifViewManager
12-11 11:59:00.373  8389  8389 W unknown:ViewManagerPropertyUpdater: Could not find generated setter for class com.flipkart.android.reactnative.nativeuimodules.viewability.MultiConditionTrackerViewManager
12-11 11:59:00.373  8389  8389 W unknown:ViewManagerPropertyUpdater: Could not find generated setter for class com.flipkart.android.reactnative.nativeuimodules.StoryViewManager
12-11 11:59:00.376  8389  8389 W unknown:ViewManagerPropertyUpdater: Could not find generated setter for class com.flipkart.android.reactnative.nativeuimodules.tryonlooks.TryOnLipstickFaceView
12-11 11:59:00.376  8389  8389 W unknown:ViewManagerPropertyUpdater: Could not find generated setter for class com.flipkart.android.reactnative.nativeuimodules.ViewWrapperManager
12-11 11:59:00.376  8389  8389 W unknown:ViewManagerPropertyUpdater: Could not find generated setter for class com.flipkart.android.reactnative.nativeuimodules.voice.VoiceInputBarViewManager
12-11 11:59:00.377  8389  8389 W unknown:ViewManagerPropertyUpdater: Could not find generated setter for class com.flipkart.android.reactnative.nativeuimodules.camera.CameraViewManager
12-11 11:59:00.378  8389  8389 W unknown:ViewManagerPropertyUpdater: Could not find generated setter for class com.flipkart.android.reactnative.nativeuimodules.voice.MicViewManager
12-11 11:59:00.379  8389  8389 W unknown:ViewManagerPropertyUpdater: Could not find generated setter for class com.reactnativecommunity.webview.RNCWebViewManager
12-11 11:59:00.381  8389  8389 W unknown:ViewManagerPropertyUpdater: Could not find generated setter for class com.reactnativecommunity.viewpager.ReactViewPagerManager
12-11 11:59:00.384  8389  8389 D SoLoader: About to load: libyoga.so
12-11 11:59:00.384  8389  8389 D SoLoader: libyoga.so not found on /data/user/0/com.flipkart.android/lib-main
12-11 11:59:00.384  8389  8389 D SoLoader: libyoga.so found on /data/app/~~AyNcwMNVTgJJmuyoQ36DuQ==/com.flipkart.android-2FPjidu9cl0MIe0Lo372nw==/lib/arm64
12-11 11:59:00.384  8389  8389 D SoLoader: Not resolving dependencies for libyoga.so
12-11 11:59:00.385  8389  8389 D SoLoader: Loaded: libyoga.so
12-11 11:59:00.440  8389  8389 W System.err: java.net.MalformedURLException: no protocol: homepage
12-11 11:59:00.440  8389  8389 W System.err: 	at java.net.URL.<init>(URL.java:601)
12-11 11:59:00.440  8389  8389 W System.err: 	at java.net.URL.<init>(URL.java:498)
12-11 11:59:00.440  8389  8389 W System.err: 	at java.net.URL.<init>(URL.java:447)
12-11 11:59:00.440  8389  8389 W System.err: 	at com.flipkart.android.utils.cc.getUrlPath(Unknown Source:2)
12-11 11:59:00.440  8389  8389 W System.err: 	at com.flipkart.android.bottomnavigation.c.a(Unknown Source:139)
12-11 11:59:00.440  8389  8389 W System.err: 	at com.flipkart.android.bottomnavigation.c.update(Unknown Source:135)
12-11 11:59:00.440  8389  8389 W System.err: 	at com.flipkart.android.reactnative.nativeuimodules.reactbottombar.ReactBottomNavigationFragment.emitAlreadyExistingResponse(Unknown Source:15)
12-11 11:59:00.440  8389  8389 W System.err: 	at com.flipkart.android.reactnative.nativeuimodules.reactbottombar.ReactBottomNavigationFragment.onLoadFinished(Unknown Source:84)
12-11 11:59:00.440  8389  8389 W System.err: 	at com.flipkart.android.reactnative.nativeuimodules.reactbottombar.ReactBottomNavigationFragment.onLoadFinished(Unknown Source:2)
12-11 11:59:00.441  8389  8389 W System.err: 	at androidx.loader.app.LoaderManagerImpl$LoaderObserver.onChanged(Unknown Source:46)
12-11 11:59:00.441  8389  8389 W System.err: 	at androidx.lifecycle.LiveData.considerNotify(Unknown Source:29)
12-11 11:59:00.441  8389  8389 W System.err: 	at androidx.lifecycle.LiveData.dispatchingValue(Unknown Source:44)
12-11 11:59:00.441  8389  8389 W System.err: 	at androidx.lifecycle.LiveData.setValue(Unknown Source:14)
12-11 11:59:00.441  8389  8389 W System.err: 	at androidx.lifecycle.s.setValue(Unknown Source:0)
12-11 11:59:00.441  8389  8389 W System.err: 	at androidx.loader.app.LoaderManagerImpl$LoaderInfo.setValue(Unknown Source:0)
12-11 11:59:00.441  8389  8389 W System.err: 	at androidx.loader.app.LoaderManagerImpl$LoaderInfo.onLoadComplete(Unknown Source:36)
12-11 11:59:00.441  8389  8389 W System.err: 	at androidx.loader.content.Loader.deliverResult(Unknown Source:4)
12-11 11:59:00.441  8389  8389 W System.err: 	at androidx.loader.content.CursorLoader.deliverResult(Unknown Source:22)
12-11 11:59:00.441  8389  8389 W System.err: 	at androidx.loader.content.CursorLoader.deliverResult(Unknown Source:2)
12-11 11:59:00.441  8389  8389 W System.err: 	at androidx.loader.content.AsyncTaskLoader.dispatchOnLoadComplete(Unknown Source:30)
12-11 11:59:00.441  8389  8389 W System.err: 	at androidx.loader.content.AsyncTaskLoader$a.a(Unknown Source:2)
12-11 11:59:00.441  8389  8389 W System.err: 	at androidx.loader.content.a.e(Unknown Source:10)
12-11 11:59:00.441  8389  8389 W System.err: 	at androidx.loader.content.a$b.handleMessage(Unknown Source:28)
12-11 11:59:00.441  8389  8389 W System.err: 	at android.os.Handler.dispatchMessage(Handler.java:106)
12-11 11:59:00.441  8389  8389 W System.err: 	at android.os.Looper.loop(Looper.java:223)
12-11 11:59:00.441  8389  8389 W System.err: 	at android.app.ActivityThread.main(ActivityThread.java:7656)
12-11 11:59:00.441  8389  8389 W System.err: 	at java.lang.reflect.Method.invoke(Native Method)
12-11 11:59:00.441  8389  8389 W System.err: 	at com.android.internal.os.RuntimeInit$MethodAndArgsCaller.run(RuntimeInit.java:592)
12-11 11:59:00.441  8389  8389 W System.err: 	at com.android.internal.os.ZygoteInit.main(ZygoteInit.java:947)
12-11 11:59:00.493  8389  8389 W System.err: java.net.MalformedURLException: no protocol: homepage
12-11 11:59:00.493  8389  8389 W System.err: 	at java.net.URL.<init>(URL.java:601)
12-11 11:59:00.493  8389  8389 W System.err: 	at java.net.URL.<init>(URL.java:498)
12-11 11:59:00.493  8389  8389 W System.err: 	at java.net.URL.<init>(URL.java:447)
12-11 11:59:00.493  8389  8389 W System.err: 	at com.flipkart.android.utils.cc.getUrlPath(Unknown Source:2)
12-11 11:59:00.493  8389  8389 W System.err: 	at com.flipkart.android.bottomnavigation.c.a(Unknown Source:139)
12-11 11:59:00.494  8389  8389 W System.err: 	at com.flipkart.android.bottomnavigation.c.update(Unknown Source:135)
12-11 11:59:00.494  8389  8389 W System.err: 	at com.flipkart.android.reactnative.nativeuimodules.reactbottombar.ReactBottomNavigationFragment.emitAlreadyExistingResponse(Unknown Source:15)
12-11 11:59:00.494  8389  8389 W System.err: 	at com.flipkart.android.reactnative.nativeuimodules.reactbottombar.ReactBottomNavigationFragment.onComponentWillMount(Unknown Source:0)
12-11 11:59:00.494  8389  8389 W System.err: 	at com.flipkart.android.reactnative.nativemodules.BottomNavigationModule$2.run(Unknown Source:10)
12-11 11:59:00.494  8389  8389 W System.err: 	at android.os.Handler.handleCallback(Handler.java:938)
12-11 11:59:00.494  8389  8389 W System.err: 	at android.os.Handler.dispatchMessage(Handler.java:99)
12-11 11:59:00.494  8389  8389 W System.err: 	at android.os.Looper.loop(Looper.java:223)
12-11 11:59:00.494  8389  8389 W System.err: 	at android.app.ActivityThread.main(ActivityThread.java:7656)
12-11 11:59:00.494  8389  8389 W System.err: 	at java.lang.reflect.Method.invoke(Native Method)
12-11 11:59:00.494  8389  8389 W System.err: 	at com.android.internal.os.RuntimeInit$MethodAndArgsCaller.run(RuntimeInit.java:592)
12-11 11:59:00.494  8389  8389 W System.err: 	at com.android.internal.os.ZygoteInit.main(ZygoteInit.java:947)
12-11 11:59:00.508  8389  8496 E CursorWindow: Failed to read row 0, column 29 from a CursorWindow which has 1 rows, 29 columns.
12-11 11:59:00.514  8389  8495 E CursorWindow: Failed to read row 0, column 29 from a CursorWindow which has 17 rows, 29 columns.
12-11 11:59:00.517  8389  8495 E CursorWindow: Failed to read row 1, column 29 from a CursorWindow which has 17 rows, 29 columns.
12-11 11:59:00.518  8389  8495 E CursorWindow: Failed to read row 2, column 29 from a CursorWindow which has 17 rows, 29 columns.
12-11 11:59:00.521  8389  8495 E CursorWindow: Failed to read row 3, column 29 from a CursorWindow which has 17 rows, 29 columns.
12-11 11:59:00.523  8389  8495 E CursorWindow: Failed to read row 4, column 29 from a CursorWindow which has 17 rows, 29 columns.
12-11 11:59:00.524  8389  8495 E CursorWindow: Failed to read row 5, column 29 from a CursorWindow which has 17 rows, 29 columns.
12-11 11:59:00.524  8389  8495 E CursorWindow: Failed to read row 6, column 29 from a CursorWindow which has 17 rows, 29 columns.
12-11 11:59:00.524  8389  8495 E CursorWindow: Failed to read row 7, column 29 from a CursorWindow which has 17 rows, 29 columns.
12-11 11:59:00.525  8389  8495 E CursorWindow: Failed to read row 8, column 29 from a CursorWindow which has 17 rows, 29 columns.
12-11 11:59:00.526  8389  8495 E CursorWindow: Failed to read row 9, column 29 from a CursorWindow which has 17 rows, 29 columns.
12-11 11:59:00.526  8389  8495 E CursorWindow: Failed to read row 10, column 29 from a CursorWindow which has 17 rows, 29 columns.
12-11 11:59:00.527  8389  8495 E CursorWindow: Failed to read row 11, column 29 from a CursorWindow which has 17 rows, 29 columns.
12-11 11:59:00.528  8389  8495 E CursorWindow: Failed to read row 12, column 29 from a CursorWindow which has 17 rows, 29 columns.
12-11 11:59:00.534  8389  8495 E CursorWindow: Failed to read row 13, column 29 from a CursorWindow which has 17 rows, 29 columns.
12-11 11:59:00.534  8389  8495 E CursorWindow: Failed to read row 14, column 29 from a CursorWindow which has 17 rows, 29 columns.
12-11 11:59:00.535  8389  8495 E CursorWindow: Failed to read row 15, column 29 from a CursorWindow which has 17 rows, 29 columns.
12-11 11:59:00.536  8389  8495 E CursorWindow: Failed to read row 16, column 29 from a CursorWindow which has 17 rows, 29 columns.
12-11 11:59:00.645  8389  8493 E CursorWindow: Failed to read row 0, column 29 from a CursorWindow which has 1 rows, 29 columns.
12-11 11:59:00.647  8389  8494 E CursorWindow: Failed to read row 0, column 29 from a CursorWindow which has 32 rows, 29 columns.
12-11 11:59:00.648  8389  8494 E CursorWindow: Failed to read row 1, column 29 from a CursorWindow which has 32 rows, 29 columns.
12-11 11:59:00.649  8389  8494 E CursorWindow: Failed to read row 2, column 29 from a CursorWindow which has 32 rows, 29 columns.
12-11 11:59:00.649  8389  8494 E CursorWindow: Failed to read row 3, column 29 from a CursorWindow which has 32 rows, 29 columns.
12-11 11:59:00.650  8389  8494 E CursorWindow: Failed to read row 4, column 29 from a CursorWindow which has 32 rows, 29 columns.
12-11 11:59:00.650  8389  8494 E CursorWindow: Failed to read row 5, column 29 from a CursorWindow which has 32 rows, 29 columns.
12-11 11:59:00.651  8389  8494 E CursorWindow: Failed to read row 6, column 29 from a CursorWindow which has 32 rows, 29 columns.
12-11 11:59:00.651  8389  8494 E CursorWindow: Failed to read row 7, column 29 from a CursorWindow which has 32 rows, 29 columns.
12-11 11:59:00.652  8389  8494 E CursorWindow: Failed to read row 8, column 29 from a CursorWindow which has 32 rows, 29 columns.
12-11 11:59:00.652  8389  8494 E CursorWindow: Failed to read row 9, column 29 from a CursorWindow which has 32 rows, 29 columns.
12-11 11:59:00.653  8389  8494 E CursorWindow: Failed to read row 10, column 29 from a CursorWindow which has 32 rows, 29 columns.
12-11 11:59:00.654  8389  8494 E CursorWindow: Failed to read row 11, column 29 from a CursorWindow which has 32 rows, 29 columns.
12-11 11:59:00.655  8389  8494 E CursorWindow: Failed to read row 12, column 29 from a CursorWindow which has 32 rows, 29 columns.
12-11 11:59:00.661  8389  8494 E CursorWindow: Failed to read row 13, column 29 from a CursorWindow which has 32 rows, 29 columns.
12-11 11:59:00.662  8389  8494 E CursorWindow: Failed to read row 14, column 29 from a CursorWindow which has 32 rows, 29 columns.
12-11 11:59:00.662  8389  8494 E CursorWindow: Failed to read row 15, column 29 from a CursorWindow which has 32 rows, 29 columns.
12-11 11:59:00.662  8389  8494 E CursorWindow: Failed to read row 16, column 29 from a CursorWindow which has 32 rows, 29 columns.
12-11 11:59:00.663  8389  8494 E CursorWindow: Failed to read row 17, column 29 from a CursorWindow which has 32 rows, 29 columns.
12-11 11:59:00.664  8389  8494 E CursorWindow: Failed to read row 18, column 29 from a CursorWindow which has 32 rows, 29 columns.
12-11 11:59:00.664  8389  8494 E CursorWindow: Failed to read row 19, column 29 from a CursorWindow which has 32 rows, 29 columns.
12-11 11:59:00.665  8389  8494 E CursorWindow: Failed to read row 20, column 29 from a CursorWindow which has 32 rows, 29 columns.
12-11 11:59:00.665  8389  8494 E CursorWindow: Failed to read row 21, column 29 from a CursorWindow which has 32 rows, 29 columns.
12-11 11:59:00.665  8389  8494 E CursorWindow: Failed to read row 22, column 29 from a CursorWindow which has 32 rows, 29 columns.
12-11 11:59:00.666  8389  8494 E CursorWindow: Failed to read row 23, column 29 from a CursorWindow which has 32 rows, 29 columns.
12-11 11:59:00.666  8389  8494 E CursorWindow: Failed to read row 24, column 29 from a CursorWindow which has 32 rows, 29 columns.
12-11 11:59:00.667  8389  8494 E CursorWindow: Failed to read row 25, column 29 from a CursorWindow which has 32 rows, 29 columns.
12-11 11:59:00.668  8389  8494 E CursorWindow: Failed to read row 26, column 29 from a CursorWindow which has 32 rows, 29 columns.
12-11 11:59:00.669  8389  8494 E CursorWindow: Failed to read row 27, column 29 from a CursorWindow which has 32 rows, 29 columns.
12-11 11:59:00.670  8389  8494 E CursorWindow: Failed to read row 28, column 29 from a CursorWindow which has 32 rows, 29 columns.
12-11 11:59:00.671  8389  8494 E CursorWindow: Failed to read row 29, column 29 from a CursorWindow which has 32 rows, 29 columns.
12-11 11:59:00.672  8389  8494 E CursorWindow: Failed to read row 30, column 29 from a CursorWindow which has 32 rows, 29 columns.
12-11 11:59:00.672  8389  8494 E CursorWindow: Failed to read row 31, column 29 from a CursorWindow which has 32 rows, 29 columns.
12-11 11:59:01.160   671   671 D android.hardware.power@1.3-service.pixel-libperfmgr: LAUNCH: 0
12-11 11:59:01.170 12570  7756 I PBSessionCacheImpl: Deleted sessionId[55285052306656458] from persistence.
12-11 11:59:01.176 12570 12639 W SearchServiceCore: Abort, client detached.
12-11 11:59:01.647  8389  8401 I lipkart.androi: Background young concurrent copying GC freed 474761(36MB) AllocSpace objects, 257(27MB) LOS objects, 65% free, 12MB/36MB, paused 296us total 136.293ms
12-11 11:59:01.653  8389  8402 W JavaBinder: BinderProxy is being destroyed but the application did not call unlinkToDeath to unlink all of its death recipients beforehand.  Releasing leaked death recipient: com.google.android.play.core.internal.i
12-11 11:59:01.653  8389  8402 I BpBinder: onLastStrongRef automatically unlinking death recipients: <uncached descriptor>
12-11 11:59:03.207  8324  8370 I appium  : channel read invoked!
12-11 11:59:03.207  8324  8370 I appium  : channel read: POST /wd/hub/session/017b38bf-4339-4468-8b91-a7ec0983b8a8/element
12-11 11:59:03.212  8324  8370 I appium  : Find element command using 'accessibility id' with selector 'Open Drawer'.
12-11 11:59:03.225  8324  8370 I appium  : Waiting up to 10000ms for device to be idle
12-11 11:59:03.306  8324  8370 I appium  : AppiumResponse: {"sessionId":"017b38bf-4339-4468-8b91-a7ec0983b8a8","value":{"ELEMENT":"bd151490-1a19-4c06-8d5d-43c8e995b21b","element-6066-11e4-a52e-4f735466cecf":"bd151490-1a19-4c06-8d5d-43c8e995b21b"}}
12-11 11:59:03.911  8324  8370 I appium  : channel read invoked!
12-11 11:59:03.911  8324  8370 I appium  : channel read: POST /wd/hub/session/017b38bf-4339-4468-8b91-a7ec0983b8a8/element/bd151490-1a19-4c06-8d5d-43c8e995b21b/click
12-11 11:59:03.913  8324  8370 I appium  : Click element command
12-11 11:59:04.499  1034  1034 I perfetto: probes_producer.cc:329  Producer stop (id=5734)
12-11 11:59:04.508  1035  1035 I perfetto: ng_service_impl.cc:1948 Tracing session 5734 ended, total sessions:0
12-11 11:59:04.509  1034  1034 I perfetto: ftrace_procfs.cc:183    disabled ftrace
12-11 11:59:04.526  1066  8385 I iorapd  : Perfetto TraceBuffer saved to file: /data/misc/iorapd/com.flipkart.android/1200017/com.flipkart.android.activity.HomeFragmentHolderActivity/raw_traces/1607668144524702811.perfetto_trace.pb
12-11 11:59:05.114  8324  8370 I appium  : Waiting up to 10000ms for device to be idle
12-11 11:59:05.115  8324  8370 I appium  : AppiumResponse: {"sessionId":"017b38bf-4339-4468-8b91-a7ec0983b8a8","value":null}
12-11 11:59:05.140  8324  8370 I appium  : channel read invoked!
12-11 11:59:05.141  8324  8370 I appium  : channel read: POST /wd/hub/session/017b38bf-4339-4468-8b91-a7ec0983b8a8/elements
12-11 11:59:05.142  8324  8370 I appium  : Find elements command using 'id' with selector 'com.flipkart.android:id/flyout_parent_title'.
12-11 11:59:05.142  8324  8370 I appium  : Waiting up to 10000ms for device to be idle
12-11 11:59:05.557  8389  8496 E CursorWindow: Failed to read row 0, column 29 from a CursorWindow which has 14 rows, 29 columns.
12-11 11:59:05.557  8389  8496 E CursorWindow: Failed to read row 1, column 29 from a CursorWindow which has 14 rows, 29 columns.
12-11 11:59:05.557  8389  8496 E CursorWindow: Failed to read row 2, column 29 from a CursorWindow which has 14 rows, 29 columns.
12-11 11:59:05.558  8389  8496 E CursorWindow: Failed to read row 3, column 29 from a CursorWindow which has 14 rows, 29 columns.
12-11 11:59:05.558  8389  8496 E CursorWindow: Failed to read row 4, column 29 from a CursorWindow which has 14 rows, 29 columns.
12-11 11:59:05.558  8389  8496 E CursorWindow: Failed to read row 5, column 29 from a CursorWindow which has 14 rows, 29 columns.
12-11 11:59:05.559  8389  8496 E CursorWindow: Failed to read row 6, column 29 from a CursorWindow which has 14 rows, 29 columns.
12-11 11:59:05.560  8389  8496 E CursorWindow: Failed to read row 7, column 29 from a CursorWindow which has 14 rows, 29 columns.
12-11 11:59:05.561  8389  8496 E CursorWindow: Failed to read row 8, column 29 from a CursorWindow which has 14 rows, 29 columns.
12-11 11:59:05.561  8389  8496 E CursorWindow: Failed to read row 9, column 29 from a CursorWindow which has 14 rows, 29 columns.
12-11 11:59:05.562  8389  8496 E CursorWindow: Failed to read row 10, column 29 from a CursorWindow which has 14 rows, 29 columns.
12-11 11:59:05.563  8389  8496 E CursorWindow: Failed to read row 11, column 29 from a CursorWindow which has 14 rows, 29 columns.
12-11 11:59:05.563  8389  8496 E CursorWindow: Failed to read row 12, column 29 from a CursorWindow which has 14 rows, 29 columns.
12-11 11:59:05.563  8389  8496 E CursorWindow: Failed to read row 13, column 29 from a CursorWindow which has 14 rows, 29 columns.
12-11 11:59:06.345  8324  8370 I appium  : AppiumResponse: {"sessionId":"017b38bf-4339-4468-8b91-a7ec0983b8a8","value":[{"ELEMENT":"bea351e3-b5d9-406f-8200-2f05bb9b0a52","element-6066-11e4-a52e-4f735466cecf":"bea351e3-b5d9-406f-8200-2f05bb9b0a52"},{"ELEMENT":"f4fa277b-3889-41c3-b23d-361f838672a4","element-6066-11e4-a52e-4f735466cecf":"f4fa277b-3889-41c3-...
12-11 11:59:06.378  8324  8370 I appium  : channel read invoked!
12-11 11:59:06.378  8324  8370 I appium  : channel read: POST /wd/hub/session/017b38bf-4339-4468-8b91-a7ec0983b8a8/element/e9a56278-0b3c-444a-9a6a-c05776f38074/click
12-11 11:59:06.380  8324  8370 I appium  : Click element command
12-11 11:59:06.436  8324  8370 I appium  : Waiting up to 10000ms for device to be idle
12-11 11:59:06.459  8389  8389 W System.err: java.net.MalformedURLException: no protocol: login_v4_dialog
12-11 11:59:06.459  8389  8389 W System.err: 	at java.net.URL.<init>(URL.java:601)
12-11 11:59:06.459  8389  8389 W System.err: 	at java.net.URL.<init>(URL.java:498)
12-11 11:59:06.459  8389  8389 W System.err: 	at java.net.URL.<init>(URL.java:447)
12-11 11:59:06.459  8389  8389 W System.err: 	at com.flipkart.android.utils.cc.getUrlPath(Unknown Source:2)
12-11 11:59:06.459  8389  8389 W System.err: 	at com.flipkart.android.bottomnavigation.c.a(Unknown Source:139)
12-11 11:59:06.459  8389  8389 W System.err: 	at com.flipkart.android.bottomnavigation.c.update(Unknown Source:135)
12-11 11:59:06.459  8389  8389 W System.err: 	at com.flipkart.android.bottomnavigation.c$b.onBackStackChanged(Unknown Source:4)
12-11 11:59:06.459  8389  8389 W System.err: 	at androidx.fragment.app.h.m(Unknown Source:21)
12-11 11:59:06.459  8389  8389 W System.err: 	at androidx.fragment.app.h.a(Unknown Source:206)
12-11 11:59:06.459  8389  8389 W System.err: 	at androidx.fragment.app.h.b(Unknown Source:88)
12-11 11:59:06.459  8389  8389 W System.err: 	at androidx.fragment.app.h.k(Unknown Source:21)
12-11 11:59:06.459  8389  8389 W System.err: 	at androidx.fragment.app.h$1.run(Unknown Source:2)
12-11 11:59:06.459  8389  8389 W System.err: 	at android.os.Handler.handleCallback(Handler.java:938)
12-11 11:59:06.459  8389  8389 W System.err: 	at android.os.Handler.dispatchMessage(Handler.java:99)
12-11 11:59:06.459  8389  8389 W System.err: 	at android.os.Looper.loop(Looper.java:223)
12-11 11:59:06.459  8389  8389 W System.err: 	at android.app.ActivityThread.main(ActivityThread.java:7656)
12-11 11:59:06.459  8389  8389 W System.err: 	at java.lang.reflect.Method.invoke(Native Method)
12-11 11:59:06.459  8389  8389 W System.err: 	at com.android.internal.os.RuntimeInit$MethodAndArgsCaller.run(RuntimeInit.java:592)
12-11 11:59:06.459  8389  8389 W System.err: 	at com.android.internal.os.ZygoteInit.main(ZygoteInit.java:947)
12-11 11:59:06.460  8389  8389 W System.err: java.net.MalformedURLException: no protocol: login_v4_dialog
12-11 11:59:06.460  8389  8389 W System.err: 	at java.net.URL.<init>(URL.java:601)
12-11 11:59:06.460  8389  8389 W System.err: 	at java.net.URL.<init>(URL.java:498)
12-11 11:59:06.460  8389  8389 W System.err: 	at java.net.URL.<init>(URL.java:447)
12-11 11:59:06.460  8389  8389 W System.err: 	at com.flipkart.android.utils.cc.getUrlPath(Unknown Source:2)
12-11 11:59:06.460  8389  8389 W System.err: 	at com.flipkart.android.reactnative.nativeuimodules.reactbottombar.ReactBottomNavigationFragment.findBottomBarEligibleUrl(Unknown Source:48)
