12-11 11:59:11.061 19878 19878 W KeyboardModeManager: KeyboardModeManager.setInputView():307 setInputView() : inputView = com.google.android.apps.inputmethod.libs.framework.core.InputView{65dc64b V.E...... ......ID 0,0-1440,2614}
12-11 11:59:11.061 19878 19878 I NormalModeController: NormalModeController.getKeyboardBodyViewHolderPaddingBottom():112 currentPrimeKeyboardType:SOFT systemPaddingBottom:-1
12-11 11:59:11.061 19878 19878 I AndroidIME: KeyboardViewManager.getInputViewBottomGapFromScreen():276 get inputViewBottomGapFromScreen = 168 from keyboard size helper.
12-11 11:59:11.061 19878 19878 I GoogleInputMethodService: GoogleInputMethodService$10.getKeyboardBottomCoverNavigationHeight():3219 Returns default 0 as the coverNavigationHeight while extendsTouchBelowSpace=false decorViewWindowInsets=WindowInsets{
12-11 11:59:11.061 19878 19878 I GoogleInputMethodService:     statusBars=Insets{left=0, top=0, right=0, bottom=0} max=Insets{left=0, top=0, right=0, bottom=0} vis=true
12-11 11:59:11.061 19878 19878 I GoogleInputMethodService:     navigationBars=Insets{left=0, top=0, right=0, bottom=168} max=Insets{left=0, top=0, right=0, bottom=168} vis=true
12-11 11:59:11.061 19878 19878 I GoogleInputMethodService:     =Insets{left=0, top=0, right=0, bottom=0} max=null vis=false
12-11 11:59:11.061 19878 19878 I GoogleInputMethodService:     ime=Insets{left=0, top=0, right=0, bottom=0} max=null vis=false
12-11 11:59:11.061 19878 19878 I GoogleInputMethodService:     systemGestures=Insets{left=0, top=0, right=0, bottom=168} max=Insets{left=0, top=0, right=0, bottom=168} vis=true
12-11 11:59:11.061 19878 19878 I GoogleInputMethodService:     mandatorySystemGestures=Insets{left=0, top=0, right=0, bottom=168} max=Insets{left=0, top=0, right=0, bottom=168} vis=true
12-11 11:59:11.061 19878 19878 I GoogleInputMethodService:     tappableElement=Insets{left=0, top=0, right=0, bottom=168} max=Insets{left=0, top=0, right=0, bottom=168} vis=true
12-11 11:59:11.061 19878 19878 I GoogleInputMethodService:     displayCutout=Insets{left=0, top=0, right=0, bottom=0} max=null vis=false
12-11 11:59:11.061 19878 19878 I GoogleInputMethodService:     windowDecor=null max=null vis=false
12-11 11:59:11.061 19878 19878 I GoogleInputMethodService:     
12-11 11:59:11.061 19878 19878 I GoogleInputMethodService:     }
12-11 11:59:11.061 19878 19878 W AndroidIME: KeyboardViewManager.initializeViews():345 initializeViews() : keyboard full width = -1; root view width = 1440; measured keyboard height = 2782
12-11 11:59:11.061 19878 19878 I AndroidIME: KeyboardViewManager.updateKeyboardHeaderViewWidth():767 keyboard header ratio:1.000000 body ratio:1.000000
12-11 11:59:11.061 19878 19878 I AndroidIME: KeyboardViewManager.updateKeyboardHeaderViewWidth():767 keyboard header ratio:1.000000 body ratio:1.000000
12-11 11:59:11.061 19878 19878 I AndroidIME: KeyboardViewManager.getInputViewBottomGapFromScreen():276 get inputViewBottomGapFromScreen = 168 from keyboard size helper.
12-11 11:59:11.061 19878 19878 I GoogleInputMethodService: GoogleInputMethodService$10.getKeyboardBottomCoverNavigationHeight():3219 Returns default 0 as the coverNavigationHeight while extendsTouchBelowSpace=false decorViewWindowInsets=WindowInsets{
12-11 11:59:11.061 19878 19878 I GoogleInputMethodService:     statusBars=Insets{left=0, top=0, right=0, bottom=0} max=Insets{left=0, top=0, right=0, bottom=0} vis=true
12-11 11:59:11.061 19878 19878 I GoogleInputMethodService:     navigationBars=Insets{left=0, top=0, right=0, bottom=168} max=Insets{left=0, top=0, right=0, bottom=168} vis=true
12-11 11:59:11.061 19878 19878 I GoogleInputMethodService:     =Insets{left=0, top=0, right=0, bottom=0} max=null vis=false
12-11 11:59:11.061 19878 19878 I GoogleInputMethodService:     ime=Insets{left=0, top=0, right=0, bottom=0} max=null vis=false
12-11 11:59:11.061 19878 19878 I GoogleInputMethodService:     systemGestures=Insets{left=0, top=0, right=0, bottom=168} max=Insets{left=0, top=0, right=0, bottom=168} vis=true
12-11 11:59:11.061 19878 19878 I GoogleInputMethodService:     mandatorySystemGestures=Insets{left=0, top=0, right=0, bottom=168} max=Insets{left=0, top=0, right=0, bottom=168} vis=true
12-11 11:59:11.061 19878 19878 I GoogleInputMethodService:     tappableElement=Insets{left=0, top=0, right=0, bottom=168} max=Insets{left=0, top=0, right=0, bottom=168} vis=true
12-11 11:59:11.061 19878 19878 I GoogleInputMethodService:     displayCutout=Insets{left=0, top=0, right=0, bottom=0} max=null vis=false
12-11 11:59:11.061 19878 19878 I GoogleInputMethodService:     windowDecor=null max=null vis=false
12-11 11:59:11.061 19878 19878 I GoogleInputMethodService:     
12-11 11:59:11.061 19878 19878 I GoogleInputMethodService:     }
12-11 11:59:11.062 19878 19878 I CurrentMicStatusHolder: CurrentMicStatusHolder.onStartInputView():79 Current Mic status = {MicIconHidden-EmailInputType,}
12-11 11:59:11.062 19878 19878 I VoiceImeExtension: VoiceImeExtension.shouldStartVoiceInputAutomatically():342 No private IME option set to start voice input.
12-11 11:59:11.690  8324  8370 I appium  : AppiumResponse: {"sessionId":"017b38bf-4339-4468-8b91-a7ec0983b8a8","value":{"ELEMENT":"5acd0867-1594-43e3-8f03-aad91bb69d87","element-6066-11e4-a52e-4f735466cecf":"5acd0867-1594-43e3-8f03-aad91bb69d87"}}
12-11 11:59:11.721  8324  8370 I appium  : channel read invoked!
12-11 11:59:11.721  8324  8370 I appium  : channel read: POST /wd/hub/session/017b38bf-4339-4468-8b91-a7ec0983b8a8/element/5acd0867-1594-43e3-8f03-aad91bb69d87/click
12-11 11:59:11.723  8324  8370 I appium  : Click element command
12-11 11:59:11.782  8324  8370 I appium  : Waiting up to 10000ms for device to be idle
12-11 11:59:11.783  8324  8370 I appium  : AppiumResponse: {"sessionId":"017b38bf-4339-4468-8b91-a7ec0983b8a8","value":null}
12-11 11:59:11.836  8324  8370 I appium  : channel read invoked!
12-11 11:59:11.836  8324  8370 I appium  : channel read: POST /wd/hub/session/017b38bf-4339-4468-8b91-a7ec0983b8a8/element
12-11 11:59:11.836 19878 19878 I GoogleInputMethodService: GoogleInputMethodService.onFinishInputView():2221 
12-11 11:59:11.837 19878 19878 I InlineSuggestionCandidateViewController: InlineSuggestionCandidateViewController.setInlineSuggestionCandidateImpl():1207 set  to inlineSuggestionTextView
12-11 11:59:11.837  8324  8370 I appium  : Find element command using 'id' with selector 'com.flipkart.android:id/phone_input'.
12-11 11:59:11.837  8324  8370 I appium  : Waiting up to 10000ms for device to be idle
12-11 11:59:11.838 19878 19878 I KeyboardWrapper: KeyboardWrapper.consumeEvent():281 Skip consuming an event as current keyboard is deactivated (state=0, keyboard existence=true)
12-11 11:59:11.838  3282  3282 I A       : Receiving sys ui event of type com.google.android.apps.googlequicksearchbox.nga.ON_KEYBOARD_SHOWING_CHANGED.
12-11 11:59:11.838 19878 19878 I VoiceInputManagerWrapper: VoiceInputManagerWrapper.shutdown():77 shutdown()
12-11 11:59:11.838 19878 19878 I AndroidIME: AbstractIme.onDeactivate():161 LatinIme.onDeactivate()
12-11 11:59:11.840 19878 19906 W DeferredProtoXDBCacheFlushPolicy: DeferredProtoXDBCacheFlushPolicy$2$1.onFailure():93 Failed to run scheduled maybe flush task after input view finished.
12-11 11:59:11.840 19878 19906 W DeferredProtoXDBCacheFlushPolicy: java.util.concurrent.CancellationException: Task was cancelled.
12-11 11:59:11.840 19878 19906 W DeferredProtoXDBCacheFlushPolicy: 	at qwj.s(PG:3)
12-11 11:59:11.840 19878 19906 W DeferredProtoXDBCacheFlushPolicy: 	at qwj.get(PG:4)
12-11 11:59:11.840 19878 19906 W DeferredProtoXDBCacheFlushPolicy: 	at raa.f(PG:1)
12-11 11:59:11.840 19878 19906 W DeferredProtoXDBCacheFlushPolicy: 	at qyz.x(PG:2)
12-11 11:59:11.840 19878 19906 W DeferredProtoXDBCacheFlushPolicy: 	at qyh.run(PG:4)
12-11 11:59:11.840 19878 19906 W DeferredProtoXDBCacheFlushPolicy: 	at java.util.concurrent.Executors$RunnableAdapter.call(Executors.java:462)
12-11 11:59:11.840 19878 19906 W DeferredProtoXDBCacheFlushPolicy: 	at java.util.concurrent.FutureTask.run(FutureTask.java:266)
12-11 11:59:11.840 19878 19906 W DeferredProtoXDBCacheFlushPolicy: 	at kii.run(PG:2)
12-11 11:59:11.840 19878 19906 W DeferredProtoXDBCacheFlushPolicy: 	at java.util.concurrent.ThreadPoolExecutor.runWorker(ThreadPoolExecutor.java:1167)
12-11 11:59:11.840 19878 19906 W DeferredProtoXDBCacheFlushPolicy: 	at java.util.concurrent.ThreadPoolExecutor$Worker.run(ThreadPoolExecutor.java:641)
12-11 11:59:11.840 19878 19906 W DeferredProtoXDBCacheFlushPolicy: 	at java.lang.Thread.run(Thread.java:923)
12-11 11:59:11.840 19878 19906 W DeferredProtoXDBCacheFlushPolicy: 	at khw.run(PG:4)
12-11 11:59:11.844 19878 19878 I GoogleInputMethodService: GoogleInputMethodService.onFinishInput():3308 
12-11 11:59:11.845 19878 19878 I GoogleInputMethodService: GoogleInputMethodService.onStartInput():1887 
12-11 11:59:11.915  8389  8389 E RecyclerView: No adapter attached; skipping layout
12-11 11:59:11.915  8389  8493 E CursorWindow: Failed to read row 0, column 29 from a CursorWindow which has 1 rows, 29 columns.
12-11 11:59:11.916  8389  8496 E CursorWindow: Failed to read row 0, column 29 from a CursorWindow which has 1 rows, 29 columns.
12-11 11:59:11.976 19878 19878 I GoogleInputMethodService: GoogleInputMethodService.onFinishInput():3308 
12-11 11:59:11.976 19878 19878 I GoogleInputMethodService: GoogleInputMethodService.onStartInput():1887 
12-11 11:59:11.978 19878 19878 I GoogleInputMethodService: GoogleInputMethodService.onFinishInput():3308 
12-11 11:59:11.978 19878 19878 I GoogleInputMethodService: GoogleInputMethodService.onStartInput():1887 
12-11 11:59:12.021 19878 19878 I GoogleInputMethodService: GoogleInputMethodService.onStartInputView():2012 
12-11 11:59:12.069 19878 19878 I KeyboardViewUtil: KeyboardViewUtil.getKeyboardHeightRatio():175 systemKeyboardHeightRatio:1.000000; userKeyboardHeightRatio:1.000000.
12-11 11:59:12.070 19878 19878 I AndroidIME: AbstractIme.onActivate():84 PasswordIme.onActivate() : EditorInfo = Package = com.flipkart.android : Type = Password : Learning = Disable : Suggestion = Hide : AutoCorrection = Disable : Microphone = Hide : NoPersonalizedLearning = Disable : AutoStartVoiceInput = Disable, IncognitoMode = false
12-11 11:59:12.072 19878 19878 I KeyboardViewHelper: KeyboardViewHelper.getView():174 Get view with height ratio:1.000000; experiment height ratio:1.000000.
12-11 11:59:12.079 19878 19878 I KeyboardViewUtil: KeyboardViewUtil.calculateMaxKeyboardBodyHeight():66 leave 473 height for app when screen height:2712, header height:154 and isFullscreenMode:false, so the max keyboard body height is:2085
12-11 11:59:12.080 19878 19878 I InlineSuggestionCandidateViewController: InlineSuggestionCandidateViewController.setInlineSuggestionCandidateImpl():1207 set  to inlineSuggestionTextView
12-11 11:59:12.081 19878 19878 I KeyboardViewUtil: KeyboardViewUtil.calculateMaxKeyboardBodyHeight():66 leave 473 height for app when screen height:2712, header height:154 and isFullscreenMode:false, so the max keyboard body height is:2085
12-11 11:59:12.081 19878 19878 W KeyboardModeManager: KeyboardModeManager.setInputView():307 setInputView() : inputView = com.google.android.apps.inputmethod.libs.framework.core.InputView{65dc64b V.E...... ......ID 0,0-1440,2614}
12-11 11:59:12.081 19878 19878 I NormalModeController: NormalModeController.getKeyboardBodyViewHolderPaddingBottom():112 currentPrimeKeyboardType:SOFT systemPaddingBottom:-1
12-11 11:59:12.081 19878 19878 I AndroidIME: KeyboardViewManager.getInputViewBottomGapFromScreen():276 get inputViewBottomGapFromScreen = 168 from keyboard size helper.
12-11 11:59:12.081 19878 19878 I GoogleInputMethodService: GoogleInputMethodService$10.getKeyboardBottomCoverNavigationHeight():3219 Returns default 0 as the coverNavigationHeight while extendsTouchBelowSpace=false decorViewWindowInsets=WindowInsets{
12-11 11:59:12.081 19878 19878 I GoogleInputMethodService:     statusBars=Insets{left=0, top=0, right=0, bottom=0} max=Insets{left=0, top=0, right=0, bottom=0} vis=true
12-11 11:59:12.081 19878 19878 I GoogleInputMethodService:     navigationBars=Insets{left=0, top=0, right=0, bottom=168} max=Insets{left=0, top=0, right=0, bottom=168} vis=true
12-11 11:59:12.081 19878 19878 I GoogleInputMethodService:     =Insets{left=0, top=0, right=0, bottom=0} max=null vis=false
12-11 11:59:12.081 19878 19878 I GoogleInputMethodService:     ime=Insets{left=0, top=0, right=0, bottom=0} max=null vis=false
12-11 11:59:12.081 19878 19878 I GoogleInputMethodService:     systemGestures=Insets{left=0, top=0, right=0, bottom=168} max=Insets{left=0, top=0, right=0, bottom=168} vis=true
12-11 11:59:12.081 19878 19878 I GoogleInputMethodService:     mandatorySystemGestures=Insets{left=0, top=0, right=0, bottom=168} max=Insets{left=0, top=0, right=0, bottom=168} vis=true
12-11 11:59:12.081 19878 19878 I GoogleInputMethodService:     tappableElement=Insets{left=0, top=0, right=0, bottom=168} max=Insets{left=0, top=0, right=0, bottom=168} vis=true
12-11 11:59:12.081 19878 19878 I GoogleInputMethodService:     displayCutout=Insets{left=0, top=0, right=0, bottom=0} max=null vis=false
12-11 11:59:12.081 19878 19878 I GoogleInputMethodService:     windowDecor=null max=null vis=false
12-11 11:59:12.081 19878 19878 I GoogleInputMethodService:     
12-11 11:59:12.081 19878 19878 I GoogleInputMethodService:     }
12-11 11:59:12.081 19878 19878 W AndroidIME: KeyboardViewManager.initializeViews():345 initializeViews() : keyboard full width = -1; root view width = 1440; measured keyboard height = 2782
12-11 11:59:12.082 19878 19878 I AndroidIME: KeyboardViewManager.updateKeyboardHeaderViewWidth():767 keyboard header ratio:1.000000 body ratio:1.000000
12-11 11:59:12.082 19878 19878 I AndroidIME: KeyboardViewManager.updateKeyboardHeaderViewWidth():767 keyboard header ratio:1.000000 body ratio:1.000000
12-11 11:59:12.082 19878 19878 I AndroidIME: KeyboardViewManager.getInputViewBottomGapFromScreen():276 get inputViewBottomGapFromScreen = 168 from keyboard size helper.
12-11 11:59:12.082 19878 19878 I GoogleInputMethodService: GoogleInputMethodService$10.getKeyboardBottomCoverNavigationHeight():3219 Returns default 0 as the coverNavigationHeight while extendsTouchBelowSpace=false decorViewWindowInsets=WindowInsets{
12-11 11:59:12.082 19878 19878 I GoogleInputMethodService:     statusBars=Insets{left=0, top=0, right=0, bottom=0} max=Insets{left=0, top=0, right=0, bottom=0} vis=true
12-11 11:59:12.082 19878 19878 I GoogleInputMethodService:     navigationBars=Insets{left=0, top=0, right=0, bottom=168} max=Insets{left=0, top=0, right=0, bottom=168} vis=true
12-11 11:59:12.082 19878 19878 I GoogleInputMethodService:     =Insets{left=0, top=0, right=0, bottom=0} max=null vis=false
12-11 11:59:12.082 19878 19878 I GoogleInputMethodService:     ime=Insets{left=0, top=0, right=0, bottom=0} max=null vis=false
12-11 11:59:12.082 19878 19878 I GoogleInputMethodService:     systemGestures=Insets{left=0, top=0, right=0, bottom=168} max=Insets{left=0, top=0, right=0, bottom=168} vis=true
12-11 11:59:12.082 19878 19878 I GoogleInputMethodService:     mandatorySystemGestures=Insets{left=0, top=0, right=0, bottom=168} max=Insets{left=0, top=0, right=0, bottom=168} vis=true
12-11 11:59:12.082 19878 19878 I GoogleInputMethodService:     tappableElement=Insets{left=0, top=0, right=0, bottom=168} max=Insets{left=0, top=0, right=0, bottom=168} vis=true
12-11 11:59:12.082 19878 19878 I GoogleInputMethodService:     displayCutout=Insets{left=0, top=0, right=0, bottom=0} max=null vis=false
12-11 11:59:12.082 19878 19878 I GoogleInputMethodService:     windowDecor=null max=null vis=false
12-11 11:59:12.082 19878 19878 I GoogleInputMethodService:     
12-11 11:59:12.082 19878 19878 I GoogleInputMethodService:     }
12-11 11:59:12.083 19878 19878 I CurrentMicStatusHolder: CurrentMicStatusHolder.onStartInputView():79 Current Mic status = {MicIconHidden-PasswordOrNumberOrDateInputType,}
12-11 11:59:12.083 19878 19878 I VoiceImeExtension: VoiceImeExtension.shouldStartVoiceInputAutomatically():342 No private IME option set to start voice input.
12-11 11:59:12.189  3282  3282 I A       : Receiving sys ui event of type com.google.android.apps.googlequicksearchbox.nga.ON_KEYBOARD_SHOWING_CHANGED.
12-11 11:59:12.755  8324  8370 I appium  : AppiumResponse: {"sessionId":"017b38bf-4339-4468-8b91-a7ec0983b8a8","value":{"ELEMENT":"e1a21e2d-50da-4d64-aacf-9f70e35bd5ca","element-6066-11e4-a52e-4f735466cecf":"e1a21e2d-50da-4d64-aacf-9f70e35bd5ca"}}
12-11 11:59:12.814  8324  8370 I appium  : channel read invoked!
12-11 11:59:12.815  8324  8370 I appium  : channel read: POST /wd/hub/session/017b38bf-4339-4468-8b91-a7ec0983b8a8/element/e1a21e2d-50da-4d64-aacf-9f70e35bd5ca/click
12-11 11:59:12.817  8324  8370 I appium  : Click element command
12-11 11:59:12.886  8324  8370 I appium  : Waiting up to 10000ms for device to be idle
12-11 11:59:13.375  8324  8370 I appium  : AppiumResponse: {"sessionId":"017b38bf-4339-4468-8b91-a7ec0983b8a8","value":null}
12-11 11:59:13.413  8324  8370 I appium  : channel read invoked!
12-11 11:59:13.414  8324  8370 I appium  : channel read: POST /wd/hub/session/017b38bf-4339-4468-8b91-a7ec0983b8a8/element
12-11 11:59:13.419  8324  8370 I appium  : Find element command using 'id' with selector 'com.flipkart.android:id/phone_input'.
12-11 11:59:13.419  8324  8370 I appium  : Waiting up to 10000ms for device to be idle
12-11 11:59:13.453  8324  8370 I appium  : AppiumResponse: {"sessionId":"017b38bf-4339-4468-8b91-a7ec0983b8a8","value":{"ELEMENT":"b7449136-4592-4258-8e4e-94b5c3b026c8","element-6066-11e4-a52e-4f735466cecf":"b7449136-4592-4258-8e4e-94b5c3b026c8"}}
12-11 11:59:13.478  8324  8370 I appium  : channel read invoked!
12-11 11:59:13.478  8324  8370 I appium  : channel read: POST /wd/hub/session/017b38bf-4339-4468-8b91-a7ec0983b8a8/element/b7449136-4592-4258-8e4e-94b5c3b026c8/value
12-11 11:59:13.479  8324  8370 I appium  : send keys to element command
12-11 11:59:13.492 19878 19878 I GoogleInputMethodService: GoogleInputMethodService.onStartInput():1887 
12-11 11:59:13.492 19878 19878 W SessionManager: SessionManager.beginSession():53 Try to begin an already begun session [INPUT_SESSION], end it first
12-11 11:59:13.492 19878 19878 W SessionManager: SessionManager.endSession():96 Child session [INPUT_VIEW_SESSION] is not ended while ending session [{IME_SESSION=1607668152069, INPUT_VIEW_SESSION=1607668152021, INPUT_SESSION=1607668151978}], ending it now.
12-11 11:59:13.492 19878 19878 W SessionManager: SessionManager.endSession():96 Child session [IME_SESSION] is not ended while ending session [{IME_SESSION=1607668152069, INPUT_VIEW_SESSION=1607668152021, INPUT_SESSION=1607668151978}], ending it now.
12-11 11:59:13.493 19878 19878 I GoogleInputMethodService: GoogleInputMethodService.onStartInputView():2012 
12-11 11:59:13.501 19878 19878 I KeyboardViewUtil: KeyboardViewUtil.getKeyboardHeightRatio():175 systemKeyboardHeightRatio:1.000000; userKeyboardHeightRatio:1.000000.
12-11 11:59:13.501 19878 19878 I AndroidIME: AbstractIme.onDeactivate():161 PasswordIme.onDeactivate()
12-11 11:59:13.501 19878 19878 W SessionManager: SessionManager.endSession():88 Try to end a not begun session [IME_SESSION].
12-11 11:59:13.501 19878 19878 I AndroidIME: AbstractIme.onActivate():84 PasswordIme.onActivate() : EditorInfo = Package = com.flipkart.android : Type = Password : Learning = Disable : Suggestion = Hide : AutoCorrection = Disable : Microphone = Hide : NoPersonalizedLearning = Disable : AutoStartVoiceInput = Disable, IncognitoMode = false
12-11 11:59:13.502 19878 19878 I KeyboardViewUtil: KeyboardViewUtil.calculateMaxKeyboardBodyHeight():66 leave 473 height for app when screen height:2712, header height:154 and isFullscreenMode:false, so the max keyboard body height is:2085
12-11 11:59:13.503 19878 19878 I KeyboardViewUtil: KeyboardViewUtil.calculateMaxKeyboardBodyHeight():66 leave 473 height for app when screen height:2712, header height:154 and isFullscreenMode:false, so the max keyboard body height is:2085
12-11 11:59:13.503 19878 19878 W KeyboardModeManager: KeyboardModeManager.setInputView():307 setInputView() : inputView = com.google.android.apps.inputmethod.libs.framework.core.InputView{65dc64b V.E...... .......D 0,0-1440,2614}
12-11 11:59:13.503 19878 19878 I NormalModeController: NormalModeController.getKeyboardBodyViewHolderPaddingBottom():112 currentPrimeKeyboardType:SOFT systemPaddingBottom:-1
12-11 11:59:13.503 19878 19878 I AndroidIME: KeyboardViewManager.getInputViewBottomGapFromScreen():276 get inputViewBottomGapFromScreen = 168 from keyboard size helper.
12-11 11:59:13.503 19878 19878 I GoogleInputMethodService: GoogleInputMethodService$10.getKeyboardBottomCoverNavigationHeight():3219 Returns default 0 as the coverNavigationHeight while extendsTouchBelowSpace=false decorViewWindowInsets=WindowInsets{
12-11 11:59:13.503 19878 19878 I GoogleInputMethodService:     statusBars=Insets{left=0, top=0, right=0, bottom=0} max=Insets{left=0, top=0, right=0, bottom=0} vis=true
12-11 11:59:13.503 19878 19878 I GoogleInputMethodService:     navigationBars=Insets{left=0, top=0, right=0, bottom=168} max=Insets{left=0, top=0, right=0, bottom=168} vis=true
12-11 11:59:13.503 19878 19878 I GoogleInputMethodService:     =Insets{left=0, top=0, right=0, bottom=0} max=null vis=false
12-11 11:59:13.503 19878 19878 I GoogleInputMethodService:     ime=Insets{left=0, top=0, right=0, bottom=0} max=null vis=false
12-11 11:59:13.503 19878 19878 I GoogleInputMethodService:     systemGestures=Insets{left=0, top=0, right=0, bottom=168} max=Insets{left=0, top=0, right=0, bottom=168} vis=true
12-11 11:59:13.503 19878 19878 I GoogleInputMethodService:     mandatorySystemGestures=Insets{left=0, top=0, right=0, bottom=168} max=Insets{left=0, top=0, right=0, bottom=168} vis=true
12-11 11:59:13.503 19878 19878 I GoogleInputMethodService:     tappableElement=Insets{left=0, top=0, right=0, bottom=168} max=Insets{left=0, top=0, right=0, bottom=168} vis=true
12-11 11:59:13.503 19878 19878 I GoogleInputMethodService:     displayCutout=Insets{left=0, top=0, right=0, bottom=0} max=null vis=false
12-11 11:59:13.503 19878 19878 I GoogleInputMethodService:     windowDecor=null max=null vis=false
12-11 11:59:13.503 19878 19878 I GoogleInputMethodService:     
12-11 11:59:13.503 19878 19878 I GoogleInputMethodService:     }
12-11 11:59:13.504 19878 19878 W AndroidIME: KeyboardViewManager.initializeViews():345 initializeViews() : keyboard full width = -1; root view width = 1440; measured keyboard height = 2782
12-11 11:59:13.504 19878 19878 I AndroidIME: KeyboardViewManager.updateKeyboardHeaderViewWidth():767 keyboard header ratio:1.000000 body ratio:1.000000
12-11 11:59:13.504 19878 19878 I AndroidIME: KeyboardViewManager.updateKeyboardHeaderViewWidth():767 keyboard header ratio:1.000000 body ratio:1.000000
12-11 11:59:13.504 19878 19878 I AndroidIME: KeyboardViewManager.getInputViewBottomGapFromScreen():276 get inputViewBottomGapFromScreen = 168 from keyboard size helper.
12-11 11:59:13.504 19878 19878 I GoogleInputMethodService: GoogleInputMethodService$10.getKeyboardBottomCoverNavigationHeight():3219 Returns default 0 as the coverNavigationHeight while extendsTouchBelowSpace=false decorViewWindowInsets=WindowInsets{
12-11 11:59:13.504 19878 19878 I GoogleInputMethodService:     statusBars=Insets{left=0, top=0, right=0, bottom=0} max=Insets{left=0, top=0, right=0, bottom=0} vis=true
12-11 11:59:13.504 19878 19878 I GoogleInputMethodService:     navigationBars=Insets{left=0, top=0, right=0, bottom=168} max=Insets{left=0, top=0, right=0, bottom=168} vis=true
12-11 11:59:13.504 19878 19878 I GoogleInputMethodService:     =Insets{left=0, top=0, right=0, bottom=0} max=null vis=false
12-11 11:59:13.504 19878 19878 I GoogleInputMethodService:     ime=Insets{left=0, top=0, right=0, bottom=0} max=null vis=false
12-11 11:59:13.504 19878 19878 I GoogleInputMethodService:     systemGestures=Insets{left=0, top=0, right=0, bottom=168} max=Insets{left=0, top=0, right=0, bottom=168} vis=true
12-11 11:59:13.504 19878 19878 I GoogleInputMethodService:     mandatorySystemGestures=Insets{left=0, top=0, right=0, bottom=168} max=Insets{left=0, top=0, right=0, bottom=168} vis=true
12-11 11:59:13.504 19878 19878 I GoogleInputMethodService:     tappableElement=Insets{left=0, top=0, right=0, bottom=168} max=Insets{left=0, top=0, right=0, bottom=168} vis=true
12-11 11:59:13.504 19878 19878 I GoogleInputMethodService:     displayCutout=Insets{left=0, top=0, right=0, bottom=0} max=null vis=false
12-11 11:59:13.504 19878 19878 I GoogleInputMethodService:     windowDecor=null max=null vis=false
12-11 11:59:13.504 19878 19878 I GoogleInputMethodService:     
12-11 11:59:13.504 19878 19878 I GoogleInputMethodService:     }
12-11 11:59:13.504 19878 19878 I CurrentMicStatusHolder: CurrentMicStatusHolder.onStartInputView():79 Current Mic status = {MicIconHidden-PasswordOrNumberOrDateInputType,}
12-11 11:59:13.504 19878 19878 I VoiceImeExtension: VoiceImeExtension.shouldStartVoiceInputAutomatically():342 No private IME option set to start voice input.
12-11 11:59:14.146 19878 19878 I GoogleInputMethodService: GoogleInputMethodService.onStartInput():1887 
12-11 11:59:14.146 19878 19878 W SessionManager: SessionManager.beginSession():53 Try to begin an already begun session [INPUT_SESSION], end it first
12-11 11:59:14.146 19878 19878 W SessionManager: SessionManager.endSession():96 Child session [INPUT_VIEW_SESSION] is not ended while ending session [{IME_SESSION=1607668153501, INPUT_VIEW_SESSION=1607668153493, INPUT_SESSION=1607668153492}], ending it now.
12-11 11:59:14.147 19878 19878 W SessionManager: SessionManager.endSession():96 Child session [IME_SESSION] is not ended while ending session [{IME_SESSION=1607668153501, INPUT_VIEW_SESSION=1607668153493, INPUT_SESSION=1607668153492}], ending it now.
12-11 11:59:14.148 19878 19878 I GoogleInputMethodService: GoogleInputMethodService.onStartInputView():2012 
12-11 11:59:14.151  8324  8370 I appium  : AppiumResponse: {"sessionId":"017b38bf-4339-4468-8b91-a7ec0983b8a8","value":null}
12-11 11:59:14.174  8324  8370 I appium  : channel read invoked!
12-11 11:59:14.174  8324  8370 I appium  : channel read: POST /wd/hub/session/017b38bf-4339-4468-8b91-a7ec0983b8a8/element
12-11 11:59:14.176  8324  8370 I appium  : Find element command using 'id' with selector 'com.flipkart.android:id/button'.
12-11 11:59:14.176  8324  8370 I appium  : Waiting up to 10000ms for device to be idle
12-11 11:59:14.199 19878 19878 I KeyboardViewUtil: KeyboardViewUtil.getKeyboardHeightRatio():175 systemKeyboardHeightRatio:1.000000; userKeyboardHeightRatio:1.000000.
12-11 11:59:14.200 19878 19878 I AndroidIME: AbstractIme.onDeactivate():161 PasswordIme.onDeactivate()
12-11 11:59:14.200 19878 19878 W SessionManager: SessionManager.endSession():88 Try to end a not begun session [IME_SESSION].
12-11 11:59:14.200 19878 19878 I AndroidIME: AbstractIme.onActivate():84 PasswordIme.onActivate() : EditorInfo = Package = com.flipkart.android : Type = Password : Learning = Disable : Suggestion = Hide : AutoCorrection = Disable : Microphone = Hide : NoPersonalizedLearning = Disable : AutoStartVoiceInput = Disable, IncognitoMode = false
12-11 11:59:14.201 19878 19878 I KeyboardViewUtil: KeyboardViewUtil.calculateMaxKeyboardBodyHeight():66 leave 473 height for app when screen height:2712, header height:154 and isFullscreenMode:false, so the max keyboard body height is:2085
12-11 11:59:14.202 19878 19878 I KeyboardViewUtil: KeyboardViewUtil.calculateMaxKeyboardBodyHeight():66 leave 473 height for app when screen height:2712, header height:154 and isFullscreenMode:false, so the max keyboard body height is:2085
12-11 11:59:14.203 19878 19878 W KeyboardModeManager: KeyboardModeManager.setInputView():307 setInputView() : inputView = com.google.android.apps.inputmethod.libs.framework.core.InputView{65dc64b V.E...... .......D 0,0-1440,2614}
12-11 11:59:14.203 19878 19878 I NormalModeController: NormalModeController.getKeyboardBodyViewHolderPaddingBottom():112 currentPrimeKeyboardType:SOFT systemPaddingBottom:-1
12-11 11:59:14.203 19878 19878 I AndroidIME: KeyboardViewManager.getInputViewBottomGapFromScreen():276 get inputViewBottomGapFromScreen = 168 from keyboard size helper.
12-11 11:59:14.203 19878 19878 I GoogleInputMethodService: GoogleInputMethodService$10.getKeyboardBottomCoverNavigationHeight():3219 Returns default 0 as the coverNavigationHeight while extendsTouchBelowSpace=false decorViewWindowInsets=WindowInsets{
12-11 11:59:14.203 19878 19878 I GoogleInputMethodService:     statusBars=Insets{left=0, top=0, right=0, bottom=0} max=Insets{left=0, top=0, right=0, bottom=0} vis=true
12-11 11:59:14.203 19878 19878 I GoogleInputMethodService:     navigationBars=Insets{left=0, top=0, right=0, bottom=168} max=Insets{left=0, top=0, right=0, bottom=168} vis=true
12-11 11:59:14.203 19878 19878 I GoogleInputMethodService:     =Insets{left=0, top=0, right=0, bottom=0} max=null vis=false
12-11 11:59:14.203 19878 19878 I GoogleInputMethodService:     ime=Insets{left=0, top=0, right=0, bottom=0} max=null vis=false
12-11 11:59:14.203 19878 19878 I GoogleInputMethodService:     systemGestures=Insets{left=0, top=0, right=0, bottom=168} max=Insets{left=0, top=0, right=0, bottom=168} vis=true
12-11 11:59:14.203 19878 19878 I GoogleInputMethodService:     mandatorySystemGestures=Insets{left=0, top=0, right=0, bottom=168} max=Insets{left=0, top=0, right=0, bottom=168} vis=true
12-11 11:59:14.203 19878 19878 I GoogleInputMethodService:     tappableElement=Insets{left=0, top=0, right=0, bottom=168} max=Insets{left=0, top=0, right=0, bottom=168} vis=true
12-11 11:59:14.203 19878 19878 I GoogleInputMethodService:     displayCutout=Insets{left=0, top=0, right=0, bottom=0} max=null vis=false
12-11 11:59:14.203 19878 19878 I GoogleInputMethodService:     windowDecor=null max=null vis=false
12-11 11:59:14.203 19878 19878 I GoogleInputMethodService:     
12-11 11:59:14.203 19878 19878 I GoogleInputMethodService:     }
12-11 11:59:14.203 19878 19878 W AndroidIME: KeyboardViewManager.initializeViews():345 initializeViews() : keyboard full width = -1; root view width = 1440; measured keyboard height = 2782
12-11 11:59:14.203 19878 19878 I AndroidIME: KeyboardViewManager.updateKeyboardHeaderViewWidth():767 keyboard header ratio:1.000000 body ratio:1.000000
12-11 11:59:14.203 19878 19878 I AndroidIME: KeyboardViewManager.updateKeyboardHeaderViewWidth():767 keyboard header ratio:1.000000 body ratio:1.000000
12-11 11:59:14.203 19878 19878 I AndroidIME: KeyboardViewManager.getInputViewBottomGapFromScreen():276 get inputViewBottomGapFromScreen = 168 from keyboard size helper.
12-11 11:59:14.203 19878 19878 I GoogleInputMethodService: GoogleInputMethodService$10.getKeyboardBottomCoverNavigationHeight():3219 Returns default 0 as the coverNavigationHeight while extendsTouchBelowSpace=false decorViewWindowInsets=WindowInsets{
12-11 11:59:14.203 19878 19878 I GoogleInputMethodService:     statusBars=Insets{left=0, top=0, right=0, bottom=0} max=Insets{left=0, top=0, right=0, bottom=0} vis=true
12-11 11:59:14.203 19878 19878 I GoogleInputMethodService:     navigationBars=Insets{left=0, top=0, right=0, bottom=168} max=Insets{left=0, top=0, right=0, bottom=168} vis=true
12-11 11:59:14.203 19878 19878 I GoogleInputMethodService:     =Insets{left=0, top=0, right=0, bottom=0} max=null vis=false
12-11 11:59:14.203 19878 19878 I GoogleInputMethodService:     ime=Insets{left=0, top=0, right=0, bottom=0} max=null vis=false
12-11 11:59:14.203 19878 19878 I GoogleInputMethodService:     systemGestures=Insets{left=0, top=0, right=0, bottom=168} max=Insets{left=0, top=0, right=0, bottom=168} vis=true
12-11 11:59:14.203 19878 19878 I GoogleInputMethodService:     mandatorySystemGestures=Insets{left=0, top=0, right=0, bottom=168} max=Insets{left=0, top=0, right=0, bottom=168} vis=true
12-11 11:59:14.203 19878 19878 I GoogleInputMethodService:     tappableElement=Insets{left=0, top=0, right=0, bottom=168} max=Insets{left=0, top=0, right=0, bottom=168} vis=true
12-11 11:59:14.203 19878 19878 I GoogleInputMethodService:     displayCutout=Insets{left=0, top=0, right=0, bottom=0} max=null vis=false
12-11 11:59:14.203 19878 19878 I GoogleInputMethodService:     windowDecor=null max=null vis=false
12-11 11:59:14.203 19878 19878 I GoogleInputMethodService:     
12-11 11:59:14.203 19878 19878 I GoogleInputMethodService:     }
12-11 11:59:14.204 19878 19878 I CurrentMicStatusHolder: CurrentMicStatusHolder.onStartInputView():79 Current Mic status = {MicIconHidden-PasswordOrNumberOrDateInputType,}
12-11 11:59:14.204 19878 19878 I VoiceImeExtension: VoiceImeExtension.shouldStartVoiceInputAutomatically():342 No private IME option set to start voice input.
12-11 11:59:14.206  8324  8370 I appium  : AppiumResponse: {"sessionId":"017b38bf-4339-4468-8b91-a7ec0983b8a8","value":{"ELEMENT":"f5578d11-7f1d-42a9-8d9c-41cfab7510a6","element-6066-11e4-a52e-4f735466cecf":"f5578d11-7f1d-42a9-8d9c-41cfab7510a6"}}
12-11 11:59:14.227  8324  8370 I appium  : channel read invoked!
12-11 11:59:14.227  8324  8370 I appium  : channel read: POST /wd/hub/session/017b38bf-4339-4468-8b91-a7ec0983b8a8/element/f5578d11-7f1d-42a9-8d9c-41cfab7510a6/click
12-11 11:59:14.228  8324  8370 I appium  : Click element command
12-11 11:59:14.866  8324  8370 I appium  : Waiting up to 10000ms for device to be idle
12-11 11:59:14.933 19878 19878 I GoogleInputMethodService: GoogleInputMethodService.onFinishInputView():2221 
12-11 11:59:14.934 19878 19878 I AndroidIME: AbstractIme.onDeactivate():161 PasswordIme.onDeactivate()
12-11 11:59:14.935  3282  3282 I A       : Receiving sys ui event of type com.google.android.apps.googlequicksearchbox.nga.ON_KEYBOARD_SHOWING_CHANGED.
12-11 11:59:14.938 19878 19906 W DeferredProtoXDBCacheFlushPolicy: DeferredProtoXDBCacheFlushPolicy$2$1.onFailure():93 Failed to run scheduled maybe flush task after input view finished.
12-11 11:59:14.938 19878 19906 W DeferredProtoXDBCacheFlushPolicy: java.util.concurrent.CancellationException: Task was cancelled.
12-11 11:59:14.938 19878 19906 W DeferredProtoXDBCacheFlushPolicy: 	at qwj.s(PG:3)
12-11 11:59:14.938 19878 19906 W DeferredProtoXDBCacheFlushPolicy: 	at qwj.get(PG:4)
12-11 11:59:14.938 19878 19906 W DeferredProtoXDBCacheFlushPolicy: 	at raa.f(PG:1)
12-11 11:59:14.938 19878 19906 W DeferredProtoXDBCacheFlushPolicy: 	at qyz.x(PG:2)
12-11 11:59:14.938 19878 19906 W DeferredProtoXDBCacheFlushPolicy: 	at qyh.run(PG:4)
12-11 11:59:14.938 19878 19906 W DeferredProtoXDBCacheFlushPolicy: 	at java.util.concurrent.Executors$RunnableAdapter.call(Executors.java:462)
12-11 11:59:14.938 19878 19906 W DeferredProtoXDBCacheFlushPolicy: 	at java.util.concurrent.FutureTask.run(FutureTask.java:266)
12-11 11:59:14.938 19878 19906 W DeferredProtoXDBCacheFlushPolicy: 	at kii.run(PG:2)
12-11 11:59:14.938 19878 19906 W DeferredProtoXDBCacheFlushPolicy: 	at java.util.concurrent.ThreadPoolExecutor.runWorker(ThreadPoolExecutor.java:1167)
12-11 11:59:14.938 19878 19906 W DeferredProtoXDBCacheFlushPolicy: 	at java.util.concurrent.ThreadPoolExecutor$Worker.run(ThreadPoolExecutor.java:641)
12-11 11:59:14.938 19878 19906 W DeferredProtoXDBCacheFlushPolicy: 	at java.lang.Thread.run(Thread.java:923)
12-11 11:59:14.938 19878 19906 W DeferredProtoXDBCacheFlushPolicy: 	at khw.run(PG:4)
12-11 11:59:14.944 19878 19878 I GoogleInputMethodService: GoogleInputMethodService.onFinishInput():3308 
12-11 11:59:14.944 19878 19878 I GoogleInputMethodService: GoogleInputMethodService.onStartInput():1887 
12-11 11:59:15.005  8389  8495 E CursorWindow: Failed to read row 0, column 29 from a CursorWindow which has 1 rows, 29 columns.
12-11 11:59:15.006  8389  8494 E CursorWindow: Failed to read row 0, column 29 from a CursorWindow which has 1 rows, 29 columns.
12-11 11:59:15.059 19878 19878 I GoogleInputMethodService: GoogleInputMethodService.onFinishInput():3308 
12-11 11:59:15.060 19878 19878 I GoogleInputMethodService: GoogleInputMethodService.onStartInput():1887 
12-11 11:59:15.356  8389  8493 E CursorWindow: Failed to read row 0, column 29 from a CursorWindow which has 1 rows, 29 columns.
12-11 11:59:15.361  8389  8495 E CursorWindow: Failed to read row 0, column 29 from a CursorWindow which has 17 rows, 29 columns.
12-11 11:59:15.362  8389  8495 E CursorWindow: Failed to read row 1, column 29 from a CursorWindow which has 17 rows, 29 columns.
12-11 11:59:15.363  8389  8495 E CursorWindow: Failed to read row 2, column 29 from a CursorWindow which has 17 rows, 29 columns.
12-11 11:59:15.364  8389  8495 E CursorWindow: Failed to read row 3, column 29 from a CursorWindow which has 17 rows, 29 columns.
12-11 11:59:15.365  8389  8495 E CursorWindow: Failed to read row 4, column 29 from a CursorWindow which has 17 rows, 29 columns.
12-11 11:59:15.365  8389  8495 E CursorWindow: Failed to read row 5, column 29 from a CursorWindow which has 17 rows, 29 columns.
12-11 11:59:15.365  8389  8495 E CursorWindow: Failed to read row 6, column 29 from a CursorWindow which has 17 rows, 29 columns.
12-11 11:59:15.366  8389  8495 E CursorWindow: Failed to read row 7, column 29 from a CursorWindow which has 17 rows, 29 columns.
12-11 11:59:15.367  8389  8495 E CursorWindow: Failed to read row 8, column 29 from a CursorWindow which has 17 rows, 29 columns.
12-11 11:59:15.367  8389  8495 E CursorWindow: Failed to read row 9, column 29 from a CursorWindow which has 17 rows, 29 columns.
12-11 11:59:15.368  8389  8495 E CursorWindow: Failed to read row 10, column 29 from a CursorWindow which has 17 rows, 29 columns.
12-11 11:59:15.368  8389  8495 E CursorWindow: Failed to read row 11, column 29 from a CursorWindow which has 17 rows, 29 columns.
12-11 11:59:15.372  8389  8495 E CursorWindow: Failed to read row 12, column 29 from a CursorWindow which has 17 rows, 29 columns.
12-11 11:59:15.372  8389  8495 E CursorWindow: Failed to read row 13, column 29 from a CursorWindow which has 17 rows, 29 columns.
12-11 11:59:15.373  8389  8495 E CursorWindow: Failed to read row 14, column 29 from a CursorWindow which has 17 rows, 29 columns.
12-11 11:59:15.373  8389  8495 E CursorWindow: Failed to read row 15, column 29 from a CursorWindow which has 17 rows, 29 columns.
12-11 11:59:15.373  8389  8495 E CursorWindow: Failed to read row 16, column 29 from a CursorWindow which has 17 rows, 29 columns.
12-11 11:59:15.567  8324  8370 I appium  : AppiumResponse: {"sessionId":"017b38bf-4339-4468-8b91-a7ec0983b8a8","value":null}
12-11 11:59:18.609  8324  8370 I appium  : channel read invoked!
12-11 11:59:18.610  8324  8370 I appium  : channel read: DELETE /wd/hub/session/017b38bf-4339-4468-8b91-a7ec0983b8a8
12-11 11:59:18.611  8324  8370 I appium  : Delete session command
12-11 11:59:18.616  8324  8370 I appium  : Stopping uiautomator2 io.appium.uiautomator2.http io.appium.uiautomator2.server
12-11 11:59:18.617  8324  8370 I appium  : AppiumResponse: {"sessionId":"017b38bf-4339-4468-8b91-a7ec0983b8a8","value":null}
12-11 11:59:18.685  1406  3940 I ActivityManager: Force stopping com.flipkart.android appid=10340 user=0: from pid 8584
12-11 11:59:18.686  1406  3940 I ActivityManager: Killing 8389:com.flipkart.android/u0a340 (adj 0): stop com.flipkart.android due to from pid 8584
12-11 11:59:18.688  1406  3940 W ActivityTaskManager: Force removing ActivityRecord{4fdc907 u0 com.flipkart.android/.activity.HomeFragmentHolderActivity t3782 f}}: app died, no saved state
12-11 11:59:18.692  8324  8358 I TestRunner: finished: startServer(io.appium.uiautomator2.server.test.AppiumUiAutomator2Server)
12-11 11:59:18.697  8324  8324 I MonitoringInstr: Activities that are still in CREATED to STOPPED: 0
12-11 11:59:18.698  8324  8358 I TestRunner: run finished: 1 tests, 0 failed, 0 ignored
12-11 11:59:18.702  1406  3940 I WindowManager:   Force finishing activity ActivityRecord{4fdc907 u0 com.flipkart.android/.activity.HomeFragmentHolderActivity t3782 f} isExiting}
12-11 11:59:18.702  1406  3940 W ActivityTaskManager: Duplicate finish request for r=ActivityRecord{4fdc907 u0 com.flipkart.android/.activity.HomeFragmentHolderActivity t3782 f} isExiting}
12-11 11:59:18.710  1406  3812 W ActivityManager: Permission Denial: Accessing service com.google.android.music/.dial.DialMediaRouteProviderService from pid=6926, uid=10190 that is not exported from uid 10167
12-11 11:59:18.712  2117  2117 D CarrierSvcBindHelper: No carrier app for: 0
12-11 11:59:18.714  3305  3305 D RegisteredNfcFServicesCache: Service unchanged, not updating
12-11 11:59:18.721  7666  8588 I EuiccGoogle: [55760] EuiccServiceImpl.onGetEuiccProfileInfoList: onGetEuiccProfileInfoList: slotId = -1
12-11 11:59:18.727  1406  1439 D ConnectivityService: ConnectivityService NetworkRequestInfo binderDied(NetworkRequest [ TRACK_DEFAULT id=23615, [ Capabilities: INTERNET&NOT_RESTRICTED&TRUSTED Uid: 10340 AdministratorUids: [] RequestorUid: 10340 RequestorPackageName: com.flipkart.android] ], android.os.BinderProxy@89abc56)
12-11 11:59:18.727  1406  3273 D AutofillSession: handling death of Token{4306346 ActivityRecord{4fdc907 u0 com.flipkart.android/.activity.HomeFragmentHolderActivity t3782 f} isExiting}} when saving=false
12-11 11:59:18.727   868   868 I Zygote  : Process 8389 exited due to signal 9 (Killed)
12-11 11:59:18.727  1406  1644 D ConnectivityService: releasing NetworkRequest [ TRACK_DEFAULT id=23615, [ Capabilities: INTERNET&NOT_RESTRICTED&TRUSTED Uid: 10340 AdministratorUids: [] RequestorUid: 10340 RequestorPackageName: com.flipkart.android] ] (release request)
12-11 11:59:18.728  1406  2010 I WindowManager: WIN DEATH: Window{188d4ae u0 com.flipkart.android/com.flipkart.android.activity.HomeFragmentHolderActivity}
12-11 11:59:18.728  1406  2010 W InputDispatcher: Attempted to unregister already unregistered input channel '188d4ae com.flipkart.android/com.flipkart.android.activity.HomeFragmentHolderActivity (server)'
12-11 11:59:18.730  1406  1477 I libprocessgroup: Successfully killed process cgroup uid 10340 pid 8389 in 42ms
12-11 11:59:18.731  1406  3940 I WindowManager: WIN DEATH: Window{e610c6d u0 com.flipkart.android/com.flipkart.android.activity.HomeFragmentHolderActivity}
12-11 11:59:18.731  1406  3940 W InputDispatcher: Attempted to unregister already unregistered input channel 'e610c6d com.flipkart.android/com.flipkart.android.activity.HomeFragmentHolderActivity (server)'
12-11 11:59:18.735  1406  3332 W WindowManager: Cannot find window which accessibility connection is added to
12-11 11:59:18.738  1406  3334 W WindowManager: Cannot find window which accessibility connection is added to
12-11 11:59:18.738  1406  1469 W ActivityManager: setHasOverlayUi called on unknown pid: 8389
12-11 11:59:18.738  1791  1791 V KeyguardUpdateMonitor: onSubscriptionInfoChanged()
12-11 11:59:18.740  2117  2117 D Telephony: isEmergencyPreferredAccount: subId=1, activeData=1
12-11 11:59:18.740  2117  2117 D Telephony: isEmergencyPreferredAccount: Device does not require preference.
12-11 11:59:18.742  1791  1791 V KeyguardUpdateMonitor: SubInfo:{id=1 iccId=899186000[****] simSlotIndex=0 carrierId=1963 displayName=Vodafone IN carrierName=Vodafone IN nameSource=0 iconTint=-16746133 number=[****] dataRoaming=0 iconBitmap=android.graphics.Bitmap@e365ef6 mcc=404 mnc=86 countryIso=in isEmbedded=false nativeAccessRules=null cardString=899186000[****] cardId=-1 isOpportunistic=false groupUUID=null isGroupDisabled=false profileClass=-1 ehplmns=[] hplmns=[40486] subscriptionType=0 groupOwner=null carrierConfigAccessRules=null areUiccApplicationsEnabled=true}
12-11 11:59:18.745  1916  1916 D QcrilMsgTunnelIfaceManager: handleMessage what = 1
12-11 11:59:18.746  1916  1916 I QcrilOemhookMsgTunnel: [0]invokeOemRilRequestRaw: serial=2445 length=16
12-11 11:59:18.748  1916  1945 I QcrilOemhookMsgTunnel: [0]processOemHookResponse serial no: 2445 error: 0length=88
12-11 11:59:18.748  1916  1916 D QcrilMsgTunnelIfaceManager: handleMessage what = 2
12-11 11:59:18.750  7666  8588 I EuiccGoogle: [55760] UiccLogicalChannel.open: Locked on aid: A0000005591010FFFFFFFF8900000100
12-11 11:59:18.758 12570 12639 W ThreadPoolDumper: Queue length for executor EventBus is now 11. Perhaps some tasks are too long, or the pool is too small.
12-11 11:59:18.760  1406  1644 D ConnectivityService: NetReassign [no changes]
12-11 11:59:18.783  2117  2117 E PhoneInterfaceManager: [PhoneIntfMgr] iccOpenLogicalChannel: Exception: com.android.internal.telephony.CommandException: NO_SUCH_ELEMENT
12-11 11:59:18.783 19878 19878 I GoogleInputMethodService: GoogleInputMethodService.onFinishInput():3308 
12-11 11:59:18.783 19878 19878 I GoogleInputMethodService: GoogleInputMethodService.onStartInput():1887 
12-11 11:59:18.784  7666  8588 E EuiccGoogle: [55760] UiccLogicalChannel.open: selectResponse is null. Unlocked for aid: A0000005591010FFFFFFFF8900000100
12-11 11:59:18.784  7666  8588 W EuiccGoogle: [55760] EuiccServiceImpl.onGetEuiccProfileInfoList: slotId=-1. No eUICC is active. Return null.
12-11 11:59:18.822 12570 12570 I BgTaskExecutorImpl: Starting EXCLUSIVE background task TNG_MINUS_ONE_SYNC.
12-11 11:59:18.822 12570 12570 I BgTaskExecutorImpl: Starting EXCLUSIVE background task TNG_VOICE_SEARCH_SYNC.
12-11 11:59:18.823 12570 12639 I TngMinusOneSync: Syncing TNG:-1
12-11 11:59:18.824 12570 12639 I TngVoiceSearchSync: Syncing TNG:VoiceSearch
12-11 11:59:18.899  8324  8324 I MonitoringInstr: Activities that are still in CREATED to STOPPED: 0
12-11 11:59:18.899  8324  8358 I MonitoringInstr: waitForActivitiesToComplete() took: 0ms
12-11 11:59:18.900  1406  1741 W WindowManager: removeWindowToken: Attempted to remove non-existing token: android.os.Binder@5da0d1
12-11 11:59:18.903  1406  1741 I ActivityManager: Force stopping io.appium.uiautomator2.server appid=10303 user=0: finished inst
12-11 11:59:18.903  1406  1741 I ActivityManager: Killing 8324:io.appium.uiautomator2.server/u0a303 (adj 0): stop io.appium.uiautomator2.server due to finished inst
12-11 11:59:18.909  8308  8308 D AndroidRuntime: Shutting down VM
12-11 11:59:18.928   868   868 I Zygote  : Process 8324 exited due to signal 9 (Killed)
12-11 11:59:18.936  1406  1477 I libprocessgroup: Successfully killed process cgroup uid 10303 pid 8324 in 32ms
