12-11 11:59:08.691 19878 19878 I GoogleInputMethodService:     windowDecor=null max=null vis=false
12-11 11:59:08.691 19878 19878 I GoogleInputMethodService:     
12-11 11:59:08.691 19878 19878 I GoogleInputMethodService:     }
12-11 11:59:08.691 19878 19878 W AndroidIME: KeyboardViewManager.initializeViews():345 initializeViews() : keyboard full width = -1; root view width = 1440; measured keyboard height = 2782
12-11 11:59:08.692 19878 19878 I AndroidIME: KeyboardViewManager.updateKeyboardHeaderViewWidth():767 keyboard header ratio:1.000000 body ratio:1.000000
12-11 11:59:08.692 19878 19878 I AndroidIME: KeyboardViewManager.updateKeyboardHeaderViewWidth():767 keyboard header ratio:1.000000 body ratio:1.000000
12-11 11:59:08.692 19878 19878 I AndroidIME: KeyboardViewManager.getInputViewBottomGapFromScreen():276 get inputViewBottomGapFromScreen = 168 from keyboard size helper.
12-11 11:59:08.692 19878 19878 I GoogleInputMethodService: GoogleInputMethodService$10.getKeyboardBottomCoverNavigationHeight():3219 Returns default 0 as the coverNavigationHeight while extendsTouchBelowSpace=false decorViewWindowInsets=WindowInsets{
12-11 11:59:08.692 19878 19878 I GoogleInputMethodService:     statusBars=Insets{left=0, top=0, right=0, bottom=0} max=Insets{left=0, top=0, right=0, bottom=0} vis=true
12-11 11:59:08.692 19878 19878 I GoogleInputMethodService:     navigationBars=Insets{left=0, top=0, right=0, bottom=168} max=Insets{left=0, top=0, right=0, bottom=168} vis=true
12-11 11:59:08.692 19878 19878 I GoogleInputMethodService:     =Insets{left=0, top=0, right=0, bottom=0} max=null vis=false
12-11 11:59:08.692 19878 19878 I GoogleInputMethodService:     ime=Insets{left=0, top=0, right=0, bottom=0} max=null vis=false
12-11 11:59:08.692 19878 19878 I GoogleInputMethodService:     systemGestures=Insets{left=0, top=0, right=0, bottom=168} max=Insets{left=0, top=0, right=0, bottom=168} vis=true
12-11 11:59:08.692 19878 19878 I GoogleInputMethodService:     mandatorySystemGestures=Insets{left=0, top=0, right=0, bottom=168} max=Insets{left=0, top=0, right=0, bottom=168} vis=true
12-11 11:59:08.692 19878 19878 I GoogleInputMethodService:     tappableElement=Insets{left=0, top=0, right=0, bottom=168} max=Insets{left=0, top=0, right=0, bottom=168} vis=true
12-11 11:59:08.692 19878 19878 I GoogleInputMethodService:     displayCutout=Insets{left=0, top=0, right=0, bottom=0} max=null vis=false
12-11 11:59:08.692 19878 19878 I GoogleInputMethodService:     windowDecor=null max=null vis=false
12-11 11:59:08.692 19878 19878 I GoogleInputMethodService:     
12-11 11:59:08.692 19878 19878 I GoogleInputMethodService:     }
12-11 11:59:08.692 19878 19878 I VoiceImeExtension: VoiceImeExtension.shouldStartVoiceInputAutomatically():342 No private IME option set to start voice input.
12-11 11:59:08.702 19878 19878 I GoogleInputMethodService: GoogleInputMethodService.onFinishInputView():2221 
12-11 11:59:08.703 19878 19878 I AndroidIME: AbstractIme.onDeactivate():161 PasswordIme.onDeactivate()
12-11 11:59:08.703 19878 19878 I GoogleInputMethodService: GoogleInputMethodService.onFinishInput():3308 
12-11 11:59:08.704 19878 19906 W DeferredProtoXDBCacheFlushPolicy: DeferredProtoXDBCacheFlushPolicy$2$1.onFailure():93 Failed to run scheduled maybe flush task after input view finished.
12-11 11:59:08.704 19878 19906 W DeferredProtoXDBCacheFlushPolicy: java.util.concurrent.CancellationException: Task was cancelled.
12-11 11:59:08.704 19878 19906 W DeferredProtoXDBCacheFlushPolicy: 	at qwj.s(PG:3)
12-11 11:59:08.704 19878 19906 W DeferredProtoXDBCacheFlushPolicy: 	at qwj.get(PG:4)
12-11 11:59:08.704 19878 19906 W DeferredProtoXDBCacheFlushPolicy: 	at raa.f(PG:1)
12-11 11:59:08.704 19878 19906 W DeferredProtoXDBCacheFlushPolicy: 	at qyz.x(PG:2)
12-11 11:59:08.704 19878 19906 W DeferredProtoXDBCacheFlushPolicy: 	at qyh.run(PG:4)
12-11 11:59:08.704 19878 19906 W DeferredProtoXDBCacheFlushPolicy: 	at java.util.concurrent.Executors$RunnableAdapter.call(Executors.java:462)
12-11 11:59:08.704 19878 19906 W DeferredProtoXDBCacheFlushPolicy: 	at java.util.concurrent.FutureTask.run(FutureTask.java:266)
12-11 11:59:08.704 19878 19906 W DeferredProtoXDBCacheFlushPolicy: 	at kii.run(PG:2)
12-11 11:59:08.704 19878 19906 W DeferredProtoXDBCacheFlushPolicy: 	at java.util.concurrent.ThreadPoolExecutor.runWorker(ThreadPoolExecutor.java:1167)
12-11 11:59:08.704 19878 19906 W DeferredProtoXDBCacheFlushPolicy: 	at java.util.concurrent.ThreadPoolExecutor$Worker.run(ThreadPoolExecutor.java:641)
12-11 11:59:08.704 19878 19906 W DeferredProtoXDBCacheFlushPolicy: 	at java.lang.Thread.run(Thread.java:923)
12-11 11:59:08.704 19878 19906 W DeferredProtoXDBCacheFlushPolicy: 	at khw.run(PG:4)
12-11 11:59:08.706 19878 19878 I GoogleInputMethodService: GoogleInputMethodService.onStartInput():1887 
12-11 11:59:08.707 19878 19878 I GoogleInputMethodService: GoogleInputMethodService.onStartInputView():2012 
12-11 11:59:08.733  8389  8389 W IInputConnectionWrapper: getTextBeforeCursor on inactive InputConnection
12-11 11:59:08.748  8389  8389 W IInputConnectionWrapper: getSelectedText on inactive InputConnection
12-11 11:59:08.764  8389  8389 W IInputConnectionWrapper: getTextAfterCursor on inactive InputConnection
12-11 11:59:08.765 19878 19878 I KeyboardViewUtil: KeyboardViewUtil.getKeyboardHeightRatio():175 systemKeyboardHeightRatio:1.000000; userKeyboardHeightRatio:1.000000.
12-11 11:59:08.766 19878 19878 I AndroidIME: AbstractIme.onActivate():84 LatinIme.onActivate() : EditorInfo = Package = com.flipkart.android : Type = Email : Learning = Disable : Suggestion = Show : AutoCorrection = Disable : Microphone = DisabledMic : NoPersonalizedLearning = Disable : AutoStartVoiceInput = Disable, IncognitoMode = false
12-11 11:59:08.766 19878 19878 I Delight5Facilitator: Delight5Facilitator.initializeForIme():594 initializeForIme() : Locale = [en_US, es_US], layout = qwerty
12-11 11:59:08.766 19878 19878 I VoiceInputManagerWrapper: VoiceInputManagerWrapper.cancelShutdown():55 cancelShutdown()
12-11 11:59:08.766 19878 19878 I VoiceInputManagerWrapper: VoiceInputManagerWrapper.syncLanguagePacks():67 syncLanguagePacks()
12-11 11:59:08.767 19878 19878 I LatinIme: LatinIme.updateEnableInlineSuggestionsOnDecoderSideFlags():1221 inline flag updated to:false
12-11 11:59:08.767 19878 28138 I SpeechFactory: SpeechRecognitionFactory.maybeScheduleAutoPackDownloadForFallback():160 maybeScheduleAutoPackDownloadForFallback()
12-11 11:59:08.767 19878 28138 I FallbackOnDeviceRecognitionProvider: FallbackOnDeviceRecognitionProvider.maybeScheduleAutoPackDownload():196 maybeScheduleAutoPackDownload() for language tag en-US
12-11 11:59:08.767 19878 28138 I FallbackOnDeviceRecognitionProvider: FallbackOnDeviceRecognitionProvider.maybeScheduleAutoPackDownload():196 maybeScheduleAutoPackDownload() for language tag es-US
12-11 11:59:08.768 19878 19878 I KeyboardWrapper: KeyboardWrapper.consumeEvent():281 Skip consuming an event as current keyboard is deactivated (state=0, keyboard existence=true)
12-11 11:59:08.783 19878 19878 I KeyboardViewHelper: KeyboardViewHelper.getView():174 Get view with height ratio:1.000000; experiment height ratio:1.000000.
12-11 11:59:08.798  8389  8389 W IInputConnectionWrapper: beginBatchEdit on inactive InputConnection
12-11 11:59:08.798  8389  8389 W IInputConnectionWrapper: endBatchEdit on inactive InputConnection
12-11 11:59:08.801 19878 19878 I KeyboardViewUtil: KeyboardViewUtil.calculateMaxKeyboardBodyHeight():66 leave 473 height for app when screen height:2712, header height:154 and isFullscreenMode:false, so the max keyboard body height is:2085
12-11 11:59:08.802 19878 19934 I Delight5Decoder: Delight5DecoderWrapper.handleMessage():1834 handleMessage(): UPDATE_KEYBOARD_LAYOUT
12-11 11:59:08.802 19878 19878 I KeyboardViewUtil: KeyboardViewUtil.calculateMaxKeyboardBodyHeight():66 leave 473 height for app when screen height:2712, header height:154 and isFullscreenMode:false, so the max keyboard body height is:2085
12-11 11:59:08.803 19878 19878 W KeyboardModeManager: KeyboardModeManager.setInputView():307 setInputView() : inputView = com.google.android.apps.inputmethod.libs.framework.core.InputView{65dc64b V.E...... ......ID 0,0-1440,2614}
12-11 11:59:08.803 19878 19878 I NormalModeController: NormalModeController.getKeyboardBodyViewHolderPaddingBottom():112 currentPrimeKeyboardType:SOFT systemPaddingBottom:-1
12-11 11:59:08.803 19878 19878 I AndroidIME: KeyboardViewManager.getInputViewBottomGapFromScreen():276 get inputViewBottomGapFromScreen = 168 from keyboard size helper.
12-11 11:59:08.803 19878 19878 I GoogleInputMethodService: GoogleInputMethodService$10.getKeyboardBottomCoverNavigationHeight():3219 Returns default 0 as the coverNavigationHeight while extendsTouchBelowSpace=false decorViewWindowInsets=WindowInsets{
12-11 11:59:08.803 19878 19878 I GoogleInputMethodService:     statusBars=Insets{left=0, top=0, right=0, bottom=0} max=Insets{left=0, top=0, right=0, bottom=0} vis=true
12-11 11:59:08.803 19878 19878 I GoogleInputMethodService:     navigationBars=Insets{left=0, top=0, right=0, bottom=168} max=Insets{left=0, top=0, right=0, bottom=168} vis=true
12-11 11:59:08.803 19878 19878 I GoogleInputMethodService:     =Insets{left=0, top=0, right=0, bottom=0} max=null vis=false
12-11 11:59:08.803 19878 19878 I GoogleInputMethodService:     ime=Insets{left=0, top=0, right=0, bottom=0} max=null vis=false
12-11 11:59:08.803 19878 19878 I GoogleInputMethodService:     systemGestures=Insets{left=0, top=0, right=0, bottom=168} max=Insets{left=0, top=0, right=0, bottom=168} vis=true
12-11 11:59:08.803 19878 19878 I GoogleInputMethodService:     mandatorySystemGestures=Insets{left=0, top=0, right=0, bottom=168} max=Insets{left=0, top=0, right=0, bottom=168} vis=true
12-11 11:59:08.803 19878 19878 I GoogleInputMethodService:     tappableElement=Insets{left=0, top=0, right=0, bottom=168} max=Insets{left=0, top=0, right=0, bottom=168} vis=true
12-11 11:59:08.803 19878 19878 I GoogleInputMethodService:     displayCutout=Insets{left=0, top=0, right=0, bottom=0} max=null vis=false
12-11 11:59:08.803 19878 19878 I GoogleInputMethodService:     windowDecor=null max=null vis=false
12-11 11:59:08.803 19878 19878 I GoogleInputMethodService:     
12-11 11:59:08.803 19878 19878 I GoogleInputMethodService:     }
12-11 11:59:08.803 19878 19878 W AndroidIME: KeyboardViewManager.initializeViews():345 initializeViews() : keyboard full width = -1; root view width = 1440; measured keyboard height = 2782
12-11 11:59:08.803 19878 19878 I AndroidIME: KeyboardViewManager.updateKeyboardHeaderViewWidth():767 keyboard header ratio:1.000000 body ratio:1.000000
12-11 11:59:08.803 19878 19878 I AndroidIME: KeyboardViewManager.updateKeyboardHeaderViewWidth():767 keyboard header ratio:1.000000 body ratio:1.000000
12-11 11:59:08.804 19878 19878 I AndroidIME: KeyboardViewManager.getInputViewBottomGapFromScreen():276 get inputViewBottomGapFromScreen = 168 from keyboard size helper.
12-11 11:59:08.804 19878 19878 I GoogleInputMethodService: GoogleInputMethodService$10.getKeyboardBottomCoverNavigationHeight():3219 Returns default 0 as the coverNavigationHeight while extendsTouchBelowSpace=false decorViewWindowInsets=WindowInsets{
12-11 11:59:08.804 19878 19878 I GoogleInputMethodService:     statusBars=Insets{left=0, top=0, right=0, bottom=0} max=Insets{left=0, top=0, right=0, bottom=0} vis=true
12-11 11:59:08.804 19878 19878 I GoogleInputMethodService:     navigationBars=Insets{left=0, top=0, right=0, bottom=168} max=Insets{left=0, top=0, right=0, bottom=168} vis=true
12-11 11:59:08.804 19878 19878 I GoogleInputMethodService:     =Insets{left=0, top=0, right=0, bottom=0} max=null vis=false
12-11 11:59:08.804 19878 19878 I GoogleInputMethodService:     ime=Insets{left=0, top=0, right=0, bottom=0} max=null vis=false
12-11 11:59:08.804 19878 19878 I GoogleInputMethodService:     systemGestures=Insets{left=0, top=0, right=0, bottom=168} max=Insets{left=0, top=0, right=0, bottom=168} vis=true
12-11 11:59:08.804 19878 19878 I GoogleInputMethodService:     mandatorySystemGestures=Insets{left=0, top=0, right=0, bottom=168} max=Insets{left=0, top=0, right=0, bottom=168} vis=true
12-11 11:59:08.804 19878 19878 I GoogleInputMethodService:     tappableElement=Insets{left=0, top=0, right=0, bottom=168} max=Insets{left=0, top=0, right=0, bottom=168} vis=true
12-11 11:59:08.804 19878 19878 I GoogleInputMethodService:     displayCutout=Insets{left=0, top=0, right=0, bottom=0} max=null vis=false
12-11 11:59:08.804 19878 19878 I GoogleInputMethodService:     windowDecor=null max=null vis=false
12-11 11:59:08.804 19878 19878 I GoogleInputMethodService:     
12-11 11:59:08.804 19878 19878 I GoogleInputMethodService:     }
12-11 11:59:08.804 19878 19878 I CurrentMicStatusHolder: CurrentMicStatusHolder.onStartInputView():79 Current Mic status = {MicIconHidden-EmailInputType,}
12-11 11:59:08.804 19878 19878 I VoiceImeExtension: VoiceImeExtension.shouldStartVoiceInputAutomatically():342 No private IME option set to start voice input.
12-11 11:59:08.807 19878 19878 I GoogleInputMethodService: GoogleInputMethodService.onStartInput():1887 
12-11 11:59:08.807 19878 19878 W SessionManager: SessionManager.beginSession():53 Try to begin an already begun session [INPUT_SESSION], end it first
12-11 11:59:08.807 19878 19878 W SessionManager: SessionManager.endSession():96 Child session [INPUT_VIEW_SESSION] is not ended while ending session [{IME_SESSION=1607668148765, INPUT_VIEW_SESSION=1607668148707, INPUT_SESSION=1607668148706, TRAINING_CACHE_SESSION=1607668148766}], ending it now.
12-11 11:59:08.807 19878 19878 W SessionManager: SessionManager.endSession():96 Child session [IME_SESSION] is not ended while ending session [{IME_SESSION=1607668148765, INPUT_VIEW_SESSION=1607668148707, INPUT_SESSION=1607668148706, TRAINING_CACHE_SESSION=1607668148766}], ending it now.
12-11 11:59:08.807 19878 19878 W SessionManager: SessionManager.endSession():96 Child session [TRAINING_CACHE_SESSION] is not ended while ending session [{IME_SESSION=1607668148765, INPUT_VIEW_SESSION=1607668148707, INPUT_SESSION=1607668148706, TRAINING_CACHE_SESSION=1607668148766}], ending it now.
12-11 11:59:08.808 19878 19878 I GoogleInputMethodService: GoogleInputMethodService.onStartInputView():2012 
12-11 11:59:08.816  8389  8389 W IInputConnectionWrapper: getTextBeforeCursor on inactive InputConnection
12-11 11:59:08.825  8389  8389 W IInputConnectionWrapper: getSelectedText on inactive InputConnection
12-11 11:59:08.846  8389  8389 W IInputConnectionWrapper: getTextAfterCursor on inactive InputConnection
12-11 11:59:08.847 19878 19878 I KeyboardViewUtil: KeyboardViewUtil.getKeyboardHeightRatio():175 systemKeyboardHeightRatio:1.000000; userKeyboardHeightRatio:1.000000.
12-11 11:59:08.847 19878 19878 I InlineSuggestionCandidateViewController: InlineSuggestionCandidateViewController.setInlineSuggestionCandidateImpl():1207 set  to inlineSuggestionTextView
12-11 11:59:08.848 19878 19878 I KeyboardWrapper: KeyboardWrapper.consumeEvent():281 Skip consuming an event as current keyboard is deactivated (state=0, keyboard existence=true)
12-11 11:59:08.848 19878 19878 I VoiceInputManagerWrapper: VoiceInputManagerWrapper.shutdown():77 shutdown()
12-11 11:59:08.848 19878 19878 W SessionManager: SessionManager.endSession():88 Try to end a not begun session [TRAINING_CACHE_SESSION].
12-11 11:59:08.848 19878 19878 I AndroidIME: AbstractIme.onDeactivate():161 LatinIme.onDeactivate()
12-11 11:59:08.849 19878 19878 W SessionManager: SessionManager.endSession():88 Try to end a not begun session [IME_SESSION].
12-11 11:59:08.849 19878 19878 I AndroidIME: AbstractIme.onActivate():84 LatinIme.onActivate() : EditorInfo = Package = com.flipkart.android : Type = Email : Learning = Disable : Suggestion = Show : AutoCorrection = Disable : Microphone = DisabledMic : NoPersonalizedLearning = Disable : AutoStartVoiceInput = Disable, IncognitoMode = false
12-11 11:59:08.849 19878 19878 I Delight5Facilitator: Delight5Facilitator.initializeForIme():594 initializeForIme() : Locale = [en_US, es_US], layout = qwerty
12-11 11:59:08.849 19878 19878 I VoiceInputManagerWrapper: VoiceInputManagerWrapper.cancelShutdown():55 cancelShutdown()
12-11 11:59:08.849 19878 19878 I VoiceInputManagerWrapper: VoiceInputManagerWrapper.syncLanguagePacks():67 syncLanguagePacks()
12-11 11:59:08.849 19878 19878 I LatinIme: LatinIme.updateEnableInlineSuggestionsOnDecoderSideFlags():1221 inline flag updated to:false
12-11 11:59:08.849 19878 28138 I SpeechFactory: SpeechRecognitionFactory.maybeScheduleAutoPackDownloadForFallback():160 maybeScheduleAutoPackDownloadForFallback()
12-11 11:59:08.849 19878 28138 I FallbackOnDeviceRecognitionProvider: FallbackOnDeviceRecognitionProvider.maybeScheduleAutoPackDownload():196 maybeScheduleAutoPackDownload() for language tag en-US
12-11 11:59:08.849 19878 28138 I FallbackOnDeviceRecognitionProvider: FallbackOnDeviceRecognitionProvider.maybeScheduleAutoPackDownload():196 maybeScheduleAutoPackDownload() for language tag es-US
12-11 11:59:08.851 19878 19878 I KeyboardWrapper: KeyboardWrapper.consumeEvent():281 Skip consuming an event as current keyboard is deactivated (state=0, keyboard existence=true)
12-11 11:59:08.855 19878 19878 I KeyboardViewUtil: KeyboardViewUtil.calculateMaxKeyboardBodyHeight():66 leave 473 height for app when screen height:2712, header height:154 and isFullscreenMode:false, so the max keyboard body height is:2085
12-11 11:59:08.857 19878 19934 I Delight5Decoder: Delight5DecoderWrapper.handleMessage():1834 handleMessage(): UPDATE_KEYBOARD_LAYOUT
12-11 11:59:08.857 19878 19878 I KeyboardViewUtil: KeyboardViewUtil.calculateMaxKeyboardBodyHeight():66 leave 473 height for app when screen height:2712, header height:154 and isFullscreenMode:false, so the max keyboard body height is:2085
12-11 11:59:08.858 19878 19878 W KeyboardModeManager: KeyboardModeManager.setInputView():307 setInputView() : inputView = com.google.android.apps.inputmethod.libs.framework.core.InputView{65dc64b V.E...... ......ID 0,0-1440,2614}
12-11 11:59:08.858 19878 19878 I NormalModeController: NormalModeController.getKeyboardBodyViewHolderPaddingBottom():112 currentPrimeKeyboardType:SOFT systemPaddingBottom:-1
12-11 11:59:08.858 19878 19878 I AndroidIME: KeyboardViewManager.getInputViewBottomGapFromScreen():276 get inputViewBottomGapFromScreen = 168 from keyboard size helper.
12-11 11:59:08.858 19878 19878 I GoogleInputMethodService: GoogleInputMethodService$10.getKeyboardBottomCoverNavigationHeight():3219 Returns default 0 as the coverNavigationHeight while extendsTouchBelowSpace=false decorViewWindowInsets=WindowInsets{
12-11 11:59:08.858 19878 19878 I GoogleInputMethodService:     statusBars=Insets{left=0, top=0, right=0, bottom=0} max=Insets{left=0, top=0, right=0, bottom=0} vis=true
12-11 11:59:08.858 19878 19878 I GoogleInputMethodService:     navigationBars=Insets{left=0, top=0, right=0, bottom=168} max=Insets{left=0, top=0, right=0, bottom=168} vis=true
12-11 11:59:08.858 19878 19878 I GoogleInputMethodService:     =Insets{left=0, top=0, right=0, bottom=0} max=null vis=false
12-11 11:59:08.858 19878 19878 I GoogleInputMethodService:     ime=Insets{left=0, top=0, right=0, bottom=0} max=null vis=false
12-11 11:59:08.858 19878 19878 I GoogleInputMethodService:     systemGestures=Insets{left=0, top=0, right=0, bottom=168} max=Insets{left=0, top=0, right=0, bottom=168} vis=true
12-11 11:59:08.858 19878 19878 I GoogleInputMethodService:     mandatorySystemGestures=Insets{left=0, top=0, right=0, bottom=168} max=Insets{left=0, top=0, right=0, bottom=168} vis=true
12-11 11:59:08.858 19878 19878 I GoogleInputMethodService:     tappableElement=Insets{left=0, top=0, right=0, bottom=168} max=Insets{left=0, top=0, right=0, bottom=168} vis=true
12-11 11:59:08.858 19878 19878 I GoogleInputMethodService:     displayCutout=Insets{left=0, top=0, right=0, bottom=0} max=null vis=false
12-11 11:59:08.858 19878 19878 I GoogleInputMethodService:     windowDecor=null max=null vis=false
12-11 11:59:08.858 19878 19878 I GoogleInputMethodService:     
12-11 11:59:08.858 19878 19878 I GoogleInputMethodService:     }
12-11 11:59:08.858 19878 19878 W AndroidIME: KeyboardViewManager.initializeViews():345 initializeViews() : keyboard full width = -1; root view width = 1440; measured keyboard height = 2782
12-11 11:59:08.859 19878 19878 I AndroidIME: KeyboardViewManager.updateKeyboardHeaderViewWidth():767 keyboard header ratio:1.000000 body ratio:1.000000
12-11 11:59:08.859 19878 19878 I AndroidIME: KeyboardViewManager.updateKeyboardHeaderViewWidth():767 keyboard header ratio:1.000000 body ratio:1.000000
12-11 11:59:08.859 19878 19878 I AndroidIME: KeyboardViewManager.getInputViewBottomGapFromScreen():276 get inputViewBottomGapFromScreen = 168 from keyboard size helper.
12-11 11:59:08.859 19878 19878 I GoogleInputMethodService: GoogleInputMethodService$10.getKeyboardBottomCoverNavigationHeight():3219 Returns default 0 as the coverNavigationHeight while extendsTouchBelowSpace=false decorViewWindowInsets=WindowInsets{
12-11 11:59:08.859 19878 19878 I GoogleInputMethodService:     statusBars=Insets{left=0, top=0, right=0, bottom=0} max=Insets{left=0, top=0, right=0, bottom=0} vis=true
12-11 11:59:08.859 19878 19878 I GoogleInputMethodService:     navigationBars=Insets{left=0, top=0, right=0, bottom=168} max=Insets{left=0, top=0, right=0, bottom=168} vis=true
12-11 11:59:08.859 19878 19878 I GoogleInputMethodService:     =Insets{left=0, top=0, right=0, bottom=0} max=null vis=false
12-11 11:59:08.859 19878 19878 I GoogleInputMethodService:     ime=Insets{left=0, top=0, right=0, bottom=0} max=null vis=false
12-11 11:59:08.859 19878 19878 I GoogleInputMethodService:     systemGestures=Insets{left=0, top=0, right=0, bottom=168} max=Insets{left=0, top=0, right=0, bottom=168} vis=true
12-11 11:59:08.859 19878 19878 I GoogleInputMethodService:     mandatorySystemGestures=Insets{left=0, top=0, right=0, bottom=168} max=Insets{left=0, top=0, right=0, bottom=168} vis=true
12-11 11:59:08.859 19878 19878 I GoogleInputMethodService:     tappableElement=Insets{left=0, top=0, right=0, bottom=168} max=Insets{left=0, top=0, right=0, bottom=168} vis=true
12-11 11:59:08.859 19878 19878 I GoogleInputMethodService:     displayCutout=Insets{left=0, top=0, right=0, bottom=0} max=null vis=false
12-11 11:59:08.859 19878 19878 I GoogleInputMethodService:     windowDecor=null max=null vis=false
12-11 11:59:08.859 19878 19878 I GoogleInputMethodService:     
12-11 11:59:08.859 19878 19878 I GoogleInputMethodService:     }
12-11 11:59:08.860 19878 19878 I CurrentMicStatusHolder: CurrentMicStatusHolder.onStartInputView():79 Current Mic status = {MicIconHidden-EmailInputType,}
12-11 11:59:08.860 19878 19878 I VoiceImeExtension: VoiceImeExtension.shouldStartVoiceInputAutomatically():342 No private IME option set to start voice input.
12-11 11:59:08.864 19878 19878 I GoogleInputMethodService: GoogleInputMethodService.onStartInput():1887 
12-11 11:59:08.864 19878 19878 W SessionManager: SessionManager.beginSession():53 Try to begin an already begun session [INPUT_SESSION], end it first
12-11 11:59:08.864 19878 19878 W SessionManager: SessionManager.endSession():96 Child session [INPUT_VIEW_SESSION] is not ended while ending session [{IME_SESSION=1607668148849, INPUT_VIEW_SESSION=1607668148808, INPUT_SESSION=1607668148807, TRAINING_CACHE_SESSION=1607668148849}], ending it now.
12-11 11:59:08.864 19878 19878 W SessionManager: SessionManager.endSession():96 Child session [IME_SESSION] is not ended while ending session [{IME_SESSION=1607668148849, INPUT_VIEW_SESSION=1607668148808, INPUT_SESSION=1607668148807, TRAINING_CACHE_SESSION=1607668148849}], ending it now.
12-11 11:59:08.864 19878 19878 W SessionManager: SessionManager.endSession():96 Child session [TRAINING_CACHE_SESSION] is not ended while ending session [{IME_SESSION=1607668148849, INPUT_VIEW_SESSION=1607668148808, INPUT_SESSION=1607668148807, TRAINING_CACHE_SESSION=1607668148849}], ending it now.
12-11 11:59:08.865 19878 19878 I GoogleInputMethodService: GoogleInputMethodService.onStartInputView():2012 
12-11 11:59:08.869  8389  8389 W IInputConnectionWrapper: beginBatchEdit on inactive InputConnection
12-11 11:59:08.869  8389  8389 W IInputConnectionWrapper: endBatchEdit on inactive InputConnection
12-11 11:59:08.918 19878 19878 I KeyboardViewUtil: KeyboardViewUtil.getKeyboardHeightRatio():175 systemKeyboardHeightRatio:1.000000; userKeyboardHeightRatio:1.000000.
12-11 11:59:08.918 19878 19878 I InlineSuggestionCandidateViewController: InlineSuggestionCandidateViewController.setInlineSuggestionCandidateImpl():1207 set  to inlineSuggestionTextView
12-11 11:59:08.919 19878 19878 I KeyboardWrapper: KeyboardWrapper.consumeEvent():281 Skip consuming an event as current keyboard is deactivated (state=0, keyboard existence=true)
12-11 11:59:08.919 19878 19878 I VoiceInputManagerWrapper: VoiceInputManagerWrapper.shutdown():77 shutdown()
12-11 11:59:08.919 19878 19878 W SessionManager: SessionManager.endSession():88 Try to end a not begun session [TRAINING_CACHE_SESSION].
12-11 11:59:08.919 19878 19878 I AndroidIME: AbstractIme.onDeactivate():161 LatinIme.onDeactivate()
12-11 11:59:08.919 19878 19878 W SessionManager: SessionManager.endSession():88 Try to end a not begun session [IME_SESSION].
12-11 11:59:08.920 19878 19878 I AndroidIME: AbstractIme.onActivate():84 LatinIme.onActivate() : EditorInfo = Package = com.flipkart.android : Type = Email : Learning = Disable : Suggestion = Show : AutoCorrection = Disable : Microphone = DisabledMic : NoPersonalizedLearning = Disable : AutoStartVoiceInput = Disable, IncognitoMode = false
12-11 11:59:08.922 19878 19878 I Delight5Facilitator: Delight5Facilitator.initializeForIme():594 initializeForIme() : Locale = [en_US, es_US], layout = qwerty
12-11 11:59:08.922 19878 19878 I VoiceInputManagerWrapper: VoiceInputManagerWrapper.cancelShutdown():55 cancelShutdown()
12-11 11:59:08.922 19878 19878 I VoiceInputManagerWrapper: VoiceInputManagerWrapper.syncLanguagePacks():67 syncLanguagePacks()
12-11 11:59:08.922 19878 28138 I SpeechFactory: SpeechRecognitionFactory.maybeScheduleAutoPackDownloadForFallback():160 maybeScheduleAutoPackDownloadForFallback()
12-11 11:59:08.922 19878 19878 I LatinIme: LatinIme.updateEnableInlineSuggestionsOnDecoderSideFlags():1221 inline flag updated to:false
12-11 11:59:08.922 19878 28138 I FallbackOnDeviceRecognitionProvider: FallbackOnDeviceRecognitionProvider.maybeScheduleAutoPackDownload():196 maybeScheduleAutoPackDownload() for language tag en-US
12-11 11:59:08.922 19878 28138 I FallbackOnDeviceRecognitionProvider: FallbackOnDeviceRecognitionProvider.maybeScheduleAutoPackDownload():196 maybeScheduleAutoPackDownload() for language tag es-US
12-11 11:59:08.923 19878 19878 I KeyboardWrapper: KeyboardWrapper.consumeEvent():281 Skip consuming an event as current keyboard is deactivated (state=0, keyboard existence=true)
12-11 11:59:08.926 19878 19878 I KeyboardViewUtil: KeyboardViewUtil.calculateMaxKeyboardBodyHeight():66 leave 473 height for app when screen height:2712, header height:154 and isFullscreenMode:false, so the max keyboard body height is:2085
12-11 11:59:08.927 19878 19934 I Delight5Decoder: Delight5DecoderWrapper.handleMessage():1834 handleMessage(): UPDATE_KEYBOARD_LAYOUT
12-11 11:59:08.928 19878 19878 I KeyboardViewUtil: KeyboardViewUtil.calculateMaxKeyboardBodyHeight():66 leave 473 height for app when screen height:2712, header height:154 and isFullscreenMode:false, so the max keyboard body height is:2085
12-11 11:59:08.928 19878 19878 W KeyboardModeManager: KeyboardModeManager.setInputView():307 setInputView() : inputView = com.google.android.apps.inputmethod.libs.framework.core.InputView{65dc64b V.E...... ......ID 0,0-1440,2614}
12-11 11:59:08.928 19878 19878 I NormalModeController: NormalModeController.getKeyboardBodyViewHolderPaddingBottom():112 currentPrimeKeyboardType:SOFT systemPaddingBottom:-1
12-11 11:59:08.928 19878 19878 I AndroidIME: KeyboardViewManager.getInputViewBottomGapFromScreen():276 get inputViewBottomGapFromScreen = 168 from keyboard size helper.
12-11 11:59:08.928 19878 19878 I GoogleInputMethodService: GoogleInputMethodService$10.getKeyboardBottomCoverNavigationHeight():3219 Returns default 0 as the coverNavigationHeight while extendsTouchBelowSpace=false decorViewWindowInsets=WindowInsets{
12-11 11:59:08.928 19878 19878 I GoogleInputMethodService:     statusBars=Insets{left=0, top=0, right=0, bottom=0} max=Insets{left=0, top=0, right=0, bottom=0} vis=true
12-11 11:59:08.928 19878 19878 I GoogleInputMethodService:     navigationBars=Insets{left=0, top=0, right=0, bottom=168} max=Insets{left=0, top=0, right=0, bottom=168} vis=true
12-11 11:59:08.928 19878 19878 I GoogleInputMethodService:     =Insets{left=0, top=0, right=0, bottom=0} max=null vis=false
12-11 11:59:08.928 19878 19878 I GoogleInputMethodService:     ime=Insets{left=0, top=0, right=0, bottom=0} max=null vis=false
12-11 11:59:08.928 19878 19878 I GoogleInputMethodService:     systemGestures=Insets{left=0, top=0, right=0, bottom=168} max=Insets{left=0, top=0, right=0, bottom=168} vis=true
12-11 11:59:08.928 19878 19878 I GoogleInputMethodService:     mandatorySystemGestures=Insets{left=0, top=0, right=0, bottom=168} max=Insets{left=0, top=0, right=0, bottom=168} vis=true
12-11 11:59:08.928 19878 19878 I GoogleInputMethodService:     tappableElement=Insets{left=0, top=0, right=0, bottom=168} max=Insets{left=0, top=0, right=0, bottom=168} vis=true
12-11 11:59:08.928 19878 19878 I GoogleInputMethodService:     displayCutout=Insets{left=0, top=0, right=0, bottom=0} max=null vis=false
12-11 11:59:08.928 19878 19878 I GoogleInputMethodService:     windowDecor=null max=null vis=false
12-11 11:59:08.928 19878 19878 I GoogleInputMethodService:     
12-11 11:59:08.928 19878 19878 I GoogleInputMethodService:     }
12-11 11:59:08.929 19878 19878 W AndroidIME: KeyboardViewManager.initializeViews():345 initializeViews() : keyboard full width = -1; root view width = 1440; measured keyboard height = 2782
12-11 11:59:08.929 19878 19878 I AndroidIME: KeyboardViewManager.updateKeyboardHeaderViewWidth():767 keyboard header ratio:1.000000 body ratio:1.000000
12-11 11:59:08.929 19878 19878 I AndroidIME: KeyboardViewManager.updateKeyboardHeaderViewWidth():767 keyboard header ratio:1.000000 body ratio:1.000000
12-11 11:59:08.929 19878 19878 I AndroidIME: KeyboardViewManager.getInputViewBottomGapFromScreen():276 get inputViewBottomGapFromScreen = 168 from keyboard size helper.
12-11 11:59:08.929 19878 19878 I GoogleInputMethodService: GoogleInputMethodService$10.getKeyboardBottomCoverNavigationHeight():3219 Returns default 0 as the coverNavigationHeight while extendsTouchBelowSpace=false decorViewWindowInsets=WindowInsets{
12-11 11:59:08.929 19878 19878 I GoogleInputMethodService:     statusBars=Insets{left=0, top=0, right=0, bottom=0} max=Insets{left=0, top=0, right=0, bottom=0} vis=true
12-11 11:59:08.929 19878 19878 I GoogleInputMethodService:     navigationBars=Insets{left=0, top=0, right=0, bottom=168} max=Insets{left=0, top=0, right=0, bottom=168} vis=true
12-11 11:59:08.929 19878 19878 I GoogleInputMethodService:     =Insets{left=0, top=0, right=0, bottom=0} max=null vis=false
12-11 11:59:08.929 19878 19878 I GoogleInputMethodService:     ime=Insets{left=0, top=0, right=0, bottom=0} max=null vis=false
12-11 11:59:08.929 19878 19878 I GoogleInputMethodService:     systemGestures=Insets{left=0, top=0, right=0, bottom=168} max=Insets{left=0, top=0, right=0, bottom=168} vis=true
12-11 11:59:08.929 19878 19878 I GoogleInputMethodService:     mandatorySystemGestures=Insets{left=0, top=0, right=0, bottom=168} max=Insets{left=0, top=0, right=0, bottom=168} vis=true
12-11 11:59:08.929 19878 19878 I GoogleInputMethodService:     tappableElement=Insets{left=0, top=0, right=0, bottom=168} max=Insets{left=0, top=0, right=0, bottom=168} vis=true
12-11 11:59:08.929 19878 19878 I GoogleInputMethodService:     displayCutout=Insets{left=0, top=0, right=0, bottom=0} max=null vis=false
12-11 11:59:08.929 19878 19878 I GoogleInputMethodService:     windowDecor=null max=null vis=false
12-11 11:59:08.929 19878 19878 I GoogleInputMethodService:     
12-11 11:59:08.929 19878 19878 I GoogleInputMethodService:     }
12-11 11:59:08.930 19878 19878 I CurrentMicStatusHolder: CurrentMicStatusHolder.onStartInputView():79 Current Mic status = {MicIconHidden-EmailInputType,}
12-11 11:59:08.930 19878 19878 I VoiceImeExtension: VoiceImeExtension.shouldStartVoiceInputAutomatically():342 No private IME option set to start voice input.
12-11 11:59:08.945 19878 19878 W InputContextProxy: InputContextProxy.applyClientDiffInternal():844 Ignore [FetchSuggestions] diff due to stale request: 8127<8131, inputStateId=6004, lastInputStateId=6007
12-11 11:59:08.946 19878 19878 W InputContextProxy: InputContextProxy.applyClientDiffInternal():844 Ignore [FetchSuggestions] diff due to stale request: 8129<8131, inputStateId=6006, lastInputStateId=6007
12-11 11:59:08.982   895   895 I android.hardware.health@2.0-service.wahoo: SRAM data: 3623000
12-11 11:59:09.025  1791  3176 D PowerUI : can't show warning due to - plugged: true status unknown: false
12-11 11:59:09.034  1406  1480 D KernelCpuUidUserSysTimeReader: Removing uids 99089-99089
12-11 11:59:09.034  1406  1480 D KernelCpuUidUserSysTimeReader: Removing uids 99090-99090
12-11 11:59:09.034  1406  1480 D KernelCpuUidUserSysTimeReader: Removing uids 99091-99091
12-11 11:59:09.530  8324  8370 I appium  : AppiumResponse: {"sessionId":"017b38bf-4339-4468-8b91-a7ec0983b8a8","value":{"ELEMENT":"e5341ca1-add4-449b-b5d4-1255b602f678","element-6066-11e4-a52e-4f735466cecf":"e5341ca1-add4-449b-b5d4-1255b602f678"}}
12-11 11:59:09.563  8324  8370 I appium  : channel read invoked!
12-11 11:59:09.563  8324  8370 I appium  : channel read: POST /wd/hub/session/017b38bf-4339-4468-8b91-a7ec0983b8a8/element/e5341ca1-add4-449b-b5d4-1255b602f678/click
12-11 11:59:09.564  8324  8370 I appium  : Click element command
12-11 11:59:09.650  8324  8370 I appium  : Waiting up to 10000ms for device to be idle
12-11 11:59:09.651  8324  8370 I appium  : AppiumResponse: {"sessionId":"017b38bf-4339-4468-8b91-a7ec0983b8a8","value":null}
12-11 11:59:09.671  8324  8370 I appium  : channel read invoked!
12-11 11:59:09.671  8324  8370 I appium  : channel read: POST /wd/hub/session/017b38bf-4339-4468-8b91-a7ec0983b8a8/element
12-11 11:59:09.672  8324  8370 I appium  : Find element command using 'id' with selector 'com.flipkart.android:id/phone_input'.
12-11 11:59:09.672  8324  8370 I appium  : Waiting up to 10000ms for device to be idle
12-11 11:59:10.192  8324  8370 I appium  : AppiumResponse: {"sessionId":"017b38bf-4339-4468-8b91-a7ec0983b8a8","value":{"ELEMENT":"1fbfcb74-fb8c-40b2-8a27-64c45da85ac7","element-6066-11e4-a52e-4f735466cecf":"1fbfcb74-fb8c-40b2-8a27-64c45da85ac7"}}
12-11 11:59:10.217  8324  8370 I appium  : channel read invoked!
12-11 11:59:10.217  8324  8370 I appium  : channel read: POST /wd/hub/session/017b38bf-4339-4468-8b91-a7ec0983b8a8/element/1fbfcb74-fb8c-40b2-8a27-64c45da85ac7/value
12-11 11:59:10.218  8324  8370 I appium  : send keys to element command
12-11 11:59:10.308 19878 19878 I GoogleInputMethodService: GoogleInputMethodService.onStartInput():1887 
12-11 11:59:10.308 19878 19878 W SessionManager: SessionManager.beginSession():53 Try to begin an already begun session [INPUT_SESSION], end it first
12-11 11:59:10.308 19878 19878 W SessionManager: SessionManager.endSession():96 Child session [INPUT_VIEW_SESSION] is not ended while ending session [{IME_SESSION=1607668148919, INPUT_VIEW_SESSION=1607668148865, INPUT_SESSION=1607668148864, TRAINING_CACHE_SESSION=1607668148920}], ending it now.
12-11 11:59:10.308 19878 19878 W SessionManager: SessionManager.endSession():96 Child session [IME_SESSION] is not ended while ending session [{IME_SESSION=1607668148919, INPUT_VIEW_SESSION=1607668148865, INPUT_SESSION=1607668148864, TRAINING_CACHE_SESSION=1607668148920}], ending it now.
12-11 11:59:10.308 19878 19878 W SessionManager: SessionManager.endSession():96 Child session [TRAINING_CACHE_SESSION] is not ended while ending session [{IME_SESSION=1607668148919, INPUT_VIEW_SESSION=1607668148865, INPUT_SESSION=1607668148864, TRAINING_CACHE_SESSION=1607668148920}], ending it now.
12-11 11:59:10.310 19878 19878 I GoogleInputMethodService: GoogleInputMethodService.onStartInputView():2012 
12-11 11:59:10.373 19878 19878 I KeyboardViewUtil: KeyboardViewUtil.getKeyboardHeightRatio():175 systemKeyboardHeightRatio:1.000000; userKeyboardHeightRatio:1.000000.
12-11 11:59:10.373 19878 19878 I InlineSuggestionCandidateViewController: InlineSuggestionCandidateViewController.setInlineSuggestionCandidateImpl():1207 set  to inlineSuggestionTextView
12-11 11:59:10.374 19878 19878 I KeyboardWrapper: KeyboardWrapper.consumeEvent():281 Skip consuming an event as current keyboard is deactivated (state=0, keyboard existence=true)
12-11 11:59:10.374 19878 19878 I VoiceInputManagerWrapper: VoiceInputManagerWrapper.shutdown():77 shutdown()
12-11 11:59:10.374 19878 19878 W SessionManager: SessionManager.endSession():88 Try to end a not begun session [TRAINING_CACHE_SESSION].
12-11 11:59:10.375 19878 19878 I AndroidIME: AbstractIme.onDeactivate():161 LatinIme.onDeactivate()
12-11 11:59:10.375 19878 19878 W SessionManager: SessionManager.endSession():88 Try to end a not begun session [IME_SESSION].
12-11 11:59:10.375 19878 19878 I AndroidIME: AbstractIme.onActivate():84 LatinIme.onActivate() : EditorInfo = Package = com.flipkart.android : Type = Email : Learning = Disable : Suggestion = Show : AutoCorrection = Disable : Microphone = DisabledMic : NoPersonalizedLearning = Disable : AutoStartVoiceInput = Disable, IncognitoMode = false
12-11 11:59:10.375 19878 19878 I Delight5Facilitator: Delight5Facilitator.initializeForIme():594 initializeForIme() : Locale = [en_US, es_US], layout = qwerty
12-11 11:59:10.375 19878 19878 I VoiceInputManagerWrapper: VoiceInputManagerWrapper.cancelShutdown():55 cancelShutdown()
12-11 11:59:10.375 19878 19878 I VoiceInputManagerWrapper: VoiceInputManagerWrapper.syncLanguagePacks():67 syncLanguagePacks()
12-11 11:59:10.376 19878 19878 I LatinIme: LatinIme.updateEnableInlineSuggestionsOnDecoderSideFlags():1221 inline flag updated to:false
12-11 11:59:10.376 19878 28138 I SpeechFactory: SpeechRecognitionFactory.maybeScheduleAutoPackDownloadForFallback():160 maybeScheduleAutoPackDownloadForFallback()
12-11 11:59:10.376 19878 28138 I FallbackOnDeviceRecognitionProvider: FallbackOnDeviceRecognitionProvider.maybeScheduleAutoPackDownload():196 maybeScheduleAutoPackDownload() for language tag en-US
12-11 11:59:10.376 19878 28138 I FallbackOnDeviceRecognitionProvider: FallbackOnDeviceRecognitionProvider.maybeScheduleAutoPackDownload():196 maybeScheduleAutoPackDownload() for language tag es-US
12-11 11:59:10.378 19878 19878 I KeyboardWrapper: KeyboardWrapper.consumeEvent():281 Skip consuming an event as current keyboard is deactivated (state=0, keyboard existence=true)
12-11 11:59:10.382 19878 19878 I KeyboardViewUtil: KeyboardViewUtil.calculateMaxKeyboardBodyHeight():66 leave 473 height for app when screen height:2712, header height:154 and isFullscreenMode:false, so the max keyboard body height is:2085
12-11 11:59:10.384 19878 19934 I Delight5Decoder: Delight5DecoderWrapper.handleMessage():1834 handleMessage(): UPDATE_KEYBOARD_LAYOUT
12-11 11:59:10.384 19878 19878 I KeyboardViewUtil: KeyboardViewUtil.calculateMaxKeyboardBodyHeight():66 leave 473 height for app when screen height:2712, header height:154 and isFullscreenMode:false, so the max keyboard body height is:2085
12-11 11:59:10.385 19878 19878 W KeyboardModeManager: KeyboardModeManager.setInputView():307 setInputView() : inputView = com.google.android.apps.inputmethod.libs.framework.core.InputView{65dc64b V.E...... ......ID 0,0-1440,2614}
12-11 11:59:10.385 19878 19878 I NormalModeController: NormalModeController.getKeyboardBodyViewHolderPaddingBottom():112 currentPrimeKeyboardType:SOFT systemPaddingBottom:-1
12-11 11:59:10.385 19878 19878 I AndroidIME: KeyboardViewManager.getInputViewBottomGapFromScreen():276 get inputViewBottomGapFromScreen = 168 from keyboard size helper.
12-11 11:59:10.385 19878 19878 I GoogleInputMethodService: GoogleInputMethodService$10.getKeyboardBottomCoverNavigationHeight():3219 Returns default 0 as the coverNavigationHeight while extendsTouchBelowSpace=false decorViewWindowInsets=WindowInsets{
12-11 11:59:10.385 19878 19878 I GoogleInputMethodService:     statusBars=Insets{left=0, top=0, right=0, bottom=0} max=Insets{left=0, top=0, right=0, bottom=0} vis=true
12-11 11:59:10.385 19878 19878 I GoogleInputMethodService:     navigationBars=Insets{left=0, top=0, right=0, bottom=168} max=Insets{left=0, top=0, right=0, bottom=168} vis=true
12-11 11:59:10.385 19878 19878 I GoogleInputMethodService:     =Insets{left=0, top=0, right=0, bottom=0} max=null vis=false
12-11 11:59:10.385 19878 19878 I GoogleInputMethodService:     ime=Insets{left=0, top=0, right=0, bottom=0} max=null vis=false
12-11 11:59:10.385 19878 19878 I GoogleInputMethodService:     systemGestures=Insets{left=0, top=0, right=0, bottom=168} max=Insets{left=0, top=0, right=0, bottom=168} vis=true
12-11 11:59:10.385 19878 19878 I GoogleInputMethodService:     mandatorySystemGestures=Insets{left=0, top=0, right=0, bottom=168} max=Insets{left=0, top=0, right=0, bottom=168} vis=true
12-11 11:59:10.385 19878 19878 I GoogleInputMethodService:     tappableElement=Insets{left=0, top=0, right=0, bottom=168} max=Insets{left=0, top=0, right=0, bottom=168} vis=true
12-11 11:59:10.385 19878 19878 I GoogleInputMethodService:     displayCutout=Insets{left=0, top=0, right=0, bottom=0} max=null vis=false
12-11 11:59:10.385 19878 19878 I GoogleInputMethodService:     windowDecor=null max=null vis=false
12-11 11:59:10.385 19878 19878 I GoogleInputMethodService:     
12-11 11:59:10.385 19878 19878 I GoogleInputMethodService:     }
12-11 11:59:10.385 19878 19878 W AndroidIME: KeyboardViewManager.initializeViews():345 initializeViews() : keyboard full width = -1; root view width = 1440; measured keyboard height = 2782
12-11 11:59:10.385 19878 19878 I AndroidIME: KeyboardViewManager.updateKeyboardHeaderViewWidth():767 keyboard header ratio:1.000000 body ratio:1.000000
12-11 11:59:10.385 19878 19878 I AndroidIME: KeyboardViewManager.updateKeyboardHeaderViewWidth():767 keyboard header ratio:1.000000 body ratio:1.000000
12-11 11:59:10.386 19878 19878 I AndroidIME: KeyboardViewManager.getInputViewBottomGapFromScreen():276 get inputViewBottomGapFromScreen = 168 from keyboard size helper.
12-11 11:59:10.386 19878 19878 I GoogleInputMethodService: GoogleInputMethodService$10.getKeyboardBottomCoverNavigationHeight():3219 Returns default 0 as the coverNavigationHeight while extendsTouchBelowSpace=false decorViewWindowInsets=WindowInsets{
12-11 11:59:10.386 19878 19878 I GoogleInputMethodService:     statusBars=Insets{left=0, top=0, right=0, bottom=0} max=Insets{left=0, top=0, right=0, bottom=0} vis=true
12-11 11:59:10.386 19878 19878 I GoogleInputMethodService:     navigationBars=Insets{left=0, top=0, right=0, bottom=168} max=Insets{left=0, top=0, right=0, bottom=168} vis=true
12-11 11:59:10.386 19878 19878 I GoogleInputMethodService:     =Insets{left=0, top=0, right=0, bottom=0} max=null vis=false
12-11 11:59:10.386 19878 19878 I GoogleInputMethodService:     ime=Insets{left=0, top=0, right=0, bottom=0} max=null vis=false
12-11 11:59:10.386 19878 19878 I GoogleInputMethodService:     systemGestures=Insets{left=0, top=0, right=0, bottom=168} max=Insets{left=0, top=0, right=0, bottom=168} vis=true
12-11 11:59:10.386 19878 19878 I GoogleInputMethodService:     mandatorySystemGestures=Insets{left=0, top=0, right=0, bottom=168} max=Insets{left=0, top=0, right=0, bottom=168} vis=true
12-11 11:59:10.386 19878 19878 I GoogleInputMethodService:     tappableElement=Insets{left=0, top=0, right=0, bottom=168} max=Insets{left=0, top=0, right=0, bottom=168} vis=true
12-11 11:59:10.386 19878 19878 I GoogleInputMethodService:     displayCutout=Insets{left=0, top=0, right=0, bottom=0} max=null vis=false
12-11 11:59:10.386 19878 19878 I GoogleInputMethodService:     windowDecor=null max=null vis=false
12-11 11:59:10.386 19878 19878 I GoogleInputMethodService:     
12-11 11:59:10.386 19878 19878 I GoogleInputMethodService:     }
12-11 11:59:10.388 19878 19878 I CurrentMicStatusHolder: CurrentMicStatusHolder.onStartInputView():79 Current Mic status = {MicIconHidden-EmailInputType,}
12-11 11:59:10.388 19878 19878 I VoiceImeExtension: VoiceImeExtension.shouldStartVoiceInputAutomatically():342 No private IME option set to start voice input.
12-11 11:59:11.011 19878 19878 I GoogleInputMethodService: GoogleInputMethodService.onStartInput():1887 
12-11 11:59:11.011 19878 19878 W SessionManager: SessionManager.beginSession():53 Try to begin an already begun session [INPUT_SESSION], end it first
12-11 11:59:11.011 19878 19878 W SessionManager: SessionManager.endSession():96 Child session [INPUT_VIEW_SESSION] is not ended while ending session [{IME_SESSION=1607668150375, INPUT_VIEW_SESSION=1607668150310, INPUT_SESSION=1607668150308, TRAINING_CACHE_SESSION=1607668150375}], ending it now.
12-11 11:59:11.011 19878 19878 W SessionManager: SessionManager.endSession():96 Child session [IME_SESSION] is not ended while ending session [{IME_SESSION=1607668150375, INPUT_VIEW_SESSION=1607668150310, INPUT_SESSION=1607668150308, TRAINING_CACHE_SESSION=1607668150375}], ending it now.
12-11 11:59:11.011 19878 19878 W SessionManager: SessionManager.endSession():96 Child session [TRAINING_CACHE_SESSION] is not ended while ending session [{IME_SESSION=1607668150375, INPUT_VIEW_SESSION=1607668150310, INPUT_SESSION=1607668150308, TRAINING_CACHE_SESSION=1607668150375}], ending it now.
12-11 11:59:11.013 19878 19878 I GoogleInputMethodService: GoogleInputMethodService.onStartInputView():2012 
12-11 11:59:11.014  8324  8370 I appium  : AppiumResponse: {"sessionId":"017b38bf-4339-4468-8b91-a7ec0983b8a8","value":null}
12-11 11:59:11.045  8324  8370 I appium  : channel read invoked!
12-11 11:59:11.045  8324  8370 I appium  : channel read: POST /wd/hub/session/017b38bf-4339-4468-8b91-a7ec0983b8a8/element
12-11 11:59:11.045  8324  8370 I appium  : Find element command using 'id' with selector 'com.flipkart.android:id/button'.
12-11 11:59:11.046  8324  8370 I appium  : Waiting up to 10000ms for device to be idle
12-11 11:59:11.054 19878 19878 I KeyboardViewUtil: KeyboardViewUtil.getKeyboardHeightRatio():175 systemKeyboardHeightRatio:1.000000; userKeyboardHeightRatio:1.000000.
12-11 11:59:11.054 19878 19878 I InlineSuggestionCandidateViewController: InlineSuggestionCandidateViewController.setInlineSuggestionCandidateImpl():1207 set  to inlineSuggestionTextView
12-11 11:59:11.055 19878 19878 I KeyboardWrapper: KeyboardWrapper.consumeEvent():281 Skip consuming an event as current keyboard is deactivated (state=0, keyboard existence=true)
12-11 11:59:11.055 19878 19878 I VoiceInputManagerWrapper: VoiceInputManagerWrapper.shutdown():77 shutdown()
12-11 11:59:11.055 19878 19878 W SessionManager: SessionManager.endSession():88 Try to end a not begun session [TRAINING_CACHE_SESSION].
12-11 11:59:11.055 19878 19878 I AndroidIME: AbstractIme.onDeactivate():161 LatinIme.onDeactivate()
12-11 11:59:11.055 19878 19878 W SessionManager: SessionManager.endSession():88 Try to end a not begun session [IME_SESSION].
12-11 11:59:11.056 19878 19878 I AndroidIME: AbstractIme.onActivate():84 LatinIme.onActivate() : EditorInfo = Package = com.flipkart.android : Type = Email : Learning = Disable : Suggestion = Show : AutoCorrection = Disable : Microphone = DisabledMic : NoPersonalizedLearning = Disable : AutoStartVoiceInput = Disable, IncognitoMode = false
12-11 11:59:11.056 19878 19878 I Delight5Facilitator: Delight5Facilitator.initializeForIme():594 initializeForIme() : Locale = [en_US, es_US], layout = qwerty
12-11 11:59:11.056 19878 19878 I VoiceInputManagerWrapper: VoiceInputManagerWrapper.cancelShutdown():55 cancelShutdown()
12-11 11:59:11.056 19878 19878 I VoiceInputManagerWrapper: VoiceInputManagerWrapper.syncLanguagePacks():67 syncLanguagePacks()
12-11 11:59:11.056 19878 19878 I LatinIme: LatinIme.updateEnableInlineSuggestionsOnDecoderSideFlags():1221 inline flag updated to:false
12-11 11:59:11.056 19878 28138 I SpeechFactory: SpeechRecognitionFactory.maybeScheduleAutoPackDownloadForFallback():160 maybeScheduleAutoPackDownloadForFallback()
12-11 11:59:11.056 19878 28138 I FallbackOnDeviceRecognitionProvider: FallbackOnDeviceRecognitionProvider.maybeScheduleAutoPackDownload():196 maybeScheduleAutoPackDownload() for language tag en-US
12-11 11:59:11.056 19878 28138 I FallbackOnDeviceRecognitionProvider: FallbackOnDeviceRecognitionProvider.maybeScheduleAutoPackDownload():196 maybeScheduleAutoPackDownload() for language tag es-US
12-11 11:59:11.057 19878 19878 I KeyboardWrapper: KeyboardWrapper.consumeEvent():281 Skip consuming an event as current keyboard is deactivated (state=0, keyboard existence=true)
12-11 11:59:11.059 19878 19878 I KeyboardViewUtil: KeyboardViewUtil.calculateMaxKeyboardBodyHeight():66 leave 473 height for app when screen height:2712, header height:154 and isFullscreenMode:false, so the max keyboard body height is:2085
12-11 11:59:11.060 19878 19934 I Delight5Decoder: Delight5DecoderWrapper.handleMessage():1834 handleMessage(): UPDATE_KEYBOARD_LAYOUT
12-11 11:59:11.060 19878 19878 I KeyboardViewUtil: KeyboardViewUtil.calculateMaxKeyboardBodyHeight():66 leave 473 height for app when screen height:2712, header height:154 and isFullscreenMode:false, so the max keyboard body height is:2085
