--------- beginning of main
12-11 11:18:12.291  2153  4245 D androidtc: Initializing SystemTextClassifier, type = System
12-11 11:18:12.293 25998 25998 I AiAiTextClassifier: onCreateTextClassificationSession = TextClassificationSessionId {5882b6e2-a65a-42af-a04a-92e958704e2a}
12-11 11:18:12.293 25998 25998 I AiAiTextClassifier: onCreateTextClassificationSession = TextClassificationSessionId {5882b6e2-a65a-42af-a04a-92e958704e2a}
12-11 11:18:12.294 25240 25264 I BugleNotifications: Notifying [CONTEXT bugle_notification="Bundled Incoming Message (Single Conversation) (id: INCOMING_MESSAGE, tag: com.google.android.apps.messaging:sms:208)" notification_importance=4 notification_channel_id="bugle_default_channel" ]
12-11 11:18:12.318 25240 30083 I BugleDataModel: SpamVerdictEnforcement: spam precheck are cached. message{id:656}
12-11 11:18:12.318 25240 25263 I BugleDataModel: SpamVerdictEnforcement: message{id:656} Detected spam, isSpam: true, Score: 1.0
12-11 11:18:12.323   671   671 D android.hardware.power@1.3-service.pixel-libperfmgr: LAUNCH: 0
12-11 11:18:12.332 12570 29520 I PBSessionCacheImpl: Deleted sessionId[55285052306656368] from persistence.
12-11 11:18:12.353 25998 25998 I AiAiTextClassifier: onDestroyTextClassificationSession = TextClassificationSessionId {5882b6e2-a65a-42af-a04a-92e958704e2a}
12-11 11:18:12.353  1791  1791 D InterruptionStateProvider: No bubble up: not allowed to bubble: 0|com.google.android.apps.messaging|0|com.google.android.apps.messaging:sms:174|10150
12-11 11:18:12.353 25998 25998 I AiAiTextClassifier: onDestroyTextClassificationSession = TextClassificationSessionId {5882b6e2-a65a-42af-a04a-92e958704e2a}
12-11 11:18:12.359 25240 25263 I BugleJobs: Change in transaction is observed. Queues work item. [CONTEXT operation="UPDATE" table_type=2 item_id="209" ]
12-11 11:18:12.360 25240 25263 I BugleJobs: Queue sync wear data work item. [CONTEXT class_name="SyncDataToWearableAppHandlerScheduler" ]
12-11 11:18:12.362 25240 25263 I BugleWearable: Wear Companion app is not installed on phone. Skipping sync to wear devices. [CONTEXT class_name="SyncDataToWearableAppHandler" ]
12-11 11:18:12.363 24345 26786 W WearableService: onGetService: Wear is not available on this device.
12-11 11:18:12.373 25240 30089 W SQLiteLog: (28) double-quoted string literal: ""
12-11 11:18:12.373 25240 30089 I chatty  : uid=10150(com.google.android.apps.messaging) Blocking Thread identical 4 lines
12-11 11:18:12.373 25240 30089 W SQLiteLog: (28) double-quoted string literal: ""
12-11 11:18:12.387 25240 25265 I BugleUsageStatistics: UsageStatistics: ConversationArchived Conversation Origin: 9
12-11 11:18:12.418  1791  1791 D InterruptionStateProvider: No bubble up: not allowed to bubble: 0|com.google.android.apps.messaging|0|com.google.android.apps.messaging:sms:129|10150
12-11 11:18:12.501 25240 25262 I BugleNotifications: Notifying [CONTEXT bugle_notification="Auto-Moved Spam (id: AUTOMOVED_SPAM, tag: null)" notification_importance=2 notification_channel_id="bugle_auto_moved_spam_channel" ]
12-11 11:18:12.503  1791  1791 D InterruptionStateProvider: No bubble up: not allowed to bubble: 0|com.google.android.apps.messaging|0|com.google.android.apps.messaging:sms:208|10150
12-11 11:18:12.541 25240 30088 W SQLiteLog: (28) double-quoted string literal: ""
12-11 11:18:12.541 25240 30088 I chatty  : uid=10150(com.google.android.apps.messaging) Blocking Thread identical 1 line
12-11 11:18:12.541 25240 30088 W SQLiteLog: (28) double-quoted string literal: ""
12-11 11:18:12.555 25240 30089 W SQLiteLog: (28) double-quoted string literal: ""
12-11 11:18:12.555 25240 30089 I chatty  : uid=10150(com.google.android.apps.messaging) Blocking Thread identical 1 line
12-11 11:18:12.555 25240 30089 W SQLiteLog: (28) double-quoted string literal: ""
12-11 11:18:12.555  2153  4245 D androidtc: Initializing SystemTextClassifier, type = System
12-11 11:18:12.556 25998 25998 I AiAiTextClassifier: onCreateTextClassificationSession = TextClassificationSessionId {6fd9bce0-cab9-429f-b7cf-c563ab6a3eef}
12-11 11:18:12.556 25998 25998 I AiAiTextClassifier: onCreateTextClassificationSession = TextClassificationSessionId {6fd9bce0-cab9-429f-b7cf-c563ab6a3eef}
12-11 11:18:12.566 25240 25264 I BugleNotifications: Notifying [CONTEXT bugle_notification="Bundled Incoming Message (Single Conversation) (id: INCOMING_MESSAGE, tag: com.google.android.apps.messaging:sms:209)" notification_importance=4 notification_channel_id="bugle_default_channel" ]
12-11 11:18:12.567 25240 30089 W SQLiteLog: (28) double-quoted string literal: ""
12-11 11:18:12.567 25240 30089 I chatty  : uid=10150(com.google.android.apps.messaging) Blocking Thread identical 1 line
12-11 11:18:12.567 25240 30089 W SQLiteLog: (28) double-quoted string literal: ""
12-11 11:18:12.593 25240 25264 I BugleNotifications: Notifying [CONTEXT bugle_notification="Incoming message (Summary) (id: INCOMING_MESSAGE, tag: com.google.android.apps.messaging:sms)" notification_importance=4 notification_channel_id="bugle_default_channel" ]
12-11 11:18:12.594 25240 30086 W SQLiteLog: (28) double-quoted string literal: ""
12-11 11:18:12.594 25240 30086 I chatty  : uid=10150(com.google.android.apps.messaging) Blocking Thread identical 1 line
12-11 11:18:12.594 25240 30086 W SQLiteLog: (28) double-quoted string literal: ""
12-11 11:18:12.603 25998 25998 I AiAiTextClassifier: onDestroyTextClassificationSession = TextClassificationSessionId {6fd9bce0-cab9-429f-b7cf-c563ab6a3eef}
12-11 11:18:12.603 25998 25998 I AiAiTextClassifier: onDestroyTextClassificationSession = TextClassificationSessionId {6fd9bce0-cab9-429f-b7cf-c563ab6a3eef}
12-11 11:18:12.616 25240 25262 D MddListenableWorkerFactory: createWorker for class: com.google.android.apps.messaging.shared.datamodel.workqueue.WorkQueueWorkerShim
12-11 11:18:12.621 25240 25262 D MddListenableWorkerFactory: createWorker for class: com.google.android.apps.messaging.shared.datamodel.workqueue.WorkQueueWorkerShim
12-11 11:18:12.622 25240 25262 I WM-WorkerWrapper: Worker result SUCCESS for Work [ id=27114485-b319-496f-bc10-f53f538806c6, tags={ com.google.android.apps.messaging.shared.datamodel.workqueue.WorkQueueWorkerShim, UPDATE_ARCHIVE_STATUS- } ]
12-11 11:18:12.646 25240 25265 I BugleSearch: Icing indexing call is done. [CONTEXT item_id="656" table_type=1 operation="1" outcome="Success" ]
12-11 11:18:12.647 12570 12639 W SearchServiceCore: Abort, client detached.
12-11 11:18:12.656 25240 25262 D MddListenableWorkerFactory: createWorker for class: com.google.android.apps.messaging.shared.datamodel.workqueue.WorkQueueWorkerShim
12-11 11:18:12.659 25240 25262 D MddListenableWorkerFactory: createWorker for class: com.google.android.apps.messaging.shared.datamodel.workqueue.WorkQueueWorkerShim
12-11 11:18:12.660 25240 30090 D TextClassifierLibImpl: Skipping async model load. Loaded recently, no change to permissions.
12-11 11:18:12.672 29925 29938 W JavaBinder: BinderProxy is being destroyed but the application did not call unlinkToDeath to unlink all of its death recipients beforehand.  Releasing leaked death recipient: com.google.android.play.core.internal.i
12-11 11:18:12.672 29925 29938 I BpBinder: onLastStrongRef automatically unlinking death recipients: <uncached descriptor>
12-11 11:18:12.674 25240 30090 I BugleJobs: Change in transaction is observed. Queues work item. [CONTEXT operation="INSERT" table_type=4 item_id="3205" ]
12-11 11:18:12.675 25240 25262 I WM-WorkerWrapper: Worker result SUCCESS for Work [ id=a5534d7a-a593-410b-9767-3b7372765655, tags={ com.google.android.apps.messaging.shared.datamodel.workqueue.WorkQueueWorkerShim, mark_as_notified- } ]
12-11 11:18:12.677 25240 30090 I BugleJobs: Change in transaction is observed. Queues work item. [CONTEXT operation="INSERT" table_type=4 item_id="3206" ]
12-11 11:18:12.678 25240 30090 I BugleJobs: Change in transaction is observed. Queues work item. [CONTEXT operation="INSERT" table_type=4 item_id="3207" ]
12-11 11:18:12.679 25240 30090 I BugleJobs: Change in transaction is observed. Queues work item. [CONTEXT operation="INSERT" table_type=4 item_id="3208" ]
12-11 11:18:12.680 25240 30090 I BugleJobs: Change in transaction is observed. Queues work item. [CONTEXT operation="INSERT" table_type=4 item_id="3209" ]
12-11 11:18:12.681 25240 30090 I BugleJobs: Change in transaction is observed. Queues work item. [CONTEXT operation="INSERT" table_type=4 item_id="3210" ]
12-11 11:18:12.682 25240 30090 I BugleJobs: Change in transaction is observed. Queues work item. [CONTEXT operation="INSERT" table_type=4 item_id="3211" ]
12-11 11:18:12.683 25240 30090 I BugleJobs: Change in transaction is observed. Queues work item. [CONTEXT operation="INSERT" table_type=4 item_id="3212" ]
12-11 11:18:12.684 25240 30090 I BugleJobs: Change in transaction is observed. Queues work item. [CONTEXT operation="INSERT" table_type=4 item_id="3213" ]
12-11 11:18:12.685 25240 30090 I BugleJobs: Change in transaction is observed. Queues work item. [CONTEXT operation="INSERT" table_type=4 item_id="3214" ]
12-11 11:18:12.686 25240 30090 I BugleJobs: Change in transaction is observed. Queues work item. [CONTEXT operation="INSERT" table_type=4 item_id="3215" ]
12-11 11:18:12.691 25240 30090 I BugleJobs: GenericWorkerQueueAction: Rescheduling immediately
12-11 11:18:12.700  1791  1791 D InterruptionStateProvider: No bubble up: not allowed to bubble: 0|com.google.android.apps.messaging|14|null|10150
12-11 11:18:12.700  1791  1791 D InterruptionStateProvider: No heads up: unimportant notification: 0|com.google.android.apps.messaging|14|null|10150
12-11 11:18:12.702 25240 25262 I WM-WorkerWrapper: Worker result SUCCESS for Work [ id=86cec1f4-03bc-46a4-9037-91829fa34f34, tags={ com.google.android.apps.messaging.shared.datamodel.workqueue.WorkQueueWorkerShim, refresh_message_failure_notification- } ]
12-11 11:18:12.760 25240 25260 I .apps.messagin: Waiting for a blocking GC ProfileSaver
12-11 11:18:12.765 25240 25264 I BugleNotifications: Notifying [CONTEXT bugle_notification="Bundled Incoming Message (Single Conversation) (id: INCOMING_MESSAGE, tag: com.google.android.apps.messaging:sms:174)" notification_importance=4 notification_channel_id="bugle_default_channel : CPTLCgX/u1FURLJHAhPKnQ" ]
--------- beginning of system
12-11 11:18:12.770  1406  1406 D NotificationService: 0|com.google.android.apps.messaging|0|com.google.android.apps.messaging:sms:209|10150: granting content://settings/system/notification_sound
12-11 11:18:12.771  1406  1406 I chatty  : uid=1000 system_server identical 3 lines
12-11 11:18:12.771  1406  1406 D NotificationService: 0|com.google.android.apps.messaging|0|com.google.android.apps.messaging:sms:209|10150: granting content://settings/system/notification_sound
12-11 11:18:12.771  1406  1406 W NotificationHistory: Attempted to add notif for locked/gone/disabled user 0
12-11 11:18:12.781  2153  4245 D androidtc: Initializing SystemTextClassifier, type = System
12-11 11:18:12.781  1791  1791 D InterruptionStateProvider: No bubble up: not allowed to bubble: 0|com.google.android.apps.messaging|0|com.google.android.apps.messaging:sms:209|10150
12-11 11:18:12.783  1791  1791 W NotifBindPipeline: Row is not set so pipeline will not run. notif = 0|com.google.android.apps.messaging|0|com.google.android.apps.messaging:sms:209|10150
12-11 11:18:12.784 25998 25998 I AiAiTextClassifier: onCreateTextClassificationSession = TextClassificationSessionId {1d09b783-a572-4852-8171-dccecc9a91d8}
12-11 11:18:12.784 25998 25998 I AiAiTextClassifier: onCreateTextClassificationSession = TextClassificationSessionId {1d09b783-a572-4852-8171-dccecc9a91d8}
12-11 11:18:12.787 25240 30086 I BugleJobs: GenericWorkerQueueAction: Work found
12-11 11:18:12.799  1791  1791 D InterruptionStateProvider: No alerting: suppressed due to group alert behavior
12-11 11:18:12.799  1791  1791 D InterruptionStateProvider: No alerting: suppressed due to group alert behavior
12-11 11:18:12.800 25240 30090 I BugleSearch: No operations applied within applyOperationsInIcing.
12-11 11:18:12.801 25240 30090 I chatty  : uid=10150(com.google.android.apps.messaging) Blocking Thread identical 7 lines
12-11 11:18:12.802 25240 30090 I BugleSearch: No operations applied within applyOperationsInIcing.
12-11 11:18:12.807 25240 25264 I BugleSearch: Icing indexing call is done. [CONTEXT item_id="209" table_type=2 operation="1" outcome="Success" ]
12-11 11:18:12.818   637   637 I servicemanager: Notifying apexservice they have clients: 0
12-11 11:18:12.818   637   637 I BpBinder: onLastStrongRef automatically unlinking death recipients: <uncached descriptor>
12-11 11:18:12.829 25240 30090 I BugleJobs: GenericWorkerQueueAction: Rescheduling immediately
12-11 11:18:12.835 25998 25998 I AiAiTextClassifier: onDestroyTextClassificationSession = TextClassificationSessionId {1d09b783-a572-4852-8171-dccecc9a91d8}
12-11 11:18:12.835 25998 25998 I AiAiTextClassifier: onDestroyTextClassificationSession = TextClassificationSessionId {1d09b783-a572-4852-8171-dccecc9a91d8}
12-11 11:18:12.865 25240 25260 I .apps.messagin: WaitForGcToComplete blocked ProfileSaver on HeapTrim for 105.462ms
12-11 11:18:12.877 25240 25262 I BugleNotifications: Notifying [CONTEXT bugle_notification="Bundled Incoming Message (Single Conversation) (id: INCOMING_MESSAGE, tag: com.google.android.apps.messaging:sms:129)" notification_importance=4 notification_channel_id="bugle_default_channel" ]
12-11 11:18:12.908  2153  4245 D androidtc: Initializing SystemTextClassifier, type = System
12-11 11:18:12.909 25998 25998 I AiAiTextClassifier: onCreateTextClassificationSession = TextClassificationSessionId {f1622166-78b3-48d8-9459-70bc9de75cf7}
12-11 11:18:12.909 25998 25998 I AiAiTextClassifier: onCreateTextClassificationSession = TextClassificationSessionId {f1622166-78b3-48d8-9459-70bc9de75cf7}
12-11 11:18:12.910 25240 30086 I BugleJobs: GenericWorkerQueueAction: Work found
12-11 11:18:12.910 25240 30090 I BugleSearch: No operations applied within applyOperationsInIcing.
12-11 11:18:12.911 25240 30090 I chatty  : uid=10150(com.google.android.apps.messaging) Blocking Thread identical 1 line
12-11 11:18:12.911 25240 30090 I BugleSearch: No operations applied within applyOperationsInIcing.
12-11 11:18:12.912 25240 30090 I BugleJobs: GenericWorkerQueueAction: Rescheduling immediately
12-11 11:18:12.961 25998 25998 I AiAiTextClassifier: onDestroyTextClassificationSession = TextClassificationSessionId {f1622166-78b3-48d8-9459-70bc9de75cf7}
12-11 11:18:12.961 25998 25998 I AiAiTextClassifier: onDestroyTextClassificationSession = TextClassificationSessionId {f1622166-78b3-48d8-9459-70bc9de75cf7}
12-11 11:18:12.974 25240 25265 I BugleNotifications: Notifying [CONTEXT bugle_notification="Bundled Incoming Message (Single Conversation) (id: INCOMING_MESSAGE, tag: com.google.android.apps.messaging:sms:208)" notification_importance=4 notification_channel_id="bugle_default_channel" ]
12-11 11:18:12.979  2153  4245 D androidtc: Initializing SystemTextClassifier, type = System
12-11 11:18:12.980  1791  1791 D InterruptionStateProvider: No bubble up: not allowed to bubble: 0|com.google.android.apps.messaging|0|com.google.android.apps.messaging:sms:174|10150
12-11 11:18:12.981 25998 25998 I AiAiTextClassifier: onCreateTextClassificationSession = TextClassificationSessionId {9c0e0dd4-27e6-4d82-97e4-9de2cf1501a2}
12-11 11:18:12.981 25998 25998 I AiAiTextClassifier: onCreateTextClassificationSession = TextClassificationSessionId {9c0e0dd4-27e6-4d82-97e4-9de2cf1501a2}
12-11 11:18:12.982 25240 25240 I BugleRcsEngine: [2] afvm.b: KEY_CONFIG_IMS_PACKAGE_OVERRIDE_STRING: com.google.android.ims
12-11 11:18:12.982 25240 25240 I Bugle   : ConfigSmsReceiver: shouldIgnoreBroadcast. shouldUseCarrierServicesJibeService: true, isCsApkImsService: true
12-11 11:18:12.988 25240 25265 I BugleNotifications: Notifying [CONTEXT bugle_notification="Incoming message (Summary) (id: INCOMING_MESSAGE, tag: com.google.android.apps.messaging:sms)" notification_importance=4 notification_channel_id="bugle_default_channel" ]
12-11 11:18:12.991 25240 25262 I WM-WorkerWrapper: Worker result SUCCESS for Work [ id=f624d1b0-2607-4563-9626-db180b539772, tags={ com.google.android.apps.messaging.shared.datamodel.workqueue.WorkQueueWorkerShim, refresh_incoming_message_notifications- } ]
12-11 11:18:12.995 25240 30090 I BugleJobs: GenericWorkerQueueAction: Bailing early, no work found, no failed work found
12-11 11:18:13.021  1406  2261 W BroadcastQueue: Permission Denial: receiving Intent { act=android.provider.Telephony.SMS_RECEIVED flg=0x9000010 (has extras) } to com.makemytrip/com.mmt.travel.app.home.receiver.MobileVerifySmsReceiver requires android.permission.RECEIVE_SMS due to sender com.android.phone (uid 1001)
12-11 11:18:13.024  1406  1475 W BroadcastQueue: Permission Denial: receiving Intent { act=android.provider.Telephony.SMS_RECEIVED flg=0x9000010 (has extras) } to com.msf.angelmobile/.common.SmsBroadcastReceiver requires android.permission.RECEIVE_SMS due to sender com.android.phone (uid 1001)
12-11 11:18:13.044 25998 25998 I AiAiTextClassifier: onDestroyTextClassificationSession = TextClassificationSessionId {9c0e0dd4-27e6-4d82-97e4-9de2cf1501a2}
12-11 11:18:13.044 25998 25998 I AiAiTextClassifier: onDestroyTextClassificationSession = TextClassificationSessionId {9c0e0dd4-27e6-4d82-97e4-9de2cf1501a2}
12-11 11:18:13.112  1791  1791 D InterruptionStateProvider: No bubble up: not allowed to bubble: 0|com.google.android.apps.messaging|0|com.google.android.apps.messaging:sms:129|10150
12-11 11:18:13.197  1791  1791 D InterruptionStateProvider: No bubble up: not allowed to bubble: 0|com.google.android.apps.messaging|0|com.google.android.apps.messaging:sms:208|10150
12-11 11:18:13.220  1791  1791 D InterruptionStateProvider: No alerting: suppressed due to group alert behavior
12-11 11:18:13.271  1406 30096 E NotificationService: No vibration for canceled notification : 0|com.google.android.apps.messaging|0|com.google.android.apps.messaging:sms:209|10150
12-11 11:18:13.220  1791  1791 D InterruptionStateProvider: No alerting: suppressed due to group alert behavior
12-11 11:18:14.124 24762 24762 D QueuedWork: waited: [<1: 0, <2: 0, <4: 4, <8: 8, <16: 1, <32: 3, <64: 0, <128: 0, <256: 0, <512: 0, <1024: 1, <2048: 0, <4096: 0, <8192: 0, <16384: 0, >=16384: 0]
12-11 11:18:14.798 25240 30083 I BugleDataModel: SpamVerdictEnforcement: spam precheck are cached. message{id:656}
12-11 11:18:14.800 25240 25262 I BugleDataModel: SpamVerdictEnforcement: message{id:656} Detected spam, isSpam: true, Score: 1.0
12-11 11:18:14.860 25240 25264 I BugleUsageStatistics: UsageStatistics: ConversationArchived Conversation Origin: 9
12-11 11:18:14.914 25240 25263 I BugleNotifications: Notifying [CONTEXT bugle_notification="Auto-Moved Spam (id: AUTOMOVED_SPAM, tag: null)" notification_importance=2 notification_channel_id="bugle_auto_moved_spam_channel" ]
12-11 11:18:14.999 25240 30088 W SQLiteLog: (28) double-quoted string literal: ""
12-11 11:18:14.999 25240 30088 I chatty  : uid=10150(com.google.android.apps.messaging) Blocking Thread identical 1 line
12-11 11:18:14.999 25240 30088 W SQLiteLog: (28) double-quoted string literal: ""
12-11 11:18:15.024 25240 25263 D MddListenableWorkerFactory: createWorker for class: com.google.android.apps.messaging.shared.datamodel.workqueue.WorkQueueWorkerShim
12-11 11:18:15.037 25240 25263 D MddListenableWorkerFactory: createWorker for class: com.google.android.apps.messaging.shared.datamodel.workqueue.WorkQueueWorkerShim
12-11 11:18:15.044 25240 25265 D MddListenableWorkerFactory: createWorker for class: com.google.android.apps.messaging.shared.datamodel.workqueue.WorkQueueWorkerShim
12-11 11:18:15.048 25240 30090 W SQLiteLog: (28) double-quoted string literal: ""
12-11 11:18:15.049 25240 30090 I chatty  : uid=10150(com.google.android.apps.messaging) Blocking Thread identical 1 line
12-11 11:18:15.049 25240 30090 W SQLiteLog: (28) double-quoted string literal: ""
12-11 11:18:15.057 25240 25265 D MddListenableWorkerFactory: createWorker for class: com.google.android.apps.messaging.shared.datamodel.workqueue.WorkQueueWorkerShim
12-11 11:18:15.059 25240 25265 I WM-WorkerWrapper: Worker result SUCCESS for Work [ id=450234c2-22cf-4268-b80e-76376b9e4f6b, tags={ com.google.android.apps.messaging.shared.datamodel.workqueue.WorkQueueWorkerShim, mark_as_notified- } ]
12-11 11:18:15.082 25240 25265 I WM-WorkerWrapper: Worker result SUCCESS for Work [ id=3c02f672-7afc-4f29-b08a-7546c39601c1, tags={ com.google.android.apps.messaging.shared.datamodel.workqueue.WorkQueueWorkerShim, UPDATE_ARCHIVE_STATUS- } ]
12-11 11:18:15.116 25240 25265 I WM-WorkerWrapper: Worker result SUCCESS for Work [ id=5ece6b33-172b-4028-b760-8259fa330f81, tags={ com.google.android.apps.messaging.shared.datamodel.workqueue.WorkQueueWorkerShim, refresh_message_failure_notification- } ]
12-11 11:18:15.140  1791  1791 D InterruptionStateProvider: No bubble up: not allowed to bubble: 0|com.google.android.apps.messaging|14|null|10150
12-11 11:18:15.140  1791  1791 D InterruptionStateProvider: No heads up: unimportant notification: 0|com.google.android.apps.messaging|14|null|10150
12-11 11:18:15.178  2153  4245 D androidtc: Initializing SystemTextClassifier, type = System
12-11 11:18:15.179 25240 25263 I BugleNotifications: Notifying [CONTEXT bugle_notification="Bundled Incoming Message (Single Conversation) (id: INCOMING_MESSAGE, tag: com.google.android.apps.messaging:sms:174)" notification_importance=4 notification_channel_id="bugle_default_channel : CPTLCgX/u1FURLJHAhPKnQ" ]
12-11 11:18:15.180 25998 25998 I AiAiTextClassifier: onCreateTextClassificationSession = TextClassificationSessionId {ec528c18-a44e-4bc4-bcb5-176bb657ebd8}
12-11 11:18:15.180 25998 25998 I AiAiTextClassifier: onCreateTextClassificationSession = TextClassificationSessionId {ec528c18-a44e-4bc4-bcb5-176bb657ebd8}
12-11 11:18:15.236 25998 25998 I AiAiTextClassifier: onDestroyTextClassificationSession = TextClassificationSessionId {ec528c18-a44e-4bc4-bcb5-176bb657ebd8}
12-11 11:18:15.236 25998 25998 I AiAiTextClassifier: onDestroyTextClassificationSession = TextClassificationSessionId {ec528c18-a44e-4bc4-bcb5-176bb657ebd8}
12-11 11:18:15.271 25240 25265 I BugleNotifications: Notifying [CONTEXT bugle_notification="Bundled Incoming Message (Single Conversation) (id: INCOMING_MESSAGE, tag: com.google.android.apps.messaging:sms:129)" notification_importance=4 notification_channel_id="bugle_default_channel" ]
12-11 11:18:15.272  2153  4245 D androidtc: Initializing SystemTextClassifier, type = System
12-11 11:18:15.274 25998 25998 I AiAiTextClassifier: onCreateTextClassificationSession = TextClassificationSessionId {1e1f2558-6951-410a-846a-726bbfe4e005}
12-11 11:18:15.274 25998 25998 I AiAiTextClassifier: onCreateTextClassificationSession = TextClassificationSessionId {1e1f2558-6951-410a-846a-726bbfe4e005}
12-11 11:18:15.313 25998 25998 I AiAiTextClassifier: onDestroyTextClassificationSession = TextClassificationSessionId {1e1f2558-6951-410a-846a-726bbfe4e005}
12-11 11:18:15.313 25998 25998 I AiAiTextClassifier: onDestroyTextClassificationSession = TextClassificationSessionId {1e1f2558-6951-410a-846a-726bbfe4e005}
12-11 11:18:15.360 25240 25265 I BugleNotifications: Notifying [CONTEXT bugle_notification="Bundled Incoming Message (Single Conversation) (id: INCOMING_MESSAGE, tag: com.google.android.apps.messaging:sms:208)" notification_importance=4 notification_channel_id="bugle_default_channel" ]
12-11 11:18:15.361  2153  4245 D androidtc: Initializing SystemTextClassifier, type = System
12-11 11:18:15.362 25998 25998 I AiAiTextClassifier: onCreateTextClassificationSession = TextClassificationSessionId {77e1b134-d66c-4994-a92f-3b1d6c5371ff}
12-11 11:18:15.362 25998 25998 I AiAiTextClassifier: onCreateTextClassificationSession = TextClassificationSessionId {77e1b134-d66c-4994-a92f-3b1d6c5371ff}
12-11 11:18:15.366 25240 25265 I BugleNotifications: Notifying [CONTEXT bugle_notification="Incoming message (Summary) (id: INCOMING_MESSAGE, tag: com.google.android.apps.messaging:sms)" notification_importance=4 notification_channel_id="bugle_default_channel" ]
12-11 11:18:15.369 25240 25262 I WM-WorkerWrapper: Worker result SUCCESS for Work [ id=707e1d2c-2969-4b77-8ab7-4e1631f97626, tags={ com.google.android.apps.messaging.shared.datamodel.workqueue.WorkQueueWorkerShim, refresh_incoming_message_notifications- } ]
12-11 11:18:15.404 25998 25998 I AiAiTextClassifier: onDestroyTextClassificationSession = TextClassificationSessionId {77e1b134-d66c-4994-a92f-3b1d6c5371ff}
12-11 11:18:15.404 25998 25998 I AiAiTextClassifier: onDestroyTextClassificationSession = TextClassificationSessionId {77e1b134-d66c-4994-a92f-3b1d6c5371ff}
12-11 11:18:15.405  1791  1791 D InterruptionStateProvider: No bubble up: not allowed to bubble: 0|com.google.android.apps.messaging|0|com.google.android.apps.messaging:sms:174|10150
12-11 11:18:15.483  1791  1791 D InterruptionStateProvider: No bubble up: not allowed to bubble: 0|com.google.android.apps.messaging|0|com.google.android.apps.messaging:sms:129|10150
12-11 11:18:15.568  1791  1791 D InterruptionStateProvider: No bubble up: not allowed to bubble: 0|com.google.android.apps.messaging|0|com.google.android.apps.messaging:sms:208|10150
12-11 11:18:15.579  1034  1034 I perfetto: probes_producer.cc:329  Producer stop (id=5717)
12-11 11:18:15.579  1034  1034 I perfetto: ftrace_procfs.cc:183    disabled ftrace
12-11 11:18:15.583  1035  1035 I perfetto: ng_service_impl.cc:1948 Tracing session 5717 ended, total sessions:0
12-11 11:18:15.604  1791  1791 D InterruptionStateProvider: No alerting: suppressed due to group alert behavior
12-11 11:18:15.655  1066 29921 I iorapd  : Perfetto TraceBuffer saved to file: /data/misc/iorapd/com.flipkart.android/1200017/com.flipkart.android.activity.HomeFragmentHolderActivity/raw_traces/1607665695650398441.perfetto_trace.pb
12-11 11:18:15.604  1791  1791 D InterruptionStateProvider: No alerting: suppressed due to group alert behavior
12-11 11:18:16.390 29877 29910 I appium  : channel read invoked!
12-11 11:18:16.391 29877 29910 I appium  : channel read: POST /wd/hub/session/7645144c-4cd7-4c97-8e5e-c9792660100d/element
12-11 11:18:16.394 29877 29910 I appium  : Find element command using 'accessibility id' with selector 'Open Drawer'.
12-11 11:18:16.406 29877 29910 I appium  : Waiting up to 10000ms for device to be idle
12-11 11:18:16.470 29877 29910 I appium  : AppiumResponse: {"sessionId":"7645144c-4cd7-4c97-8e5e-c9792660100d","value":{"ELEMENT":"8b867f4d-496c-4745-99f0-f8f3384ed977","element-6066-11e4-a52e-4f735466cecf":"8b867f4d-496c-4745-99f0-f8f3384ed977"}}
12-11 11:18:16.499 29877 29910 I appium  : channel read invoked!
12-11 11:18:16.500 29877 29910 I appium  : channel read: POST /wd/hub/session/7645144c-4cd7-4c97-8e5e-c9792660100d/element/8b867f4d-496c-4745-99f0-f8f3384ed977/click
12-11 11:18:16.501 29877 29910 I appium  : Click element command
12-11 11:18:16.571 29877 29910 I appium  : Waiting up to 10000ms for device to be idle
12-11 11:18:16.572 29877 29910 I appium  : AppiumResponse: {"sessionId":"7645144c-4cd7-4c97-8e5e-c9792660100d","value":null}
12-11 11:18:16.598 29877 29910 I appium  : channel read invoked!
12-11 11:18:16.598 29877 29910 I appium  : channel read: POST /wd/hub/session/7645144c-4cd7-4c97-8e5e-c9792660100d/element
12-11 11:18:16.599 29877 29910 I appium  : Find element command using 'accessibility id' with selector 'My Account'.
12-11 11:18:16.599 29877 29910 I appium  : Waiting up to 10000ms for device to be idle
12-11 11:18:16.994 29925 30030 E CursorWindow: Failed to read row 0, column 29 from a CursorWindow which has 14 rows, 29 columns.
12-11 11:18:16.994 29925 30030 E CursorWindow: Failed to read row 1, column 29 from a CursorWindow which has 14 rows, 29 columns.
12-11 11:18:16.995 29925 30030 E CursorWindow: Failed to read row 2, column 29 from a CursorWindow which has 14 rows, 29 columns.
12-11 11:18:16.995 29925 30030 E CursorWindow: Failed to read row 3, column 29 from a CursorWindow which has 14 rows, 29 columns.
12-11 11:18:16.995 29925 30030 E CursorWindow: Failed to read row 4, column 29 from a CursorWindow which has 14 rows, 29 columns.
12-11 11:18:16.996 29925 30030 E CursorWindow: Failed to read row 5, column 29 from a CursorWindow which has 14 rows, 29 columns.
12-11 11:18:16.996 29925 30030 E CursorWindow: Failed to read row 6, column 29 from a CursorWindow which has 14 rows, 29 columns.
12-11 11:18:16.996 29925 30030 E CursorWindow: Failed to read row 7, column 29 from a CursorWindow which has 14 rows, 29 columns.
12-11 11:18:16.997 29925 30030 E CursorWindow: Failed to read row 8, column 29 from a CursorWindow which has 14 rows, 29 columns.
12-11 11:18:16.997 29925 30030 E CursorWindow: Failed to read row 9, column 29 from a CursorWindow which has 14 rows, 29 columns.
12-11 11:18:16.998 29925 30030 E CursorWindow: Failed to read row 10, column 29 from a CursorWindow which has 14 rows, 29 columns.
12-11 11:18:16.998 29925 30030 E CursorWindow: Failed to read row 11, column 29 from a CursorWindow which has 14 rows, 29 columns.
12-11 11:18:16.999 29925 30030 E CursorWindow: Failed to read row 12, column 29 from a CursorWindow which has 14 rows, 29 columns.
12-11 11:18:16.999 29925 30030 E CursorWindow: Failed to read row 13, column 29 from a CursorWindow which has 14 rows, 29 columns.
12-11 11:18:17.821 29877 29910 I appium  : AppiumResponse: {"sessionId":"7645144c-4cd7-4c97-8e5e-c9792660100d","value":{"error":"no such element","message":"An element could not be located on the page using the given search parameters","stacktrace":"io.appium.uiautomator2.common.exceptions.ElementNotFoundException: An element could not be located on the ...
12-11 11:18:18.344 29877 29910 I appium  : channel read invoked!
12-11 11:18:18.344 29877 29910 I appium  : channel read: POST /wd/hub/session/7645144c-4cd7-4c97-8e5e-c9792660100d/element
12-11 11:18:18.348 29877 29910 I appium  : Find element command using 'accessibility id' with selector 'My Account'.
12-11 11:18:18.348 29877 29910 I appium  : Waiting up to 10000ms for device to be idle
12-11 11:18:18.556 29877 29910 I appium  : AppiumResponse: {"sessionId":"7645144c-4cd7-4c97-8e5e-c9792660100d","value":{"error":"no such element","message":"An element could not be located on the page using the given search parameters","stacktrace":"io.appium.uiautomator2.common.exceptions.ElementNotFoundException: An element could not be located on the ...
12-11 11:18:19.071 29877 29910 I appium  : channel read invoked!
12-11 11:18:19.071 29877 29910 I appium  : channel read: POST /wd/hub/session/7645144c-4cd7-4c97-8e5e-c9792660100d/element
12-11 11:18:19.073 29877 29910 I appium  : Find element command using 'accessibility id' with selector 'My Account'.
12-11 11:18:19.074 29877 29910 I appium  : Waiting up to 10000ms for device to be idle
12-11 11:18:20.766 29877 29910 I appium  : AppiumResponse: {"sessionId":"7645144c-4cd7-4c97-8e5e-c9792660100d","value":{"error":"no such element","message":"An element could not be located on the page using the given search parameters","stacktrace":"io.appium.uiautomator2.common.exceptions.ElementNotFoundException: An element could not be located on the ...
12-11 11:18:21.286 29877 29910 I appium  : channel read invoked!
12-11 11:18:21.286 29877 29910 I appium  : channel read: POST /wd/hub/session/7645144c-4cd7-4c97-8e5e-c9792660100d/element
12-11 11:18:21.291 29877 29910 I appium  : Find element command using 'accessibility id' with selector 'My Account'.
12-11 11:18:21.291 29877 29910 I appium  : Waiting up to 10000ms for device to be idle
12-11 11:18:21.462 29877 29910 I appium  : AppiumResponse: {"sessionId":"7645144c-4cd7-4c97-8e5e-c9792660100d","value":{"error":"no such element","message":"An element could not be located on the page using the given search parameters","stacktrace":"io.appium.uiautomator2.common.exceptions.ElementNotFoundException: An element could not be located on the ...
12-11 11:18:21.991 29877 29910 I appium  : channel read invoked!
12-11 11:18:21.991 29877 29910 I appium  : channel read: POST /wd/hub/session/7645144c-4cd7-4c97-8e5e-c9792660100d/element
12-11 11:18:21.994 29877 29910 I appium  : Find element command using 'accessibility id' with selector 'My Account'.
12-11 11:18:21.994 29877 29910 I appium  : Waiting up to 10000ms for device to be idle
12-11 11:18:22.161 29877 29910 I appium  : AppiumResponse: {"sessionId":"7645144c-4cd7-4c97-8e5e-c9792660100d","value":{"error":"no such element","message":"An element could not be located on the page using the given search parameters","stacktrace":"io.appium.uiautomator2.common.exceptions.ElementNotFoundException: An element could not be located on the ...
12-11 11:18:22.683 29877 29910 I appium  : channel read invoked!
12-11 11:18:22.683 29877 29910 I appium  : channel read: POST /wd/hub/session/7645144c-4cd7-4c97-8e5e-c9792660100d/element
12-11 11:18:22.687 29877 29910 I appium  : Find element command using 'accessibility id' with selector 'My Account'.
12-11 11:18:22.687 29877 29910 I appium  : Waiting up to 10000ms for device to be idle
12-11 11:18:22.852 29877 29910 I appium  : AppiumResponse: {"sessionId":"7645144c-4cd7-4c97-8e5e-c9792660100d","value":{"error":"no such element","message":"An element could not be located on the page using the given search parameters","stacktrace":"io.appium.uiautomator2.common.exceptions.ElementNotFoundException: An element could not be located on the ...
12-11 11:18:23.367 29877 29910 I appium  : channel read invoked!
12-11 11:18:23.368 29877 29910 I appium  : channel read: POST /wd/hub/session/7645144c-4cd7-4c97-8e5e-c9792660100d/element
12-11 11:18:23.369 29877 29910 I appium  : Find element command using 'accessibility id' with selector 'My Account'.
12-11 11:18:23.369 29877 29910 I appium  : Waiting up to 10000ms for device to be idle
12-11 11:18:23.850 25240 30090 I BugleJobs: GenericWorkerQueueAction: Bailing early, no work found, no failed work found
12-11 11:18:24.984 29877 29910 I appium  : AppiumResponse: {"sessionId":"7645144c-4cd7-4c97-8e5e-c9792660100d","value":{"error":"no such element","message":"An element could not be located on the page using the given search parameters","stacktrace":"io.appium.uiautomator2.common.exceptions.ElementNotFoundException: An element could not be located on the ...
12-11 11:18:25.506 29877 29910 I appium  : channel read invoked!
12-11 11:18:25.506 29877 29910 I appium  : channel read: POST /wd/hub/session/7645144c-4cd7-4c97-8e5e-c9792660100d/element
12-11 11:18:25.507 29877 29910 I appium  : Find element command using 'accessibility id' with selector 'My Account'.
12-11 11:18:25.508 29877 29910 I appium  : Waiting up to 10000ms for device to be idle
12-11 11:18:25.575 29877 29910 I appium  : AppiumResponse: {"sessionId":"7645144c-4cd7-4c97-8e5e-c9792660100d","value":{"error":"no such element","message":"An element could not be located on the page using the given search parameters","stacktrace":"io.appium.uiautomator2.common.exceptions.ElementNotFoundException: An element could not be located on the ...
12-11 11:18:25.702  1406  1415 I system_server: Background young concurrent copying GC freed 437215(17MB) AllocSpace objects, 100(5292KB) LOS objects, 33% free, 44MB/67MB, paused 228us total 179.554ms
12-11 11:18:26.091 29877 29910 I appium  : channel read invoked!
12-11 11:18:26.091 29877 29910 I appium  : channel read: POST /wd/hub/session/7645144c-4cd7-4c97-8e5e-c9792660100d/element
12-11 11:18:26.094 29877 29910 I appium  : Find element command using 'accessibility id' with selector 'My Account'.
12-11 11:18:26.094 29877 29910 I appium  : Waiting up to 10000ms for device to be idle
12-11 11:18:26.172 29877 29910 I appium  : AppiumResponse: {"sessionId":"7645144c-4cd7-4c97-8e5e-c9792660100d","value":{"error":"no such element","message":"An element could not be located on the page using the given search parameters","stacktrace":"io.appium.uiautomator2.common.exceptions.ElementNotFoundException: An element could not be located on the ...
12-11 11:18:26.375 25488 25593 D AccessTokenRefreshRunnable: Running the refresh ...
12-11 11:18:26.693 29877 29910 I appium  : channel read invoked!
12-11 11:18:26.694 29877 29910 I appium  : channel read: POST /wd/hub/session/7645144c-4cd7-4c97-8e5e-c9792660100d/element
12-11 11:18:26.698 29877 29910 I appium  : Find element command using 'accessibility id' with selector 'My Account'.
12-11 11:18:26.698 29877 29910 I appium  : Waiting up to 10000ms for device to be idle
12-11 11:18:26.910 25240 30090 I BugleJobs: GenericWorkerQueueAction: Bailing early, no work found, no failed work found
12-11 11:18:26.927 29877 29910 I appium  : AppiumResponse: {"sessionId":"7645144c-4cd7-4c97-8e5e-c9792660100d","value":{"error":"no such element","message":"An element could not be located on the page using the given search parameters","stacktrace":"io.appium.uiautomator2.common.exceptions.ElementNotFoundException: An element could not be located on the ...
12-11 11:18:27.449 29877 29910 I appium  : channel read invoked!
12-11 11:18:27.450 29877 29910 I appium  : channel read: POST /wd/hub/session/7645144c-4cd7-4c97-8e5e-c9792660100d/element
12-11 11:18:27.453 29877 29910 I appium  : Find element command using 'accessibility id' with selector 'My Account'.
12-11 11:18:27.453 29877 29910 I appium  : Waiting up to 10000ms for device to be idle
12-11 11:18:29.216 29877 29910 I appium  : AppiumResponse: {"sessionId":"7645144c-4cd7-4c97-8e5e-c9792660100d","value":{"error":"no such element","message":"An element could not be located on the page using the given search parameters","stacktrace":"io.appium.uiautomator2.common.exceptions.ElementNotFoundException: An element could not be located on the ...
12-11 11:18:29.746 29877 29910 I appium  : channel read invoked!
12-11 11:18:29.747 29877 29910 I appium  : channel read: POST /wd/hub/session/7645144c-4cd7-4c97-8e5e-c9792660100d/element
12-11 11:18:29.751 29877 29910 I appium  : Find element command using 'accessibility id' with selector 'My Account'.
12-11 11:18:29.751 29877 29910 I appium  : Waiting up to 10000ms for device to be idle
12-11 11:18:29.917 29877 29910 I appium  : AppiumResponse: {"sessionId":"7645144c-4cd7-4c97-8e5e-c9792660100d","value":{"error":"no such element","message":"An element could not be located on the page using the given search parameters","stacktrace":"io.appium.uiautomator2.common.exceptions.ElementNotFoundException: An element could not be located on the ...
12-11 11:18:30.440 29877 29910 I appium  : channel read invoked!
12-11 11:18:30.443 29877 29910 I appium  : channel read: POST /wd/hub/session/7645144c-4cd7-4c97-8e5e-c9792660100d/element
12-11 11:18:30.447 29877 29910 I appium  : Find element command using 'accessibility id' with selector 'My Account'.
12-11 11:18:30.448 29877 29910 I appium  : Waiting up to 10000ms for device to be idle
12-11 11:18:30.727 29877 29910 I appium  : AppiumResponse: {"sessionId":"7645144c-4cd7-4c97-8e5e-c9792660100d","value":{"error":"no such element","message":"An element could not be located on the page using the given search parameters","stacktrace":"io.appium.uiautomator2.common.exceptions.ElementNotFoundException: An element could not be located on the ...
12-11 11:18:30.884   895   895 I android.hardware.health@2.0-service.wahoo: SRAM data: 3623000
12-11 11:18:30.903  1791  3064 D PowerUI : can't show warning due to - plugged: true status unknown: false
12-11 11:18:31.245 29877 29910 I appium  : channel read invoked!
12-11 11:18:31.246 29877 29910 I appium  : channel read: POST /wd/hub/session/7645144c-4cd7-4c97-8e5e-c9792660100d/element
12-11 11:18:31.249 29877 29910 I appium  : Find element command using 'accessibility id' with selector 'My Account'.
12-11 11:18:31.249 29877 29910 I appium  : Waiting up to 10000ms for device to be idle
12-11 11:18:31.394 29877 29910 I appium  : AppiumResponse: {"sessionId":"7645144c-4cd7-4c97-8e5e-c9792660100d","value":{"error":"no such element","message":"An element could not be located on the page using the given search parameters","stacktrace":"io.appium.uiautomator2.common.exceptions.ElementNotFoundException: An element could not be located on the ...
12-11 11:18:31.910 29877 29910 I appium  : channel read invoked!
12-11 11:18:31.910 29877 29910 I appium  : channel read: POST /wd/hub/session/7645144c-4cd7-4c97-8e5e-c9792660100d/element
12-11 11:18:31.911 29877 29910 I appium  : Find element command using 'accessibility id' with selector 'My Account'.
12-11 11:18:31.911 29877 29910 I appium  : Waiting up to 10000ms for device to be idle
12-11 11:18:33.292 29877 29910 I appium  : AppiumResponse: {"sessionId":"7645144c-4cd7-4c97-8e5e-c9792660100d","value":{"error":"no such element","message":"An element could not be located on the page using the given search parameters","stacktrace":"io.appium.uiautomator2.common.exceptions.ElementNotFoundException: An element could not be located on the ...
12-11 11:18:33.379 29877 29910 I appium  : channel read invoked!
12-11 11:18:33.380 29877 29910 I appium  : channel read: GET /wd/hub/session/7645144c-4cd7-4c97-8e5e-c9792660100d/screenshot
12-11 11:18:33.381 29877 29910 I appium  : Capture screenshot command
12-11 11:18:33.525   638   638 I hwservicemanager: getTransport: Cannot find entry android.hardware.graphics.mapper@4.0::IMapper/default in either framework or device manifest.
12-11 11:18:33.525 30127 30127 I Gralloc4: mapper 4.x is not supported
12-11 11:18:33.525   638   638 I hwservicemanager: getTransport: Cannot find entry android.hardware.graphics.mapper@3.0::IMapper/default in either framework or device manifest.
12-11 11:18:33.526 30127 30127 W Gralloc3: mapper 3.x is not supported
12-11 11:18:33.550 30127 30127 W AdrenoUtils: <ReadGpuID_from_sysfs:197>: Failed to open /sys/class/kgsl/kgsl-3d0/gpu_model
12-11 11:18:33.550 30127 30127 W AdrenoUtils: <ReadGpuID:221>: Failed to read chip ID from gpu_model. Fallback to use the GSL path
12-11 11:18:34.289 29877 29910 I appium  : AppiumResponse: {"sessionId":"7645144c-4cd7-4c97-8e5e-c9792660100d","value":"iVBORw0KGgoAAAANSUhEUgAABaAAAAtACAYAAADu24QXAAAAAXNSR0IArs4c6QAAAARzQklUCAgI\nCHwIZIgAACAASURBVHic7N15fFx1vf\/x9zln9uxN2jRJ971lKVD2teyriOwiCIrCvSh4\/V3F64IK\n6tWrgjsoXi9FUfZVEGQTKLIUiuwtlLa0dE3b7LPPOef3xzRp0iRt0s7JzCSv5+ORR5vMzJlvJjNn\n...
