--------- beginning of main
10-09 15:19:42.332 31470 31503 I MonitoringInstr: waitForActivitiesToComplete() took: 0ms
10-09 15:19:42.333 31470 31470 I MonitoringInstr: Activities that are still in CREATED to STOPPED: 0
--------- beginning of system
10-09 15:19:42.336  1365  2403 W WindowManager: removeWindowToken: Attempted to remove non-existing token: android.os.Binder@b49962c
10-09 15:19:42.350  1365  3002 I ActivityManager: Force stopping io.appium.uiautomator2.server appid=10487 user=0: finished inst
10-09 15:19:42.351  1365  1466 W WindowManager: Cannot find window which accessibility connection is added to
10-09 15:19:42.351 31455 31455 D AndroidRuntime: Shutting down VM
10-09 15:19:42.355  1365  3002 I ActivityManager: Killing 31470:io.appium.uiautomator2.server/u0a487 (adj 0): stop io.appium.uiautomator2.server due to finished inst
10-09 15:19:42.395   862   862 I Zygote  : Process 31470 exited due to signal 9 (Killed)
10-09 15:19:42.422  1365  1473 I libprocessgroup: Successfully killed process cgroup uid 10487 pid 31470 in 65ms
10-09 15:19:42.890  1365  2403 V UserManagerService: dumpPackageWhitelistProblems(): using mode ENFORCE|IMPLICIT_WHITELIST|IMPLICIT_WHITELIST_SYSTEM
10-09 15:19:43.082   888   888 I android.hardware.health@2.0-service.wahoo: SRAM data: 3661000
10-09 15:19:43.091  1787 15123 D PowerUI : can't show warning due to - plugged: true status unknown: false
10-09 15:19:43.817 32460 32462 I cmd     : oneway function results will be dropped but finished with status OK and parcel size 4
10-09 15:19:44.011 32480 32482 I cmd     : oneway function results will be dropped but finished with status OK and parcel size 4
10-09 15:19:44.115  1365  2052 V UserManagerService: dumpPackageWhitelistProblems(): using mode ENFORCE|IMPLICIT_WHITELIST|IMPLICIT_WHITELIST_SYSTEM
10-09 15:19:44.161   643   643 I servicemanager: Since 'apexservice' could not be found, trying to start it as a lazy AIDL service
10-09 15:19:44.223   643   643 I BpBinder: onLastStrongRef automatically unlinking death recipients: <uncached descriptor>
10-09 15:19:44.224   643   643 I servicemanager: Tried to unregister apexservice, but there is about to be a client.
10-09 15:19:44.680   888   888 I android.hardware.health@2.0-service.wahoo: SRAM data: 3661000
10-09 15:19:44.697  1787 15650 D PowerUI : can't show warning due to - plugged: true status unknown: false
10-09 15:19:45.416  1365  2052 V UserManagerService: dumpPackageWhitelistProblems(): using mode ENFORCE|IMPLICIT_WHITELIST|IMPLICIT_WHITELIST_SYSTEM
10-09 15:19:45.922   643   643 I servicemanager: Notifying apexservice they have clients: 1
10-09 15:19:49.438 11370 18035 I NetworkScheduler.Stats: Task com.google.android.gms/com.google.android.gms.icing.service.IcingGcmTaskService started execution. cause:4 exec_start_elapsed_seconds: 410193 [CONTEXT service_id=218 ]
10-09 15:19:49.444 11370 17124 I NetworkScheduler.Stats: Task com.google.android.gms/com.google.android.gms.icing.service.IcingGcmTaskService finished executing. cause:4 result: 1 elapsed_millis: 31 uptime_millis: 31 exec_start_elapsed_seconds: 410193 [CONTEXT service_id=218 ]
10-09 15:19:47.967  1365  2052 I chatty  : uid=1000(system) Binder:1365_8 identical 2 lines
10-09 15:19:49.232  1365  2052 V UserManagerService: dumpPackageWhitelistProblems(): using mode ENFORCE|IMPLICIT_WHITELIST|IMPLICIT_WHITELIST_SYSTEM
10-09 15:19:50.486  1365  2403 V UserManagerService: dumpPackageWhitelistProblems(): using mode ENFORCE|IMPLICIT_WHITELIST|IMPLICIT_WHITELIST_SYSTEM
10-09 15:19:53.982  1146  1146 E adbd    : failed to connect to socket 'tcp:6790': Connection refused
10-09 15:19:51.730  1365  2403 I chatty  : uid=1000(system) Binder:1365_9 identical 1 line
10-09 15:19:52.986  1365  2403 V UserManagerService: dumpPackageWhitelistProblems(): using mode ENFORCE|IMPLICIT_WHITELIST|IMPLICIT_WHITELIST_SYSTEM
10-09 15:19:54.114  1365  2403 I ActivityManager: Force stopping io.appium.uiautomator2.server.test appid=10488 user=0: from pid 32626
10-09 15:19:54.124 32626 32629 I cmd     : oneway function results will be dropped but finished with status OK and parcel size 4
10-09 15:19:54.124  2101  2101 E PhoneInterfaceManager: [PhoneIntfMgr] getCarrierPackageNamesForIntentAndPhone: No UICC
10-09 15:19:54.124  2101  2101 D CarrierSvcBindHelper: No carrier app for: 0
10-09 15:19:54.131 17997 32632 I EuiccGoogle: [15268] EuiccServiceImpl.onGetEuiccProfileInfoList: onGetEuiccProfileInfoList: slotId = -1
10-09 15:19:54.134  2957  2957 D RegisteredNfcFServicesCache: Service unchanged, not updating
10-09 15:19:54.141  1916  1916 D QcrilMsgTunnelIfaceManager: handleMessage what = 1
10-09 15:19:54.142  1916  1916 I QcrilOemhookMsgTunnel: [0]invokeOemRilRequestRaw: serial=1452 length=16
10-09 15:19:54.148  1916  1952 I QcrilOemhookMsgTunnel: [0]processOemHookResponse serial no: 1452 error: 0length=88
10-09 15:19:54.148  1916  1916 D QcrilMsgTunnelIfaceManager: handleMessage what = 2
10-09 15:19:54.149 17997 32632 I EuiccGoogle: [15268] UiccLogicalChannel.open: Locked on aid: A0000005591010FFFFFFFF8900000100
10-09 15:19:54.152  2101  2101 E PhoneInterfaceManager: [PhoneIntfMgr] iccOpenLogicalChannel: No UICC
10-09 15:19:54.153 17997 32632 E EuiccGoogle: [15268] UiccLogicalChannel.open: selectResponse is null. Unlocked for aid: A0000005591010FFFFFFFF8900000100
10-09 15:19:54.154 17997 32632 W EuiccGoogle: [15268] EuiccServiceImpl.onGetEuiccProfileInfoList: slotId=-1. No eUICC is active. Return null.
10-09 15:19:54.246  1365  3487 V UserManagerService: dumpPackageWhitelistProblems(): using mode ENFORCE|IMPLICIT_WHITELIST|IMPLICIT_WHITELIST_SYSTEM
10-09 15:19:54.261 32633 32633 D AndroidRuntime: >>>>>> START com.android.internal.os.RuntimeInit uid 2000 <<<<<<
10-09 15:19:54.265 32633 32633 E libc    : Access denied finding property "persist.device_config.runtime_native_boot.profilebootclasspath"
10-09 15:19:54.265 32633 32633 E libc    : Access denied finding property "persist.device_config.runtime_native_boot.enable_apex_image"
10-09 15:19:54.265 32633 32633 I AndroidRuntime: Using default boot image
10-09 15:19:54.265 32633 32633 E libc    : Access denied finding property "persist.device_config.runtime_native_boot.disable_lock_profiling"
10-09 15:19:54.265 32633 32633 I AndroidRuntime: Leaving lock profiling enabled
10-09 15:19:54.266 32633 32633 E libc    : Access denied finding property "persist.device_config.runtime_native_boot.enable_generational_cc"
10-09 15:19:54.262 32633 32633 W app_process: type=1400 audit(0.0:7042): avc: denied { read } for name="u:object_r:device_config_runtime_native_boot_prop:s0" dev="tmpfs" ino=17856 scontext=u:r:shell:s0 tcontext=u:object_r:device_config_runtime_native_boot_prop:s0 tclass=file permissive=0
10-09 15:19:54.262 32633 32633 I chatty  : uid=2000(shell) main identical 2 lines
10-09 15:19:54.262 32633 32633 W app_process: type=1400 audit(0.0:7045): avc: denied { read } for name="u:object_r:device_config_runtime_native_boot_prop:s0" dev="tmpfs" ino=17856 scontext=u:r:shell:s0 tcontext=u:object_r:device_config_runtime_native_boot_prop:s0 tclass=file permissive=0
10-09 15:19:54.366 32633 32633 D app_process: Time zone APEX ICU file found: /apex/com.android.tzdata/etc/icu/icu_tzdata.dat
10-09 15:19:54.367 32633 32633 D app_process: I18n APEX ICU file found: /apex/com.android.i18n/etc/icu/icudt66l.dat
10-09 15:19:54.379 32633 32633 I app_process: The ClassLoaderContext is a special shared library.
10-09 15:19:54.394 32633 32633 W app_process: JNI RegisterNativeMethods: attempt to register 0 native methods for android.media.AudioAttributes
10-09 15:19:54.400 32633 32633 D AndroidRuntime: Calling main entry com.android.commands.am.Am
10-09 15:19:54.406  1365  3487 I ActivityManager: Force stopping io.appium.uiautomator2.server appid=10487 user=0: start instr
10-09 15:19:54.408  1365  3487 D CompatibilityChangeReporter: Compat change id reported: 135634846; UID 10487; state: DISABLED
10-09 15:19:54.408  1365  1472 D CompatibilityChangeReporter: Compat change id reported: 143937733; UID 10487; state: DISABLED
10-09 15:19:54.416   862   862 D Zygote  : Forked child process 32651
10-09 15:19:54.421  1365  1472 I ActivityManager: Start proc 32651:io.appium.uiautomator2.server/u0a487 for added application io.appium.uiautomator2.server
10-09 15:19:54.422 32651 32651 I tomator2.serve: Late-enabling -Xcheck:jni
10-09 15:19:54.449 32651 32651 I tomator2.serve: Unquickening 12 vdex files!
10-09 15:19:54.461  1146  1206 I adbd    : jdwp connection from 32651
10-09 15:19:54.508 32651 32651 D ApplicationLoaders: Returning zygote-cached class loader: /system/framework/android.test.base.jar
10-09 15:19:54.510 32651 32651 I tomator2.serve: The ClassLoaderContext is a special shared library.
10-09 15:19:54.511 32651 32651 I chatty  : uid=10487(io.appium.uiautomator2.server) identical 1 line
10-09 15:19:54.516 32651 32651 I tomator2.serve: The ClassLoaderContext is a special shared library.
10-09 15:19:54.641 32651 32651 D ApplicationLoaders: Returning zygote-cached class loader: /system/framework/android.test.base.jar
10-09 15:19:54.641 32651 32651 D ApplicationLoaders: Returning zygote-cached class loader: /system/framework/android.test.base.jar
10-09 15:19:54.645 32651 32651 I tomator2.serve: The ClassLoaderContext is a special shared library.
10-09 15:19:54.652 32651 32651 D ApplicationLoaders: Returning zygote-cached class loader: /system/framework/android.test.base.jar
10-09 15:19:54.652 32651 32651 D ApplicationLoaders: Returning zygote-cached class loader: /system/framework/android.test.base.jar
10-09 15:19:54.653 32651 32651 I tomator2.serve: The ClassLoaderContext is a special shared library.
10-09 15:19:54.657 32651 32651 I chatty  : uid=10487(io.appium.uiautomator2.server) identical 2 lines
10-09 15:19:54.658 32651 32651 I tomator2.serve: The ClassLoaderContext is a special shared library.
10-09 15:19:54.751 32651 32651 W tomator2.serve: Accessing hidden method Landroid/app/Instrumentation;->execStartActivity(Landroid/content/Context;Landroid/os/IBinder;Landroid/os/IBinder;Landroid/app/Activity;Landroid/content/Intent;ILandroid/os/Bundle;)Landroid/app/Instrumentation$ActivityResult; (greylist, linking, allowed)
10-09 15:19:54.751 32651 32651 W tomator2.serve: Accessing hidden method Landroid/app/Instrumentation;->execStartActivity(Landroid/content/Context;Landroid/os/IBinder;Landroid/os/IBinder;Ljava/lang/String;Landroid/content/Intent;ILandroid/os/Bundle;)Landroid/app/Instrumentation$ActivityResult; (greylist, linking, allowed)
10-09 15:19:54.758 32651 32651 D NetworkSecurityConfig: No Network Security Config specified, using platform default
10-09 15:19:54.759 32651 32651 D NetworkSecurityConfig: No Network Security Config specified, using platform default
10-09 15:19:54.778 32651 32651 I MonitoringInstr: Instrumentation started!
10-09 15:19:54.779 32651 32651 I MonitoringInstr: Setting context classloader to 'dalvik.system.PathClassLoader[DexPathList[[zip file "/system/framework/android.test.runner.jar", zip file "/system/framework/android.test.mock.jar", zip file "/system/framework/android.test.base.jar", zip file "/data/app/~~xN2SESFGzH4yA1n4ZA-G8A==/io.appium.uiautomator2.server.test-nbFP3kO2GE82pghKjugTlw==/base.apk", zip file "/data/app/~~PdQymxfO7tzEJgn_bEMRMw==/io.appium.uiautomator2.server-3W4AFDbmk8nUdTCf6yu34Q==/base.apk"],nativeLibraryDirectories=[/data/app/~~xN2SESFGzH4yA1n4ZA-G8A==/io.appium.uiautomator2.server.test-nbFP3kO2GE82pghKjugTlw==/lib/arm64, /data/app/~~PdQymxfO7tzEJgn_bEMRMw==/io.appium.uiautomator2.server-3W4AFDbmk8nUdTCf6yu34Q==/lib/arm64, /system/lib64, /system/product/lib64]]]', Original: 'dalvik.system.PathClassLoader[DexPathList[[zip file "/system/framework/android.test.runner.jar", zip file "/system/framework/android.test.mock.jar", zip file "/system/framework/android.test.base.jar", zip file "/data/app/~~xN2SESFGzH4yA1n4ZA-G8A==/io.appium.uiautomator2.server.test-nbFP3kO2GE82pghKjugTlw==/base.apk", zip file "/data/app/~~PdQymxfO7tzEJgn_bEMRMw==/io.appium.uiautomator2.server-3W4AFDbmk8nUdTCf6yu34Q==/base.apk"],nativeLibraryDirectories=[/data/app/~~xN2SESFGzH4yA1n4ZA-G8A==/io.appium.uiautomator2.server.test-nbFP3kO2GE82pghKjugTlw==/lib/arm64, /data/app/~~PdQymxfO7tzEJgn_bEMRMw==/io.appium.uiautomator2.server-3W4AFDbmk8nUdTCf6yu34Q==/lib/arm64, /system/lib64, /system/product/lib64]]]'
10-09 15:19:54.784 32651 32651 I MonitoringInstr: No JSBridge.
10-09 15:19:54.786 32651 32673 I MonitoringInstr: Setting context classloader to 'dalvik.system.PathClassLoader[DexPathList[[zip file "/system/framework/android.test.runner.jar", zip file "/system/framework/android.test.mock.jar", zip file "/system/framework/android.test.base.jar", zip file "/data/app/~~xN2SESFGzH4yA1n4ZA-G8A==/io.appium.uiautomator2.server.test-nbFP3kO2GE82pghKjugTlw==/base.apk", zip file "/data/app/~~PdQymxfO7tzEJgn_bEMRMw==/io.appium.uiautomator2.server-3W4AFDbmk8nUdTCf6yu34Q==/base.apk"],nativeLibraryDirectories=[/data/app/~~xN2SESFGzH4yA1n4ZA-G8A==/io.appium.uiautomator2.server.test-nbFP3kO2GE82pghKjugTlw==/lib/arm64, /data/app/~~PdQymxfO7tzEJgn_bEMRMw==/io.appium.uiautomator2.server-3W4AFDbmk8nUdTCf6yu34Q==/lib/arm64, /system/lib64, /system/product/lib64]]]', Original: 'dalvik.system.PathClassLoader[DexPathList[[zip file "/system/framework/android.test.runner.jar", zip file "/system/framework/android.test.mock.jar", zip file "/system/framework/android.test.base.jar", zip file "/data/app/~~xN2SESFGzH4yA1n4ZA-G8A==/io.appium.uiautomator2.server.test-nbFP3kO2GE82pghKjugTlw==/base.apk", zip file "/data/app/~~PdQymxfO7tzEJgn_bEMRMw==/io.appium.uiautomator2.server-3W4AFDbmk8nUdTCf6yu34Q==/base.apk"],nativeLibraryDirectories=[/data/app/~~xN2SESFGzH4yA1n4ZA-G8A==/io.appium.uiautomator2.server.test-nbFP3kO2GE82pghKjugTlw==/lib/arm64, /data/app/~~PdQymxfO7tzEJgn_bEMRMw==/io.appium.uiautomator2.server-3W4AFDbmk8nUdTCf6yu34Q==/lib/arm64, /system/lib64, /system/product/lib64]]]'
10-09 15:19:54.815 32651 32673 I UsageTrackerFacilitator: Usage tracking enabled
10-09 15:19:54.821 32651 32673 I TestRequestBuilder: Scanning classpath to find tests in paths [/data/app/~~xN2SESFGzH4yA1n4ZA-G8A==/io.appium.uiautomator2.server.test-nbFP3kO2GE82pghKjugTlw==/base.apk]
10-09 15:19:54.822 32651 32673 W tomator2.serve: Opening an oat file without a class loader. Are you using the deprecated DexFile APIs?
10-09 15:19:55.012 32651 32673 D TestExecutor: Adding listener androidx.test.internal.runner.listener.LogRunListener
10-09 15:19:55.012 32651 32673 D TestExecutor: Adding listener androidx.test.internal.runner.listener.InstrumentationResultPrinter
10-09 15:19:55.012 32651 32673 D TestExecutor: Adding listener androidx.test.internal.runner.listener.ActivityFinisherRunListener
10-09 15:19:55.013 32651 32673 I TestRunner: run started: 1 tests
10-09 15:19:55.015 32651 32673 I TestRunner: started: startServer(io.appium.uiautomator2.server.test.AppiumUiAutomator2Server)
10-09 15:19:55.017 32651 32651 I MonitoringInstr: Activities that are still in CREATED to STOPPED: 0
10-09 15:19:55.026 32651 32673 I appium  : [AppiumUiAutomator2Server] Starting Server
10-09 15:19:55.173  1146  1146 E adbd    : failed to connect to socket 'tcp:6790': Connection refused
10-09 15:19:55.569  1365  3487 V UserManagerService: dumpPackageWhitelistProblems(): using mode ENFORCE|IMPLICIT_WHITELIST|IMPLICIT_WHITELIST_SYSTEM
10-09 15:19:56.089 32651 32673 I appium  : AndroidServer created on port 6790
10-09 15:19:56.089 32651 32673 I appium  : io.appium.uiautomator2.server started:
10-09 15:19:56.153  1365  1466 W WindowManager: Cannot find window which accessibility connection is added to
10-09 15:19:56.170 32651 32686 I appium  : Started UiAutomator2 io.appium.uiautomator2.http io.appium.uiautomator2.server on port 6790
10-09 15:19:56.184  1146  1146 E adbd    : failed to connect to socket 'tcp:6790': Connection refused
10-09 15:19:56.241 32651 32688 W tomator2.serve: Accessing hidden method Lsun/misc/VM;->maxDirectMemory()J (greylist, reflection, allowed)
10-09 15:19:56.250 32651 32688 W tomator2.serve: Accessing hidden field Lsun/nio/ch/SelectorImpl;->selectedKeys:Ljava/util/Set; (greylist, reflection, allowed)
10-09 15:19:56.250 32651 32688 W tomator2.serve: Accessing hidden field Lsun/nio/ch/SelectorImpl;->publicSelectedKeys:Ljava/util/Set; (greylist, reflection, allowed)
10-09 15:19:56.272 32651 32651 W Thread-3: type=1400 audit(0.0:7046): avc: denied { read } for name="somaxconn" dev="proc" ino=3880579 scontext=u:r:untrusted_app_27:s0:c231,c257,c512,c768 tcontext=u:object_r:proc_net:s0 tclass=file permissive=0 app=io.appium.uiautomator2.server
10-09 15:19:56.900  1365  2403 V UserManagerService: dumpPackageWhitelistProblems(): using mode ENFORCE|IMPLICIT_WHITELIST|IMPLICIT_WHITELIST_SYSTEM
10-09 15:19:57.314 32651 32701 I appium  : channel read invoked!
10-09 15:19:57.315 32651 32701 I appium  : channel read: GET /wd/hub/status
10-09 15:19:57.328 32651 32701 I appium  : AppiumResponse: {"sessionId":"None","value":{"ready":true,"message":"UiAutomator2 Server is ready to accept commands"}}
10-09 15:19:57.347 32651 32701 I appium  : channel read invoked!
10-09 15:19:57.348 32651 32701 I appium  : channel read: POST /wd/hub/session
10-09 15:19:57.356 32651 32701 W tomator2.serve: Accessing hidden field Landroid/app/UiAutomation;->mOnAccessibilityEventListener:Landroid/app/UiAutomation$OnAccessibilityEventListener; (greylist-max-o, reflection, allowed)
10-09 15:19:57.356 32651 32701 I appium  : Created the new session with SessionID: 3cf16f52-2604-4a79-a935-b345b3c890af
10-09 15:19:57.358 32651 32701 I appium  : AppiumResponse: {"sessionId":"3cf16f52-2604-4a79-a935-b345b3c890af","value":{"sessionId":"3cf16f52-2604-4a79-a935-b345b3c890af","capabilities":{"firstMatch":[{"platform":"LINUX","webStorageEnabled":false,"takesScreenshot":true,"javascriptEnabled":true,"databaseEnabled":false,"networkConnectionEnabled":true,"loca...
10-09 15:19:57.380 32651 32701 I appium  : channel read invoked!
10-09 15:19:57.380 32651 32701 I appium  : channel read: GET /wd/hub/session/3cf16f52-2604-4a79-a935-b345b3c890af/appium/device/info
10-09 15:19:57.381 32651 32701 I appium  : Get Device Info command
10-09 15:19:57.389 32651 32701 I TetheringManager: registerTetheringEventCallback:io.appium.uiautomator2.server
10-09 15:19:57.422 32651 32701 W tomator2.serve: Accessing hidden field Landroid/net/NetworkCapabilities;->mSignalStrength:I (greylist-max-p, reflection, allowed)
10-09 15:19:57.422 32651 32701 W tomator2.serve: Accessing hidden field Landroid/net/NetworkCapabilities;->mNetworkSpecifier:Landroid/net/NetworkSpecifier; (greylist-max-o, reflection, allowed)
10-09 15:19:57.422 32651 32701 W tomator2.serve: Accessing hidden field Landroid/net/NetworkCapabilities;->mSSID:Ljava/lang/String; (greylist-max-o, reflection, allowed)
10-09 15:19:57.449 32651 32701 I appium  : AppiumResponse: {"sessionId":"3cf16f52-2604-4a79-a935-b345b3c890af","value":{"androidId":"5ffc083a0992a604","manufacturer":"Google","model":"Pixel 2 XL","brand":"google","apiVersion":"30","platformVersion":"11","carrierName":"","realDisplaySize":"1440x2880","displayDensity":560,"networks":[{"type":1,"typeName":"...
10-09 15:19:57.740  1365  2403 I ActivityManager: Force stopping com.amazon.mShop.android.shopping appid=10489 user=0: from pid 32707
10-09 15:19:57.752  2101  2101 E PhoneInterfaceManager: [PhoneIntfMgr] getCarrierPackageNamesForIntentAndPhone: No UICC
10-09 15:19:57.752  2101  2101 D CarrierSvcBindHelper: No carrier app for: 0
10-09 15:19:57.758  2957  2957 D RegisteredNfcFServicesCache: Service unchanged, not updating
10-09 15:19:57.760 17997 32710 I EuiccGoogle: [15269] EuiccServiceImpl.onGetEuiccProfileInfoList: onGetEuiccProfileInfoList: slotId = -1
10-09 15:19:57.769  1916  1916 D QcrilMsgTunnelIfaceManager: handleMessage what = 1
10-09 15:19:57.771  1916  1916 I QcrilOemhookMsgTunnel: [0]invokeOemRilRequestRaw: serial=1453 length=16
10-09 15:19:57.777  1916  1952 I QcrilOemhookMsgTunnel: [0]processOemHookResponse serial no: 1453 error: 0length=88
10-09 15:19:57.778  1916  1916 D QcrilMsgTunnelIfaceManager: handleMessage what = 2
10-09 15:19:57.778 17997 32710 I EuiccGoogle: [15269] UiccLogicalChannel.open: Locked on aid: A0000005591010FFFFFFFF8900000100
10-09 15:19:57.781  2101  2101 E PhoneInterfaceManager: [PhoneIntfMgr] iccOpenLogicalChannel: No UICC
10-09 15:19:57.782 17997 32710 E EuiccGoogle: [15269] UiccLogicalChannel.open: selectResponse is null. Unlocked for aid: A0000005591010FFFFFFFF8900000100
10-09 15:19:57.783 17997 32710 W EuiccGoogle: [15269] EuiccServiceImpl.onGetEuiccProfileInfoList: slotId=-1. No eUICC is active. Return null.
10-09 15:19:58.004  1365  2403 I ActivityTaskManager: START u0 {flg=0x10000000 cmp=com.amazon.mShop.android.shopping/com.amazon.mShop.splashscreen.StartupActivity} from uid 2000
10-09 15:19:58.006  1365  1465 D EventSequenceValidator: IntentStarted during UNKNOWN. Intent { flg=0x10000000 cmp=com.amazon.mShop.android.shopping/com.amazon.mShop.splashscreen.StartupActivity }
10-09 15:19:58.006  1365  1465 D EventSequenceValidator: java.lang.Throwable: EventSequenceValidator#getStackTrace
10-09 15:19:58.006  1365  1465 D EventSequenceValidator: 	at com.google.android.startop.iorap.EventSequenceValidator.logWarningWithStackTrace(EventSequenceValidator.java:260)
10-09 15:19:58.006  1365  1465 D EventSequenceValidator: 	at com.google.android.startop.iorap.EventSequenceValidator.onIntentStarted(EventSequenceValidator.java:106)
10-09 15:19:58.006  1365  1465 D EventSequenceValidator: 	at com.android.server.wm.LaunchObserverRegistryImpl.handleOnIntentStarted(LaunchObserverRegistryImpl.java:139)
10-09 15:19:58.006  1365  1465 D EventSequenceValidator: 	at com.android.server.wm.LaunchObserverRegistryImpl.lambda$veRn_GhgLZLlOHOJ0ZYT6KcfYqo(Unknown Source:0)
10-09 15:19:58.006  1365  1465 D EventSequenceValidator: 	at com.android.server.wm.-$$Lambda$LaunchObserverRegistryImpl$veRn_GhgLZLlOHOJ0ZYT6KcfYqo.accept(Unknown Source:10)
10-09 15:19:58.006  1365  1465 D EventSequenceValidator: 	at com.android.internal.util.function.pooled.PooledLambdaImpl.doInvoke(PooledLambdaImpl.java:292)
10-09 15:19:58.006  1365  1465 D EventSequenceValidator: 	at com.android.internal.util.function.pooled.PooledLambdaImpl.invoke(PooledLambdaImpl.java:201)
10-09 15:19:58.006  1365  1465 D EventSequenceValidator: 	at com.android.internal.util.function.pooled.OmniFunction.run(OmniFunction.java:97)
10-09 15:19:58.006  1365  1465 D EventSequenceValidator: 	at android.os.Handler.handleCallback(Handler.java:938)
10-09 15:19:58.006  1365  1465 D EventSequenceValidator: 	at android.os.Handler.dispatchMessage(Handler.java:99)
10-09 15:19:58.006  1365  1465 D EventSequenceValidator: 	at android.os.Looper.loop(Looper.java:223)
10-09 15:19:58.006  1365  1465 D EventSequenceValidator: 	at android.os.HandlerThread.run(HandlerThread.java:67)
10-09 15:19:58.006  1365  1465 D EventSequenceValidator: 	at com.android.server.ServiceThread.run(ServiceThread.java:44)
10-09 15:19:58.006  1365  1465 D EventSequenceValidator: inc AccIntentStartedEvents to 4
10-09 15:19:58.015  1032  1032 I perfetto: ing_service_impl.cc:758 Configured tracing session 1429, #sources:1, duration:5000 ms, #buffers:1, total buffer size:4096 KB, total sessions:1, uid:1071 session name: ""
10-09 15:19:58.016  1031  1031 I perfetto: probes_producer.cc:230  Ftrace setup (target_buf=1429)
10-09 15:19:58.025   675   675 D android.hardware.power@1.3-service.pixel-libperfmgr: LAUNCH: 1
10-09 15:19:58.028  1031  1031 I perfetto: ftrace_procfs.cc:176    enabled ftrace
10-09 15:19:58.039  1365  1465 D CompatibilityChangeReporter: Compat change id reported: 135634846; UID 10489; state: DISABLED
10-09 15:19:58.039  1365  1472 D CompatibilityChangeReporter: Compat change id reported: 143937733; UID 10489; state: DISABLED
10-09 15:19:58.039  1365  1465 D EventSequenceValidator: onActivityLaunched during UNKNOWN.
10-09 15:19:58.039  1365  1465 D EventSequenceValidator: java.lang.Throwable: EventSequenceValidator#getStackTrace
10-09 15:19:58.039  1365  1465 D EventSequenceValidator: 	at com.google.android.startop.iorap.EventSequenceValidator.logWarningWithStackTrace(EventSequenceValidator.java:260)
10-09 15:19:58.039  1365  1465 D EventSequenceValidator: 	at com.google.android.startop.iorap.EventSequenceValidator.onActivityLaunched(EventSequenceValidator.java:149)
10-09 15:19:58.039  1365  1465 D EventSequenceValidator: 	at com.android.server.wm.LaunchObserverRegistryImpl.handleOnActivityLaunched(LaunchObserverRegistryImpl.java:157)
10-09 15:19:58.039  1365  1465 D EventSequenceValidator: 	at com.android.server.wm.LaunchObserverRegistryImpl.lambda$UGY1OclnLIQLMEL9B55qjERFf4o(Unknown Source:0)
10-09 15:19:58.039  1365  1465 D EventSequenceValidator: 	at com.android.server.wm.-$$Lambda$LaunchObserverRegistryImpl$UGY1OclnLIQLMEL9B55qjERFf4o.accept(Unknown Source:10)
10-09 15:19:58.039  1365  1465 D EventSequenceValidator: 	at com.android.internal.util.function.pooled.PooledLambdaImpl.doInvoke(PooledLambdaImpl.java:292)
10-09 15:19:58.039  1365  1465 D EventSequenceValidator: 	at com.android.internal.util.function.pooled.PooledLambdaImpl.invoke(PooledLambdaImpl.java:201)
10-09 15:19:58.039  1365  1465 D EventSequenceValidator: 	at com.android.internal.util.function.pooled.OmniFunction.run(OmniFunction.java:97)
10-09 15:19:58.039  1365  1465 D EventSequenceValidator: 	at android.os.Handler.handleCallback(Handler.java:938)
10-09 15:19:58.039  1365  1465 D EventSequenceValidator: 	at android.os.Handler.dispatchMessage(Handler.java:99)
10-09 15:19:58.039  1365  1465 D EventSequenceValidator: 	at android.os.Looper.loop(Looper.java:223)
10-09 15:19:58.039  1365  1465 D EventSequenceValidator: 	at android.os.HandlerThread.run(HandlerThread.java:67)
10-09 15:19:58.039  1365  1465 D EventSequenceValidator: 	at com.android.server.ServiceThread.run(ServiceThread.java:44)
10-09 15:19:58.044   863   863 D Zygote  : Forked child process 32722
10-09 15:19:58.046  1365  1472 I ActivityManager: Start proc 32722:com.amazon.mShop.android.shopping/u0a489 for pre-top-activity {com.amazon.mShop.android.shopping/com.amazon.mShop.splashscreen.StartupActivity}
10-09 15:19:58.059 32722 32722 E ndroid.shoppin: Not starting debugger since process cannot load the jdwp agent.
10-09 15:19:58.085 32722 32722 D ApplicationLoaders: Returning zygote-cached class loader: /system/framework/android.test.base.jar
10-09 15:19:58.087 32722 32722 I ndroid.shoppin: The ClassLoaderContext is a special shared library.
10-09 15:19:58.099 32722 32722 D NetworkSecurityConfig: Using Network Security Config from resource network_security_config debugBuild: false
10-09 15:19:58.099 32722 32722 D NetworkSecurityConfig: Using Network Security Config from resource network_security_config debugBuild: false
10-09 15:19:58.103 32722 32722 V ApplicationStateListener: Application is created at time: 1602236998103
10-09 15:19:58.115 32722 32722 I TetheringManager: registerTetheringEventCallback:com.amazon.mShop.android.shopping
10-09 15:19:58.118 32722 32722 I com.amazon.device.crashmanager.CrashDetectionHelper: Installing crash detector as default exception handler.
10-09 15:19:58.120 32722 32749 I DPLogger: DPLogger - Name was too long. Truncating; original name: AbstractDetArtifactProcessor, truncated name: AbstractDetArtifactProc
10-09 15:19:58.120 32722 32749 I DPLogger: DPLogger - Name was too long. Truncating; original name: JavaCrashArtifactProcessor, truncated name: JavaCrashArtifactProces
10-09 15:19:58.122 32722 32749 I ArtifactUploader: ArtifactUploader - Finished uploading artifacts. Uploaded 0 artifacts.;
10-09 15:19:58.129 32722 32722 D PluginParser: Loading configuration with prefix com.amazon.platform.plugin.
10-09 15:19:58.130   888   888 I android.hardware.health@2.0-service.wahoo: SRAM data: 3661000
10-09 15:19:58.130 32722 32722 D PluginParser: Adding configuration for meta-data key 'com.amazon.platform.plugin.httpUrlDeepLink' = com.amazon.mShop.android.shopping:array/deeplinking_plugins
10-09 15:19:58.130 32722 32722 D PluginParser: Loading configuration from com.amazon.mShop.android.shopping:array/deeplinking_plugins
10-09 15:19:58.130 32722 32722 E ndroid.shoppin: Resource 7f080015 is a complex map type.
10-09 15:19:58.130 32722 32722 D PluginParser: Loading configuration from com.amazon.mShop.android.shopping:xml/deeplinking_plugin
10-09 15:19:58.131 32722 32722 D PluginParser: Adding access for plugin: com.amazon.mShop.appgrade.startup
10-09 15:19:58.131 32722 32722 D PluginParser: Loading configuration from com.amazon.mShop.android.shopping:xml/deeplinking_weblabs
10-09 15:19:58.131 32722 32722 D PluginParser: Adding configuration for meta-data key 'com.amazon.platform.plugin.amazonStore' = com.amazon.mShop.android.shopping:array/amazonstore_plugins
10-09 15:19:58.131 32722 32722 D PluginParser: Loading configuration from com.amazon.mShop.android.shopping:array/amazonstore_plugins
10-09 15:19:58.132 32722 32722 E ndroid.shoppin: Resource 7f08000e is a complex map type.
10-09 15:19:58.132 32722 32722 D PluginParser: Loading configuration from com.amazon.mShop.android.shopping:xml/chrome_extension_plugin
10-09 15:19:58.132 32722 32722 D PluginParser: Loading configuration from com.amazon.mShop.android.shopping:xml/amazon_store_weblab_plugin
10-09 15:19:58.132 32722 32722 D PluginParser: Adding configuration for meta-data key 'com.amazon.platform.plugin.inlineSearchSuggestionsLibPlugins' = com.amazon.mShop.android.shopping:array/iss_plugins
10-09 15:19:58.132 32722 32722 D PluginParser: Loading configuration from com.amazon.mShop.android.shopping:array/iss_plugins
10-09 15:19:58.132 32722 32722 E ndroid.shoppin: Resource 7f080019 is a complex map type.
10-09 15:19:58.132 32722 32722 D PluginParser: Loading configuration from com.amazon.mShop.android.shopping:xml/iss_weblabs
10-09 15:19:58.132  1787  8438 D PowerUI : can't show warning due to - plugged: true status unknown: false
10-09 15:19:58.132 32722 32722 D PluginParser: Adding configuration for meta-data key 'com.amazon.platform.plugin.regionmonitoring' = com.amazon.mShop.android.shopping:xml/regionmonitoring_plugin
10-09 15:19:58.132 32722 32722 D PluginParser: Loading configuration from com.amazon.mShop.android.shopping:xml/regionmonitoring_plugin
10-09 15:19:58.133 32722 32722 D PluginParser: Adding configuration for meta-data key 'com.amazon.platform.plugin.packard' = com.amazon.mShop.android.shopping:xml/packard_weblabs
10-09 15:19:58.133 32722 32722 D PluginParser: Loading configuration from com.amazon.mShop.android.shopping:xml/packard_weblabs
10-09 15:19:58.133 32722 32722 D PluginParser: Adding configuration for meta-data key 'com.amazon.platform.plugin.ps_ssnap' = com.amazon.mShop.android.shopping:xml/ps_plugin
10-09 15:19:58.133 32722 32722 D PluginParser: Loading configuration from com.amazon.mShop.android.shopping:xml/ps_plugin
10-09 15:19:58.133 32722 32722 D PluginParser: Adding configuration for meta-data key 'com.amazon.platform.plugin.chrome' = com.amazon.mShop.android.shopping:array/chrome_plugins
10-09 15:19:58.133 32722 32722 D PluginParser: Loading configuration from com.amazon.mShop.android.shopping:array/chrome_plugins
10-09 15:19:58.133 32722 32722 E ndroid.shoppin: Resource 7f080013 is a complex map type.
10-09 15:19:58.133 32722 32722 D PluginParser: Loading configuration from com.amazon.mShop.android.shopping:xml/chrome_startup_plugin
10-09 15:19:58.133 32722 32722 D PluginParser: Loading configuration from com.amazon.mShop.android.shopping:xml/chrome_plugin
10-09 15:19:58.134 32722 32722 D PluginParser: Loading configuration from com.amazon.mShop.android.shopping:xml/appx_weblabs
10-09 15:19:58.134 32722 32751 I WebViewFactory: Loading com.google.android.webview version 85.0.4183.127 (code 418312783)
10-09 15:19:58.135  1365  3532 V UserManagerService: dumpPackageWhitelistProblems(): using mode ENFORCE|IMPLICIT_WHITELIST|IMPLICIT_WHITELIST_SYSTEM
10-09 15:19:58.136 32722 32722 D PluginParser: Adding configuration for meta-data key 'com.amazon.platform.plugin.shortcut' = com.amazon.mShop.android.shopping:array/shortcut_plugins
10-09 15:19:58.137 32722 32722 D PluginParser: Loading configuration from com.amazon.mShop.android.shopping:array/shortcut_plugins
10-09 15:19:58.138 32722 32722 E ndroid.shoppin: Resource 7f08002b is a complex map type.
10-09 15:19:58.138 32722 32722 D PluginParser: Loading configuration from com.amazon.mShop.android.shopping:xml/shortcut_startup_plugin
10-09 15:19:58.139 32722 32722 D PluginParser: Loading configuration from com.amazon.mShop.android.shopping:xml/shortcut_weblab_plugin
10-09 15:19:58.139 32722 32722 D PluginParser: Adding configuration for meta-data key 'com.amazon.platform.plugin.searchLibPlugins' = com.amazon.mShop.android.shopping:array/search_plugins
10-09 15:19:58.139 32722 32722 D PluginParser: Loading configuration from com.amazon.mShop.android.shopping:array/search_plugins
10-09 15:19:58.139 32722 32722 E ndroid.shoppin: Resource 7f080029 is a complex map type.
10-09 15:19:58.139 32722 32722 D PluginParser: Loading configuration from com.amazon.mShop.android.shopping:xml/search_weblabs
10-09 15:19:58.139 32722 32722 D PluginParser: Adding configuration for meta-data key 'com.amazon.platform.plugin.mshopmetrics' = com.amazon.mShop.android.shopping:xml/mshopmetrics_plugin
10-09 15:19:58.139 32722 32722 D PluginParser: Loading configuration from com.amazon.mShop.android.shopping:xml/mshopmetrics_plugin
10-09 15:19:58.140 32722 32722 D PluginParser: Adding configuration for meta-data key 'com.amazon.platform.plugin.a9vsPlugins' = com.amazon.mShop.android.shopping:array/weblab_plugins
10-09 15:19:58.140 32722 32722 D PluginParser: Loading configuration from com.amazon.mShop.android.shopping:array/weblab_plugins
10-09 15:19:58.140 32722 32722 E ndroid.shoppin: Resource 7f080040 is a complex map type.
10-09 15:19:58.140 32722 32722 D PluginParser: Loading configuration from com.amazon.mShop.android.shopping:xml/modes_weblab_plugin
10-09 15:19:58.140 32722 32722 D PluginParser: Adding configuration for meta-data key 'com.amazon.platform.plugin.core' = com.amazon.mShop.android.shopping:xml/core_plugin
10-09 15:19:58.140 32722 32722 D PluginParser: Loading configuration from com.amazon.mShop.android.shopping:xml/core_plugin
10-09 15:19:58.140 32722 32722 D PluginParser: Adding access for plugin: com.amazon.platform.core
10-09 15:19:58.140 32722 32722 D PluginParser: Adding access for plugin: com.amazon.mShop.android.startup
10-09 15:19:58.140 32722 32722 D PluginParser: Adding access for plugin: com.amazon.mShop.riolib
10-09 15:19:58.141 32722 32722 D PluginParser: Adding configuration for meta-data key 'com.amazon.platform.plugin.dash' = com.amazon.mShop.android.shopping:xml/dash_plugin
10-09 15:19:58.141 32722 32722 D PluginParser: Loading configuration from com.amazon.mShop.android.shopping:xml/dash_plugin
10-09 15:19:58.141 32722 32722 D PluginParser: Adding configuration for meta-data key 'com.amazon.platform.plugin.font' = com.amazon.mShop.android.shopping:array/fontplugins
10-09 15:19:58.141 32722 32722 D PluginParser: Loading configuration from com.amazon.mShop.android.shopping:array/fontplugins
10-09 15:19:58.141 32722 32722 E ndroid.shoppin: Resource 7f080017 is a complex map type.
10-09 15:19:58.142 32722 32722 D PluginParser: Loading configuration from com.amazon.mShop.android.shopping:xml/ember_v2_weblab
10-09 15:19:58.142 32722 32722 D PluginParser: Adding configuration for meta-data key 'com.amazon.platform.plugin.vision' = com.amazon.mShop.android.shopping:xml/vision_plugin
10-09 15:19:58.142 32722 32722 D PluginParser: Loading configuration from com.amazon.mShop.android.shopping:xml/vision_plugin
10-09 15:19:58.142 32722 32722 D PluginParser: Adding configuration for meta-data key 'com.amazon.platform.plugin.weblab' = com.amazon.mShop.android.shopping:xml/weblab_plugin
10-09 15:19:58.142 32722 32722 D PluginParser: Loading configuration from com.amazon.mShop.android.shopping:xml/weblab_plugin
10-09 15:19:58.143 32722 32722 D PluginParser: Adding configuration for meta-data key 'com.amazon.platform.plugin.issWidgetsPlugins' = com.amazon.mShop.android.shopping:array/iss_widgets_plugins
10-09 15:19:58.143 32722 32722 D PluginParser: Loading configuration from com.amazon.mShop.android.shopping:array/iss_widgets_plugins
10-09 15:19:58.143 32722 32722 E ndroid.shoppin: Resource 7f08001a is a complex map type.
10-09 15:19:58.143 32722 32722 D PluginParser: Loading configuration from com.amazon.mShop.android.shopping:xml/iss_widgets_weblabs
10-09 15:19:58.143 32722 32722 D PluginParser: Adding configuration for meta-data key 'com.amazon.platform.plugin.aeeResolver' = com.amazon.mShop.android.shopping:array/aee_plugins
10-09 15:19:58.143 32722 32722 D PluginParser: Loading configuration from com.amazon.mShop.android.shopping:array/aee_plugins
10-09 15:19:58.143 32722 32722 E ndroid.shoppin: Resource 7f08000c is a complex map type.
10-09 15:19:58.143 32722 32722 D PluginParser: Loading configuration from com.amazon.mShop.android.shopping:xml/aee_resolver_startup_plugin
10-09 15:19:58.143 32722 32722 D PluginParser: Adding configuration for meta-data key 'com.amazon.platform.plugin.searchScopePlugins' = com.amazon.mShop.android.shopping:array/search_scope_plugins
10-09 15:19:58.143 32722 32722 D PluginParser: Loading configuration from com.amazon.mShop.android.shopping:array/search_scope_plugins
10-09 15:19:58.143 32722 32722 E ndroid.shoppin: Resource 7f08002a is a complex map type.
10-09 15:19:58.143 32722 32722 D PluginParser: Loading configuration from com.amazon.mShop.android.shopping:xml/search_scope_weblabs
10-09 15:19:58.144 32722 32722 D PluginParser: Adding configuration for meta-data key 'com.amazon.platform.plugin.localizationService' = com.amazon.mShop.android.shopping:xml/ls_weblabs
10-09 15:19:58.144 32722 32722 D PluginParser: Loading configuration from com.amazon.mShop.android.shopping:xml/ls_weblabs
10-09 15:19:58.144 32722 32722 D PluginParser: Adding configuration for meta-data key 'com.amazon.platform.plugin.outboundMarketingPlugins' = com.amazon.mShop.android.shopping:array/outbound_marketing_plugins
10-09 15:19:58.144 32722 32722 D PluginParser: Loading configuration from com.amazon.mShop.android.shopping:array/outbound_marketing_plugins
10-09 15:19:58.144 32722 32722 E ndroid.shoppin: Resource 7f080024 is a complex map type.
10-09 15:19:58.144 32722 32722 D PluginParser: Loading configuration from com.amazon.mShop.android.shopping:xml/outbound_marketing_weblab
10-09 15:19:58.144 32722 32722 D PluginParser: Adding configuration for meta-data key 'com.amazon.platform.plugin.a9vsARViewPlugins' = com.amazon.mShop.android.shopping:array/arview_weblab_plugins
10-09 15:19:58.144 32722 32722 D PluginParser: Loading configuration from com.amazon.mShop.android.shopping:array/arview_weblab_plugins
10-09 15:19:58.144 32722 32722 E ndroid.shoppin: Resource 7f080012 is a complex map type.
10-09 15:19:58.144 32722 32722 D PluginParser: Loading configuration from com.amazon.mShop.android.shopping:xml/a9vs_weblab_plugin
10-09 15:19:58.144 32722 32722 D PluginParser: Adding configuration for meta-data key 'com.amazon.platform.plugin.shoppingaids' = com.amazon.mShop.android.shopping:xml/shopping_aids_weblabs
10-09 15:19:58.144 32722 32722 D PluginParser: Loading configuration from com.amazon.mShop.android.shopping:xml/shopping_aids_weblabs
10-09 15:19:58.145 32722 32722 D PluginParser: Adding configuration for meta-data key 'com.amazon.platform.plugin.searchBarPlugins' = com.amazon.mShop.android.shopping:array/search_bar_plugins
10-09 15:19:58.145 32722 32722 D PluginParser: Loading configuration from com.amazon.mShop.android.shopping:array/search_bar_plugins
10-09 15:19:58.145 32722 32722 E ndroid.shoppin: Resource 7f080028 is a complex map type.
10-09 15:19:58.145 32722 32722 D PluginParser: Loading configuration from com.amazon.mShop.android.shopping:xml/search_bar_weblabs
10-09 15:19:58.145 32722 32722 D PluginParser: Adding configuration for meta-data key 'com.amazon.platform.plugin.appgrade' = com.amazon.mShop.android.shopping:array/appgrade_plugins
10-09 15:19:58.145 32722 32722 D PluginParser: Loading configuration from com.amazon.mShop.android.shopping:array/appgrade_plugins
10-09 15:19:58.145 32722 32722 E ndroid.shoppin: Resource 7f080010 is a complex map type.
10-09 15:19:58.145 32722 32722 D PluginParser: Loading configuration from com.amazon.mShop.android.shopping:xml/appgrade_plugin
10-09 15:19:58.145 32722 32722 D PluginParser: Loading configuration from com.amazon.mShop.android.shopping:xml/appgrade_weblabs
10-09 15:19:58.146 32722 32722 D PluginParser: Adding configuration for meta-data key 'com.amazon.platform.plugin.i18n_smash' = com.amazon.mShop.android.shopping:xml/i18n_smash_plugin
10-09 15:19:58.146 32722 32722 D PluginParser: Loading configuration from com.amazon.mShop.android.shopping:xml/i18n_smash_plugin
10-09 15:19:58.146 32722 32722 D PluginParser: Adding configuration for meta-data key 'com.amazon.platform.plugin.phoneLibPlugins' = com.amazon.mShop.android.shopping:array/plugins
10-09 15:19:58.146 32722 32722 D PluginParser: Loading configuration from com.amazon.mShop.android.shopping:array/plugins
10-09 15:19:58.146 32722 32722 E ndroid.shoppin: Resource 7f080025 is a complex map type.
10-09 15:19:58.146 32722 32722 D PluginParser: Loading configuration from com.amazon.mShop.android.shopping:xml/phonelib_plugin
10-09 15:19:58.147 32722 32722 D PluginParser: Loading configuration from com.amazon.mShop.android.shopping:xml/startup_plugin
10-09 15:19:58.147 32722 32722 D PluginParser: Adding access for plugin: com.amazon.mShop.android.net
10-09 15:19:58.147 32722 32722 D PluginParser: Adding access for plugin: com.amazon.mShop.android.startup
10-09 15:19:58.147 32722 32722 D PluginParser: Adding access for plugin: com.amazon.mShop.fling.startup
10-09 15:19:58.147 32722 32722 D PluginParser: Adding access for plugin: com.amazon.mShop.pushnotification.startup
10-09 15:19:58.147 32722 32722 D PluginParser: Adding access for plugin: com.amazon.mShop.CustomerInfo
10-09 15:19:58.147 32722 32722 D PluginParser: Adding access for plugin: com.amazon.mShop.freshLib.startup
10-09 15:19:58.147 32722 32722 D PluginParser: Adding access for plugin: com.amazon.mShop.chrome.startup
10-09 15:19:58.147 32722 32722 D PluginParser: Adding access for plugin: com.amazon.mShop.appgrade.startup
10-09 15:19:58.147 32722 32722 D PluginParser: Adding access for plugin: com.amazon.mShop.shortcut.startup
10-09 15:19:58.147 32722 32722 D PluginParser: Adding access for plugin: com.amazon.mShop.aeeResolver.startup
10-09 15:19:58.147 32722 32722 D PluginParser: Adding access for plugin: com.amazon.mShop.permission.v2.plugin
10-09 15:19:58.147 32722 32722 D PluginParser: Loading configuration from com.amazon.mShop.android.shopping:xml/networking_plugin
10-09 15:19:58.147 32722 32722 D PluginParser: Loading configuration from com.amazon.mShop.android.shopping:xml/core_team_weblabs
10-09 15:19:58.147 32722 32722 D PluginParser: Loading configuration from com.amazon.mShop.android.shopping:xml/push_notification_weblabs
10-09 15:19:58.148 32722 32722 D PluginParser: Loading configuration from com.amazon.mShop.android.shopping:xml/i18n_weblabs
10-09 15:19:58.148 32722 32722 D PluginParser: Loading configuration from com.amazon.mShop.android.shopping:xml/push_notification_startup_plugin
10-09 15:19:58.148 32722 32722 D PluginParser: Loading configuration from com.amazon.mShop.android.shopping:xml/customer_info_plugin
10-09 15:19:58.148 32722 32722 D PluginParser: Loading configuration from com.amazon.mShop.android.shopping:xml/alexa_plugin
10-09 15:19:58.148 32722 32722 D PluginParser: Loading configuration from com.amazon.mShop.android.shopping:xml/contextual_navigation
10-09 15:19:58.148 32722 32722 D PluginParser: Loading configuration from com.amazon.mShop.android.shopping:xml/real_name_verification_weblabs
10-09 15:19:58.149 32722 32722 D PluginParser: Loading configuration from com.amazon.mShop.android.shopping:xml/upi_weblabs
10-09 15:19:58.149 32722 32722 D PluginParser: Loading configuration from com.amazon.mShop.android.shopping:xml/appnav_search_bar_weblabs
10-09 15:19:58.149 32722 32722 D PluginParser: Loading configuration from com.amazon.mShop.android.shopping:xml/mash_weblabs
10-09 15:19:58.149 32722 32722 D PluginParser: Loading configuration from com.amazon.mShop.android.shopping:xml/ssnap_weblabs
10-09 15:19:58.149 32722 32722 D PluginParser: Loading configuration from com.amazon.mShop.android.shopping:xml/mobile_growth_weblabs
10-09 15:19:58.149 32722 32722 D PluginParser: Loading configuration from com.amazon.mShop.android.shopping:xml/bootstrap_sso_weblabs
10-09 15:19:58.150 32722 32722 D PluginParser: Loading configuration from com.amazon.mShop.android.shopping:xml/appx_team_weblabs
10-09 15:19:58.150 32722 32722 D PluginParser: Loading configuration from com.amazon.mShop.android.shopping:xml/account_switcher_weblabs
10-09 15:19:58.150 32722 32722 D PluginParser: Loading configuration from com.amazon.mShop.android.shopping:xml/user_listener_plugin
10-09 15:19:58.150 32722 32722 D PluginParser: Loading configuration from com.amazon.mShop.android.shopping:xml/localization_plugin
10-09 15:19:58.150 32722 32722 D PluginParser: Loading configuration from com.amazon.mShop.android.shopping:xml/signin_event_plugin
10-09 15:19:58.150 32722 32722 D PluginParser: Loading configuration from com.amazon.mShop.android.shopping:xml/mobile_metrics_plugin
10-09 15:19:58.151 32722 32722 D PluginParser: Adding configuration for meta-data key 'com.amazon.platform.plugin.trendingSearchesPlugins' = com.amazon.mShop.android.shopping:array/trending_searches_plugins
10-09 15:19:58.151 32722 32722 D PluginParser: Loading configuration from com.amazon.mShop.android.shopping:array/trending_searches_plugins
10-09 15:19:58.151 32722 32722 E ndroid.shoppin: Resource 7f08002f is a complex map type.
10-09 15:19:58.151 32722 32722 D PluginParser: Loading configuration from com.amazon.mShop.android.shopping:xml/trending_searches_weblabs
10-09 15:19:58.151 32722 32722 D PluginParser: Adding configuration for meta-data key 'com.amazon.platform.plugin.location' = com.amazon.mShop.android.shopping:array/location_plugins_list
10-09 15:19:58.151 32722 32722 D PluginParser: Loading configuration from com.amazon.mShop.android.shopping:array/location_plugins_list
10-09 15:19:58.151 32722 32722 E ndroid.shoppin: Resource 7f08001e is a complex map type.
10-09 15:19:58.151 32722 32722 D PluginParser: Loading configuration from com.amazon.mShop.android.shopping:xml/location_weblabs
10-09 15:19:58.151 32722 32722 D PluginParser: Loading configuration from com.amazon.mShop.android.shopping:xml/location_service_plugin
10-09 15:19:58.152 32722 32722 D PluginParser: Adding configuration for meta-data key 'com.amazon.platform.plugin.startPlugins' = com.amazon.mShop.android.shopping:xml/startup_weblabs
10-09 15:19:58.152 32722 32722 D PluginParser: Loading configuration from com.amazon.mShop.android.shopping:xml/startup_weblabs
10-09 15:19:58.152 32722 32722 D PluginParser: Adding configuration for meta-data key 'com.amazon.platform.plugin.mshop_mls' = com.amazon.mShop.android.shopping:xml/mshop_mls_plugin
10-09 15:19:58.152 32722 32722 D PluginParser: Loading configuration from com.amazon.mShop.android.shopping:xml/mshop_mls_plugin
10-09 15:19:58.152 32722 32722 D PluginParser: Adding configuration for meta-data key 'com.amazon.platform.plugin.clouddrive' = com.amazon.mShop.android.shopping:xml/cloud_drive_plugin
10-09 15:19:58.152 32722 32722 D PluginParser: Loading configuration from com.amazon.mShop.android.shopping:xml/cloud_drive_plugin
10-09 15:19:58.152 32722 32722 D PluginParser: Adding configuration for meta-data key 'com.amazon.platform.plugin.rviPlugins' = com.amazon.mShop.android.shopping:array/rvi_plugins
10-09 15:19:58.152 32722 32722 D PluginParser: Loading configuration from com.amazon.mShop.android.shopping:array/rvi_plugins
10-09 15:19:58.152 32722 32722 E ndroid.shoppin: Resource 7f080027 is a complex map type.
10-09 15:19:58.152 32722 32722 D PluginParser: Loading configuration from com.amazon.mShop.android.shopping:xml/rvi_weblabs
10-09 15:19:58.152 32722 32722 D PluginParser: Adding configuration for meta-data key 'com.amazon.platform.plugin.permission.v2' = com.amazon.mShop.android.shopping:xml/permission_service_shopkit_plugin
10-09 15:19:58.152 32722 32722 D PluginParser: Loading configuration from com.amazon.mShop.android.shopping:xml/permission_service_shopkit_plugin
10-09 15:19:58.153 32722 32722 D PluginParser: Adding configuration for meta-data key 'com.amazon.platform.plugin.alexa' = com.amazon.mShop.android.shopping:array/alexa_plugins
10-09 15:19:58.153 32722 32722 D PluginParser: Loading configuration from com.amazon.mShop.android.shopping:array/alexa_plugins
10-09 15:19:58.153 32722 32722 E ndroid.shoppin: Resource 7f08000d is a complex map type.
10-09 15:19:58.153 32722 32722 D PluginParser: Loading configuration from com.amazon.mShop.android.shopping:xml/alexa_weblabs
10-09 15:19:58.153 32722 32722 D PluginParser: Adding configuration for meta-data key 'com.amazon.platform.plugin.fling' = com.amazon.mShop.android.shopping:array/fling_plugins
10-09 15:19:58.153 32722 32722 D PluginParser: Loading configuration from com.amazon.mShop.android.shopping:array/fling_plugins
10-09 15:19:58.153 32722 32722 E ndroid.shoppin: Resource 7f080016 is a complex map type.
10-09 15:19:58.153 32722 32722 D PluginParser: Loading configuration from com.amazon.mShop.android.shopping:xml/fling_startup_plugin
10-09 15:19:58.153 32722 32722 D PluginParser: Loading configuration from com.amazon.mShop.android.shopping:xml/fling_weblab_plugin
10-09 15:19:58.153 32722 32722 D PluginParser: Adding configuration for meta-data key 'com.amazon.platform.plugin.nexus' = com.amazon.mShop.android.shopping:xml/nexus_weblabs
