10-09 15:20:01.340 32722  1598 W unknown:ViewManagerPropertyUpdater: Could not find generated setter for class com.facebook.react.views.switchview.ReactSwitchManager$ReactSwitchShadowNode
10-09 15:20:01.341 32722  1598 W unknown:ViewManagerPropertyUpdater: Could not find generated setter for class com.facebook.react.views.art.ARTShapeViewManager
10-09 15:20:01.341 32722  1598 W unknown:ViewManagerPropertyUpdater: Could not find generated setter for class com.facebook.react.views.art.ARTShapeShadowNode
10-09 15:20:01.341 32722  1598 W unknown:ViewManagerPropertyUpdater: Could not find generated setter for class com.facebook.react.views.art.ARTGroupViewManager
10-09 15:20:01.341 32722  1598 W unknown:ViewManagerPropertyUpdater: Could not find generated setter for class com.facebook.react.views.art.ARTGroupShadowNode
10-09 15:20:01.341 32722  1598 W unknown:ViewManagerPropertyUpdater: Could not find generated setter for class com.facebook.react.views.picker.ReactDialogPickerManager
10-09 15:20:01.342 32722  1598 W unknown:ViewManagerPropertyUpdater: Could not find generated setter for class com.facebook.react.views.toolbar.ReactToolbarManager
10-09 15:20:01.344 32722  1598 W unknown:ViewManagerPropertyUpdater: Could not find generated setter for class com.brentvatne.react.ReactVideoViewManager
10-09 15:20:01.346 32722  1598 W unknown:ViewManagerPropertyUpdater: Could not find generated setter for class com.facebook.react.views.webview.ReactWebViewManager
10-09 15:20:01.346   912  1397 D OlmAppSessionManager: onAppStartCompleted com.microsoft.office.outlook.boothandlers.PerformanceTrackerAppSessionListener isInForeground false
10-09 15:20:01.347   912  1397 D PerformanceTrackerAppSessionListener: App started in background. Disable performance tracker
10-09 15:20:01.347   912  1397 D OlmAppSessionManager: onAppStartCompleted com.microsoft.office.outlook.partner.sdkmanager.PartnerSdkAppSessionStartCompletedEventHandler isInForeground false
10-09 15:20:01.347 32722  1598 W unknown:ViewManagerPropertyUpdater: Could not find generated setter for class com.facebook.react.views.modal.ReactModalHostManager
10-09 15:20:01.348   912  1397 I PartnerSdkManager: Initializing partner SDK with version: 1.0
10-09 15:20:01.348 32722  1598 W unknown:ViewManagerPropertyUpdater: Could not find generated setter for class com.facebook.react.views.modal.ModalHostShadowNode
10-09 15:20:01.348   912  1397 I PartnerSdkManager: Building the partner CONFIG map
10-09 15:20:01.348 32722  1598 W unknown:ViewManagerPropertyUpdater: Could not find generated setter for class com.facebook.react.views.text.frescosupport.FrescoBasedReactTextInlineImageViewManager
10-09 15:20:01.348 32722  1598 W unknown:ViewManagerPropertyUpdater: Could not find generated setter for class com.facebook.react.views.text.frescosupport.FrescoBasedReactTextInlineImageShadowNode
10-09 15:20:01.348 32722  1598 W unknown:ViewManagerPropertyUpdater: Could not find generated setter for class com.facebook.react.views.image.ReactImageManager
10-09 15:20:01.349 32722  1598 W unknown:ViewManagerPropertyUpdater: Could not find generated setter for class com.facebook.react.views.viewpager.ReactViewPagerManager
10-09 15:20:01.350 32722  1598 W unknown:ViewManagerPropertyUpdater: Could not find generated setter for class com.facebook.react.views.slider.ReactSliderManager
10-09 15:20:01.351 32722  1598 W unknown:ViewManagerPropertyUpdater: Could not find generated setter for class com.facebook.react.views.slider.ReactSliderManager$ReactSliderShadowNode
10-09 15:20:01.351   912  1397 I PartnerAssetManager: No files to download for partner: EdgeWebView
10-09 15:20:01.351 32722  1598 W unknown:ViewManagerPropertyUpdater: Could not find generated setter for class com.facebook.react.views.art.ARTSurfaceViewManager
10-09 15:20:01.351 32722  1598 W unknown:ViewManagerPropertyUpdater: Could not find generated setter for class com.facebook.react.views.art.ARTSurfaceViewShadowNode
10-09 15:20:01.352   912  1397 I PartnerAssetManager: No files to download for partner: Cortini
10-09 15:20:01.352 32722  1598 W unknown:ViewManagerPropertyUpdater: Could not find generated setter for class com.facebook.react.views.scroll.ReactScrollViewManager
10-09 15:20:01.353 32722  1598 W unknown:ViewManagerPropertyUpdater: Could not find generated setter for class com.facebook.react.views.picker.ReactDropdownPickerManager
10-09 15:20:01.354 32722  1598 W unknown:ViewManagerPropertyUpdater: Could not find generated setter for class com.amazon.mobile.ssnap.modules.fling.FlingRegionManager
10-09 15:20:01.355 32722  1598 W unknown:ViewManagerPropertyUpdater: Could not find generated setter for class com.facebook.react.views.drawer.ReactDrawerLayoutManager
10-09 15:20:01.356 32722  1598 W unknown:ViewManagerPropertyUpdater: Could not find generated setter for class com.facebook.react.views.text.ReactVirtualTextViewManager
10-09 15:20:01.356 32722  1598 W unknown:ViewManagerPropertyUpdater: Could not find generated setter for class com.facebook.react.views.text.ReactVirtualTextShadowNode
10-09 15:20:01.356 32722  1598 W unknown:ViewManagerPropertyUpdater: Could not find generated setter for class com.facebook.react.views.art.ARTTextViewManager
10-09 15:20:01.356 32722  1598 W unknown:ViewManagerPropertyUpdater: Could not find generated setter for class com.facebook.react.views.art.ARTTextShadowNode
10-09 15:20:01.356 32722  1598 W unknown:ViewManagerPropertyUpdater: Could not find generated setter for class com.facebook.react.views.swiperefresh.SwipeRefreshLayoutManager
10-09 15:20:01.358 32722  1598 W unknown:ViewManagerPropertyUpdater: Could not find generated setter for class com.facebook.react.views.text.ReactRawTextManager
10-09 15:20:01.358 32722  1598 W unknown:ViewManagerPropertyUpdater: Could not find generated setter for class com.facebook.react.views.text.ReactRawTextShadowNode
10-09 15:20:01.359 32722  1598 W unknown:ViewManagerPropertyUpdater: Could not find generated setter for class com.facebook.react.views.textinput.ReactTextInputManager
10-09 15:20:01.360   912  1397 D OlmAppSessionManager: onAppStartCompleted com.microsoft.office.outlook.boothandlers.LottieAppSessionStartedCompletedEventHandler isInForeground false
10-09 15:20:01.361 32722  1598 W unknown:ViewManagerPropertyUpdater: Could not find generated setter for class com.facebook.react.views.textinput.ReactTextInputShadowNode
10-09 15:20:01.361   912  1336 I PartnerSdkManager: UpdateDesiredCdnFiles - Completed - result: true
10-09 15:20:01.365   912  1397 D OlmAppSessionManager: onAppStartCompleted com.acompli.acompli.feedback.RatingPrompterAppSessionStartedCompletedEventHandler isInForeground false
10-09 15:20:01.366   912  1397 D OlmAppSessionManager: onAppStartCompleted com.acompli.acompli.-$$Lambda$AcompliApplication$I2eaA2_ZNZrapATsAn5AayODGd4 isInForeground false
10-09 15:20:01.366   912  1336 I PartnerSdkManager: Partner needs file downloads: com.microsoft.office.outlook.partner.commute
10-09 15:20:01.366   912  1336 I PartnerSdkManager: Partner does not need file downloads: com.microsoft.office.outlook.partner.cortini
10-09 15:20:01.366   912  1336 I PartnerSdkManager: Partner does not need file downloads: com.microsoft.office.outlook.partner.edgewebview
10-09 15:20:01.367   912  1336 I PartnerSdkManager: IsFeatureEnabled Partner[com.microsoft.office.outlook.partner.commute] Requirements[playEmails Or playEmailsCommercial] IsOn[true]
10-09 15:20:01.367   912  1336 I PartnerSdkManager: createPartnerAsync called for partner[com.microsoft.office.outlook.partner.commute]
10-09 15:20:01.368   912  1336 D PartnerAssetManager: Downloading assets for partner: Commute
10-09 15:20:01.369 32722  1598 D MShopReactOkHttpClientFactory: Set OkHttpClient's max requests per host to 10
10-09 15:20:01.374   912  1336 I PartnerAssetManager: Fetching 1 assets for partner Commute
10-09 15:20:01.376   912  1336 I PartnerSdkManager: IsFeatureEnabled Partner[com.microsoft.office.outlook.partner.cortini] Requirements[VoiceSearchCortini] IsOn[false]
10-09 15:20:01.376   912  1336 I PartnerSdkManager: Skipping loading for [com.microsoft.office.outlook.partner.cortini] since flight is disabled.
10-09 15:20:01.377   912  1336 I PartnerSdkManager: IsFeatureEnabled Partner[com.microsoft.office.outlook.partner.edgewebview] Requirements[edgeIntegration] IsOn[true]
10-09 15:20:01.377   912  1336 I PartnerSdkManager: createPartnerAsync called for partner[com.microsoft.office.outlook.partner.edgewebview]
10-09 15:20:01.377   912  1336 D PartnerAssetManager: Downloading assets for partner: EdgeWebView
10-09 15:20:01.381   912  1336 I PartnerSdkManager: Attempting to create partner: com.microsoft.office.outlook.partner.edgewebview
10-09 15:20:01.387   912  1336 I EdgeWebView: Edge Web View partner initialized.
10-09 15:20:01.387   912  1336 V PartnerSdkManager: Successfully created partner [com.microsoft.office.outlook.partner.edgewebview]
10-09 15:20:01.387   912  1336 I PartnerSdkManager: Completed loading all serial partners
10-09 15:20:01.387   912  1336 I PartnerAssetManager: Fetching 14 assets for partner Commute
10-09 15:20:01.389   912  1336 I PartnerAssetManager: CDN download success - partner [Commute] asset [assets/android/commute/v1/heycortana_en-US.table]
10-09 15:20:01.389   912  1336 I PartnerAssetManager: CDN onActorWithResultsSucceeded 1 assets for partner Commute
10-09 15:20:01.391 32722  1598 D MShopReactOkHttpClientFactory: Set OkHttpClient's max requests per host to 10
10-09 15:20:01.427 32722  1598 W CustomClassThroughReflectionProvider: com.amazon.mShop.metrics.nexus.context.MShopRunContext not found for base interface com.amazon.client.metrics.nexus.RunContext
10-09 15:20:01.427 32722  1598 W CustomClassThroughReflectionProvider: java.lang.ClassNotFoundException: com.amazon.mShop.metrics.nexus.context.MShopRunContext
10-09 15:20:01.427 32722  1598 W CustomClassThroughReflectionProvider: 	at java.lang.Class.classForName(Native Method)
10-09 15:20:01.427 32722  1598 W CustomClassThroughReflectionProvider: 	at java.lang.Class.forName(Class.java:454)
10-09 15:20:01.427 32722  1598 W CustomClassThroughReflectionProvider: 	at com.amazon.client.metrics.nexus.CustomClassThroughReflectionProvider.getCustomClass(CustomClassThroughReflectionProvider.java:87)
10-09 15:20:01.427 32722  1598 W CustomClassThroughReflectionProvider: 	at com.amazon.client.metrics.nexus.CustomClassThroughReflectionProvider.getInstance(CustomClassThroughReflectionProvider.java:69)
10-09 15:20:01.427 32722  1598 W CustomClassThroughReflectionProvider: 	at com.amazon.client.metrics.nexus.EventModule.provideRunContext(EventModule.java:75)
10-09 15:20:01.427 32722  1598 W CustomClassThroughReflectionProvider: 	at com.amazon.client.metrics.nexus.EventModule_ProvideRunContextFactory.get(EventModule_ProvideRunContextFactory.java:35)
10-09 15:20:01.427 32722  1598 W CustomClassThroughReflectionProvider: 	at com.amazon.client.metrics.nexus.EventModule_ProvideRunContextFactory.get(EventModule_ProvideRunContextFactory.java:9)
10-09 15:20:01.427 32722  1598 W CustomClassThroughReflectionProvider: 	at dagger.internal.DoubleCheck.get(DoubleCheck.java:46)
10-09 15:20:01.427 32722  1598 W CustomClassThroughReflectionProvider: 	at com.amazon.client.metrics.nexus.EventModule_ProvideDALFactoryFactory.get(EventModule_ProvideDALFactoryFactory.java:36)
10-09 15:20:01.427 32722  1598 W CustomClassThroughReflectionProvider: 	at com.amazon.client.metrics.nexus.EventModule_ProvideDALFactoryFactory.get(EventModule_ProvideDALFactoryFactory.java:8)
10-09 15:20:01.427 32722  1598 W CustomClassThroughReflectionProvider: 	at dagger.internal.DoubleCheck.get(DoubleCheck.java:46)
10-09 15:20:01.427 32722  1598 W CustomClassThroughReflectionProvider: 	at com.amazon.client.metrics.nexus.NexusEventRecorder_MembersInjector.injectMembers(NexusEventRecorder_MembersInjector.java:60)
10-09 15:20:01.427 32722  1598 W CustomClassThroughReflectionProvider: 	at com.amazon.client.metrics.nexus.NexusEventRecorder_MembersInjector.injectMembers(NexusEventRecorder_MembersInjector.java:7)
10-09 15:20:01.427 32722  1598 W CustomClassThroughReflectionProvider: 	at com.amazon.client.metrics.nexus.DaggerEventComponent.inject(DaggerEventComponent.java:177)
10-09 15:20:01.427 32722  1598 W CustomClassThroughReflectionProvider: 	at com.amazon.client.metrics.nexus.NexusEventRecorder.<init>(NexusEventRecorder.java:50)
10-09 15:20:01.427 32722  1598 W CustomClassThroughReflectionProvider: 	at com.amazon.client.metrics.nexus.NexusEventRecorder.get(NexusEventRecorder.java:85)
10-09 15:20:01.427 32722  1598 W CustomClassThroughReflectionProvider: 	at com.amazon.mShop.permission.v2.di.MShopPermissionServiceInternalModule.providesRecorderConfig(MShopPermissionServiceInternalModule.java:169)
10-09 15:20:01.427 32722  1598 W CustomClassThroughReflectionProvider: 	at com.amazon.mShop.permission.v2.di.MShopPermissionServiceInternalModule_ProvidesRecorderConfigFactory.get(MShopPermissionServiceInternalModule_ProvidesRecorderConfigFactory.java:27)
10-09 15:20:01.427 32722  1598 W CustomClassThroughReflectionProvider: 	at com.amazon.mShop.permission.v2.di.MShopPermissionServiceInternalModule_ProvidesRecorderConfigFactory.get(MShopPermissionServiceInternalModule_ProvidesRecorderConfigFactory.java:10)
10-09 15:20:01.427 32722  1598 W CustomClassThroughReflectionProvider: 	at dagger.internal.DoubleCheck.get(DoubleCheck.java:46)
10-09 15:20:01.427 32722  1598 W CustomClassThroughReflectionProvider: 	at com.amazon.mShop.permission.v2.di.MShopPermissionServiceInternalModule_ProvidesNexusMetricsManagerFactory.get(MShopPermissionServiceInternalModule_ProvidesNexusMetricsManagerFactory.java:28)
10-09 15:20:01.427 32722  1598 W CustomClassThroughReflectionProvider: 	at com.amazon.mShop.permission.v2.di.MShopPermissionServiceInternalModule_ProvidesNexusMetricsManagerFactory.get(MShopPermissionServiceInternalModule_ProvidesNexusMetricsManagerFactory.java:10)
10-09 15:20:01.427 32722  1598 W CustomClassThroughReflectionProvider: 	at dagger.internal.DoubleCheck.get(DoubleCheck.java:46)
10-09 15:20:01.427 32722  1598 W CustomClassThroughReflectionProvider: 	at com.amazon.mShop.permission.v2.util.MShopPermissionInterstitialRenderer_Factory.get(MShopPermissionInterstitialRenderer_Factory.java:53)
10-09 15:20:01.427 32722  1598 W CustomClassThroughReflectionProvider: 	at com.amazon.mShop.permission.v2.util.MShopPermissionInterstitialRenderer_Factory.get(MShopPermissionInterstitialRenderer_Factory.java:13)
10-09 15:20:01.427 32722  1598 W CustomClassThroughReflectionProvider: 	at com.amazon.mShop.permission.v2.util.PermissionInterstitialRenderer_Factory.get(PermissionInterstitialRenderer_Factory.java:31)
10-09 15:20:01.427 32722  1598 W CustomClassThroughReflectionProvider: 	at com.amazon.mShop.permission.v2.util.PermissionInterstitialRenderer_Factory.get(PermissionInterstitialRenderer_Factory.java:7)
10-09 15:20:01.427 32722  1598 W CustomClassThroughReflectionProvider: 	at dagger.internal.DoubleCheck.get(DoubleCheck.java:46)
10-09 15:20:01.427 32722  1598 W CustomClassThroughReflectionProvider: 	at com.amazon.mShop.permission.v2.state.PermissionStateMachine_Factory.get(PermissionStateMachine_Factory.java:38)
10-09 15:20:01.427 32722  1598 W CustomClassThroughReflectionProvider: 	at com.amazon.mShop.permission.v2.state.PermissionStateMachine_Factory.get(PermissionStateMachine_Factory.java:11)
10-09 15:20:01.427 32722  1598 W CustomClassThroughReflectionProvider: 	at dagger.internal.DoubleCheck.get(DoubleCheck.java:46)
10-09 15:20:01.427 32722  1598 W CustomClassThroughReflectionProvider: 	at com.amazon.mShop.permission.v2.MShopPermissionService_MembersInjector.injectMembers(MShopPermissionService_MembersInjector.java:63)
10-09 15:20:01.427 32722  1598 W CustomClassThroughReflectionProvider: 	at com.amazon.mShop.permission.v2.MShopPermissionService_MembersInjector.injectMembers(MShopPermissionService_MembersInjector.java:12)
10-09 15:20:01.427 32722  1598 W CustomClassThroughReflectionProvider: 	at com.amazon.mShop.permission.di.DaggerMShopPermissionComponent.inject(DaggerMShopPermissionComponent.java:524)
10-09 15:20:01.427 32722  1598 W CustomClassThroughReflectionProvider: 	at com.amazon.mShop.permission.v2.MShopPermissionService.<init>(MShopPermissionService.java:53)
10-09 15:20:01.427 32722  1598 W CustomClassThroughReflectionProvider: 	at java.lang.Class.newInstance(Native Method)
10-09 15:20:01.427 32722  1598 W CustomClassThroughReflectionProvider: 	at com.amazon.platform.extension.internal.ExecutableCache.put(ExecutableCache.java:46)
10-09 15:20:01.427 32722  1598 W CustomClassThroughReflectionProvider: 	at com.amazon.platform.service.ServiceRegistryImpl.instantiateService(ServiceRegistryImpl.java:187)
10-09 15:20:01.427 32722  1598 W CustomClassThroughReflectionProvider: 	at com.amazon.platform.service.ServiceRegistryImpl.getService(ServiceRegistryImpl.java:170)
10-09 15:20:01.427 32722  1598 W CustomClassThroughReflectionProvider: 	at com.amazon.platform.service.ServiceRegistryImpl.getService(ServiceRegistryImpl.java:150)
10-09 15:20:01.427 32722  1598 W CustomClassThroughReflectionProvider: 	at com.amazon.platform.service.ServiceRegistryImpl.getService(ServiceRegistryImpl.java:129)
10-09 15:20:01.427 32722  1598 W CustomClassThroughReflectionProvider: 	at com.amazon.platform.service.ShopKitProvider.getService(ShopKitProvider.java:23)
10-09 15:20:01.427 32722  1598 W CustomClassThroughReflectionProvider: 	at com.amazon.mShop.permission.ssnap.InternalPermissionServiceSSNAPModule.<init>(InternalPermissionServiceSSNAPModule.java:34)
10-09 15:20:01.427 32722  1598 W CustomClassThroughReflectionProvider: 	at com.amazon.mobile.ssnap.components.MShopSsnapSharedComponentsReactPackage.createNativeModules(MShopSsnapSharedComponentsReactPackage.java:48)
10-09 15:20:01.427 32722  1598 W CustomClassThroughReflectionProvider: 	at com.facebook.react.CompositeReactPackage.createNativeModules(CompositeReactPackage.java:76)
10-09 15:20:01.427 32722  1598 W CustomClassThroughReflectionProvider: 	at com.facebook.react.NativeModuleRegistryBuilder.processPackage(NativeModuleRegistryBuilder.java:102)
10-09 15:20:01.427 32722  1598 W CustomClassThroughReflectionProvider: 	at com.facebook.react.ReactInstanceManager.processPackage(ReactInstanceManager.java:1170)
10-09 15:20:01.427 32722  1598 W CustomClassThroughReflectionProvider: 	at com.facebook.react.ReactInstanceManager.processPackages(ReactInstanceManager.java:1140)
10-09 15:20:01.427 32722  1598 W CustomClassThroughReflectionProvider: 	at com.facebook.react.ReactInstanceManager.createReactContext(ReactInstanceManager.java:1081)
10-09 15:20:01.427 32722  1598 W CustomClassThroughReflectionProvider: 	at com.facebook.react.ReactInstanceManager.access$900(ReactInstanceManager.java:113)
10-09 15:20:01.427 32722  1598 W CustomClassThroughReflectionProvider: 	at com.facebook.react.ReactInstanceManager$5.run(ReactInstanceManager.java:911)
10-09 15:20:01.427 32722  1598 W CustomClassThroughReflectionProvider: 	at java.lang.Thread.run(Thread.java:923)
10-09 15:20:01.427 32722  1598 W CustomClassThroughReflectionProvider: Caused by: java.lang.ClassNotFoundException: com.amazon.mShop.metrics.nexus.context.MShopRunContext
10-09 15:20:01.427 32722  1598 W CustomClassThroughReflectionProvider: 	... 52 more
10-09 15:20:01.428 32722  1598 I Nexus:AmazonShopping: Starting PersistentEventStorage HandlerThread
10-09 15:20:01.429 32722  1598 I Nexus:AmazonShopping: File ring not initialized, initializing
10-09 15:20:01.430 32722  1598 I Nexus:AmazonShopping: Found existing file at /data/user/0/com.amazon.mShop.android.shopping/files/mshopcoremetric/file.0000000000000000001
10-09 15:20:01.430 32722  1598 I Nexus:AmazonShopping: Found 1 files in ring, total size 0 bytes
10-09 15:20:01.431 32722  1639 I Nexus:AmazonShopping: Opened file for writing: /data/user/0/com.amazon.mShop.android.shopping/files/mshopcoremetric/file.0000000000000000001
10-09 15:20:01.433 32722  1598 D ReactNative: Initializing React Xplat Bridge.
10-09 15:20:01.433   912  1336 D HxNotificationsHandler: HxEvent Fire Notifications for HxCollection -> ObjectID:[1 00000003-0000-0000-0000-000000000000] Virtualized false AddedCount:0 RemovedIdCount: 0 ChangedCount:1
10-09 15:20:01.434 32722  1598 D ReactNative: Initializing React Xplat Bridge before initializeBridge
10-09 15:20:01.438 32722  1598 D ReactNative: Initializing React Xplat Bridge after initializeBridge
10-09 15:20:01.438 32722  1598 D ReactNative: CatalystInstanceImpl.runJSBundle()
10-09 15:20:01.443   912  1336 I PartnerAssetManager: CDN download success - partner [Commute] asset [assets/android/commute/v1/commute_hang_on.wav]
10-09 15:20:01.443   912  1336 I PartnerAssetManager: CDN download success - partner [Commute] asset [assets/android/commute/v1/commute_hang_on_male.wav]
10-09 15:20:01.443   912  1336 I PartnerAssetManager: CDN download success - partner [Commute] asset [assets/android/commute/v1/commute_moving_on.wav]
10-09 15:20:01.443   912  1336 I PartnerAssetManager: CDN download success - partner [Commute] asset [assets/android/commute/v1/commute_moving_on_male.wav]
10-09 15:20:01.444   912  1336 I PartnerAssetManager: CDN download success - partner [Commute] asset [assets/android/commute/v1/commute_try_again.wav]
10-09 15:20:01.444   912  1336 I PartnerAssetManager: CDN download success - partner [Commute] asset [assets/android/commute/v1/commute_try_again_male.wav]
10-09 15:20:01.444   912  1336 I PartnerAssetManager: CDN download success - partner [Commute] asset [assets/android/commute/v1/commute_auth_error.wav]
10-09 15:20:01.444   912  1336 I PartnerAssetManager: CDN download success - partner [Commute] asset [assets/android/commute/v1/commute_auth_error_male.wav]
10-09 15:20:01.444   912  1336 I PartnerAssetManager: CDN download success - partner [Commute] asset [assets/android/commute/v1/commute_api_error.wav]
10-09 15:20:01.444   912  1336 I PartnerAssetManager: CDN download success - partner [Commute] asset [assets/android/commute/v1/commute_api_error_male.wav]
10-09 15:20:01.444   912  1336 I PartnerAssetManager: CDN download success - partner [Commute] asset [assets/android/commute/v1/commute_network_error.wav]
10-09 15:20:01.444   912  1336 I PartnerAssetManager: CDN download success - partner [Commute] asset [assets/android/commute/v1/commute_network_error_male.wav]
10-09 15:20:01.444   912  1336 I PartnerAssetManager: CDN download success - partner [Commute] asset [assets/android/commute/v1/commute_catch_all_error.wav]
10-09 15:20:01.444   912  1336 I PartnerAssetManager: CDN download success - partner [Commute] asset [assets/android/commute/v1/commute_catch_all_error_male.wav]
10-09 15:20:01.445   912  1336 I PartnerAssetManager: CDN onActorWithResultsSucceeded 14 assets for partner Commute
10-09 15:20:01.445   912  1336 I PartnerSdkManager: Attempting to create partner: com.microsoft.office.outlook.partner.commute
10-09 15:20:01.445   912  1336 I Commute : Commute initialize
10-09 15:20:01.452 32722  1649 D ReactNative: ReactInstanceManager.setupReactContext()
10-09 15:20:01.452 32722  1649 D ReactNative: CatalystInstanceImpl.initialize()
10-09 15:20:01.453 32722  1649 D MShopReactOkHttpClientFactory: Set OkHttpClient's max requests per host to 10
10-09 15:20:01.463   912  1336 V MediaRouter: Selecting route: RouteInfo{ name=Phone, description=null, status=null, category=RouteCategory{ name=System types=ROUTE_TYPE_LIVE_AUDIO ROUTE_TYPE_LIVE_VIDEO  groupable=false }, supportedTypes=ROUTE_TYPE_LIVE_AUDIO ROUTE_TYPE_LIVE_VIDEO , presentationDisplay=null }
10-09 15:20:01.464   912  1336 V PartnerSdkManager: Successfully created partner [com.microsoft.office.outlook.partner.commute]
10-09 15:20:01.464   912  1336 I PartnerSdkManager: Completed loading all file download partners
10-09 15:20:01.464   912  1336 I PartnerSdkManager: All partners loaded. Processing contributions
10-09 15:20:01.464   912  1336 I PartnerSdkManager: Building the partner CONTRIBUTION map size[3]
10-09 15:20:01.465   912  1336 I PartnerSdkManager: Partner com.microsoft.office.outlook.partner.commute has 4 contributors.
10-09 15:20:01.465   912  1336 I PartnerSdkManager: Partner[com.microsoft.office.outlook.partner.commute] Contribution[com.microsoft.office.outlook.commute.settings.CommuteSettingsContribution]
10-09 15:20:01.465   912  1336 I PartnerSdkManager: Partner[com.microsoft.office.outlook.partner.commute] Contribution[com.microsoft.office.outlook.commute.CommuteDrawerMenuContribution]
10-09 15:20:01.465   912  1336 I PartnerSdkManager: Partner[com.microsoft.office.outlook.partner.commute] Contribution[com.microsoft.office.outlook.commute.CommuteDiagnosticsContribution]
10-09 15:20:01.465   912  1336 V PartnerSdkManager: Adding to partner contribution map: failed to add com.microsoft.office.outlook.partner.commute contrib com.microsoft.office.outlook.commute.CommuteDiagnosticsContribution
10-09 15:20:01.465   912  1336 I PartnerSdkManager: Partner[com.microsoft.office.outlook.partner.commute] Contribution[com.microsoft.office.outlook.commute.CommuteActivityEventsContribution]
10-09 15:20:01.465   912  1336 I PartnerSdkManager: Partner[com.microsoft.office.outlook.partner.cortini] is null. Not getting contributors.
10-09 15:20:01.465   912  1336 I PartnerSdkManager: Partner com.microsoft.office.outlook.partner.edgewebview has 1 contributors.
10-09 15:20:01.466   912  1336 I PartnerSdkManager: Partner[com.microsoft.office.outlook.partner.edgewebview] Contribution[com.microsoft.office.outlook.edgeintegration.EdgePartnerContribution]
10-09 15:20:01.466   912  1336 I PartnerSdkManager: Handling contribution requests
10-09 15:20:01.466   912  1336 I PartnerSdkManager: initializeAsync complete
10-09 15:20:01.516 32722  1444 I Appgrade: Empty campaign.  Cancel the existing campaign
10-09 15:20:01.520 32722 32751 E ...ntity.auth.device.aa: No account mapping found for any account, returning null
