10-09 15:19:58.794 32722   764 D LogMetricsUtil: Metrics recorded for Navigation to both PMET and Clickstream: [ [msp_ap_am_nav_session_start_so,1.0,1] ,  [appVersion,11,1] ,  [HTTP_USER_AGENT,AMZN(Smartphone/Pixel 2 XL/A1MPSLFC7L5AFK,Android/11,Amazon_Android/MShop/18.14.0.100),1] ,  [locale,en_IN,1] ,  [ref-override,msp_ap_am_nav_session_start_so,1] ,  [page-type,Navigation-DataOnly,1] ,  [hitType,dataOnly,1] ,  [team-name,Navigation,1] ,  [site_variant,Android App,1] ,  [RequestId,30E91A43C0ACCB731F14,1] ]
10-09 15:19:58.796 32722 32749 I ArtifactUploader: ArtifactUploader - Finished uploading artifacts. Uploaded 0 artifacts.;
10-09 15:19:58.796 32722   764 D LogMetricsUtil: Metrics recorded for Navigation to both PMET and Clickstream: [ [msp_ap_am_loc_perm_fine,1.0,1] ,  [appVersion,11,1] ,  [HTTP_USER_AGENT,AMZN(Smartphone/Pixel 2 XL/A1MPSLFC7L5AFK,Android/11,Amazon_Android/MShop/18.14.0.100),1] ,  [locale,en_IN,1] ,  [ref-override,msp_ap_am_loc_perm_fine,1] ,  [page-type,Navigation-DataOnly,1] ,  [hitType,dataOnly,1] ,  [team-name,Navigation,1] ,  [site_variant,Android App,1] ,  [RequestId,34E1CBFCCF06D73FC423,1] ]
10-09 15:19:58.797 32722 32722 E ...ntity.auth.device.aa: No account mapping found for any account, returning null
10-09 15:19:58.798 32722 32722 E ...ntity.auth.device.aa: No account mapping found for any account, returning null
10-09 15:19:58.798 32722 32722 I SmileMarketplaceChecker: Marketplace not supported for smile: A21TJRUUN4KGV
10-09 15:19:58.801 32722   764 D LogMetricsUtil: Metrics recorded for Navigation to both PMET and Clickstream: [ [msp_ap_am_loc_perm_fine_so,1.0,1] ,  [appVersion,11,1] ,  [HTTP_USER_AGENT,AMZN(Smartphone/Pixel 2 XL/A1MPSLFC7L5AFK,Android/11,Amazon_Android/MShop/18.14.0.100),1] ,  [locale,en_IN,1] ,  [ref-override,msp_ap_am_loc_perm_fine_so,1] ,  [page-type,Navigation-DataOnly,1] ,  [hitType,dataOnly,1] ,  [team-name,Navigation,1] ,  [site_variant,Android App,1] ,  [RequestId,87CD4A049BE7C98A3C04,1] ]
10-09 15:19:58.804 32722   764 D LogMetricsUtil: Metrics recorded for Navigation to both PMET and Clickstream: [ [msp_ap_am_loc_on_net_gps,1.0,1] ,  [appVersion,11,1] ,  [HTTP_USER_AGENT,AMZN(Smartphone/Pixel 2 XL/A1MPSLFC7L5AFK,Android/11,Amazon_Android/MShop/18.14.0.100),1] ,  [locale,en_IN,1] ,  [ref-override,msp_ap_am_loc_on_net_gps,1] ,  [page-type,Navigation-DataOnly,1] ,  [hitType,dataOnly,1] ,  [team-name,Navigation,1] ,  [site_variant,Android App,1] ,  [RequestId,67C91779D4217B697264,1] ]
10-09 15:19:58.808 32722   870 E ...ntity.auth.device.aa: No account mapping found for any account, returning null
10-09 15:19:58.808 32722   764 D LogMetricsUtil: Metrics recorded for Navigation to both PMET and Clickstream: [ [msp_ap_am_loc_on_net_gps_so,1.0,1] ,  [appVersion,11,1] ,  [HTTP_USER_AGENT,AMZN(Smartphone/Pixel 2 XL/A1MPSLFC7L5AFK,Android/11,Amazon_Android/MShop/18.14.0.100),1] ,  [locale,en_IN,1] ,  [ref-override,msp_ap_am_loc_on_net_gps_so,1] ,  [page-type,Navigation-DataOnly,1] ,  [hitType,dataOnly,1] ,  [team-name,Navigation,1] ,  [site_variant,Android App,1] ,  [RequestId,ECCDDDB427C8886D8AB1,1] ]
10-09 15:19:58.818 32722   764 D LogMetricsUtil: Metrics recorded for Navigation to both PMET and Clickstream: [ [msp_ap_am_anm_remote_s,1.0,1] ,  [appVersion,11,1] ,  [HTTP_USER_AGENT,AMZN(Smartphone/Pixel 2 XL/A1MPSLFC7L5AFK,Android/11,Amazon_Android/MShop/18.14.0.100),1] ,  [locale,en_IN,1] ,  [ref-override,msp_ap_am_anm_remote_s,1] ,  [page-type,Navigation-DataOnly,1] ,  [hitType,dataOnly,1] ,  [team-name,Navigation,1] ,  [site_variant,Android App,1] ,  [RequestId,F00D44310149F1AFC68D,1] ]
10-09 15:19:58.821 32722   764 D LogMetricsUtil: Metrics recorded for Navigation to both PMET and Clickstream: [ [msp_ap_am_anm_remote_s_so,1.0,1] ,  [appVersion,11,1] ,  [HTTP_USER_AGENT,AMZN(Smartphone/Pixel 2 XL/A1MPSLFC7L5AFK,Android/11,Amazon_Android/MShop/18.14.0.100),1] ,  [locale,en_IN,1] ,  [ref-override,msp_ap_am_anm_remote_s_so,1] ,  [page-type,Navigation-DataOnly,1] ,  [hitType,dataOnly,1] ,  [team-name,Navigation,1] ,  [site_variant,Android App,1] ,  [RequestId,2F48B5A59BDFAEE5D329,1] ]
10-09 15:19:58.825 32722   764 D LogMetricsUtil: Metrics recorded for Navigation to both PMET and Clickstream: [ [msp_ap_am_nav_lt_cps,1.0,1] ,  [appVersion,11,1] ,  [HTTP_USER_AGENT,AMZN(Smartphone/Pixel 2 XL/A1MPSLFC7L5AFK,Android/11,Amazon_Android/MShop/18.14.0.100),1] ,  [locale,en_IN,1] ,  [ref-override,msp_ap_am_nav_lt_cps,1] ,  [page-type,Navigation-DataOnly,1] ,  [hitType,dataOnly,1] ,  [team-name,Navigation,1] ,  [site_variant,Android App,1] ,  [RequestId,D0F554D9FA30F112502D,1] ]
10-09 15:19:58.827 32722   764 D LogMetricsUtil: Metrics recorded for Navigation to both PMET and Clickstream: [ [msp_ap_am_nav_lt_cps_so,1.0,1] ,  [appVersion,11,1] ,  [HTTP_USER_AGENT,AMZN(Smartphone/Pixel 2 XL/A1MPSLFC7L5AFK,Android/11,Amazon_Android/MShop/18.14.0.100),1] ,  [locale,en_IN,1] ,  [ref-override,msp_ap_am_nav_lt_cps_so,1] ,  [page-type,Navigation-DataOnly,1] ,  [hitType,dataOnly,1] ,  [team-name,Navigation,1] ,  [site_variant,Android App,1] ,  [RequestId,49E438884CEAE74BEF0B,1] ]
10-09 15:19:58.837 32722 32722 E ...ntity.auth.device.aa: No account mapping found for any account, returning null
10-09 15:19:58.870 32722   822 E ...ntity.auth.device.aa: No account mapping found for any account, returning null
10-09 15:19:58.872 32722   822 I chatty  : uid=10489(com.amazon.mShop.android.shopping) com.amazon.mSho identical 1 line
10-09 15:19:58.879 32722   822 E ...ntity.auth.device.aa: No account mapping found for any account, returning null
10-09 15:19:58.891 32722   505 E ...ntity.auth.device.aa: No account mapping found for any account, returning null
10-09 15:19:58.892  1365  1465 D EventSequenceValidator: onActivityLaunchFinished during UNKNOWN.
10-09 15:19:58.892  1365  1465 D EventSequenceValidator: java.lang.Throwable: EventSequenceValidator#getStackTrace
10-09 15:19:58.892  1365  1465 D EventSequenceValidator: 	at com.google.android.startop.iorap.EventSequenceValidator.logWarningWithStackTrace(EventSequenceValidator.java:260)
10-09 15:19:58.892  1365  1465 D EventSequenceValidator: 	at com.google.android.startop.iorap.EventSequenceValidator.onActivityLaunchFinished(EventSequenceValidator.java:185)
10-09 15:19:58.892  1365  1465 D EventSequenceValidator: 	at com.android.server.wm.LaunchObserverRegistryImpl.handleOnActivityLaunchFinished(LaunchObserverRegistryImpl.java:175)
10-09 15:19:58.892  1365  1465 D EventSequenceValidator: 	at com.android.server.wm.LaunchObserverRegistryImpl.lambda$QcawcFcJtEX4EhYptq_Vb4j368Y(Unknown Source:0)
10-09 15:19:58.892  1365  1465 D EventSequenceValidator: 	at com.android.server.wm.-$$Lambda$LaunchObserverRegistryImpl$QcawcFcJtEX4EhYptq_Vb4j368Y.accept(Unknown Source:10)
10-09 15:19:58.892  1365  1465 D EventSequenceValidator: 	at com.android.internal.util.function.pooled.PooledLambdaImpl.doInvoke(PooledLambdaImpl.java:292)
10-09 15:19:58.892  1365  1465 D EventSequenceValidator: 	at com.android.internal.util.function.pooled.PooledLambdaImpl.invoke(PooledLambdaImpl.java:201)
10-09 15:19:58.892  1365  1465 D EventSequenceValidator: 	at com.android.internal.util.function.pooled.OmniFunction.run(OmniFunction.java:97)
10-09 15:19:58.892  1365  1465 D EventSequenceValidator: 	at android.os.Handler.handleCallback(Handler.java:938)
10-09 15:19:58.892  1365  1465 D EventSequenceValidator: 	at android.os.Handler.dispatchMessage(Handler.java:99)
10-09 15:19:58.892  1365  1465 D EventSequenceValidator: 	at android.os.Looper.loop(Looper.java:223)
10-09 15:19:58.892  1365  1465 D EventSequenceValidator: 	at android.os.HandlerThread.run(HandlerThread.java:67)
10-09 15:19:58.892  1365  1465 D EventSequenceValidator: 	at com.android.server.ServiceThread.run(ServiceThread.java:44)
10-09 15:19:58.892  1365  1465 D EventSequenceValidator: dec AccIntentStartedEvents to 3
10-09 15:19:58.893 32707 32709 I cmd     : oneway function results will be dropped but finished with status OK and parcel size 4
10-09 15:19:58.895  1365  1470 D ArtManagerInternalImpl: /data/misc/iorapd/com.amazon.mShop.android.shopping/1241165010/com.amazon.mShop.home.web.MShopWebGatewayActivity/compiled_traces/compiled_trace.pb doesn't exist
10-09 15:19:58.897  1365  1470 I ActivityTaskManager: Displayed com.amazon.mShop.android.shopping/com.amazon.mShop.home.web.MShopWebGatewayActivity: +886ms
10-09 15:19:58.905 32651 32701 I appium  : channel read invoked!
10-09 15:19:58.905 32651 32701 I appium  : channel read: GET /wd/hub/session/3cf16f52-2604-4a79-a935-b345b3c890af/appium/device/pixel_ratio
10-09 15:19:58.906 32651 32701 I appium  : Get device pixel ratio
10-09 15:19:58.906 32651 32701 I appium  : AppiumResponse: {"sessionId":"3cf16f52-2604-4a79-a935-b345b3c890af","value":3.5}
10-09 15:19:58.914 32651 32701 I appium  : channel read invoked!
10-09 15:19:58.914 32651 32701 I appium  : channel read: GET /wd/hub/session/3cf16f52-2604-4a79-a935-b345b3c890af/appium/device/system_bars
10-09 15:19:58.914 32722 32722 E ...ntity.auth.device.aa: No account mapping found for any account, returning null
10-09 15:19:58.915 32722 32722 W Amazon  : missing associate tag : 
10-09 15:19:58.915 32651 32701 I appium  : Get status bar height of the device
10-09 15:19:58.915 32722   694 W chromium: [WARNING:jni_string.cc(30)] ConvertJavaStringToUTF8 called with null string.
10-09 15:19:58.916 32651 32701 I appium  : AppiumResponse: {"sessionId":"3cf16f52-2604-4a79-a935-b345b3c890af","value":{"statusBar":98}}
10-09 15:19:58.924 32651 32701 I appium  : channel read invoked!
10-09 15:19:58.924 32651 32701 I appium  : channel read: GET /wd/hub/session/3cf16f52-2604-4a79-a935-b345b3c890af/window/current/size
10-09 15:19:58.924 32651 32701 I appium  : Get window size of the device
10-09 15:19:58.924 32722 32722 D MobileLoggingSuite: MLS backup uploader job started
10-09 15:19:58.924 32722 32722 D MobileLoggingSuite: Not executing backup job because it was called to soon after it was scheduled
10-09 15:19:58.925 32651 32701 I appium  : AppiumResponse: {"sessionId":"3cf16f52-2604-4a79-a935-b345b3c890af","value":{"height":2712,"width":1440}}
10-09 15:19:58.936 32722 32722 I MShopGCMRegistrationJobService: Executing GCM Register job forandroid.app.job.JobParameters@7fa96a9
10-09 15:19:58.937 32722   908 I MShopGCMRegistrationOrchestrator: GCM Registration Token: dgTt-9pjG64:APA91bGolZ0SUbhpMQ7og3tQeeO2hqksy3LMUCSeSzI6URNTdDGda7UMkhSdnHIi9lGGX4Uk2B3-BbKamSwzkKg9hc4AqCiwowo-m3Tu7e4lPccXIjBzIxJfdY33slZkwA68Kqllfnz2
10-09 15:19:58.940  9061  9115 W SearchServiceCore: Abort, client detached.
10-09 15:19:58.945  9061  9115 I StreamController: cleanUpControllerScope(nowcards-15-1864ab5b-bbb2)
10-09 15:19:58.951 32722   764 D LogMetricsUtil: Metrics recorded for Navigation to both PMET and Clickstream: [ [msp_ap_am_cspromo_fetch_s,1.0,1] ,  [appVersion,11,1] ,  [HTTP_USER_AGENT,AMZN(Smartphone/Pixel 2 XL/A1MPSLFC7L5AFK,Android/11,Amazon_Android/MShop/18.14.0.100),1] ,  [locale,en_IN,1] ,  [ref-override,msp_ap_am_cspromo_fetch_s,1] ,  [page-type,Navigation-DataOnly,1] ,  [hitType,dataOnly,1] ,  [team-name,Navigation,1] ,  [site_variant,Android App,1] ,  [RequestId,80E4BB9A55E4EFEFF9BF,1] ]
10-09 15:19:58.953 32722   764 D LogMetricsUtil: Metrics recorded for Navigation to both PMET and Clickstream: [ [msp_ap_am_cspromo_fetch_s_so,1.0,1] ,  [appVersion,11,1] ,  [HTTP_USER_AGENT,AMZN(Smartphone/Pixel 2 XL/A1MPSLFC7L5AFK,Android/11,Amazon_Android/MShop/18.14.0.100),1] ,  [locale,en_IN,1] ,  [ref-override,msp_ap_am_cspromo_fetch_s_so,1] ,  [page-type,Navigation-DataOnly,1] ,  [hitType,dataOnly,1] ,  [team-name,Navigation,1] ,  [site_variant,Android App,1] ,  [RequestId,9A23ED1FF54987853F7F,1] ]
10-09 15:19:58.959  1365  1365 D CompatibilityChangeReporter: Compat change id reported: 135634846; UID 10441; state: DISABLED
10-09 15:19:58.959  1365  1472 D CompatibilityChangeReporter: Compat change id reported: 143937733; UID 10441; state: DISABLED
10-09 15:19:58.961 32722 32722 W Amazon  : missing associate tag : 
10-09 15:19:58.962 32722 32722 I AmazonMobileAds AmazonOOAdRegistration: Transport Layer Security enabled by default.
10-09 15:19:58.963 32722   764 D LogMetricsUtil: Metrics recorded for Navigation to both PMET and Clickstream: [ [msp_ap_am_anm_fetch_s,1.0,1] ,  [appVersion,11,1] ,  [HTTP_USER_AGENT,AMZN(Smartphone/Pixel 2 XL/A1MPSLFC7L5AFK,Android/11,Amazon_Android/MShop/18.14.0.100),1] ,  [locale,en_IN,1] ,  [ref-override,msp_ap_am_anm_fetch_s,1] ,  [page-type,Navigation-DataOnly,1] ,  [hitType,dataOnly,1] ,  [team-name,Navigation,1] ,  [site_variant,Android App,1] ,  [RequestId,22944D4BE63D42C287C4,1] ]
10-09 15:19:58.966 32722   764 D LogMetricsUtil: Metrics recorded for Navigation to both PMET and Clickstream: [ [msp_ap_am_anm_fetch_s_so,1.0,1] ,  [appVersion,11,1] ,  [HTTP_USER_AGENT,AMZN(Smartphone/Pixel 2 XL/A1MPSLFC7L5AFK,Android/11,Amazon_Android/MShop/18.14.0.100),1] ,  [locale,en_IN,1] ,  [ref-override,msp_ap_am_anm_fetch_s_so,1] ,  [page-type,Navigation-DataOnly,1] ,  [hitType,dataOnly,1] ,  [team-name,Navigation,1] ,  [site_variant,Android App,1] ,  [RequestId,8E406FA8754219BA9F26,1] ]
10-09 15:19:58.967   862   862 D Zygote  : Forked child process 912
10-09 15:19:58.969 32722   764 D LogMetricsUtil: Metrics recorded for Navigation to both PMET and Clickstream: [ [msp_ap_am_nav_err_lt_rs,1.0,1] ,  [appVersion,11,1] ,  [HTTP_USER_AGENT,AMZN(Smartphone/Pixel 2 XL/A1MPSLFC7L5AFK,Android/11,Amazon_Android/MShop/18.14.0.100),1] ,  [locale,en_IN,1] ,  [ref-override,msp_ap_am_nav_err_lt_rs,1] ,  [page-type,Navigation-DataOnly,1] ,  [hitType,dataOnly,1] ,  [team-name,Navigation,1] ,  [site_variant,Android App,1] ,  [RequestId,96A1C4EF98BA9920AFCD,1] ]
10-09 15:19:58.974  1365  1472 I ActivityManager: Start proc 912:com.microsoft.office.outlook/u0a441 for service {com.microsoft.office.outlook/com.evernote.android.job.v21.PlatformJobService}
10-09 15:19:58.976 11662 11662 I GoogleInputMethodService: GoogleInputMethodService.onFinishInput():3184 
10-09 15:19:58.977 32722 32722 D MASHWebView: Clearing timeout
10-09 15:19:58.977 11662 11662 I GoogleInputMethodService: GoogleInputMethodService.onStartInput():1830 
10-09 15:19:58.977 32722   764 D LogMetricsUtil: Metrics recorded for Navigation to both PMET and Clickstream: [ [msp_ap_am_nav_err_lt_rs_so,1.0,1] ,  [appVersion,11,1] ,  [HTTP_USER_AGENT,AMZN(Smartphone/Pixel 2 XL/A1MPSLFC7L5AFK,Android/11,Amazon_Android/MShop/18.14.0.100),1] ,  [locale,en_IN,1] ,  [ref-override,msp_ap_am_nav_err_lt_rs_so,1] ,  [page-type,Navigation-DataOnly,1] ,  [hitType,dataOnly,1] ,  [team-name,Navigation,1] ,  [site_variant,Android App,1] ,  [RequestId,E04FF2AD5E5C42C7D78A,1] ]
10-09 15:19:58.981   912   912 E .office.outloo: Not starting debugger since process cannot load the jdwp agent.
10-09 15:19:59.005   912   912 D ApplicationLoaders: Returning zygote-cached class loader: /system/framework/android.test.base.jar
10-09 15:19:59.007   912   912 I .office.outloo: The ClassLoaderContext is a special shared library.
10-09 15:19:59.065   912   912 D NetworkSecurityConfig: Using Network Security Config from resource network_security_config debugBuild: false
10-09 15:19:59.065 32722   911 E ...ntity.auth.device.aa: No account mapping found for any account, returning null
10-09 15:19:59.067   912   912 D NetworkSecurityConfig: Using Network Security Config from resource network_security_config debugBuild: false
10-09 15:19:59.082 32651 32701 I appium  : channel read invoked!
10-09 15:19:59.082 32651 32701 I appium  : channel read: POST /wd/hub/session/3cf16f52-2604-4a79-a935-b345b3c890af/orientation
10-09 15:19:59.117   912   912 I HxCore  : FlightSnapshotValidator: shouldEnableHxCore: target is prod, forcing ON
10-09 15:19:59.139   912   912 I MAMInfo : MAMInfo initialized. Debug=false, Agent=PRODUCTION, ManagedDialogDisabled=false, PolicyRequired=false, MultiIdentityEnabled=true, FullBackupContent=true, UseDefaultEnrollment=false, ExceptionOnInit=false, Debuggable=false
10-09 15:19:59.158   912   912 D ApplicationLoaders: Returning zygote-cached class loader: /system/framework/android.test.base.jar
10-09 15:19:59.277  1365  3002 D CompatibilityChangeReporter: Compat change id reported: 135634846; UID 10447; state: DISABLED
10-09 15:19:59.277  1365  1472 D CompatibilityChangeReporter: Compat change id reported: 143937733; UID 10447; state: DISABLED
10-09 15:19:59.283  1365  2403 V UserManagerService: dumpPackageWhitelistProblems(): using mode ENFORCE|IMPLICIT_WHITELIST|IMPLICIT_WHITELIST_SYSTEM
10-09 15:19:59.289   862   862 D Zygote  : Forked child process 972
10-09 15:19:59.292 21525 23886 I native  : device_profile_database_helpers.cc:506 Found nothing for EPGFqD
10-09 15:19:59.292 21525 23886 I native  : device_profile_database_helpers.cc:506 Found nothing for taimen/taimen
10-09 15:19:59.292 21525 23886 I native  : device_profile_database_helpers.cc:493 Considering UpIlK1:9
10-09 15:19:59.292 21525 23886 I native  : device_profile_database_helpers.cc:493 Considering UpIlK1:O
10-09 15:19:59.292 21525 23886 I native  : device_profile_database_helpers.cc:493 Considering UpIlK1:8.1
10-09 15:19:59.292 21525 23886 I native  : device_profile_database_helpers.cc:493 Considering UpIlK1:8.0
10-09 15:19:59.292 21525 23886 I native  : device_profile_database_helpers.cc:452 Device profile for google/taimen/taimen:11/RP1A.200720.009/6720564:user/release-keys: UpIlK1:9
10-09 15:19:59.293  1365  1472 I ActivityManager: Start proc 972:com.microsoft.windowsintune.companyportal:omadm_client_process/u0a447 for content provider {com.microsoft.windowsintune.companyportal/com.microsoft.omadm.apppolicy.AppPolicyContentProvider}
10-09 15:19:59.300   972   972 E _client_proces: Not starting debugger since process cannot load the jdwp agent.
10-09 15:19:59.317   972   972 D ApplicationLoaders: Returning zygote-cached class loader: /system/framework/android.test.base.jar
10-09 15:19:59.318   972   972 I _client_proces: The ClassLoaderContext is a special shared library.
10-09 15:19:59.321 32722   942 D SmashBootstrapper: Initializing local loading using cordova-mash-full-1.11.js
10-09 15:19:59.330   972   972 D NetworkSecurityConfig: Using Network Security Config from resource network_security_config debugBuild: false
10-09 15:19:59.331   972   972 D NetworkSecurityConfig: Using Network Security Config from resource network_security_config debugBuild: false
10-09 15:19:59.336   972   972 I MultiDex: VM with version 2.1.0 has multidex support
10-09 15:19:59.336   972   972 I MultiDex: Installing application
10-09 15:19:59.336   972   972 I MultiDex: VM has multidex support, MultiDex support library is disabled.
10-09 15:19:59.350   675   675 D android.hardware.power@1.3-service.pixel-libperfmgr: LAUNCH: 0
10-09 15:19:59.371   972   972 W         : root logger set to level: FINEST
10-09 15:19:59.380   972   972 I         : Initialized logging to file pattern: /data/user/0/com.microsoft.windowsintune.companyportal/files/OMADMLog_%g.log
10-09 15:19:59.383   972   972 D ActivityThread: Loading provider com.microsoft.omadm.preferences.preferencesprovider: com.microsoft.intune.common.settings.PreferencesContentProvider
10-09 15:19:59.387   972   972 I Services: Using MDM backend NATIVE
10-09 15:19:59.428 32722   942 D SmashBootstrapper: Loaded cordova-mash-full-1.11.js in 10ms
10-09 15:19:59.436   972  1113 I IsUserSovereignUseCase: MAM primary user is not a US Gov account
10-09 15:19:59.436   972  1114 I IsUserSovereignUseCase: MAM primary user is not a China account
10-09 15:19:59.437   972  1114 I GlobalInitializer: Setting WPJ telemetry to enabled
10-09 15:19:59.445   972   972 I TetheringManager: registerTetheringEventCallback:com.microsoft.windowsintune.companyportal
10-09 15:19:59.450 32722 32722 E ...ntity.auth.device.aa: No account mapping found for any account, returning null
10-09 15:19:59.453 32722 32722 E ...ntity.auth.device.aa: No account mapping found for any account, returning null
10-09 15:19:59.456 32722   822 E ...ntity.auth.device.aa: No account mapping found for any account, returning null
10-09 15:19:59.460 32722   822 I chatty  : uid=10489(com.amazon.mShop.android.shopping) com.amazon.mSho identical 1 line
10-09 15:19:59.471 32722   822 E ...ntity.auth.device.aa: No account mapping found for any account, returning null
10-09 15:19:59.526 32722 32722 D CordovaNetworkManager: toLower : wifi
10-09 15:19:59.526 32722 32722 D CordovaNetworkManager: wifi : wifi
10-09 15:19:59.526 32722 32722 D CordovaNetworkManager: Connection Type: wifi
10-09 15:19:59.526 32722 32722 D CordovaNetworkManager: Connection Extra Info: 
10-09 15:19:59.526 32722   942 D CordovaNetworkManager: toLower : wifi
10-09 15:19:59.526 32722   942 D CordovaNetworkManager: wifi : wifi
10-09 15:19:59.526 32722   942 D CordovaNetworkManager: Connection Type: wifi
10-09 15:19:59.526 32722   942 D CordovaNetworkManager: Connection Extra Info: 
10-09 15:19:59.559 32722 32722 V ApplicationStateListener: ApplicationCreateTime:1602236998103 IsApplicationCreatedInForeground:true ActivityCreateTime:1602236998355
10-09 15:19:59.584   972   972 D FirebaseApp: com.google.firebase.auth.FirebaseAuth is not linked. Skipping initialization.
10-09 15:19:59.584   972   972 D FirebaseApp: com.google.firebase.crash.FirebaseCrash is not linked. Skipping initialization.
10-09 15:19:59.589   972  1187 W zzd     : Application name is not set. Call Builder#setApplicationName.
10-09 15:19:59.591   972   972 W zzd     : Application name is not set. Call Builder#setApplicationName.
10-09 15:19:59.592   972   972 W FirebaseRemoteConfig: An entry in the defaults XML has an invalid key and/or value tag.
10-09 15:19:59.629   972   972 W FirebaseRemoteConfig: An entry in the defaults XML has an invalid key and/or value tag.
10-09 15:19:59.662   912   912 W .office.outlook: type=1400 audit(0.0:7047): avc: granted { execute } for path="/data/user/0/com.microsoft.office.outlook/mam_libs/arm64-v8a/libmsmam-pre.so" dev="sda13" ino=1090057 scontext=u:r:untrusted_app_29:s0:c185,c257,c512,c768 tcontext=u:object_r:app_data_file:s0:c185,c257,c512,c768 tclass=file app=com.microsoft.office.outlook
10-09 15:19:59.669   912   912 W .office.outlook: type=1400 audit(0.0:7048): avc: granted { execute } for path="/data/user/0/com.microsoft.office.outlook/mam_libs/arm64-v8a/libunwind.so" dev="sda13" ino=1090064 scontext=u:r:untrusted_app_29:s0:c185,c257,c512,c768 tcontext=u:object_r:app_data_file:s0:c185,c257,c512,c768 tclass=file app=com.microsoft.office.outlook
10-09 15:19:59.672   912   912 W .office.outlook: type=1400 audit(0.0:7049): avc: granted { execute } for path="/data/user/0/com.microsoft.office.outlook/mam_libs/arm64-v8a/libcrypto.1.0.0.so" dev="sda13" ino=1090065 scontext=u:r:untrusted_app_29:s0:c185,c257,c512,c768 tcontext=u:object_r:app_data_file:s0:c185,c257,c512,c768 tclass=file app=com.microsoft.office.outlook
10-09 15:19:59.679   912   912 W .office.outlook: type=1400 audit(0.0:7050): avc: granted { execute } for path="/data/user/0/com.microsoft.office.outlook/mam_libs/arm64-v8a/libmsmdmarp.so" dev="sda13" ino=1090068 scontext=u:r:untrusted_app_29:s0:c185,c257,c512,c768 tcontext=u:object_r:app_data_file:s0:c185,c257,c512,c768 tclass=file app=com.microsoft.office.outlook
10-09 15:19:59.692  1365  1652 D ConnectivityService: NetReassign [no changes]
10-09 15:19:59.712   912   912 W .office.outlook: type=1400 audit(0.0:7051): avc: denied { getattr } for path="/persist" dev="sda4" ino=2 scontext=u:r:untrusted_app_29:s0:c185,c257,c512,c768 tcontext=u:object_r:persist_file:s0 tclass=dir permissive=0 app=com.microsoft.office.outlook
10-09 15:19:59.744   912   912 W SQLiteCompatibilityWalFlags: Cannot read global setting sqlite_compatibility_wal_flags - Application state not available
10-09 15:19:59.753   972  1183 I FA      : Collection disabled with firebase_analytics_collection_deactivated=1
10-09 15:19:59.756   972  1183 I FA      : App measurement is starting up, version: 16250
10-09 15:19:59.756   972  1183 I FA      : To enable debug logging run: adb shell setprop log.tag.FA VERBOSE
10-09 15:19:59.756   972  1183 I FA      : To enable faster debug mode event logging run:
10-09 15:19:59.756   972  1183 I FA      :   adb shell setprop debug.firebase.analytics.app com.microsoft.windowsintune.companyportal
10-09 15:19:59.819   972  1227 W FirebaseRemoteConfig: No value of type 'Boolean' exists for parameter key 'mam_ptraceless_hooking'.
10-09 15:19:59.819   972  1227 W FirebaseRemoteConfig: No value of type 'Boolean' exists for parameter key 'mam_ptraceless_hooking'.
10-09 15:19:59.852  1365  1376 W System  : A resource failed to call release. 
10-09 15:19:59.853  1365  1376 I chatty  : uid=1000(system) FinalizerDaemon identical 5 lines
10-09 15:19:59.853  1365  1376 W System  : A resource failed to call release. 
10-09 15:19:59.877   912   912 D FirebaseApp: com.google.firebase.auth.FirebaseAuth is not linked. Skipping initialization.
10-09 15:19:59.877   912   912 D FirebaseApp: com.google.firebase.crash.FirebaseCrash is not linked. Skipping initialization.
10-09 15:19:59.877   912   912 I FirebaseInitProvider: FirebaseApp initialization successful
10-09 15:19:59.891   912   912 W com.facebook.UserSettingsManager: The value for AdvertiserIDCollectionEnabled is currently set to FALSE so you're sending app events without collecting Advertiser ID. This can affect the quality of your advertising and analytics results.
10-09 15:19:59.902   912  1255 E GraphResponse: GraphRequest can't be used when Facebook SDK isn't fully initialized
10-09 15:19:59.903   912  1255 E GraphResponse: GraphRequest can't be used when Facebook SDK isn't fully initialized
10-09 15:19:59.920   912  1249 I FA      : App measurement is starting up, version: 16250
10-09 15:19:59.921   912  1249 I FA      : To enable debug logging run: adb shell setprop log.tag.FA VERBOSE
10-09 15:19:59.922   912  1249 I FA      : To enable faster debug mode event logging run:
10-09 15:19:59.922   912  1249 I FA      :   adb shell setprop debug.firebase.analytics.app com.microsoft.office.outlook
10-09 15:19:59.930   912   912 D OutlookExecutor: OM_DEFAULT_EXECUTOR
10-09 15:19:59.934   912   912 V CrashReportManagerUtil: Using APP_CENTER id : e051a564-ed6c-489c-b7a8-0037e8a07491
10-09 15:19:59.944   912   912 D AppCenterBootCrashReportManager: Initializing AppCenterBootCrashReportManager
10-09 15:19:59.944   912  1265 I TetheringManager: registerTetheringEventCallback:com.microsoft.office.outlook
10-09 15:19:59.947   912   912 W AppCenter: App Center may only be configured once.
10-09 15:19:59.948   912  1273 D AppCenter: Network 108 is available.
10-09 15:19:59.948   912  1273 D AppCenter: Network has been connected.
10-09 15:19:59.952   912  1265 I AppCenter: Changed maximum database size to 10485760 bytes.
10-09 15:19:59.952   912  1265 D AppCenter: addGroup(group_core)
10-09 15:19:59.953   912  1265 D AppCenter: checkPendingLogs(group_core) pendingLogCount=0 batchTimeInterval=3000
10-09 15:19:59.953   912  1265 D AppCenter: App Center initialized.
10-09 15:19:59.953   912  1265 D AppCenter: removeGroup(groupErrors)
10-09 15:19:59.953   912  1265 D AppCenter: removeGroup(groupErrors/one)
10-09 15:19:59.953   912  1265 D AppCenter: addGroup(groupErrors)
10-09 15:19:59.954   912  1265 D AppCenter: checkPendingLogs(groupErrors) pendingLogCount=0 batchTimeInterval=3000
10-09 15:19:59.954   912  1265 D AppCenter: addGroup(groupErrors/one)
10-09 15:19:59.954   912  1265 D AppCenter: checkPendingLogs(groupErrors/one) pendingLogCount=0 batchTimeInterval=3000
10-09 15:19:59.957   912  1265 I AppCenter: Crashes service started from application.
10-09 15:19:59.957   912  1265 D AppCenter: removeGroup(group_analytics)
10-09 15:19:59.957   912  1265 D AppCenter: removeGroup(group_analytics/one)
10-09 15:19:59.957   912  1265 D AppCenter: addGroup(group_analytics)
10-09 15:19:59.957   912  1265 D AppCenter: checkPendingLogs(group_analytics) pendingLogCount=0 batchTimeInterval=3000
10-09 15:19:59.957   912  1265 D AppCenter: addGroup(group_analytics/one)
10-09 15:19:59.958   912  1265 D AppCenter: checkPendingLogs(group_analytics/one) pendingLogCount=0 batchTimeInterval=3000
10-09 15:19:59.958   912  1265 D AppCenter: addGroup(group_analytics_critical)
10-09 15:19:59.958   912  1265 D AppCenter: checkPendingLogs(group_analytics_critical) pendingLogCount=0 batchTimeInterval=3000
10-09 15:19:59.958   912  1265 D AppCenter: addGroup(group_analytics_critical/one)
10-09 15:19:59.959   912  1265 D AppCenter: checkPendingLogs(group_analytics_critical/one) pendingLogCount=0 batchTimeInterval=3000
10-09 15:19:59.959   912  1265 I AppCenter: Analytics service started from application.
10-09 15:19:59.962   912  1265 D AppCenter: Storing a log to the Persistence database for log type startService with flags=1
10-09 15:19:59.978   912  1265 D AppCenter: Stored a log to the Persistence database for log type startService with databaseId=115
10-09 15:19:59.978   912  1265 D AppCenter: enqueue(group_core) pendingLogCount=1
10-09 15:19:59.978   912  1265 D AppCenter: checkPendingLogs(group_core) pendingLogCount=1 batchTimeInterval=3000
10-09 15:19:59.981   912   912 D AppCenterBootCrashReportManager: AppCenter Crash service has been enabled
10-09 15:19:59.988   912   912 I NativeHockeyExceptionHandler: JNI_OnLoad()
10-09 15:19:59.989   912  1275 I NativeHockeyExceptionHandler: Log file path: '/data/user/0/com.microsoft.office.outlook/files/error/minidump/new/e88c7484-d5fd-4459-a5d0-e2f03dbe62cd/log.txt'
10-09 15:19:59.989   912  1275 D AppCenterBootCrashReportManager: Break-pad setup complete
10-09 15:19:59.990   912   912 D OutlookExecutor: OM_BOOT_MAIN
10-09 15:20:00.005   912  1284 W FlavorComponent: initialize not provided
10-09 15:20:00.005   912  1284 W BuildTypeComponent: initialize not provided
10-09 15:20:00.012   912   912 D OutlookExecutor: OM_LOGGERS_EXECUTOR
10-09 15:20:00.033   912   912 I MAMAppConfigManagerImpl: Updated App Config cache for user User-397147753
10-09 15:20:00.033   912   912 I MAMAppConfigManagerImpl: Found cached app config data, returning it.
10-09 15:20:00.034   912   912 D AcompliApplication: Phase 1
10-09 15:20:00.047   972  1191 I FirebaseRemoteConfig: Fetch succeeded!
10-09 15:20:00.049   912  1278 D OutlookExecutor: OM_UI_RESULTS_EXECUTOR
10-09 15:20:00.085   912  1278 W JobConfig: setApiEnabled - WORK_MANAGER, false
10-09 15:20:00.085   912  1278 D OutlookExecutor: OM_JOBS_EXECUTOR
10-09 15:20:00.147   912  1283 I HxShared::ThreadContext: InitializeJvm called
10-09 15:20:00.165   912  1283 I HxCoreComponentDependent: Hx telemetry verbosity level: Critical
10-09 15:20:00.175   912  1283 D OutlookExecutor: OM_HXCORE_EXECUTOR
10-09 15:20:00.205   912  1283 E COST    : bootstrap:30
10-09 15:20:00.217   912  1332 D HxStorageStateChangeDelegate: Storage state change to Store_Boot_Complete
10-09 15:20:00.220   912   912 D OutlookExecutor: OM_SERIAL_EXECUTOR
10-09 15:20:00.221   912   912 D OutlookExecutor: OM_DATABASE_TRANSACTION_EXECUTOR
10-09 15:20:00.226   912   912 I ACAccountManager: Loading accounts
10-09 15:20:00.247   912   912 I ACAccountManager: Loaded account id=32768 type=Office365 syncKey=null policyKey=
10-09 15:20:00.260   912   912 D HxServices: Loaded Hx Accounts that will be cached. ObjectId 00000003-0000-0000-0000-000000000000 Count 1
10-09 15:20:00.261   912   912 D HxServices: Summary of AC<->Hx Account count 1
10-09 15:20:00.261   912   912 D HxServices: AC Account id 32768 HxAccount [73 00000000-0000-0000-1735-040000000000] MarkedForDelete false
10-09 15:20:00.262   912   912 D HxServices: Summary of Hx<->AC Account count 1
10-09 15:20:00.262   912   912 D HxServices: Hx Account [73 00000000-0000-0000-1735-040000000000] AC Account id 32768
10-09 15:20:00.263   912   912 D HxServices: Summary of deleted Hx accounts count 0
10-09 15:20:00.271   912   912 D LocalCalendarManager: registerAccountsChangeListener()
10-09 15:20:00.272   912   912 D LocalCalendarManager: Updating calendar content observer registration.
10-09 15:20:00.273   912   912 D LocalCalendarManager: No local calendar accounts, removing observer.
10-09 15:20:00.273   912   912 D LocalCalendarManager: Already removed, ignoring.
10-09 15:20:00.275   912   912 D AcompliApplication: Phase 1 end
10-09 15:20:00.284   912  1285 D EmergencyModeWorkItem: Emergency mode value -1
10-09 15:20:00.284   912  1278 I Iconic  : create...
10-09 15:20:00.291   912   912 D AppCenterCrashReportManager: Initializing AppCenterCrashReportManager
10-09 15:20:00.296   912  1283 D HxFoldersCacheManagement: Build cache of HxFolders. Hx Accounts count 1
10-09 15:20:00.296   912   912 E NativeCrashManager: NativeCrashManager is already enabled. Updating listener
10-09 15:20:00.298   912   912 D AppCenterCrashReportManager: Processing 0 pending errors
10-09 15:20:00.300   912   912 D TokenSharingManager_v1.5.8: Library works in release mode
10-09 15:20:00.303   912   912 V AcompliApplication: Starting up version 4.2038.4 (2038808) initial version was 4.2037.2 (2037805)
10-09 15:20:00.305   912   912 D outlook.Outlook: isGooglePlayServicesAvailable: true. Code: 0
10-09 15:20:00.306   912  1283 D HxFoldersCacheManagement: Registering for MailAccountData's view collection change notification to update folder cache. ViewId 00000000-0000-0000-1735-040000000000 Count 13
10-09 15:20:00.308   912  1283 D HxFoldersCacheManagement: Registering for Group collection change notification to update folder cache. CollectionId 00000000-0000-0000-1735-040000000000 
10-09 15:20:00.310   912   912 V IntuneAppConfigManager: Loading Intune app config...
10-09 15:20:00.311   912  1283 D HxFoldersCacheManagement: Registering for Favorite collection change notification to update folder cache. CollectionId 00000001-0000-0000-1735-040000000000 
10-09 15:20:00.312   912   912 I MAMAppConfigManagerImpl: Found cached app config data, returning it.
10-09 15:20:00.313   912   912 V IntuneAppConfigManager:Provider: Retrieve MDM configs from Convenience API.
10-09 15:20:00.316   912  1283 D HxFoldersCacheManagement: Build cache of HxFolders for Hx Account 00000000-0000-0000-1735-040000000000. Total count of UI folders is 14 - Total count of hidden folders is 1
10-09 15:20:00.317   912  1283 V HxFoldersCacheManagement: No delta summary specified - Summary UI folders count is 13 - Hidden folders count is 1
10-09 15:20:00.320   912   912 D AcompliApplication: Phase 2
10-09 15:20:00.326   912  1379 D OlmDoNotDisturbStatusManager: Cleared 0 expired entries.
10-09 15:20:00.327   912  1379 D OlmDoNotDisturbStatusManager: No alarm found to dismiss.
10-09 15:20:00.328   912  1379 D OlmDoNotDisturbStatusManager: No alarm to update.
10-09 15:20:00.328   912  1379 D OutlookCoreJobCreator: Dismiss all DND jobs.
10-09 15:20:00.335   912   912 D AcompliApplication: Phase 2 end
10-09 15:20:00.336   912   912 D OutlookExecutor: OM_APP_SESSION_MANAGER_SERIAL_EXECUTOR
10-09 15:20:00.336   912   912 D AcompliApplication: Create end
10-09 15:20:00.339   912  1397 D OlmAppSessionManager: dispatchAppStarting
10-09 15:20:00.340   912  1397 D OlmAppSessionManager: onAppStarting com.acompli.accore.ACAppSessionEventHandler
10-09 15:20:00.340   912  1397 D OlmAppSessionManager: onAppStarting com.microsoft.office.outlook.hx.managers.HxAppSessionEventHandler
10-09 15:20:00.341   912  1397 D HxAppSessionEventHandler: mBootComplete true mAppFirstActivityPostResumed false
10-09 15:20:00.341   912  1397 D HxContactChangeEventHelper: initialize. Accounts count 1
10-09 15:20:00.344   912  1397 D HxAppSessionEventHandler: Running AccountWatchdog on storage boot complete
10-09 15:20:00.344   912  1397 D UnderTheHoodMigrationManager: Running underTheHood migration on storage boot complete
10-09 15:20:00.344   912  1397 D UnderTheHoodAccountMigrationManager: Setting up account changed notification handler
10-09 15:20:00.345   912  1397 D OlmAppSessionManager: onAppStarting com.microsoft.office.outlook.boothandlers.PicassoAppSessionStartingEventHandler
10-09 15:20:00.347   912  1397 I Picasso : onAppStarting
10-09 15:20:00.351   912   912 V IntuneAppConfigManager: Applying Intune app config...
10-09 15:20:00.356   912  1379 V IntuneAppConfigManager: Default Signature Enabled: true
10-09 15:20:00.357   912  1379 I MAMAppConfigManagerImpl: Found cached app config data, returning it.
10-09 15:20:00.367   912  1408 D PlatformJobService: Run job, request{id=1078, tag=EventNotificationJob_Master, transient=false}, waited 01:55:11, interval 00:15:00, flex 00:05:00
10-09 15:20:00.367   912  1408 D OutlookCoreJobCreator: create EventNotificationJob_Master
10-09 15:20:00.368   912  1408 D OutlookApplicationJobCreator: create EventNotificationJob_Master
10-09 15:20:00.373   912  1408 I JobExecutor: Executing request{id=1078, tag=EventNotificationJob_Master, transient=false}, context PlatformJobService
10-09 15:20:00.373   912  1397 W Settings: Setting airplane_mode_on has moved from android.provider.Settings.System to android.provider.Settings.Global, returning read-only value.
10-09 15:20:00.380   912  1420 D EventNotificationJob: Running EventNotificationJob, isDetail=false
10-09 15:20:00.389   912  1420 D HxCalendarDataObjectsHelper: safelyGetCalendarDataList will not include HxCalendarData from deleted accounts
10-09 15:20:00.390   912  1420 D HxCalendarDataObjectsHelper: safelyGetCalendarDataList result count 4
10-09 15:20:00.391   912  1339 D ACCalendarManager: Prepare for calendar sync, 4 calendars changed
10-09 15:19:59.946  1365  1652 D ConnectivityService: NetReassign [no changes]
10-09 15:20:00.457  1365  2403 V UserManagerService: dumpPackageWhitelistProblems(): using mode ENFORCE|IMPLICIT_WHITELIST|IMPLICIT_WHITELIST_SYSTEM
10-09 15:20:00.504   912  1420 D EventNotificationJob: processEventList() on [24] events. First cleaning up expired notifications.
10-09 15:20:00.586   912  1420 D EventNotificationJob: Finished cleaning up notifications. Event notification list had 0 items, 0 unique IDs, added 0 notifications in id set.
10-09 15:20:00.588   912  1420 D EventNotificationJob:   finished processing events.
10-09 15:20:00.589   912  1420 I JobExecutor: Finished job{id=1078, finished=true, result=SUCCESS, canceled=false, periodic=true, class=EventNotificationJob, tag=EventNotificationJob_Master}
10-09 15:20:00.602   912  1408 D PlatformJobService: Finished job, request{id=1078, tag=EventNotificationJob_Master, transient=false} SUCCESS
10-09 15:20:00.866   912  1397 D OlmAppSessionManager: dispatchAppStartCompleted: inForeground false
10-09 15:20:00.867   912  1397 D OlmAppSessionManager: onAppStartCompleted com.acompli.accore.ACAppSessionEventHandler isInForeground false
10-09 15:20:00.868   912  1397 D OlmAppSessionManager: onAppStartCompleted com.microsoft.office.outlook.hx.managers.HxAppSessionEventHandler isInForeground false
10-09 15:20:00.870   912  1397 D HxAppSessionEventHandler: HxActorAPIs.OnBootCompleted()
10-09 15:20:00.884   912  1336 I HxAppSessionEventHandler: AllowUserDataNetworkConnections call succeeded
10-09 15:20:00.891   912  1397 D outlook.Outlook: isGooglePlayServicesAvailable: true. Code: 0
10-09 15:20:00.892   912  1397 I FcmTokenReaderWriter: isPushSyncAvailable: Token[true] PlaySvc[true] ForceUnavailable[false]
10-09 15:20:00.892   912  1397 I OutlookCoreJobCreator: shouldSchedulePeriodicSyncJob PushSyncAvailable[true] Gallatin[false] DirectSync[false]
10-09 15:20:00.892   912  1397 D HxAppSessionEventHandler: Initialize HxAutoDismissNotifications
10-09 15:20:00.919   912  1397 D HxAutoDismissNotifications: adding listener HxAccount 73 00000000-0000-0000-1735-040000000000 HxCollection 212 00000000-0000-0000-c835-040000000000
10-09 15:20:00.920   643   643 I servicemanager: Notifying apexservice they have clients: 0
10-09 15:20:00.921   643   643 I BpBinder: onLastStrongRef automatically unlinking death recipients: <uncached descriptor>
10-09 15:20:00.921   912  1397 D HxBatteryStatusReceiver: calculateBootBatteryStatus PluggedIn
10-09 15:20:00.922   912  1397 D HxBatteryStatusReceiver: updateBootBatteryStatus PluggedIn
10-09 15:20:00.926   912  1430 D HxBatteryStatusReceiver: Update Battery Status: LatestHxBatteryStatus PluggedIn NewHxBatteryStatus PluggedIn ShouldUpdate false
10-09 15:20:00.927   912  1397 D HxNetworkStatusReceiver: Active Network Type WIFI IsConnected true isAvailable true isConnectedOrConnecting true State CONNECTED IsRoaming false
10-09 15:20:00.928   912  1397 D HxNetworkStatusReceiver: Network Status of the active network is Unrestricted
10-09 15:20:00.928   912  1397 D HxNetworkStatusReceiver: calculateBootNetworkStatus Unrestricted
10-09 15:20:00.928   912  1397 D HxNetworkStatusReceiver: updateBootNetworkStatus Unrestricted
10-09 15:20:00.928   912  1397 D HxNetworkStatusReceiver: Updating network status in HxCore. Current network status is Unrestricted and new network status is Unrestricted 
10-09 15:20:00.929   912  1397 D HxAppSessionEventHandler: HxActorAPIs.PrepareToSuspendHxCore()
10-09 15:20:00.935   912  1397 D OlmAppSessionManager: onAppStartCompleted com.acompli.acompli.utils.-$$Lambda$Watchdog$DefaultWatchdogListener$5Yh-LCT8ZAH04rCmY1e2lg293pc isInForeground false
10-09 15:20:00.936   912   912 D HxNetworkStatusReceiver: HxNetworkStatusReceiver:onReceive()
10-09 15:20:00.937   912  1430 D HxNetworkStatusReceiver: Active Network Type WIFI IsConnected true isAvailable true isConnectedOrConnecting true State CONNECTED IsRoaming false
10-09 15:20:00.938   912  1430 D HxNetworkStatusReceiver: Network Status of the active network is Unrestricted
10-09 15:20:00.938   912  1430 D HxNetworkStatusReceiver: Updating network status in HxCore. Current network status is Unrestricted and new network status is Unrestricted 
10-09 15:20:00.941   912  1397 D OlmAppSessionManager: onAppStartCompleted com.microsoft.office.outlook.hx.util.HxAuthDelegate isInForeground false
10-09 15:20:00.941   912  1397 D HxAuthDelegate: onAppStartCompleted isInForeground false
10-09 15:20:00.941   912  1397 D HxAuthDelegate: onAppStartCompleted no accounts that need their token refreshed
10-09 15:20:00.942   912  1397 D OlmAppSessionManager: onAppStartCompleted com.microsoft.office.outlook.boothandlers.AdManagerServerBootstrapAppStartedEventHandler isInForeground false
10-09 15:20:00.942   912  1397 D AdPolicyChecker: areAccountsEligibleForAds called
10-09 15:20:00.948   912  1397 D AdPolicyChecker: Account configured with authType Office365Hx. Returning server_type_not_support
10-09 15:20:00.949   912  1397 D AdServerBootstrap: AdPolicyCheckResult adsAllowed false OTAdNotShownReason server_type_not_support
10-09 15:20:00.949   912  1397 D OlmAppSessionManager: onAppStartCompleted com.microsoft.office.outlook.boothandlers.CursorLeakTrackerAppSessionStartCompletedEventHandler isInForeground false
10-09 15:20:00.949   912  1397 D OlmAppSessionManager: onAppStartCompleted com.microsoft.office.outlook.boothandlers.PowerLiftAppSessionStartCompletedEventHandler isInForeground false
10-09 15:20:00.954   912  1397 V PLConfig: PowerLift client-side analysis enabled: true
10-09 15:20:00.994   912  1397 D OlmAppSessionManager: onAppStartCompleted com.microsoft.office.outlook.boothandlers.HelpshiftAppSessionStartedCompletedEventHandler isInForeground false
10-09 15:20:01.114   912  1397 D OlmAppSessionManager: onAppStartCompleted com.microsoft.office.outlook.boothandlers.ClpAppSessionStartCompletedEventHandler isInForeground false
10-09 15:20:01.117   912  1397 D HxClpHelper: parsing Labels for accounts
10-09 15:20:01.117   912  1397 D HxClpHelper: Clp supported for account ID:: 32768
10-09 15:20:01.135 32722 32722 E ...ntity.auth.device.aa: No account mapping found for any account, returning null
10-09 15:20:01.143 32722 32722 W nAnnotationIntrospector: Unable to load JDK7 annotation types; will have to skip
10-09 15:20:01.159 32722 32722 V Javascript: Running Jacascript: ((function(args) {var badPageElement = []; var badPageDescription = []; if (document.getElementById('navbar')) { badPageElement.push('navbar'); badPageDescription.push('double nav bar for the mshop page'); } return ({ bad_page: badPageElement, bad_page_description: badPageDescription });})({})||{})
10-09 15:20:01.159 32722   573 D com.amazon.mShop.startup.task.FFSServiceTaskDescriptor: scheduleFFSStart
10-09 15:20:01.162   912  1408 V PL_SyncIncident: Beginning incident sync
10-09 15:20:01.164 32722   603 D GoalsOrchestrator: Handling intent with action MODULE_START_ACTION
10-09 15:20:01.168 32722   573 D MobileLoggingSuite: Updating MLS weblab MLS_APRIL_BACKGROUND_UPLOADER_206952 with treatment T1
10-09 15:20:01.169 32722   573 D MobileLoggingSuite: Updating MLS weblab MLS_SLA_164569 with treatment C_Client
10-09 15:20:01.169 32722   573 D MobileLoggingSuite: Updating MLS weblab MLS_NEXUS_FREQUENCY_MARCH_199907 with treatment T4
10-09 15:20:01.176 32722   603 D CompatibilityChangeReporter: Compat change id reported: 148180766; UID 10489; state: DISABLED
10-09 15:20:01.177 32722 32722 E ...ntity.auth.device.aa: No account mapping found for any account, returning null
10-09 15:20:01.181 32722  1457 D FeatureIntegrationFileManager: Downloading new FIF from https://m.media-amazon.com/images/S/ssnap-msa/prod/featureInteg/android/v5/prod-feature-integration.json
10-09 15:20:01.183   912  1408 V PL_SyncFeedbacks: Beginning feedback sync
10-09 15:20:01.186   912  1408 V PL_SyncFeedbacks: No queued feedback
10-09 15:20:01.188   912  1408 V PL_SyncFiles: Beginning log uploads
10-09 15:20:01.191   912  1408 V PL_SyncFiles: No queued uploads
10-09 15:20:01.193   912  1408 V PL_SyncEngine: Sync iteration finished; result=SUCCESS
10-09 15:20:01.202 32722 32722 D LatencyEventLogger: dump events
10-09 15:20:01.219 32651 32701 I appium  : AppiumResponse: {"sessionId":"3cf16f52-2604-4a79-a935-b345b3c890af","value":"PORTRAIT"}
10-09 15:20:01.255 32722  1540 V fb-UnpackingSoSource: locked dso store /data/user/0/com.amazon.mShop.android.shopping/lib-main
10-09 15:20:01.258 32722  1540 I fb-UnpackingSoSource: dso store is up-to-date: /data/user/0/com.amazon.mShop.android.shopping/lib-main
10-09 15:20:01.258 32722  1540 V fb-UnpackingSoSource: releasing dso store lock for /data/user/0/com.amazon.mShop.android.shopping/lib-main
10-09 15:20:01.296 32722  1540 I ndroid.shoppin: Thread[136,tid=1540,Native,Thread*=0xaad8c410,peer=0x13600718,"pool-10-thread-6"] recursive attempt to load library "/data/app/~~FQmCLEx1XLgBK38HQRAG6A==/com.amazon.mShop.android.shopping-Ycuwhu75qZ5Y91o2oVxutw==/lib/arm/libreactnativejni.so"
10-09 15:20:01.298 32722 32722 D ReactNative: ReactInstanceManager.ctor()
10-09 15:20:01.300 32722 32722 D ReactNative: ReactInstanceManager.createReactContextInBackground()
10-09 15:20:01.300 32722 32722 D ReactNative: ReactInstanceManager.recreateReactContextInBackgroundInner()
10-09 15:20:01.300 32722 32722 D ReactNative: ReactInstanceManager.recreateReactContextInBackgroundFromBundleLoader()
10-09 15:20:01.300 32722 32722 D ReactNative: ReactInstanceManager.recreateReactContextInBackground()
10-09 15:20:01.300 32722 32722 D ReactNative: ReactInstanceManager.runCreateReactContextOnNewThread()
10-09 15:20:01.307 32722  1598 D ReactNative: ReactInstanceManager.createReactContext()
10-09 15:20:01.320 32722  1598 W unknown:ViewManagerPropertyUpdater: Could not find generated setter for class com.facebook.react.views.progressbar.ReactProgressBarViewManager
10-09 15:20:01.322 32722  1457 D FeatureIntegrationFileManager: Successfully downloaded FIF
10-09 15:20:01.323 32722  1598 W unknown:ViewManagerPropertyUpdater: Could not find generated setter for class com.facebook.react.views.progressbar.ProgressBarShadowNode
10-09 15:20:01.326 32722  1598 W unknown:ViewManagerPropertyUpdater: Could not find generated setter for class com.facebook.react.views.scroll.ReactHorizontalScrollViewManager
10-09 15:20:01.328   912  1397 D HxClpHelper: mip labels available, parsing them count is ::16
10-09 15:20:01.329 32722  1598 W unknown:ViewManagerPropertyUpdater: Could not find generated setter for class com.facebook.react.uimanager.LayoutShadowNode
10-09 15:20:01.330 32722  1598 W unknown:ViewManagerPropertyUpdater: Could not find generated setter for class com.facebook.react.views.text.ReactTextViewManager
10-09 15:20:01.331 32722  1598 W unknown:ViewManagerPropertyUpdater: Could not find generated setter for class com.facebook.react.views.text.ReactTextShadowNode
10-09 15:20:01.332 32722  1598 W unknown:ViewManagerPropertyUpdater: Could not find generated setter for class com.facebook.react.views.scroll.ReactHorizontalScrollContainerViewManager
10-09 15:20:01.332 32722  1598 W unknown:ViewManagerPropertyUpdater: Could not find generated setter for class com.lwansbrough.RCTCamera.RCTCameraViewManager
10-09 15:20:01.333 32722  1598 W unknown:ViewManagerPropertyUpdater: Could not find generated setter for class com.amazon.eucx.cloneimageview.CloneImageViewManager
10-09 15:20:01.335 32722  1598 W unknown:ViewManagerPropertyUpdater: Could not find generated setter for class com.amazon.ace.reactnative.RNAceVideoManager
10-09 15:20:01.337 32722  1598 W unknown:ViewManagerPropertyUpdater: Could not find generated setter for class com.facebook.react.views.checkbox.ReactCheckBoxManager
10-09 15:20:01.337 32722  1598 W unknown:ViewManagerPropertyUpdater: Could not find generated setter for class com.facebook.react.views.view.ReactViewManager
10-09 15:20:01.339 32722  1457 D FeatureIntegrationFileManager: Merge was skipped because current FIF version 5.0.666.0 is the same as the new FIF version 5.0.666.0
10-09 15:20:01.339 32722  1598 W unknown:ViewManagerPropertyUpdater: Could not find generated setter for class com.facebook.react.views.switchview.ReactSwitchManager
10-09 15:20:01.340 32722  1457 D FeatureIntegrationFileManager: Successfully copied downloaded FIF version 5.0.666.0
