12-11 11:11:38.750 24345 18433 W NetworkScheduler: Error inserting flex_time=2623000 job_id=-1 period=5247000 source=16 requires_charging=0 preferred_network_type=1 target_class=com.google.android.gms.measurement.PackageMeasurementTaskService user_id=0 target_package=com.google.android.gms tag=Measurement.PackageMeasurementTaskService.UPLOAD_TASK_TAG task_type=0 required_idleness_state=0 service_kind=0 source_version=204516000 persistence_level=1 preferred_charging_state=1 required_network_type=0 runtime=1607665298749 retry_strategy={"maximum_backoff_seconds":{"3600":0},"initial_backoff_seconds":{"30":0},"retry_policy":{"0":0}} last_runtime=0, error message: UNIQUE constraint failed: pending_ops.tag, pending_ops.target_class, pending_ops.target_package, pending_ops.user_id (code 2067 SQLITE_CONSTRAINT_UNIQUE) [CONTEXT service_id=218 ]
12-11 11:11:38.846 28160 28160 W System.err: java.net.MalformedURLException: no protocol: homepage
12-11 11:11:38.846 28160 28160 W System.err: 	at java.net.URL.<init>(URL.java:601)
12-11 11:11:38.846 28160 28160 W System.err: 	at java.net.URL.<init>(URL.java:498)
12-11 11:11:38.846 28160 28160 W System.err: 	at java.net.URL.<init>(URL.java:447)
12-11 11:11:38.846 28160 28160 W System.err: 	at com.flipkart.android.utils.cc.getUrlPath(Unknown Source:2)
12-11 11:11:38.846 28160 28160 W System.err: 	at com.flipkart.android.bottomnavigation.c.a(Unknown Source:139)
12-11 11:11:38.846 28160 28160 W System.err: 	at com.flipkart.android.bottomnavigation.c.update(Unknown Source:135)
12-11 11:11:38.846 28160 28160 W System.err: 	at com.flipkart.android.reactnative.nativeuimodules.reactbottombar.ReactBottomNavigationFragment.emitAlreadyExistingResponse(Unknown Source:15)
12-11 11:11:38.846 28160 28160 W System.err: 	at com.flipkart.android.reactnative.nativeuimodules.reactbottombar.ReactBottomNavigationFragment.onLoadFinished(Unknown Source:84)
12-11 11:11:38.846 28160 28160 W System.err: 	at com.flipkart.android.reactnative.nativeuimodules.reactbottombar.ReactBottomNavigationFragment.onLoadFinished(Unknown Source:2)
12-11 11:11:38.846 28160 28160 W System.err: 	at androidx.loader.app.LoaderManagerImpl$LoaderObserver.onChanged(Unknown Source:46)
12-11 11:11:38.846 28160 28160 W System.err: 	at androidx.lifecycle.LiveData.considerNotify(Unknown Source:29)
12-11 11:11:38.846 28160 28160 W System.err: 	at androidx.lifecycle.LiveData.dispatchingValue(Unknown Source:44)
12-11 11:11:38.846 28160 28160 W System.err: 	at androidx.lifecycle.LiveData.setValue(Unknown Source:14)
12-11 11:11:38.846 28160 28160 W System.err: 	at androidx.lifecycle.s.setValue(Unknown Source:0)
12-11 11:11:38.846 28160 28160 W System.err: 	at androidx.loader.app.LoaderManagerImpl$LoaderInfo.setValue(Unknown Source:0)
12-11 11:11:38.846 28160 28160 W System.err: 	at androidx.loader.app.LoaderManagerImpl$LoaderInfo.onLoadComplete(Unknown Source:36)
12-11 11:11:38.846 28160 28160 W System.err: 	at androidx.loader.content.Loader.deliverResult(Unknown Source:4)
12-11 11:11:38.846 28160 28160 W System.err: 	at androidx.loader.content.CursorLoader.deliverResult(Unknown Source:22)
12-11 11:11:38.846 28160 28160 W System.err: 	at androidx.loader.content.CursorLoader.deliverResult(Unknown Source:2)
12-11 11:11:38.846 28160 28160 W System.err: 	at androidx.loader.content.AsyncTaskLoader.dispatchOnLoadComplete(Unknown Source:30)
12-11 11:11:38.846 28160 28160 W System.err: 	at androidx.loader.content.AsyncTaskLoader$a.a(Unknown Source:2)
12-11 11:11:38.846 28160 28160 W System.err: 	at androidx.loader.content.a.e(Unknown Source:10)
12-11 11:11:38.846 28160 28160 W System.err: 	at androidx.loader.content.a$b.handleMessage(Unknown Source:28)
12-11 11:11:38.846 28160 28160 W System.err: 	at android.os.Handler.dispatchMessage(Handler.java:106)
12-11 11:11:38.846 28160 28160 W System.err: 	at android.os.Looper.loop(Looper.java:223)
12-11 11:11:38.846 28160 28160 W System.err: 	at android.app.ActivityThread.main(ActivityThread.java:7656)
12-11 11:11:38.846 28160 28160 W System.err: 	at java.lang.reflect.Method.invoke(Native Method)
12-11 11:11:38.847 28160 28160 W System.err: 	at com.android.internal.os.RuntimeInit$MethodAndArgsCaller.run(RuntimeInit.java:592)
12-11 11:11:38.847 28160 28160 W System.err: 	at com.android.internal.os.ZygoteInit.main(ZygoteInit.java:947)
12-11 11:11:38.848 28160 28160 D ReactNative: ReactInstanceManager.ctor()
12-11 11:11:38.848 28160 28160 D SoLoader: init exiting
12-11 11:11:38.850 28160 28160 D ReactNative: ReactInstanceManager.createReactContextInBackground()
12-11 11:11:38.851 28160 28160 D ReactNative: ReactInstanceManager.recreateReactContextInBackgroundInner()
12-11 11:11:38.851 28160 28160 D ReactNative: ReactInstanceManager.recreateReactContextInBackgroundFromBundleLoader()
12-11 11:11:38.851 28160 28160 D ReactNative: ReactInstanceManager.recreateReactContextInBackground()
12-11 11:11:38.851 28160 28160 D ReactNative: ReactInstanceManager.runCreateReactContextOnNewThread()
12-11 11:11:38.854 28160 28317 D SoLoader: About to load: libhermes.so
12-11 11:11:38.854 28160 28317 D SoLoader: libhermes.so not found on /data/user/0/com.flipkart.android/lib-main
12-11 11:11:38.854 28160 28317 D SoLoader: libhermes.so found on /data/app/~~AyNcwMNVTgJJmuyoQ36DuQ==/com.flipkart.android-2FPjidu9cl0MIe0Lo372nw==/lib/arm64
12-11 11:11:38.854 28160 28317 D SoLoader: Not resolving dependencies for libhermes.so
12-11 11:11:38.856 28160 28317 D SoLoader: Loaded: libhermes.so
12-11 11:11:38.856 28160 28317 D SoLoader: About to load: libhermes-executor-release.so
12-11 11:11:38.856 28160 28317 D SoLoader: libhermes-executor-release.so not found on /data/user/0/com.flipkart.android/lib-main
12-11 11:11:38.856 28160 28317 D SoLoader: libhermes-executor-release.so found on /data/app/~~AyNcwMNVTgJJmuyoQ36DuQ==/com.flipkart.android-2FPjidu9cl0MIe0Lo372nw==/lib/arm64
12-11 11:11:38.856 28160 28317 D SoLoader: Not resolving dependencies for libhermes-executor-release.so
12-11 11:11:38.860 28160 28317 D SoLoader: Loaded: libhermes-executor-release.so
12-11 11:11:38.860 28160 28317 D ReactNative: ReactInstanceManager.createReactContext()
12-11 11:11:38.872 28160 28269 E CursorWindow: Failed to read row 0, column 29 from a CursorWindow which has 1 rows, 29 columns.
12-11 11:11:38.878 28160 28271 E CursorWindow: Failed to read row 0, column 29 from a CursorWindow which has 17 rows, 29 columns.
12-11 11:11:38.879 28160 28271 E CursorWindow: Failed to read row 1, column 29 from a CursorWindow which has 17 rows, 29 columns.
12-11 11:11:38.880 28160 28271 E CursorWindow: Failed to read row 2, column 29 from a CursorWindow which has 17 rows, 29 columns.
12-11 11:11:38.884 28160 28271 E CursorWindow: Failed to read row 3, column 29 from a CursorWindow which has 17 rows, 29 columns.
12-11 11:11:38.884 28160 28317 D ReactNative: Initializing React Xplat Bridge.
12-11 11:11:38.884 28160 28271 E CursorWindow: Failed to read row 4, column 29 from a CursorWindow which has 17 rows, 29 columns.
12-11 11:11:38.887 28160 28317 D ReactNative: Initializing React Xplat Bridge before initializeBridge
12-11 11:11:38.887 28160 28271 E CursorWindow: Failed to read row 5, column 29 from a CursorWindow which has 17 rows, 29 columns.
12-11 11:11:38.887 28160 28271 E CursorWindow: Failed to read row 6, column 29 from a CursorWindow which has 17 rows, 29 columns.
12-11 11:11:38.888 28160 28271 E CursorWindow: Failed to read row 7, column 29 from a CursorWindow which has 17 rows, 29 columns.
12-11 11:11:38.890 28160 28271 E CursorWindow: Failed to read row 8, column 29 from a CursorWindow which has 17 rows, 29 columns.
12-11 11:11:38.890 28160 28271 E CursorWindow: Failed to read row 9, column 29 from a CursorWindow which has 17 rows, 29 columns.
12-11 11:11:38.891 28160 28317 D ReactNative: Initializing React Xplat Bridge after initializeBridge
12-11 11:11:38.891 28160 28317 D ReactNative: CatalystInstanceImpl.runJSBundle()
12-11 11:11:38.892 28160 28319 D ReactNative: ReactInstanceManager.setupReactContext()
12-11 11:11:38.893 28160 28319 D ReactNative: CatalystInstanceImpl.initialize()
12-11 11:11:38.893 28160 28271 E CursorWindow: Failed to read row 10, column 29 from a CursorWindow which has 17 rows, 29 columns.
12-11 11:11:38.894 28160 28271 E CursorWindow: Failed to read row 11, column 29 from a CursorWindow which has 17 rows, 29 columns.
12-11 11:11:38.895 28160 28271 E CursorWindow: Failed to read row 12, column 29 from a CursorWindow which has 17 rows, 29 columns.
12-11 11:11:38.900 28160 28271 E CursorWindow: Failed to read row 13, column 29 from a CursorWindow which has 17 rows, 29 columns.
12-11 11:11:38.900 28160 28271 E CursorWindow: Failed to read row 14, column 29 from a CursorWindow which has 17 rows, 29 columns.
12-11 11:11:38.900 28160 28271 E CursorWindow: Failed to read row 15, column 29 from a CursorWindow which has 17 rows, 29 columns.
12-11 11:11:38.901 28160 28271 E CursorWindow: Failed to read row 16, column 29 from a CursorWindow which has 17 rows, 29 columns.
12-11 11:11:38.903 28160 28319 D SoLoader: init exiting
12-11 11:11:38.908  1406  3209 D ConnectivityService: requestNetwork for uid/pid:10340/28160 NetworkRequest [ TRACK_DEFAULT id=23462, [ Capabilities: INTERNET&NOT_RESTRICTED&TRUSTED Uid: 10340 AdministratorUids: [] RequestorUid: 10340 RequestorPackageName: com.flipkart.android] ]
12-11 11:11:38.908  1406  1644 D ConnectivityService: NetReassign [23462 : null → 457]
12-11 11:11:38.909  1406  1720 D Ethernet: got request NetworkRequest [ TRACK_DEFAULT id=23462, [ Capabilities: INTERNET&NOT_RESTRICTED&TRUSTED Uid: 10340 AdministratorUids: [] RequestorUid: 10340 RequestorPackageName: com.flipkart.android] ] with score 60 and providerId 5
12-11 11:11:38.909  1406  1619 D UntrustedWifiNetworkFactory: got request NetworkRequest [ TRACK_DEFAULT id=23462, [ Capabilities: INTERNET&NOT_RESTRICTED&TRUSTED Uid: 10340 AdministratorUids: [] RequestorUid: 10340 RequestorPackageName: com.flipkart.android] ] with score 60 and providerId 5
12-11 11:11:38.909  2117  2117 D PhoneSwitcherNetworkRequstListener: got request NetworkRequest [ TRACK_DEFAULT id=23462, [ Capabilities: INTERNET&NOT_RESTRICTED&TRUSTED Uid: 10340 AdministratorUids: [] RequestorUid: 10340 RequestorPackageName: com.flipkart.android] ] with score 60 and providerId 5
12-11 11:11:38.909  1406  1619 D WifiNetworkFactory: got request NetworkRequest [ TRACK_DEFAULT id=23462, [ Capabilities: INTERNET&NOT_RESTRICTED&TRUSTED Uid: 10340 AdministratorUids: [] RequestorUid: 10340 RequestorPackageName: com.flipkart.android] ] with score 60 and providerId 5
12-11 11:11:38.909  1406  1719 D WIFI_AWARE_FACTORY: got request NetworkRequest [ TRACK_DEFAULT id=23462, [ Capabilities: INTERNET&NOT_RESTRICTED&TRUSTED Uid: 10340 AdministratorUids: [] RequestorUid: 10340 RequestorPackageName: com.flipkart.android] ] with score 60 and providerId 5
12-11 11:11:38.919  1791  1791 V KeyguardUpdateMonitor: onSubscriptionInfoChanged()
12-11 11:11:38.920  2117  2117 D Telephony: isEmergencyPreferredAccount: subId=1, activeData=1
12-11 11:11:38.920  2117  2117 D Telephony: isEmergencyPreferredAccount: Device does not require preference.
12-11 11:11:38.922  1791  1791 V KeyguardUpdateMonitor: SubInfo:{id=1 iccId=899186000[****] simSlotIndex=0 carrierId=1963 displayName=Vodafone IN carrierName=Vodafone IN nameSource=0 iconTint=-16746133 number=[****] dataRoaming=0 iconBitmap=android.graphics.Bitmap@adc10be mcc=404 mnc=86 countryIso=in isEmbedded=false nativeAccessRules=null cardString=899186000[****] cardId=-1 isOpportunistic=false groupUUID=null isGroupDisabled=false profileClass=-1 ehplmns=[] hplmns=[40486] subscriptionType=0 groupOwner=null carrierConfigAccessRules=null areUiccApplicationsEnabled=true}
12-11 11:11:38.928  1406  1644 D ConnectivityService: NetReassign [no changes]
12-11 11:11:38.937 28160 28160 D ReactNative: ReactInstanceManager.createReactContextInBackground()
12-11 11:11:38.938 28160 28160 D ReactNative: ReactInstanceManager.attachRootViewToInstance()
12-11 11:11:38.949 28160 28160 W unknown:ViewManagerPropertyUpdater: Could not find generated setter for class com.facebook.react.views.art.ARTGroupViewManager
12-11 11:11:38.949 28160 28160 W unknown:ViewManagerPropertyUpdater: Could not find generated setter for class com.facebook.react.views.art.ARTGroupShadowNode
12-11 11:11:38.950 28160 28160 W unknown:ViewManagerPropertyUpdater: Could not find generated setter for class com.facebook.react.views.art.ARTShapeViewManager
12-11 11:11:38.950 28160 28160 W unknown:ViewManagerPropertyUpdater: Could not find generated setter for class com.facebook.react.views.art.ARTShapeShadowNode
12-11 11:11:38.951 28160 28160 W unknown:ViewManagerPropertyUpdater: Could not find generated setter for class com.facebook.react.views.art.ARTTextViewManager
12-11 11:11:38.951 28160 28160 W unknown:ViewManagerPropertyUpdater: Could not find generated setter for class com.facebook.react.views.art.ARTTextShadowNode
12-11 11:11:38.951 28160 28160 W unknown:ViewManagerPropertyUpdater: Could not find generated setter for class com.facebook.react.views.checkbox.ReactCheckBoxManager
12-11 11:11:38.953 28160 28160 W unknown:ViewManagerPropertyUpdater: Could not find generated setter for class com.facebook.react.uimanager.LayoutShadowNode
12-11 11:11:38.954 28160 28160 W unknown:ViewManagerPropertyUpdater: Could not find generated setter for class com.facebook.react.views.picker.ReactDialogPickerManager
12-11 11:11:38.956 28160 28160 W unknown:ViewManagerPropertyUpdater: Could not find generated setter for class com.facebook.react.views.drawer.ReactDrawerLayoutManager
12-11 11:11:38.957 28160 28160 W unknown:ViewManagerPropertyUpdater: Could not find generated setter for class com.facebook.react.views.picker.ReactDropdownPickerManager
12-11 11:11:38.957 28160 28160 W unknown:ViewManagerPropertyUpdater: Could not find generated setter for class com.facebook.react.views.scroll.ReactHorizontalScrollViewManager
12-11 11:11:38.959 28160 28160 W unknown:ViewManagerPropertyUpdater: Could not find generated setter for class com.facebook.react.views.scroll.ReactHorizontalScrollContainerViewManager
12-11 11:11:38.960 28160 28160 W unknown:ViewManagerPropertyUpdater: Could not find generated setter for class com.facebook.react.views.progressbar.ReactProgressBarViewManager
12-11 11:11:38.960 28160 28160 W unknown:ViewManagerPropertyUpdater: Could not find generated setter for class com.facebook.react.views.progressbar.ProgressBarShadowNode
12-11 11:11:38.961 28160 28160 W unknown:ViewManagerPropertyUpdater: Could not find generated setter for class com.facebook.react.views.scroll.ReactScrollViewManager
12-11 11:11:38.963 28160 28160 W unknown:ViewManagerPropertyUpdater: Could not find generated setter for class com.facebook.react.views.slider.ReactSliderManager
12-11 11:11:38.964 28160 28160 W unknown:ViewManagerPropertyUpdater: Could not find generated setter for class com.facebook.react.views.slider.ReactSliderManager$ReactSliderShadowNode
12-11 11:11:38.964 28160 28160 W unknown:ViewManagerPropertyUpdater: Could not find generated setter for class com.facebook.react.views.switchview.ReactSwitchManager
12-11 11:11:38.965 28160 28160 W unknown:ViewManagerPropertyUpdater: Could not find generated setter for class com.facebook.react.views.switchview.ReactSwitchManager$ReactSwitchShadowNode
12-11 11:11:38.966 28160 28160 W unknown:ViewManagerPropertyUpdater: Could not find generated setter for class com.facebook.react.views.swiperefresh.SwipeRefreshLayoutManager
12-11 11:11:38.967 28160 28160 W unknown:ViewManagerPropertyUpdater: Could not find generated setter for class com.facebook.react.views.art.ARTSurfaceViewManager
12-11 11:11:38.967 28160 28160 W unknown:ViewManagerPropertyUpdater: Could not find generated setter for class com.facebook.react.views.art.ARTSurfaceViewShadowNode
12-11 11:11:38.967 28160 28160 W unknown:ViewManagerPropertyUpdater: Could not find generated setter for class com.facebook.react.views.text.frescosupport.FrescoBasedReactTextInlineImageViewManager
12-11 11:11:38.967 28160 28160 W unknown:ViewManagerPropertyUpdater: Could not find generated setter for class com.facebook.react.views.text.frescosupport.FrescoBasedReactTextInlineImageShadowNode
12-11 11:11:38.968 28160 28160 W unknown:ViewManagerPropertyUpdater: Could not find generated setter for class com.facebook.react.views.image.ReactImageManager
12-11 11:11:38.969 28160 28160 W unknown:ViewManagerPropertyUpdater: Could not find generated setter for class com.facebook.react.views.modal.ReactModalHostManager
12-11 11:11:38.970 28160 28160 W unknown:ViewManagerPropertyUpdater: Could not find generated setter for class com.facebook.react.views.modal.ModalHostShadowNode
12-11 11:11:38.970 28160 28160 W unknown:ViewManagerPropertyUpdater: Could not find generated setter for class com.facebook.react.views.text.ReactRawTextManager
12-11 11:11:38.971 28160 28160 W unknown:ViewManagerPropertyUpdater: Could not find generated setter for class com.facebook.react.views.text.ReactRawTextShadowNode
12-11 11:11:38.971 28160 28160 W unknown:ViewManagerPropertyUpdater: Could not find generated setter for class com.facebook.react.views.textinput.ReactTextInputManager
12-11 11:11:38.974 28160 28160 W unknown:ViewManagerPropertyUpdater: Could not find generated setter for class com.facebook.react.views.textinput.ReactTextInputShadowNode
12-11 11:11:38.975 28160 28160 W unknown:ViewManagerPropertyUpdater: Could not find generated setter for class com.facebook.react.views.text.ReactTextViewManager
12-11 11:11:38.975 28160 28160 W unknown:ViewManagerPropertyUpdater: Could not find generated setter for class com.facebook.react.views.text.ReactTextShadowNode
12-11 11:11:38.976 28160 28160 W unknown:ViewManagerPropertyUpdater: Could not find generated setter for class com.facebook.react.views.view.ReactViewManager
12-11 11:11:38.977 28160 28160 W unknown:ViewManagerPropertyUpdater: Could not find generated setter for class com.facebook.react.views.viewpager.ReactViewPagerManager
12-11 11:11:38.978 28160 28160 W unknown:ViewManagerPropertyUpdater: Could not find generated setter for class com.facebook.react.views.text.ReactVirtualTextViewManager
12-11 11:11:38.978 28160 28160 W unknown:ViewManagerPropertyUpdater: Could not find generated setter for class com.facebook.react.views.text.ReactVirtualTextShadowNode
12-11 11:11:38.978 28160 28160 W unknown:ViewManagerPropertyUpdater: Could not find generated setter for class com.flipkart.reactuimodules.reusableviews.lineargradient.LinearGradientManager
12-11 11:11:38.979 28160 28160 W unknown:ViewManagerPropertyUpdater: Could not find generated setter for class com.flipkart.reacthelpersdk.modules.nestedscrollview.ReactNestedScrollViewManager
12-11 11:11:38.982 28160 28160 W unknown:ViewManagerPropertyUpdater: Could not find generated setter for class com.flipkart.reacthelpersdk.modules.nestedscrollview.ReactHorizontalNestedScrollViewManager
12-11 11:11:38.982 28160 28160 W unknown:ViewManagerPropertyUpdater: Could not find generated setter for class com.flipkart.reactuimodules.reusableviews.absolutelayoutcontainer.AbsoluteLayoutContainerManager
12-11 11:11:38.983 28160 28160 W unknown:ViewManagerPropertyUpdater: Could not find generated setter for class com.flipkart.android.reactnative.nativeuimodules.AdContainer
12-11 11:11:38.984 28160 28160 W unknown:ViewManagerPropertyUpdater: Could not find generated setter for class com.flipkart.android.reactnative.nativeuimodules.image.SatyabhamaReactImageManager
12-11 11:11:38.985 28160 28160 W unknown:ViewManagerPropertyUpdater: Could not find generated setter for class com.flipkart.android.reactnative.nativeuimodules.youtube.ReactYouTubeManager
12-11 11:11:38.985 28160 28160 W unknown:ViewManagerPropertyUpdater: Could not find generated setter for class com.flipkart.android.reactnative.nativeuimodules.WishlistAnimation
12-11 11:11:38.986 28160 28160 W unknown:ViewManagerPropertyUpdater: Could not find generated setter for class com.flipkart.android.reactnative.nativeuimodules.viewability.TrackerViewManager
12-11 11:11:38.987 28160 28160 W unknown:ViewManagerPropertyUpdater: Could not find generated setter for class com.flipkart.android.reactnative.nativeuimodules.recyclerview.ReactNestedScrollViewabilityViewManager
12-11 11:11:38.987 28160 28160 W unknown:ViewManagerPropertyUpdater: Could not find generated setter for class com.flipkart.android.reactnative.nativeuimodules.viewability.PlaceholderViewManager
12-11 11:11:38.988 28160 28160 W unknown:ViewManagerPropertyUpdater: Could not find generated setter for class com.flipkart.android.reactnative.nativeuimodules.material.AppBarLayoutManager
12-11 11:11:38.988 28160 28160 W unknown:ViewManagerPropertyUpdater: Could not find generated setter for class com.flipkart.android.reactnative.nativeuimodules.material.CoordinatorLayoutManager
12-11 11:11:38.988 28160 28160 W unknown:ViewManagerPropertyUpdater: Could not find generated setter for class com.flipkart.android.reactnative.nativeuimodules.material.BottomViewManager
12-11 11:11:38.989 28160 28160 W unknown:ViewManagerPropertyUpdater: Could not find generated setter for class com.flipkart.android.reactnative.nativeuimodules.material.toolbar.ToolbarManager
12-11 11:11:38.990 28160 28160 W unknown:ViewManagerPropertyUpdater: Could not find generated setter for class com.oblador.shimmer.RNShimmerManager
12-11 11:11:38.991 28160 28160 W unknown:ViewManagerPropertyUpdater: Could not find generated setter for class com.flipkart.android.reactnative.nativeuimodules.image.Fk360ImageViewManager
12-11 11:11:38.991 28160 28160 W unknown:ViewManagerPropertyUpdater: Could not find generated setter for class com.flipkart.android.reactnative.nativeuimodules.ExtendedReactViewManager
12-11 11:11:38.992 28160 28160 W unknown:ViewManagerPropertyUpdater: Could not find generated setter for class com.flipkart.android.reactnative.nativeuimodules.FKVideoViewManager
12-11 11:11:38.995 28160 28160 W unknown:ViewManagerPropertyUpdater: Could not find generated setter for class com.flipkart.android.reactnative.nativeuimodules.FKLiveVideoViewManager
12-11 11:11:38.996 28160 28160 W unknown:ViewManagerPropertyUpdater: Could not find generated setter for class com.flipkart.android.reactnative.nativeuimodules.FKGifViewManager
12-11 11:11:38.996 28160 28160 W unknown:ViewManagerPropertyUpdater: Could not find generated setter for class com.flipkart.android.reactnative.nativeuimodules.viewability.MultiConditionTrackerViewManager
12-11 11:11:38.998 28160 28160 W unknown:ViewManagerPropertyUpdater: Could not find generated setter for class com.flipkart.android.reactnative.nativeuimodules.StoryViewManager
12-11 11:11:39.000 28160 28160 W unknown:ViewManagerPropertyUpdater: Could not find generated setter for class com.flipkart.android.reactnative.nativeuimodules.tryonlooks.TryOnLipstickFaceView
12-11 11:11:39.001 28160 28160 W unknown:ViewManagerPropertyUpdater: Could not find generated setter for class com.flipkart.android.reactnative.nativeuimodules.ViewWrapperManager
12-11 11:11:39.001 28160 28160 W unknown:ViewManagerPropertyUpdater: Could not find generated setter for class com.flipkart.android.reactnative.nativeuimodules.voice.VoiceInputBarViewManager
12-11 11:11:39.002 28160 28160 W unknown:ViewManagerPropertyUpdater: Could not find generated setter for class com.flipkart.android.reactnative.nativeuimodules.camera.CameraViewManager
12-11 11:11:39.004 28160 28160 W unknown:ViewManagerPropertyUpdater: Could not find generated setter for class com.flipkart.android.reactnative.nativeuimodules.voice.MicViewManager
12-11 11:11:39.005 28160 28160 W unknown:ViewManagerPropertyUpdater: Could not find generated setter for class com.reactnativecommunity.webview.RNCWebViewManager
12-11 11:11:39.006 28160 28160 W unknown:ViewManagerPropertyUpdater: Could not find generated setter for class com.reactnativecommunity.viewpager.ReactViewPagerManager
12-11 11:11:39.009 28160 28160 D SoLoader: About to load: libyoga.so
12-11 11:11:39.009 28160 28160 D SoLoader: libyoga.so not found on /data/user/0/com.flipkart.android/lib-main
12-11 11:11:39.009 28160 28160 D SoLoader: libyoga.so found on /data/app/~~AyNcwMNVTgJJmuyoQ36DuQ==/com.flipkart.android-2FPjidu9cl0MIe0Lo372nw==/lib/arm64
12-11 11:11:39.009 28160 28160 D SoLoader: Not resolving dependencies for libyoga.so
12-11 11:11:39.011 28160 28160 D SoLoader: Loaded: libyoga.so
12-11 11:11:39.066 28160 28160 W System.err: java.net.MalformedURLException: no protocol: homepage
12-11 11:11:39.066 28160 28160 W System.err: 	at java.net.URL.<init>(URL.java:601)
12-11 11:11:39.066 28160 28160 W System.err: 	at java.net.URL.<init>(URL.java:498)
12-11 11:11:39.066 28160 28160 W System.err: 	at java.net.URL.<init>(URL.java:447)
12-11 11:11:39.066 28160 28160 W System.err: 	at com.flipkart.android.utils.cc.getUrlPath(Unknown Source:2)
12-11 11:11:39.066 28160 28160 W System.err: 	at com.flipkart.android.bottomnavigation.c.a(Unknown Source:139)
12-11 11:11:39.066 28160 28160 W System.err: 	at com.flipkart.android.bottomnavigation.c.update(Unknown Source:135)
12-11 11:11:39.066 28160 28160 W System.err: 	at com.flipkart.android.reactnative.nativeuimodules.reactbottombar.ReactBottomNavigationFragment.emitAlreadyExistingResponse(Unknown Source:15)
12-11 11:11:39.066 28160 28160 W System.err: 	at com.flipkart.android.reactnative.nativeuimodules.reactbottombar.ReactBottomNavigationFragment.onComponentWillMount(Unknown Source:0)
12-11 11:11:39.066 28160 28160 W System.err: 	at com.flipkart.android.reactnative.nativemodules.BottomNavigationModule$2.run(Unknown Source:10)
12-11 11:11:39.066 28160 28160 W System.err: 	at android.os.Handler.handleCallback(Handler.java:938)
12-11 11:11:39.066 28160 28160 W System.err: 	at android.os.Handler.dispatchMessage(Handler.java:99)
12-11 11:11:39.066 28160 28160 W System.err: 	at android.os.Looper.loop(Looper.java:223)
12-11 11:11:39.066 28160 28160 W System.err: 	at android.app.ActivityThread.main(ActivityThread.java:7656)
12-11 11:11:39.066 28160 28160 W System.err: 	at java.lang.reflect.Method.invoke(Native Method)
12-11 11:11:39.066 28160 28160 W System.err: 	at com.android.internal.os.RuntimeInit$MethodAndArgsCaller.run(RuntimeInit.java:592)
12-11 11:11:39.066 28160 28160 W System.err: 	at com.android.internal.os.ZygoteInit.main(ZygoteInit.java:947)
12-11 11:11:39.067 28160 28160 W System.err: java.net.MalformedURLException: no protocol: homepage
12-11 11:11:39.068 28160 28160 W System.err: 	at java.net.URL.<init>(URL.java:601)
12-11 11:11:39.068 28160 28160 W System.err: 	at java.net.URL.<init>(URL.java:498)
12-11 11:11:39.068 28160 28160 W System.err: 	at java.net.URL.<init>(URL.java:447)
12-11 11:11:39.068 28160 28160 W System.err: 	at com.flipkart.android.utils.cc.getUrlPath(Unknown Source:2)
12-11 11:11:39.068 28160 28160 W System.err: 	at com.flipkart.android.bottomnavigation.c.a(Unknown Source:139)
12-11 11:11:39.068 28160 28160 W System.err: 	at com.flipkart.android.bottomnavigation.c.update(Unknown Source:135)
12-11 11:11:39.068 28160 28160 W System.err: 	at com.flipkart.android.reactnative.nativeuimodules.reactbottombar.ReactBottomNavigationFragment.emitAlreadyExistingResponse(Unknown Source:15)
12-11 11:11:39.068 28160 28160 W System.err: 	at com.flipkart.android.reactnative.nativeuimodules.reactbottombar.ReactBottomNavigationFragment.onLoadFinished(Unknown Source:84)
12-11 11:11:39.068 28160 28160 W System.err: 	at com.flipkart.android.reactnative.nativeuimodules.reactbottombar.ReactBottomNavigationFragment.onLoadFinished(Unknown Source:2)
12-11 11:11:39.068 28160 28160 W System.err: 	at androidx.loader.app.LoaderManagerImpl$LoaderObserver.onChanged(Unknown Source:46)
12-11 11:11:39.068 28160 28160 W System.err: 	at androidx.lifecycle.LiveData.considerNotify(Unknown Source:29)
12-11 11:11:39.068 28160 28160 W System.err: 	at androidx.lifecycle.LiveData.dispatchingValue(Unknown Source:44)
12-11 11:11:39.068 28160 28160 W System.err: 	at androidx.lifecycle.LiveData.setValue(Unknown Source:14)
12-11 11:11:39.068 28160 28160 W System.err: 	at androidx.lifecycle.s.setValue(Unknown Source:0)
12-11 11:11:39.068 28160 28160 W System.err: 	at androidx.loader.app.LoaderManagerImpl$LoaderInfo.setValue(Unknown Source:0)
12-11 11:11:39.068 28160 28160 W System.err: 	at androidx.loader.app.LoaderManagerImpl$LoaderInfo.onLoadComplete(Unknown Source:36)
12-11 11:11:39.068 28160 28160 W System.err: 	at androidx.loader.content.Loader.deliverResult(Unknown Source:4)
12-11 11:11:39.068 28160 28160 W System.err: 	at androidx.loader.content.CursorLoader.deliverResult(Unknown Source:22)
12-11 11:11:39.068 28160 28160 W System.err: 	at androidx.loader.content.CursorLoader.deliverResult(Unknown Source:2)
12-11 11:11:39.068 28160 28160 W System.err: 	at androidx.loader.content.AsyncTaskLoader.dispatchOnLoadComplete(Unknown Source:30)
12-11 11:11:39.068 28160 28160 W System.err: 	at androidx.loader.content.AsyncTaskLoader$a.a(Unknown Source:2)
12-11 11:11:39.068 28160 28160 W System.err: 	at androidx.loader.content.a.e(Unknown Source:10)
12-11 11:11:39.068 28160 28160 W System.err: 	at androidx.loader.content.a$b.handleMessage(Unknown Source:28)
12-11 11:11:39.068 28160 28160 W System.err: 	at android.os.Handler.dispatchMessage(Handler.java:106)
12-11 11:11:39.068 28160 28160 W System.err: 	at android.os.Looper.loop(Looper.java:223)
12-11 11:11:39.068 28160 28160 W System.err: 	at android.app.ActivityThread.main(ActivityThread.java:7656)
12-11 11:11:39.068 28160 28160 W System.err: 	at java.lang.reflect.Method.invoke(Native Method)
12-11 11:11:39.068 28160 28160 W System.err: 	at com.android.internal.os.RuntimeInit$MethodAndArgsCaller.run(RuntimeInit.java:592)
12-11 11:11:39.068 28160 28160 W System.err: 	at com.android.internal.os.ZygoteInit.main(ZygoteInit.java:947)
12-11 11:11:39.076 28160 28272 E CursorWindow: Failed to read row 0, column 29 from a CursorWindow which has 1 rows, 29 columns.
12-11 11:11:39.080 28160 28270 E CursorWindow: Failed to read row 0, column 29 from a CursorWindow which has 17 rows, 29 columns.
12-11 11:11:39.081 28160 28270 E CursorWindow: Failed to read row 1, column 29 from a CursorWindow which has 17 rows, 29 columns.
12-11 11:11:39.081 28160 28270 E CursorWindow: Failed to read row 2, column 29 from a CursorWindow which has 17 rows, 29 columns.
12-11 11:11:39.082 28160 28270 E CursorWindow: Failed to read row 3, column 29 from a CursorWindow which has 17 rows, 29 columns.
12-11 11:11:39.083 28160 28270 E CursorWindow: Failed to read row 4, column 29 from a CursorWindow which has 17 rows, 29 columns.
12-11 11:11:39.085 28160 28270 E CursorWindow: Failed to read row 5, column 29 from a CursorWindow which has 17 rows, 29 columns.
12-11 11:11:39.086 28160 28270 E CursorWindow: Failed to read row 6, column 29 from a CursorWindow which has 17 rows, 29 columns.
12-11 11:11:39.087 28160 28270 E CursorWindow: Failed to read row 7, column 29 from a CursorWindow which has 17 rows, 29 columns.
12-11 11:11:39.088 28160 28270 E CursorWindow: Failed to read row 8, column 29 from a CursorWindow which has 17 rows, 29 columns.
12-11 11:11:39.088 28160 28270 E CursorWindow: Failed to read row 9, column 29 from a CursorWindow which has 17 rows, 29 columns.
12-11 11:11:39.090 28160 28270 E CursorWindow: Failed to read row 10, column 29 from a CursorWindow which has 17 rows, 29 columns.
12-11 11:11:39.092 28160 28270 E CursorWindow: Failed to read row 11, column 29 from a CursorWindow which has 17 rows, 29 columns.
12-11 11:11:39.093 28160 28270 E CursorWindow: Failed to read row 12, column 29 from a CursorWindow which has 17 rows, 29 columns.
12-11 11:11:39.100 28160 28270 E CursorWindow: Failed to read row 13, column 29 from a CursorWindow which has 17 rows, 29 columns.
12-11 11:11:39.101 28160 28270 E CursorWindow: Failed to read row 14, column 29 from a CursorWindow which has 17 rows, 29 columns.
12-11 11:11:39.101 28160 28270 E CursorWindow: Failed to read row 15, column 29 from a CursorWindow which has 17 rows, 29 columns.
12-11 11:11:39.101 28160 28270 E CursorWindow: Failed to read row 16, column 29 from a CursorWindow which has 17 rows, 29 columns.
12-11 11:11:39.255 28160 28271 E CursorWindow: Failed to read row 0, column 29 from a CursorWindow which has 1 rows, 29 columns.
12-11 11:11:39.262 28160 28269 E CursorWindow: Failed to read row 0, column 29 from a CursorWindow which has 32 rows, 29 columns.
12-11 11:11:39.263 28160 28269 E CursorWindow: Failed to read row 1, column 29 from a CursorWindow which has 32 rows, 29 columns.
12-11 11:11:39.264 28160 28269 E CursorWindow: Failed to read row 2, column 29 from a CursorWindow which has 32 rows, 29 columns.
12-11 11:11:39.266 28160 28269 E CursorWindow: Failed to read row 3, column 29 from a CursorWindow which has 32 rows, 29 columns.
12-11 11:11:39.268 28160 28269 E CursorWindow: Failed to read row 4, column 29 from a CursorWindow which has 32 rows, 29 columns.
12-11 11:11:39.270 28160 28269 E CursorWindow: Failed to read row 5, column 29 from a CursorWindow which has 32 rows, 29 columns.
12-11 11:11:39.271 28160 28269 E CursorWindow: Failed to read row 6, column 29 from a CursorWindow which has 32 rows, 29 columns.
12-11 11:11:39.271 28160 28269 E CursorWindow: Failed to read row 7, column 29 from a CursorWindow which has 32 rows, 29 columns.
12-11 11:11:39.273 28160 28269 E CursorWindow: Failed to read row 8, column 29 from a CursorWindow which has 32 rows, 29 columns.
12-11 11:11:39.274 28160 28269 E CursorWindow: Failed to read row 9, column 29 from a CursorWindow which has 32 rows, 29 columns.
12-11 11:11:39.275 28160 28269 E CursorWindow: Failed to read row 10, column 29 from a CursorWindow which has 32 rows, 29 columns.
12-11 11:11:39.276 28160 28269 E CursorWindow: Failed to read row 11, column 29 from a CursorWindow which has 32 rows, 29 columns.
12-11 11:11:39.277 28160 28269 E CursorWindow: Failed to read row 12, column 29 from a CursorWindow which has 32 rows, 29 columns.
12-11 11:11:39.282 28160 28269 E CursorWindow: Failed to read row 13, column 29 from a CursorWindow which has 32 rows, 29 columns.
12-11 11:11:39.282 28160 28269 E CursorWindow: Failed to read row 14, column 29 from a CursorWindow which has 32 rows, 29 columns.
12-11 11:11:39.282 28160 28269 E CursorWindow: Failed to read row 15, column 29 from a CursorWindow which has 32 rows, 29 columns.
12-11 11:11:39.282 28160 28269 E CursorWindow: Failed to read row 16, column 29 from a CursorWindow which has 32 rows, 29 columns.
12-11 11:11:39.283 28160 28269 E CursorWindow: Failed to read row 17, column 29 from a CursorWindow which has 32 rows, 29 columns.
12-11 11:11:39.283 28160 28269 E CursorWindow: Failed to read row 18, column 29 from a CursorWindow which has 32 rows, 29 columns.
12-11 11:11:39.284 28160 28269 E CursorWindow: Failed to read row 19, column 29 from a CursorWindow which has 32 rows, 29 columns.
12-11 11:11:39.284 28160 28269 E CursorWindow: Failed to read row 20, column 29 from a CursorWindow which has 32 rows, 29 columns.
12-11 11:11:39.285 28160 28269 E CursorWindow: Failed to read row 21, column 29 from a CursorWindow which has 32 rows, 29 columns.
12-11 11:11:39.285 28160 28269 E CursorWindow: Failed to read row 22, column 29 from a CursorWindow which has 32 rows, 29 columns.
12-11 11:11:39.285 28160 28269 E CursorWindow: Failed to read row 23, column 29 from a CursorWindow which has 32 rows, 29 columns.
12-11 11:11:39.286 28160 28269 E CursorWindow: Failed to read row 24, column 29 from a CursorWindow which has 32 rows, 29 columns.
12-11 11:11:39.287 28160 28269 E CursorWindow: Failed to read row 25, column 29 from a CursorWindow which has 32 rows, 29 columns.
12-11 11:11:39.288 28160 28269 E CursorWindow: Failed to read row 26, column 29 from a CursorWindow which has 32 rows, 29 columns.
12-11 11:11:39.290 28160 28269 E CursorWindow: Failed to read row 27, column 29 from a CursorWindow which has 32 rows, 29 columns.
12-11 11:11:39.290 28160 28269 E CursorWindow: Failed to read row 28, column 29 from a CursorWindow which has 32 rows, 29 columns.
12-11 11:11:39.291 28160 28269 E CursorWindow: Failed to read row 29, column 29 from a CursorWindow which has 32 rows, 29 columns.
12-11 11:11:39.292 28160 28269 E CursorWindow: Failed to read row 30, column 29 from a CursorWindow which has 32 rows, 29 columns.
12-11 11:11:39.293 28160 28269 E CursorWindow: Failed to read row 31, column 29 from a CursorWindow which has 32 rows, 29 columns.
12-11 11:11:39.778   671   671 D android.hardware.power@1.3-service.pixel-libperfmgr: LAUNCH: 0
12-11 11:11:39.791 12570 27705 I PBSessionCacheImpl: Deleted sessionId[55285052306656344] from persistence.
12-11 11:11:40.138 12570 12639 W SearchServiceCore: Abort, client detached.
12-11 11:11:40.167 28160 28173 I lipkart.androi: Background young concurrent copying GC freed 461124(34MB) AllocSpace objects, 240(26MB) LOS objects, 65% free, 12MB/36MB, paused 298us total 135.982ms
12-11 11:11:40.175 28160 28174 W JavaBinder: BinderProxy is being destroyed but the application did not call unlinkToDeath to unlink all of its death recipients beforehand.  Releasing leaked death recipient: com.google.android.play.core.internal.i
12-11 11:11:40.175 28160 28174 I BpBinder: onLastStrongRef automatically unlinking death recipients: <uncached descriptor>
12-11 11:11:41.837 28114 28143 I appium  : channel read invoked!
12-11 11:11:41.838 28114 28143 I appium  : channel read: POST /wd/hub/session/a3a81da0-a726-49c0-a0e5-41074c0b7566/element
12-11 11:11:41.843 28114 28143 I appium  : Find element command using 'accessibility id' with selector 'Open Drawer'.
12-11 11:11:41.856 28114 28143 I appium  : Waiting up to 10000ms for device to be idle
12-11 11:11:41.966 28114 28143 I appium  : AppiumResponse: {"sessionId":"a3a81da0-a726-49c0-a0e5-41074c0b7566","value":{"ELEMENT":"9691c4cf-2bd9-45bb-99ba-704f030bf41c","element-6066-11e4-a52e-4f735466cecf":"9691c4cf-2bd9-45bb-99ba-704f030bf41c"}}
12-11 11:11:41.988 28114 28143 I appium  : channel read invoked!
12-11 11:11:41.989 28114 28143 I appium  : channel read: POST /wd/hub/session/a3a81da0-a726-49c0-a0e5-41074c0b7566/element/9691c4cf-2bd9-45bb-99ba-704f030bf41c/click
12-11 11:11:41.991 28114 28143 I appium  : Click element command
12-11 11:11:43.005  1034  1034 I perfetto: probes_producer.cc:329  Producer stop (id=5713)
12-11 11:11:43.005  1034  1034 I perfetto: ftrace_procfs.cc:183    disabled ftrace
12-11 11:11:43.008  1035  1035 I perfetto: ng_service_impl.cc:1948 Tracing session 5713 ended, total sessions:0
12-11 11:11:43.027  1066 28156 I iorapd  : Perfetto TraceBuffer saved to file: /data/misc/iorapd/com.flipkart.android/1200017/com.flipkart.android.activity.HomeFragmentHolderActivity/raw_traces/1607665303023526360.perfetto_trace.pb
12-11 11:11:43.687  1406  1484 V DisplayPowerController: Brightness [0.17874032] reason changing to: 'automatic', previous reason: 'automatic [ dim ]'.
12-11 11:11:43.711 28114 28143 I appium  : Waiting up to 10000ms for device to be idle
12-11 11:11:43.713 28114 28143 I appium  : AppiumResponse: {"sessionId":"a3a81da0-a726-49c0-a0e5-41074c0b7566","value":null}
12-11 11:11:44.150 28160 28272 E CursorWindow: Failed to read row 0, column 29 from a CursorWindow which has 14 rows, 29 columns.
12-11 11:11:44.151 28160 28272 E CursorWindow: Failed to read row 1, column 29 from a CursorWindow which has 14 rows, 29 columns.
12-11 11:11:44.151 28160 28272 E CursorWindow: Failed to read row 2, column 29 from a CursorWindow which has 14 rows, 29 columns.
12-11 11:11:44.151 28160 28272 E CursorWindow: Failed to read row 3, column 29 from a CursorWindow which has 14 rows, 29 columns.
12-11 11:11:44.151 28160 28272 E CursorWindow: Failed to read row 4, column 29 from a CursorWindow which has 14 rows, 29 columns.
12-11 11:11:44.152 28160 28272 E CursorWindow: Failed to read row 5, column 29 from a CursorWindow which has 14 rows, 29 columns.
12-11 11:11:44.152 28160 28272 E CursorWindow: Failed to read row 6, column 29 from a CursorWindow which has 14 rows, 29 columns.
12-11 11:11:44.152 28160 28272 E CursorWindow: Failed to read row 7, column 29 from a CursorWindow which has 14 rows, 29 columns.
12-11 11:11:44.152 28160 28272 E CursorWindow: Failed to read row 8, column 29 from a CursorWindow which has 14 rows, 29 columns.
12-11 11:11:44.152 28160 28272 E CursorWindow: Failed to read row 9, column 29 from a CursorWindow which has 14 rows, 29 columns.
12-11 11:11:44.153 28160 28272 E CursorWindow: Failed to read row 10, column 29 from a CursorWindow which has 14 rows, 29 columns.
12-11 11:11:44.153 28160 28272 E CursorWindow: Failed to read row 11, column 29 from a CursorWindow which has 14 rows, 29 columns.
12-11 11:11:44.154 28160 28272 E CursorWindow: Failed to read row 12, column 29 from a CursorWindow which has 14 rows, 29 columns.
12-11 11:11:44.154 28160 28272 E CursorWindow: Failed to read row 13, column 29 from a CursorWindow which has 14 rows, 29 columns.
12-11 11:11:44.897   971  1023 I CHRE    : @ 825211.576: [ImuCal] [NanoSensorCal:GYRO_RPS] Offset | Temperature [C]: 0.006932, -0.000628, 0.001122 | 24.31
12-11 11:11:44.897   971  1023 I CHRE    : @ 825211.576: [ImuCal] [NanoSensorCal:GYRO_RPS] Temp Sensitivity: 0.000021, -0.000141, 0.000058
12-11 11:11:44.897   971  1023 I CHRE    : @ 825211.576: [ImuCal] [NanoSensorCal:GYRO_RPS] Temp Intercept: 0.006280, 0.002210, -0.000784
12-11 11:11:45.758 28114 28143 I appium  : channel read invoked!
12-11 11:11:45.759 28114 28143 I appium  : channel read: POST /wd/hub/session/a3a81da0-a726-49c0-a0e5-41074c0b7566/element
12-11 11:11:45.762 28114 28143 I appium  : Find element command using 'id' with selector 'com.amazon.mShop.android.shopping:id/sign_in_button'.
12-11 11:11:45.763 28114 28143 I appium  : Waiting up to 10000ms for device to be idle
12-11 11:11:46.037 28114 28143 I appium  : AppiumResponse: {"sessionId":"a3a81da0-a726-49c0-a0e5-41074c0b7566","value":{"error":"no such element","message":"An element could not be located on the page using the given search parameters","stacktrace":"io.appium.uiautomator2.common.exceptions.ElementNotFoundException: An element could not be located on the ...
12-11 11:11:46.552 28114 28143 I appium  : channel read invoked!
12-11 11:11:46.556 28114 28143 I appium  : channel read: POST /wd/hub/session/a3a81da0-a726-49c0-a0e5-41074c0b7566/element
12-11 11:11:46.559 28114 28143 I appium  : Find element command using 'id' with selector 'com.amazon.mShop.android.shopping:id/sign_in_button'.
12-11 11:11:46.559 28114 28143 I appium  : Waiting up to 10000ms for device to be idle
12-11 11:11:48.095 28114 28143 I appium  : AppiumResponse: {"sessionId":"a3a81da0-a726-49c0-a0e5-41074c0b7566","value":{"error":"no such element","message":"An element could not be located on the page using the given search parameters","stacktrace":"io.appium.uiautomator2.common.exceptions.ElementNotFoundException: An element could not be located on the ...
12-11 11:11:48.615 28114 28143 I appium  : channel read invoked!
12-11 11:11:48.615 28114 28143 I appium  : channel read: POST /wd/hub/session/a3a81da0-a726-49c0-a0e5-41074c0b7566/element
12-11 11:11:48.619 28114 28143 I appium  : Find element command using 'id' with selector 'com.amazon.mShop.android.shopping:id/sign_in_button'.
12-11 11:11:48.620 28114 28143 I appium  : Waiting up to 10000ms for device to be idle
12-11 11:11:48.857 28114 28143 I appium  : AppiumResponse: {"sessionId":"a3a81da0-a726-49c0-a0e5-41074c0b7566","value":{"error":"no such element","message":"An element could not be located on the page using the given search parameters","stacktrace":"io.appium.uiautomator2.common.exceptions.ElementNotFoundException: An element could not be located on the ...
12-11 11:11:49.378 28114 28143 I appium  : channel read invoked!
12-11 11:11:49.379 28114 28143 I appium  : channel read: POST /wd/hub/session/a3a81da0-a726-49c0-a0e5-41074c0b7566/element
12-11 11:11:49.382 28114 28143 I appium  : Find element command using 'id' with selector 'com.amazon.mShop.android.shopping:id/sign_in_button'.
12-11 11:11:49.383 28114 28143 I appium  : Waiting up to 10000ms for device to be idle
12-11 11:11:49.595 28114 28143 I appium  : AppiumResponse: {"sessionId":"a3a81da0-a726-49c0-a0e5-41074c0b7566","value":{"error":"no such element","message":"An element could not be located on the page using the given search parameters","stacktrace":"io.appium.uiautomator2.common.exceptions.ElementNotFoundException: An element could not be located on the ...
12-11 11:11:49.803 26090  3225 I CarrierServices: [40774] bvm.d: Resetting keep-alive timer. Next ping in 216s on i/f = wlan0
12-11 11:11:50.115 28114 28143 I appium  : channel read invoked!
12-11 11:11:50.116 28114 28143 I appium  : channel read: POST /wd/hub/session/a3a81da0-a726-49c0-a0e5-41074c0b7566/element
12-11 11:11:50.119 28114 28143 I appium  : Find element command using 'id' with selector 'com.amazon.mShop.android.shopping:id/sign_in_button'.
12-11 11:11:50.120 28114 28143 I appium  : Waiting up to 10000ms for device to be idle
12-11 11:11:52.015 28114 28143 I appium  : AppiumResponse: {"sessionId":"a3a81da0-a726-49c0-a0e5-41074c0b7566","value":{"error":"no such element","message":"An element could not be located on the page using the given search parameters","stacktrace":"io.appium.uiautomator2.common.exceptions.ElementNotFoundException: An element could not be located on the ...
12-11 11:11:52.534 28114 28143 I appium  : channel read invoked!
12-11 11:11:52.534 28114 28143 I appium  : channel read: POST /wd/hub/session/a3a81da0-a726-49c0-a0e5-41074c0b7566/element
12-11 11:11:52.538 28114 28143 I appium  : Find element command using 'id' with selector 'com.amazon.mShop.android.shopping:id/sign_in_button'.
12-11 11:11:52.538 28114 28143 I appium  : Waiting up to 10000ms for device to be idle
12-11 11:11:52.690 28114 28143 I appium  : AppiumResponse: {"sessionId":"a3a81da0-a726-49c0-a0e5-41074c0b7566","value":{"error":"no such element","message":"An element could not be located on the page using the given search parameters","stacktrace":"io.appium.uiautomator2.common.exceptions.ElementNotFoundException: An element could not be located on the ...
12-11 11:11:53.211 28114 28143 I appium  : channel read invoked!
12-11 11:11:53.212 28114 28143 I appium  : channel read: POST /wd/hub/session/a3a81da0-a726-49c0-a0e5-41074c0b7566/element
12-11 11:11:53.215 28114 28143 I appium  : Find element command using 'id' with selector 'com.amazon.mShop.android.shopping:id/sign_in_button'.
12-11 11:11:53.216 28114 28143 I appium  : Waiting up to 10000ms for device to be idle
12-11 11:11:53.373 28114 28143 I appium  : AppiumResponse: {"sessionId":"a3a81da0-a726-49c0-a0e5-41074c0b7566","value":{"error":"no such element","message":"An element could not be located on the page using the given search parameters","stacktrace":"io.appium.uiautomator2.common.exceptions.ElementNotFoundException: An element could not be located on the ...
12-11 11:11:53.897 28114 28143 I appium  : channel read invoked!
12-11 11:11:53.898 28114 28143 I appium  : channel read: POST /wd/hub/session/a3a81da0-a726-49c0-a0e5-41074c0b7566/element
12-11 11:11:53.904 28114 28143 I appium  : Find element command using 'id' with selector 'com.amazon.mShop.android.shopping:id/sign_in_button'.
12-11 11:11:53.904 28114 28143 I appium  : Waiting up to 10000ms for device to be idle
12-11 11:11:54.301 28114 28143 I appium  : AppiumResponse: {"sessionId":"a3a81da0-a726-49c0-a0e5-41074c0b7566","value":{"error":"no such element","message":"An element could not be located on the page using the given search parameters","stacktrace":"io.appium.uiautomator2.common.exceptions.ElementNotFoundException: An element could not be located on the ...
12-11 11:11:54.817 28114 28143 I appium  : channel read invoked!
12-11 11:11:54.818 28114 28143 I appium  : channel read: POST /wd/hub/session/a3a81da0-a726-49c0-a0e5-41074c0b7566/element
12-11 11:11:54.820 28114 28143 I appium  : Find element command using 'id' with selector 'com.amazon.mShop.android.shopping:id/sign_in_button'.
12-11 11:11:54.820 28114 28143 I appium  : Waiting up to 10000ms for device to be idle
12-11 11:11:56.666 28114 28143 I appium  : AppiumResponse: {"sessionId":"a3a81da0-a726-49c0-a0e5-41074c0b7566","value":{"error":"no such element","message":"An element could not be located on the page using the given search parameters","stacktrace":"io.appium.uiautomator2.common.exceptions.ElementNotFoundException: An element could not be located on the ...
12-11 11:11:57.189 28114 28143 I appium  : channel read invoked!
12-11 11:11:57.189 28114 28143 I appium  : channel read: POST /wd/hub/session/a3a81da0-a726-49c0-a0e5-41074c0b7566/element
12-11 11:11:57.193 28114 28143 I appium  : Find element command using 'id' with selector 'com.amazon.mShop.android.shopping:id/sign_in_button'.
12-11 11:11:57.193 28114 28143 I appium  : Waiting up to 10000ms for device to be idle
12-11 11:11:57.345 28114 28143 I appium  : AppiumResponse: {"sessionId":"a3a81da0-a726-49c0-a0e5-41074c0b7566","value":{"error":"no such element","message":"An element could not be located on the page using the given search parameters","stacktrace":"io.appium.uiautomator2.common.exceptions.ElementNotFoundException: An element could not be located on the ...
12-11 11:11:57.863 28114 28143 I appium  : channel read invoked!
12-11 11:11:57.864 28114 28143 I appium  : channel read: POST /wd/hub/session/a3a81da0-a726-49c0-a0e5-41074c0b7566/element
12-11 11:11:57.868 28114 28143 I appium  : Find element command using 'id' with selector 'com.amazon.mShop.android.shopping:id/sign_in_button'.
12-11 11:11:57.869 28114 28143 I appium  : Waiting up to 10000ms for device to be idle
