--------- beginning of main
12-11 15:15:42.413 23014 23089 W SearchServiceCore: Abort, client detached.
12-11 15:15:42.561  6690  6702 I lipkart.androi: Background young concurrent copying GC freed 506271(37MB) AllocSpace objects, 227(26MB) LOS objects, 65% free, 12MB/36MB, paused 369us total 134.833ms
12-11 15:15:42.567  6690  6703 W JavaBinder: BinderProxy is being destroyed but the application did not call unlinkToDeath to unlink all of its death recipients beforehand.  Releasing leaked death recipient: com.google.android.play.core.internal.i
12-11 15:15:42.567  6690  6703 I BpBinder: onLastStrongRef automatically unlinking death recipients: <uncached descriptor>
--------- beginning of system
12-11 15:15:44.641  1406  1741 D ConnectivityService: Data stall detected with methods: 2
12-11 15:15:44.641  1962  6503 D NetworkMonitor/488: isDataStall: result=true, tcp packets received=0, latest tcp fail rate=100
12-11 15:15:44.641  1962  6503 D NetworkMonitor/488: Suspecting data stall, reevaluate
12-11 15:15:44.660  1962  6857 D NetworkMonitor/488: PROBE_DNS www.google.com 15ms OK 2404:6800:4009:80b::2004,172.217.160.196
12-11 15:15:44.664  1962  6858 D NetworkMonitor/488: PROBE_DNS connectivitycheck.gstatic.com 20ms OK 2404:6800:4009:802::2003,216.58.203.131
12-11 15:15:45.050  1962  6858 D NetworkMonitor/488: PROBE_HTTP http://connectivitycheck.gstatic.com/generate_204 time=382ms ret=204 request={Connection=[close], User-Agent=[Mozilla/5.0 (X11; Linux x86_64) AppleWebKit/537.36 (KHTML, like Gecko) Chrome/60.0.3112.32 Safari/537.36]} headers={null=[HTTP/1.1 204 No Content], Connection=[close], Content-Length=[0], Date=[Fri, 11 Dec 2020 09:45:44 GMT], X-Android-Received-Millis=[1607679945049], X-Android-Response-Source=[NETWORK 204], X-Android-Selected-Protocol=[http/1.1], X-Android-Sent-Millis=[1607679944999]}
12-11 15:15:45.224  1962  6857 D NetworkMonitor/488: PROBE_HTTPS https://www.google.com/generate_204 time=560ms ret=204 request={Connection=[close], User-Agent=[Mozilla/5.0 (X11; Linux x86_64) AppleWebKit/537.36 (KHTML, like Gecko) Chrome/60.0.3112.32 Safari/537.36]} headers={null=[HTTP/1.1 204 No Content], Alt-Svc=[h3-29=":443"; ma=2592000,h3-T051=":443"; ma=2592000,h3-Q050=":443"; ma=2592000,h3-Q046=":443"; ma=2592000,h3-Q043=":443"; ma=2592000,quic=":443"; ma=2592000; v="46,43"], Connection=[close], Content-Length=[0], Date=[Fri, 11 Dec 2020 09:45:44 GMT], X-Android-Received-Millis=[1607679945223], X-Android-Response-Source=[NETWORK 204], X-Android-Selected-Protocol=[http/1.1], X-Android-Sent-Millis=[1607679945116]}
12-11 15:15:45.233  1962  6856 D NetworkMonitor/488: isCaptivePortal: isSuccessful()=true isPortal()=false RedirectUrl=null isPartialConnectivity()=false Time=583ms
12-11 15:15:45.233  1406  1475 W BroadcastQueue: Background execution not allowed: receiving Intent { act=android.net.conn.NETWORK_CONDITIONS_MEASURED flg=0x10 (has extras) } to com.google.android.gms/.chimera.GmsIntentOperationService$PersistentTrustedReceiver
12-11 15:15:45.238  1406  1644 D ConnectivityService: [488 CELLULAR] validation passed
12-11 15:15:45.386  1034  1034 I perfetto: probes_producer.cc:329  Producer stop (id=5807)
12-11 15:15:45.387  1034  1034 I perfetto: ftrace_procfs.cc:183    disabled ftrace
12-11 15:15:45.391  1035  1035 I perfetto: ng_service_impl.cc:1948 Tracing session 5807 ended, total sessions:0
12-11 15:15:45.400  1066  6686 I iorapd  : Perfetto TraceBuffer saved to file: /data/misc/iorapd/com.flipkart.android/1200017/com.flipkart.android.activity.HomeFragmentHolderActivity/raw_traces/1607679945397909612.perfetto_trace.pb
12-11 15:15:47.436  6643  6674 I appium  : channel read invoked!
12-11 15:15:47.436  6643  6674 I appium  : channel read: POST /wd/hub/session/9597bf0b-8fc6-48d1-b37e-4c6eebd74452/orientation
12-11 15:15:47.443  6643  6674 I appium  : AppiumResponse: {"sessionId":"9597bf0b-8fc6-48d1-b37e-4c6eebd74452","value":"PORTRAIT"}
12-11 15:15:47.471  6643  6674 I appium  : channel read invoked!
12-11 15:15:47.471  6643  6674 I appium  : channel read: POST /wd/hub/session/9597bf0b-8fc6-48d1-b37e-4c6eebd74452/orientation
12-11 15:15:47.474  6643  6674 I appium  : AppiumResponse: {"sessionId":"9597bf0b-8fc6-48d1-b37e-4c6eebd74452","value":"PORTRAIT"}
12-11 15:15:47.546  6643  6674 I appium  : channel read invoked!
12-11 15:15:47.546  6643  6674 I appium  : channel read: POST /wd/hub/session/9597bf0b-8fc6-48d1-b37e-4c6eebd74452/element
12-11 15:15:47.549  6643  6674 I appium  : Find element command using 'id' with selector 'com.flipkart.android:id/search_widget_textbox'.
12-11 15:15:47.559  6643  6674 I appium  : Waiting up to 10000ms for device to be idle
12-11 15:15:47.609 23014 23030 W earchbox:searc: Reducing the number of considered missed Gc histogram windows from 107 to 100
12-11 15:15:47.672  6643  6674 I appium  : AppiumResponse: {"sessionId":"9597bf0b-8fc6-48d1-b37e-4c6eebd74452","value":{"ELEMENT":"2986d66b-4c5e-4ed5-9e84-96a50bd151cc","element-6066-11e4-a52e-4f735466cecf":"2986d66b-4c5e-4ed5-9e84-96a50bd151cc"}}
12-11 15:15:47.703  6643  6674 I appium  : channel read invoked!
12-11 15:15:47.703  6643  6674 I appium  : channel read: POST /wd/hub/session/9597bf0b-8fc6-48d1-b37e-4c6eebd74452/element/2986d66b-4c5e-4ed5-9e84-96a50bd151cc/click
12-11 15:15:47.705  6643  6674 I appium  : Click element command
12-11 15:15:47.751  1406  1484 V DisplayPowerController: Brightness [0.16909936] reason changing to: 'automatic', previous reason: 'automatic [ dim ]'.
12-11 15:15:47.774  6643  6674 I appium  : Waiting up to 10000ms for device to be idle
12-11 15:15:47.775  6643  6674 I appium  : AppiumResponse: {"sessionId":"9597bf0b-8fc6-48d1-b37e-4c6eebd74452","value":null}
12-11 15:15:47.818  6690  6690 W System.err: java.net.MalformedURLException: no protocol: auto_suggest_search
12-11 15:15:47.818  6690  6690 W System.err: 	at java.net.URL.<init>(URL.java:601)
12-11 15:15:47.818  6690  6690 W System.err: 	at java.net.URL.<init>(URL.java:498)
12-11 15:15:47.818  6690  6690 W System.err: 	at java.net.URL.<init>(URL.java:447)
12-11 15:15:47.818  6690  6690 W System.err: 	at com.flipkart.android.utils.cc.getUrlPath(Unknown Source:2)
12-11 15:15:47.818  6690  6690 W System.err: 	at com.flipkart.android.bottomnavigation.c.a(Unknown Source:139)
12-11 15:15:47.818  6690  6690 W System.err: 	at com.flipkart.android.bottomnavigation.c.update(Unknown Source:135)
12-11 15:15:47.818  6690  6690 W System.err: 	at com.flipkart.android.bottomnavigation.c$b.onBackStackChanged(Unknown Source:4)
12-11 15:15:47.818  6690  6690 W System.err: 	at androidx.fragment.app.h.m(Unknown Source:21)
12-11 15:15:47.818  6690  6690 W System.err: 	at androidx.fragment.app.h.a(Unknown Source:206)
12-11 15:15:47.818  6690  6690 W System.err: 	at androidx.fragment.app.h.b(Unknown Source:88)
12-11 15:15:47.818  6690  6690 W System.err: 	at androidx.fragment.app.h.k(Unknown Source:21)
12-11 15:15:47.818  6690  6690 W System.err: 	at androidx.fragment.app.h$1.run(Unknown Source:2)
12-11 15:15:47.818  6690  6690 W System.err: 	at android.os.Handler.handleCallback(Handler.java:938)
12-11 15:15:47.818  6690  6690 W System.err: 	at android.os.Handler.dispatchMessage(Handler.java:99)
12-11 15:15:47.818  6690  6690 W System.err: 	at android.os.Looper.loop(Looper.java:223)
12-11 15:15:47.818  6690  6690 W System.err: 	at android.app.ActivityThread.main(ActivityThread.java:7656)
12-11 15:15:47.818  6690  6690 W System.err: 	at java.lang.reflect.Method.invoke(Native Method)
12-11 15:15:47.818  6690  6690 W System.err: 	at com.android.internal.os.RuntimeInit$MethodAndArgsCaller.run(RuntimeInit.java:592)
12-11 15:15:47.818  6690  6690 W System.err: 	at com.android.internal.os.ZygoteInit.main(ZygoteInit.java:947)
12-11 15:15:47.818  6690  6690 W System.err: java.net.MalformedURLException: no protocol: auto_suggest_search
12-11 15:15:47.818  6690  6690 W System.err: 	at java.net.URL.<init>(URL.java:601)
12-11 15:15:47.818  6690  6690 W System.err: 	at java.net.URL.<init>(URL.java:498)
12-11 15:15:47.818  6690  6690 W System.err: 	at java.net.URL.<init>(URL.java:447)
12-11 15:15:47.818  6690  6690 W System.err: 	at com.flipkart.android.utils.cc.getUrlPath(Unknown Source:2)
12-11 15:15:47.819  6690  6690 W System.err: 	at com.flipkart.android.reactnative.nativeuimodules.reactbottombar.ReactBottomNavigationFragment.findBottomBarEligibleUrl(Unknown Source:48)
12-11 15:15:47.819  6690  6690 W System.err: 	at com.flipkart.android.bottomnavigation.c.update(Unknown Source:151)
12-11 15:15:47.819  6690  6690 W System.err: 	at com.flipkart.android.bottomnavigation.c$b.onBackStackChanged(Unknown Source:4)
12-11 15:15:47.819  6690  6690 W System.err: 	at androidx.fragment.app.h.m(Unknown Source:21)
12-11 15:15:47.819  6690  6690 W System.err: 	at androidx.fragment.app.h.a(Unknown Source:206)
12-11 15:15:47.819  6690  6690 W System.err: 	at androidx.fragment.app.h.b(Unknown Source:88)
12-11 15:15:47.819  6690  6690 W System.err: 	at androidx.fragment.app.h.k(Unknown Source:21)
12-11 15:15:47.819  6690  6690 W System.err: 	at androidx.fragment.app.h$1.run(Unknown Source:2)
12-11 15:15:47.819  6690  6690 W System.err: 	at android.os.Handler.handleCallback(Handler.java:938)
12-11 15:15:47.819  6690  6690 W System.err: 	at android.os.Handler.dispatchMessage(Handler.java:99)
12-11 15:15:47.819  6690  6690 W System.err: 	at android.os.Looper.loop(Looper.java:223)
12-11 15:15:47.819  6690  6690 W System.err: 	at android.app.ActivityThread.main(ActivityThread.java:7656)
12-11 15:15:47.819  6690  6690 W System.err: 	at java.lang.reflect.Method.invoke(Native Method)
12-11 15:15:47.819  6690  6690 W System.err: 	at com.android.internal.os.RuntimeInit$MethodAndArgsCaller.run(RuntimeInit.java:592)
12-11 15:15:47.819  6690  6690 W System.err: 	at com.android.internal.os.ZygoteInit.main(ZygoteInit.java:947)
12-11 15:15:47.819  6690  6690 W System.err: java.net.MalformedURLException: no protocol: auto_suggest_search
12-11 15:15:47.819  6690  6690 W System.err: 	at java.net.URL.<init>(URL.java:601)
12-11 15:15:47.819  6690  6690 W System.err: 	at java.net.URL.<init>(URL.java:498)
12-11 15:15:47.819  6690  6690 W System.err: 	at java.net.URL.<init>(URL.java:447)
12-11 15:15:47.819  6690  6690 W System.err: 	at com.flipkart.android.utils.cc.getUrlPath(Unknown Source:2)
12-11 15:15:47.819  6690  6690 W System.err: 	at com.flipkart.android.reactnative.nativeuimodules.reactbottombar.ReactBottomNavigationFragment.findBottomBarEligibleUrl(Unknown Source:113)
12-11 15:15:47.819  6690  6690 W System.err: 	at com.flipkart.android.bottomnavigation.c.update(Unknown Source:151)
12-11 15:15:47.819  6690  6690 W System.err: 	at com.flipkart.android.bottomnavigation.c$b.onBackStackChanged(Unknown Source:4)
12-11 15:15:47.819  6690  6690 W System.err: 	at androidx.fragment.app.h.m(Unknown Source:21)
12-11 15:15:47.819  6690  6690 W System.err: 	at androidx.fragment.app.h.a(Unknown Source:206)
12-11 15:15:47.819  6690  6690 W System.err: 	at androidx.fragment.app.h.b(Unknown Source:88)
12-11 15:15:47.819  6690  6690 W System.err: 	at androidx.fragment.app.h.k(Unknown Source:21)
12-11 15:15:47.819  6690  6690 W System.err: 	at androidx.fragment.app.h$1.run(Unknown Source:2)
12-11 15:15:47.819  6690  6690 W System.err: 	at android.os.Handler.handleCallback(Handler.java:938)
12-11 15:15:47.819  6690  6690 W System.err: 	at android.os.Handler.dispatchMessage(Handler.java:99)
12-11 15:15:47.819  6690  6690 W System.err: 	at android.os.Looper.loop(Looper.java:223)
12-11 15:15:47.819  6690  6690 W System.err: 	at android.app.ActivityThread.main(ActivityThread.java:7656)
12-11 15:15:47.819  6690  6690 W System.err: 	at java.lang.reflect.Method.invoke(Native Method)
12-11 15:15:47.819  6690  6690 W System.err: 	at com.android.internal.os.RuntimeInit$MethodAndArgsCaller.run(RuntimeInit.java:592)
12-11 15:15:47.819  6690  6690 W System.err: 	at com.android.internal.os.ZygoteInit.main(ZygoteInit.java:947)
12-11 15:15:47.819  6690  6690 W System.err: java.net.MalformedURLException: no protocol: auto_suggest_search
12-11 15:15:47.819  6690  6690 W System.err: 	at java.net.URL.<init>(URL.java:601)
12-11 15:15:47.819  6690  6690 W System.err: 	at java.net.URL.<init>(URL.java:498)
12-11 15:15:47.819  6690  6690 W System.err: 	at java.net.URL.<init>(URL.java:447)
12-11 15:15:47.819  6690  6690 W System.err: 	at com.flipkart.android.utils.cc.getUrlPath(Unknown Source:2)
12-11 15:15:47.819  6690  6690 W System.err: 	at com.flipkart.android.reactnative.nativeuimodules.reactbottombar.ReactBottomNavigationFragment.findBottomBarEligibleUrl(Unknown Source:113)
12-11 15:15:47.819  6690  6690 W System.err: 	at com.flipkart.android.bottomnavigation.c.update(Unknown Source:151)
12-11 15:15:47.819  6690  6690 W System.err: 	at com.flipkart.android.bottomnavigation.c$b.onBackStackChanged(Unknown Source:4)
12-11 15:15:47.819  6690  6690 W System.err: 	at androidx.fragment.app.h.m(Unknown Source:21)
12-11 15:15:47.820  6690  6690 W System.err: 	at androidx.fragment.app.h.a(Unknown Source:206)
12-11 15:15:47.820  6690  6690 W System.err: 	at androidx.fragment.app.h.b(Unknown Source:88)
12-11 15:15:47.820  6690  6690 W System.err: 	at androidx.fragment.app.h.k(Unknown Source:21)
12-11 15:15:47.820  6690  6690 W System.err: 	at androidx.fragment.app.h$1.run(Unknown Source:2)
12-11 15:15:47.820  6690  6690 W System.err: 	at android.os.Handler.handleCallback(Handler.java:938)
12-11 15:15:47.820  6690  6690 W System.err: 	at android.os.Handler.dispatchMessage(Handler.java:99)
12-11 15:15:47.820  6690  6690 W System.err: 	at android.os.Looper.loop(Looper.java:223)
12-11 15:15:47.820  6690  6690 W System.err: 	at android.app.ActivityThread.main(ActivityThread.java:7656)
12-11 15:15:47.820  6690  6690 W System.err: 	at java.lang.reflect.Method.invoke(Native Method)
12-11 15:15:47.820  6690  6690 W System.err: 	at com.android.internal.os.RuntimeInit$MethodAndArgsCaller.run(RuntimeInit.java:592)
12-11 15:15:47.820  6690  6690 W System.err: 	at com.android.internal.os.ZygoteInit.main(ZygoteInit.java:947)
12-11 15:15:47.820  6690  6690 W System.err: java.net.MalformedURLException: no protocol: auto_suggest_search
12-11 15:15:47.820  6690  6690 W System.err: 	at java.net.URL.<init>(URL.java:601)
12-11 15:15:47.820  6690  6690 W System.err: 	at java.net.URL.<init>(URL.java:498)
12-11 15:15:47.820  6690  6690 W System.err: 	at java.net.URL.<init>(URL.java:447)
12-11 15:15:47.820  6690  6690 W System.err: 	at com.flipkart.android.utils.cc.getUrlPath(Unknown Source:2)
12-11 15:15:47.820  6690  6690 W System.err: 	at com.flipkart.android.reactnative.nativeuimodules.reactbottombar.ReactBottomNavigationFragment.findBottomBarEligibleUrl(Unknown Source:113)
12-11 15:15:47.820  6690  6690 W System.err: 	at com.flipkart.android.bottomnavigation.c.update(Unknown Source:151)
12-11 15:15:47.820  6690  6690 W System.err: 	at com.flipkart.android.bottomnavigation.c$b.onBackStackChanged(Unknown Source:4)
12-11 15:15:47.820  6690  6690 W System.err: 	at androidx.fragment.app.h.m(Unknown Source:21)
12-11 15:15:47.820  6690  6690 W System.err: 	at androidx.fragment.app.h.a(Unknown Source:206)
12-11 15:15:47.820  6690  6690 W System.err: 	at androidx.fragment.app.h.b(Unknown Source:88)
12-11 15:15:47.820  6690  6690 W System.err: 	at androidx.fragment.app.h.k(Unknown Source:21)
12-11 15:15:47.820  6690  6690 W System.err: 	at androidx.fragment.app.h$1.run(Unknown Source:2)
12-11 15:15:47.820  6690  6690 W System.err: 	at android.os.Handler.handleCallback(Handler.java:938)
12-11 15:15:47.820  6690  6690 W System.err: 	at android.os.Handler.dispatchMessage(Handler.java:99)
12-11 15:15:47.820  6690  6690 W System.err: 	at android.os.Looper.loop(Looper.java:223)
12-11 15:15:47.820  6690  6690 W System.err: 	at android.app.ActivityThread.main(ActivityThread.java:7656)
12-11 15:15:47.820  6690  6690 W System.err: 	at java.lang.reflect.Method.invoke(Native Method)
12-11 15:15:47.820  6690  6690 W System.err: 	at com.android.internal.os.RuntimeInit$MethodAndArgsCaller.run(RuntimeInit.java:592)
12-11 15:15:47.820  6690  6690 W System.err: 	at com.android.internal.os.ZygoteInit.main(ZygoteInit.java:947)
12-11 15:15:47.820  6690  6690 W System.err: java.net.MalformedURLException: no protocol: auto_suggest_search
12-11 15:15:47.821  6690  6690 W System.err: 	at java.net.URL.<init>(URL.java:601)
12-11 15:15:47.822  6690  6690 W System.err: 	at java.net.URL.<init>(URL.java:498)
12-11 15:15:47.822  6690  6690 W System.err: 	at java.net.URL.<init>(URL.java:447)
12-11 15:15:47.822  6690  6690 W System.err: 	at com.flipkart.android.utils.cc.getUrlPath(Unknown Source:2)
12-11 15:15:47.822  6690  6690 W System.err: 	at com.flipkart.android.reactnative.nativeuimodules.reactbottombar.ReactBottomNavigationFragment.findBottomBarEligibleUrl(Unknown Source:113)
12-11 15:15:47.822  6690  6690 W System.err: 	at com.flipkart.android.bottomnavigation.c.update(Unknown Source:151)
12-11 15:15:47.822  6690  6690 W System.err: 	at com.flipkart.android.bottomnavigation.c$b.onBackStackChanged(Unknown Source:4)
12-11 15:15:47.822  6690  6690 W System.err: 	at androidx.fragment.app.h.m(Unknown Source:21)
12-11 15:15:47.822  6690  6690 W System.err: 	at androidx.fragment.app.h.a(Unknown Source:206)
12-11 15:15:47.822  6690  6690 W System.err: 	at androidx.fragment.app.h.b(Unknown Source:88)
12-11 15:15:47.822  6690  6690 W System.err: 	at androidx.fragment.app.h.k(Unknown Source:21)
12-11 15:15:47.822  6690  6690 W System.err: 	at androidx.fragment.app.h$1.run(Unknown Source:2)
12-11 15:15:47.822  6690  6690 W System.err: 	at android.os.Handler.handleCallback(Handler.java:938)
12-11 15:15:47.822  6690  6690 W System.err: 	at android.os.Handler.dispatchMessage(Handler.java:99)
12-11 15:15:47.822  6690  6690 W System.err: 	at android.os.Looper.loop(Looper.java:223)
12-11 15:15:47.822  6690  6690 W System.err: 	at android.app.ActivityThread.main(ActivityThread.java:7656)
12-11 15:15:47.822  6690  6690 W System.err: 	at java.lang.reflect.Method.invoke(Native Method)
12-11 15:15:47.822  6690  6690 W System.err: 	at com.android.internal.os.RuntimeInit$MethodAndArgsCaller.run(RuntimeInit.java:592)
12-11 15:15:47.822  6690  6690 W System.err: 	at com.android.internal.os.ZygoteInit.main(ZygoteInit.java:947)
12-11 15:15:47.822  6690  6690 W System.err: java.net.MalformedURLException: no protocol: auto_suggest_search
12-11 15:15:47.822  6690  6690 W System.err: 	at java.net.URL.<init>(URL.java:601)
12-11 15:15:47.822  6690  6690 W System.err: 	at java.net.URL.<init>(URL.java:498)
12-11 15:15:47.822  6690  6690 W System.err: 	at java.net.URL.<init>(URL.java:447)
12-11 15:15:47.822  6690  6690 W System.err: 	at com.flipkart.android.utils.cc.getUrlPath(Unknown Source:2)
12-11 15:15:47.822  6690  6690 W System.err: 	at com.flipkart.android.reactnative.nativeuimodules.reactbottombar.ReactBottomNavigationFragment.findBottomBarEligibleUrl(Unknown Source:113)
12-11 15:15:47.822  6690  6690 W System.err: 	at com.flipkart.android.bottomnavigation.c.update(Unknown Source:151)
12-11 15:15:47.822  6690  6690 W System.err: 	at com.flipkart.android.bottomnavigation.c$b.onBackStackChanged(Unknown Source:4)
12-11 15:15:47.822  6690  6690 W System.err: 	at androidx.fragment.app.h.m(Unknown Source:21)
12-11 15:15:47.822  6690  6690 W System.err: 	at androidx.fragment.app.h.a(Unknown Source:206)
12-11 15:15:47.822  6690  6690 W System.err: 	at androidx.fragment.app.h.b(Unknown Source:88)
12-11 15:15:47.822  6690  6690 W System.err: 	at androidx.fragment.app.h.k(Unknown Source:21)
12-11 15:15:47.822  6690  6690 W System.err: 	at androidx.fragment.app.h$1.run(Unknown Source:2)
12-11 15:15:47.822  6690  6690 W System.err: 	at android.os.Handler.handleCallback(Handler.java:938)
12-11 15:15:47.822  6690  6690 W System.err: 	at android.os.Handler.dispatchMessage(Handler.java:99)
12-11 15:15:47.822  6690  6690 W System.err: 	at android.os.Looper.loop(Looper.java:223)
12-11 15:15:47.822  6690  6690 W System.err: 	at android.app.ActivityThread.main(ActivityThread.java:7656)
12-11 15:15:47.822  6690  6690 W System.err: 	at java.lang.reflect.Method.invoke(Native Method)
12-11 15:15:47.822  6690  6690 W System.err: 	at com.android.internal.os.RuntimeInit$MethodAndArgsCaller.run(RuntimeInit.java:592)
12-11 15:15:47.822  6690  6690 W System.err: 	at com.android.internal.os.ZygoteInit.main(ZygoteInit.java:947)
12-11 15:15:47.822  6690  6690 W System.err: java.net.MalformedURLException: no protocol: auto_suggest_search
12-11 15:15:47.822  6690  6690 W System.err: 	at java.net.URL.<init>(URL.java:601)
12-11 15:15:47.822  6690  6690 W System.err: 	at java.net.URL.<init>(URL.java:498)
12-11 15:15:47.822  6690  6690 W System.err: 	at java.net.URL.<init>(URL.java:447)
12-11 15:15:47.822  6690  6690 W System.err: 	at com.flipkart.android.utils.cc.getUrlPath(Unknown Source:2)
12-11 15:15:47.822  6690  6690 W System.err: 	at com.flipkart.android.reactnative.nativeuimodules.reactbottombar.ReactBottomNavigationFragment.findBottomBarEligibleUrl(Unknown Source:113)
12-11 15:15:47.822  6690  6690 W System.err: 	at com.flipkart.android.bottomnavigation.c.update(Unknown Source:151)
12-11 15:15:47.822  6690  6690 W System.err: 	at com.flipkart.android.bottomnavigation.c$b.onBackStackChanged(Unknown Source:4)
12-11 15:15:47.822  6690  6690 W System.err: 	at androidx.fragment.app.h.m(Unknown Source:21)
12-11 15:15:47.822  6690  6690 W System.err: 	at androidx.fragment.app.h.a(Unknown Source:206)
12-11 15:15:47.822  6690  6690 W System.err: 	at androidx.fragment.app.h.b(Unknown Source:88)
12-11 15:15:47.822  6690  6690 W System.err: 	at androidx.fragment.app.h.k(Unknown Source:21)
12-11 15:15:47.822  6690  6690 W System.err: 	at androidx.fragment.app.h$1.run(Unknown Source:2)
12-11 15:15:47.822  6690  6690 W System.err: 	at android.os.Handler.handleCallback(Handler.java:938)
12-11 15:15:47.822  6690  6690 W System.err: 	at android.os.Handler.dispatchMessage(Handler.java:99)
12-11 15:15:47.822  6690  6690 W System.err: 	at android.os.Looper.loop(Looper.java:223)
12-11 15:15:47.822  6690  6690 W System.err: 	at android.app.ActivityThread.main(ActivityThread.java:7656)
12-11 15:15:47.822  6690  6690 W System.err: 	at java.lang.reflect.Method.invoke(Native Method)
12-11 15:15:47.822  6690  6690 W System.err: 	at com.android.internal.os.RuntimeInit$MethodAndArgsCaller.run(RuntimeInit.java:592)
12-11 15:15:47.822  6690  6690 W System.err: 	at com.android.internal.os.ZygoteInit.main(ZygoteInit.java:947)
12-11 15:15:47.823  6690  6690 W System.err: java.net.MalformedURLException: no protocol: auto_suggest_search
12-11 15:15:47.823  6690  6690 W System.err: 	at java.net.URL.<init>(URL.java:601)
12-11 15:15:47.823  6690  6690 W System.err: 	at java.net.URL.<init>(URL.java:498)
12-11 15:15:47.823  6690  6690 W System.err: 	at java.net.URL.<init>(URL.java:447)
12-11 15:15:47.823  6690  6690 W System.err: 	at com.flipkart.android.utils.cc.getUrlPath(Unknown Source:2)
12-11 15:15:47.823  6690  6690 W System.err: 	at com.flipkart.android.reactnative.nativeuimodules.reactbottombar.ReactBottomNavigationFragment.findBottomBarEligibleUrl(Unknown Source:113)
12-11 15:15:47.823  6690  6690 W System.err: 	at com.flipkart.android.bottomnavigation.c.update(Unknown Source:151)
12-11 15:15:47.823  6690  6690 W System.err: 	at com.flipkart.android.bottomnavigation.c$b.onBackStackChanged(Unknown Source:4)
12-11 15:15:47.823  6690  6690 W System.err: 	at androidx.fragment.app.h.m(Unknown Source:21)
12-11 15:15:47.823  6690  6690 W System.err: 	at androidx.fragment.app.h.a(Unknown Source:206)
12-11 15:15:47.823  6690  6690 W System.err: 	at androidx.fragment.app.h.b(Unknown Source:88)
12-11 15:15:47.823  6690  6690 W System.err: 	at androidx.fragment.app.h.k(Unknown Source:21)
12-11 15:15:47.823  6690  6690 W System.err: 	at androidx.fragment.app.h$1.run(Unknown Source:2)
12-11 15:15:47.823  6690  6690 W System.err: 	at android.os.Handler.handleCallback(Handler.java:938)
12-11 15:15:47.823  6690  6690 W System.err: 	at android.os.Handler.dispatchMessage(Handler.java:99)
12-11 15:15:47.823  6690  6690 W System.err: 	at android.os.Looper.loop(Looper.java:223)
12-11 15:15:47.823  6690  6690 W System.err: 	at android.app.ActivityThread.main(ActivityThread.java:7656)
12-11 15:15:47.823  6690  6690 W System.err: 	at java.lang.reflect.Method.invoke(Native Method)
12-11 15:15:47.823  6690  6690 W System.err: 	at com.android.internal.os.RuntimeInit$MethodAndArgsCaller.run(RuntimeInit.java:592)
12-11 15:15:47.823  6690  6690 W System.err: 	at com.android.internal.os.ZygoteInit.main(ZygoteInit.java:947)
12-11 15:15:47.823  6690  6690 W System.err: java.net.MalformedURLException: no protocol: auto_suggest_search
12-11 15:15:47.823  6690  6690 W System.err: 	at java.net.URL.<init>(URL.java:601)
12-11 15:15:47.823  6690  6690 W System.err: 	at java.net.URL.<init>(URL.java:498)
12-11 15:15:47.823  6690  6690 W System.err: 	at java.net.URL.<init>(URL.java:447)
12-11 15:15:47.823  6690  6690 W System.err: 	at com.flipkart.android.utils.cc.getUrlPath(Unknown Source:2)
12-11 15:15:47.823  6690  6690 W System.err: 	at com.flipkart.android.reactnative.nativeuimodules.reactbottombar.ReactBottomNavigationFragment.findBottomBarEligibleUrl(Unknown Source:113)
12-11 15:15:47.823  6690  6690 W System.err: 	at com.flipkart.android.bottomnavigation.c.update(Unknown Source:151)
12-11 15:15:47.823  6690  6690 W System.err: 	at com.flipkart.android.bottomnavigation.c$b.onBackStackChanged(Unknown Source:4)
12-11 15:15:47.823  6690  6690 W System.err: 	at androidx.fragment.app.h.m(Unknown Source:21)
12-11 15:15:47.823  6690  6690 W System.err: 	at androidx.fragment.app.h.a(Unknown Source:206)
12-11 15:15:47.823  6690  6690 W System.err: 	at androidx.fragment.app.h.b(Unknown Source:88)
12-11 15:15:47.823  6690  6690 W System.err: 	at androidx.fragment.app.h.k(Unknown Source:21)
12-11 15:15:47.823  6690  6690 W System.err: 	at androidx.fragment.app.h$1.run(Unknown Source:2)
12-11 15:15:47.823  6690  6690 W System.err: 	at android.os.Handler.handleCallback(Handler.java:938)
12-11 15:15:47.823  6690  6690 W System.err: 	at android.os.Handler.dispatchMessage(Handler.java:99)
12-11 15:15:47.823  6690  6690 W System.err: 	at android.os.Looper.loop(Looper.java:223)
12-11 15:15:47.823  6690  6690 W System.err: 	at android.app.ActivityThread.main(ActivityThread.java:7656)
12-11 15:15:47.823  6690  6690 W System.err: 	at java.lang.reflect.Method.invoke(Native Method)
12-11 15:15:47.823  6690  6690 W System.err: 	at com.android.internal.os.RuntimeInit$MethodAndArgsCaller.run(RuntimeInit.java:592)
12-11 15:15:47.823  6690  6690 W System.err: 	at com.android.internal.os.ZygoteInit.main(ZygoteInit.java:947)
12-11 15:15:47.823  6690  6690 W System.err: java.net.MalformedURLException: no protocol: auto_suggest_search
12-11 15:15:47.823  6690  6690 W System.err: 	at java.net.URL.<init>(URL.java:601)
12-11 15:15:47.823  6690  6690 W System.err: 	at java.net.URL.<init>(URL.java:498)
12-11 15:15:47.823  6690  6690 W System.err: 	at java.net.URL.<init>(URL.java:447)
12-11 15:15:47.823  6690  6690 W System.err: 	at com.flipkart.android.utils.cc.getUrlPath(Unknown Source:2)
12-11 15:15:47.823  6690  6690 W System.err: 	at com.flipkart.android.reactnative.nativeuimodules.reactbottombar.ReactBottomNavigationFragment.findBottomBarEligibleUrl(Unknown Source:113)
12-11 15:15:47.823  6690  6690 W System.err: 	at com.flipkart.android.bottomnavigation.c.update(Unknown Source:151)
12-11 15:15:47.823  6690  6690 W System.err: 	at com.flipkart.android.bottomnavigation.c$b.onBackStackChanged(Unknown Source:4)
12-11 15:15:47.823  6690  6690 W System.err: 	at androidx.fragment.app.h.m(Unknown Source:21)
12-11 15:15:47.823  6690  6690 W System.err: 	at androidx.fragment.app.h.a(Unknown Source:206)
12-11 15:15:47.823  6690  6690 W System.err: 	at androidx.fragment.app.h.b(Unknown Source:88)
12-11 15:15:47.823  6690  6690 W System.err: 	at androidx.fragment.app.h.k(Unknown Source:21)
12-11 15:15:47.823  6690  6690 W System.err: 	at androidx.fragment.app.h$1.run(Unknown Source:2)
12-11 15:15:47.823  6690  6690 W System.err: 	at android.os.Handler.handleCallback(Handler.java:938)
12-11 15:15:47.823  6690  6690 W System.err: 	at android.os.Handler.dispatchMessage(Handler.java:99)
12-11 15:15:47.823  6690  6690 W System.err: 	at android.os.Looper.loop(Looper.java:223)
12-11 15:15:47.823  6690  6690 W System.err: 	at android.app.ActivityThread.main(ActivityThread.java:7656)
12-11 15:15:47.823  6690  6690 W System.err: 	at java.lang.reflect.Method.invoke(Native Method)
12-11 15:15:47.823  6690  6690 W System.err: 	at com.android.internal.os.RuntimeInit$MethodAndArgsCaller.run(RuntimeInit.java:592)
12-11 15:15:47.823  6690  6690 W System.err: 	at com.android.internal.os.ZygoteInit.main(ZygoteInit.java:947)
12-11 15:15:47.823  6690  6690 W System.err: java.net.MalformedURLException: no protocol: auto_suggest_search
12-11 15:15:47.823  6690  6690 W System.err: 	at java.net.URL.<init>(URL.java:601)
12-11 15:15:47.823  6690  6690 W System.err: 	at java.net.URL.<init>(URL.java:498)
12-11 15:15:47.823  6690  6690 W System.err: 	at java.net.URL.<init>(URL.java:447)
12-11 15:15:47.823  6690  6690 W System.err: 	at com.flipkart.android.utils.cc.getUrlPath(Unknown Source:2)
12-11 15:15:47.823  6690  6690 W System.err: 	at com.flipkart.android.reactnative.nativeuimodules.reactbottombar.ReactBottomNavigationFragment.findBottomBarEligibleUrl(Unknown Source:113)
12-11 15:15:47.823  6690  6690 W System.err: 	at com.flipkart.android.bottomnavigation.c.update(Unknown Source:151)
12-11 15:15:47.823  6690  6690 W System.err: 	at com.flipkart.android.bottomnavigation.c$b.onBackStackChanged(Unknown Source:4)
12-11 15:15:47.823  6690  6690 W System.err: 	at androidx.fragment.app.h.m(Unknown Source:21)
12-11 15:15:47.823  6690  6690 W System.err: 	at androidx.fragment.app.h.a(Unknown Source:206)
12-11 15:15:47.823  6690  6690 W System.err: 	at androidx.fragment.app.h.b(Unknown Source:88)
12-11 15:15:47.824  6690  6690 W System.err: 	at androidx.fragment.app.h.k(Unknown Source:21)
12-11 15:15:47.824  6690  6690 W System.err: 	at androidx.fragment.app.h$1.run(Unknown Source:2)
12-11 15:15:47.824  6690  6690 W System.err: 	at android.os.Handler.handleCallback(Handler.java:938)
12-11 15:15:47.824  6690  6690 W System.err: 	at android.os.Handler.dispatchMessage(Handler.java:99)
12-11 15:15:47.824  6690  6690 W System.err: 	at android.os.Looper.loop(Looper.java:223)
12-11 15:15:47.824  6690  6690 W System.err: 	at android.app.ActivityThread.main(ActivityThread.java:7656)
12-11 15:15:47.824  6690  6690 W System.err: 	at java.lang.reflect.Method.invoke(Native Method)
12-11 15:15:47.824  6690  6690 W System.err: 	at com.android.internal.os.RuntimeInit$MethodAndArgsCaller.run(RuntimeInit.java:592)
12-11 15:15:47.824  6690  6690 W System.err: 	at com.android.internal.os.ZygoteInit.main(ZygoteInit.java:947)
12-11 15:15:47.824  6690  6690 W System.err: java.net.MalformedURLException: no protocol: auto_suggest_search
12-11 15:15:47.824  6690  6690 W System.err: 	at java.net.URL.<init>(URL.java:601)
12-11 15:15:47.824  6690  6690 W System.err: 	at java.net.URL.<init>(URL.java:498)
12-11 15:15:47.824  6690  6690 W System.err: 	at java.net.URL.<init>(URL.java:447)
12-11 15:15:47.824  6690  6690 W System.err: 	at com.flipkart.android.utils.cc.getUrlPath(Unknown Source:2)
12-11 15:15:47.824  6690  6690 W System.err: 	at com.flipkart.android.reactnative.nativeuimodules.reactbottombar.ReactBottomNavigationFragment.findBottomBarEligibleUrl(Unknown Source:113)
12-11 15:15:47.824  6690  6690 W System.err: 	at com.flipkart.android.bottomnavigation.c.update(Unknown Source:151)
12-11 15:15:47.824  6690  6690 W System.err: 	at com.flipkart.android.bottomnavigation.c$b.onBackStackChanged(Unknown Source:4)
12-11 15:15:47.824  6690  6690 W System.err: 	at androidx.fragment.app.h.m(Unknown Source:21)
12-11 15:15:47.824  6690  6690 W System.err: 	at androidx.fragment.app.h.a(Unknown Source:206)
12-11 15:15:47.824  6690  6690 W System.err: 	at androidx.fragment.app.h.b(Unknown Source:88)
12-11 15:15:47.824  6690  6690 W System.err: 	at androidx.fragment.app.h.k(Unknown Source:21)
12-11 15:15:47.824  6690  6690 W System.err: 	at androidx.fragment.app.h$1.run(Unknown Source:2)
12-11 15:15:47.824  6690  6690 W System.err: 	at android.os.Handler.handleCallback(Handler.java:938)
12-11 15:15:47.824  6690  6690 W System.err: 	at android.os.Handler.dispatchMessage(Handler.java:99)
12-11 15:15:47.824  6690  6690 W System.err: 	at android.os.Looper.loop(Looper.java:223)
12-11 15:15:47.824  6690  6690 W System.err: 	at android.app.ActivityThread.main(ActivityThread.java:7656)
12-11 15:15:47.824  6690  6690 W System.err: 	at java.lang.reflect.Method.invoke(Native Method)
12-11 15:15:47.824  6690  6690 W System.err: 	at com.android.internal.os.RuntimeInit$MethodAndArgsCaller.run(RuntimeInit.java:592)
12-11 15:15:47.824  6690  6690 W System.err: 	at com.android.internal.os.ZygoteInit.main(ZygoteInit.java:947)
12-11 15:15:47.824  6690  6690 W System.err: java.net.MalformedURLException: no protocol: auto_suggest_search
12-11 15:15:47.824  6690  6690 W System.err: 	at java.net.URL.<init>(URL.java:601)
12-11 15:15:47.824  6690  6690 W System.err: 	at java.net.URL.<init>(URL.java:498)
12-11 15:15:47.824  6690  6690 W System.err: 	at java.net.URL.<init>(URL.java:447)
12-11 15:15:47.824  6690  6690 W System.err: 	at com.flipkart.android.utils.cc.getUrlPath(Unknown Source:2)
12-11 15:15:47.824  6690  6690 W System.err: 	at com.flipkart.android.reactnative.nativeuimodules.reactbottombar.ReactBottomNavigationFragment.findBottomBarEligibleUrl(Unknown Source:113)
12-11 15:15:47.824  6690  6690 W System.err: 	at com.flipkart.android.bottomnavigation.c.update(Unknown Source:151)
12-11 15:15:47.824  6690  6690 W System.err: 	at com.flipkart.android.bottomnavigation.c$b.onBackStackChanged(Unknown Source:4)
12-11 15:15:47.824  6690  6690 W System.err: 	at androidx.fragment.app.h.m(Unknown Source:21)
12-11 15:15:47.824  6690  6690 W System.err: 	at androidx.fragment.app.h.a(Unknown Source:206)
12-11 15:15:47.824  6690  6690 W System.err: 	at androidx.fragment.app.h.b(Unknown Source:88)
12-11 15:15:47.824  6690  6690 W System.err: 	at androidx.fragment.app.h.k(Unknown Source:21)
12-11 15:15:47.824  6690  6690 W System.err: 	at androidx.fragment.app.h$1.run(Unknown Source:2)
12-11 15:15:47.824  6690  6690 W System.err: 	at android.os.Handler.handleCallback(Handler.java:938)
12-11 15:15:47.824  6690  6690 W System.err: 	at android.os.Handler.dispatchMessage(Handler.java:99)
12-11 15:15:47.824  6690  6690 W System.err: 	at android.os.Looper.loop(Looper.java:223)
12-11 15:15:47.824  6690  6690 W System.err: 	at android.app.ActivityThread.main(ActivityThread.java:7656)
12-11 15:15:47.824  6690  6690 W System.err: 	at java.lang.reflect.Method.invoke(Native Method)
12-11 15:15:47.824  6690  6690 W System.err: 	at com.android.internal.os.RuntimeInit$MethodAndArgsCaller.run(RuntimeInit.java:592)
12-11 15:15:47.824  6690  6690 W System.err: 	at com.android.internal.os.ZygoteInit.main(ZygoteInit.java:947)
12-11 15:15:47.865  6690  6690 E RecyclerView: No adapter attached; skipping layout
12-11 15:15:47.866  2153  2153 V InlineSuggestionRenderService: handleDestroySuggestionViews called for 0:1633217165
12-11 15:15:47.880 19878 19878 I GoogleInputMethodService: GoogleInputMethodService.onFinishInput():3308 
12-11 15:15:47.889 19878 19878 I GoogleInputMethodService: GoogleInputMethodService.onStartInput():1887 
12-11 15:15:47.898 19878 19878 I GoogleInputMethodService: GoogleInputMethodService.onStartInputView():2012 
12-11 15:15:47.912  6690  6690 I AssistStructure: Flattened final assist data: 3816 bytes, containing 1 windows, 25 views
12-11 15:15:47.913  1406  2061 D ContentCapturePerUserService: Notified activity assist data for activity: Token{ac884bc ActivityRecord{539fc45 u0 com.flipkart.android/.activity.HomeFragmentHolderActivity t3850}} without a session Id
12-11 15:15:47.925 24345 24345 W lhl     : Pending fill request while another request in the same session was triggered. [CONTEXT service_id=177 ]
12-11 15:15:47.937 19878 19878 I KeyboardViewUtil: KeyboardViewUtil.getKeyboardHeightRatio():175 systemKeyboardHeightRatio:1.000000; userKeyboardHeightRatio:1.000000.
12-11 15:15:47.937 19878 19878 I AndroidIME: AbstractIme.onActivate():84 LatinIme.onActivate() : EditorInfo = Package = com.flipkart.android : Type = Text : Learning = Disable : Suggestion = Hide : AutoCorrection = Disable : Microphone = Show : NoPersonalizedLearning = Disable : AutoStartVoiceInput = Disable, IncognitoMode = false
12-11 15:15:47.937 19878 19878 I Delight5Facilitator: Delight5Facilitator.initializeForIme():594 initializeForIme() : Locale = [en_US, es_US], layout = qwerty
12-11 15:15:47.937 19878 19878 I VoiceInputManagerWrapper: VoiceInputManagerWrapper.cancelShutdown():55 cancelShutdown()
12-11 15:15:47.937 19878 19878 I VoiceInputManagerWrapper: VoiceInputManagerWrapper.syncLanguagePacks():67 syncLanguagePacks()
12-11 15:15:47.940 19878 28138 I SpeechFactory: SpeechRecognitionFactory.maybeScheduleAutoPackDownloadForFallback():160 maybeScheduleAutoPackDownloadForFallback()
12-11 15:15:47.940 19878 19878 I LatinIme: LatinIme.updateEnableInlineSuggestionsOnDecoderSideFlags():1221 inline flag updated to:false
12-11 15:15:47.941 19878 28138 I FallbackOnDeviceRecognitionProvider: FallbackOnDeviceRecognitionProvider.maybeScheduleAutoPackDownload():196 maybeScheduleAutoPackDownload() for language tag en-US
12-11 15:15:47.941 19878 28138 I FallbackOnDeviceRecognitionProvider: FallbackOnDeviceRecognitionProvider.maybeScheduleAutoPackDownload():196 maybeScheduleAutoPackDownload() for language tag es-US
12-11 15:15:47.942 19878 19878 I KeyboardWrapper: KeyboardWrapper.consumeEvent():281 Skip consuming an event as current keyboard is deactivated (state=0, keyboard existence=true)
12-11 15:15:47.952 19878 19878 I KeyboardViewUtil: KeyboardViewUtil.calculateMaxKeyboardBodyHeight():66 leave 473 height for app when screen height:2712, header height:154 and isFullscreenMode:false, so the max keyboard body height is:2085
12-11 15:15:47.956 19878 19878 I KeyboardViewUtil: KeyboardViewUtil.calculateMaxKeyboardBodyHeight():66 leave 473 height for app when screen height:2712, header height:154 and isFullscreenMode:false, so the max keyboard body height is:2085
12-11 15:15:47.957 19878 19934 I Delight5Decoder: Delight5DecoderWrapper.handleMessage():1834 handleMessage(): UPDATE_KEYBOARD_LAYOUT
12-11 15:15:47.960 19878 19878 W KeyboardModeManager: KeyboardModeManager.setInputView():307 setInputView() : inputView = com.google.android.apps.inputmethod.libs.framework.core.InputView{65dc64b V.E...... ......ID 0,0-1440,2614}
12-11 15:15:47.960 19878 19878 I NormalModeController: NormalModeController.getKeyboardBodyViewHolderPaddingBottom():112 currentPrimeKeyboardType:SOFT systemPaddingBottom:-1
12-11 15:15:47.960 19878 19878 I AndroidIME: KeyboardViewManager.getInputViewBottomGapFromScreen():276 get inputViewBottomGapFromScreen = 168 from keyboard size helper.
12-11 15:15:47.960 19878 19878 I GoogleInputMethodService: GoogleInputMethodService$10.getKeyboardBottomCoverNavigationHeight():3219 Returns default 0 as the coverNavigationHeight while extendsTouchBelowSpace=false decorViewWindowInsets=WindowInsets{
12-11 15:15:47.960 19878 19878 I GoogleInputMethodService:     statusBars=Insets{left=0, top=0, right=0, bottom=0} max=Insets{left=0, top=0, right=0, bottom=0} vis=true
12-11 15:15:47.960 19878 19878 I GoogleInputMethodService:     navigationBars=Insets{left=0, top=0, right=0, bottom=168} max=Insets{left=0, top=0, right=0, bottom=168} vis=true
12-11 15:15:47.960 19878 19878 I GoogleInputMethodService:     =Insets{left=0, top=0, right=0, bottom=0} max=null vis=false
12-11 15:15:47.960 19878 19878 I GoogleInputMethodService:     ime=Insets{left=0, top=0, right=0, bottom=0} max=null vis=false
12-11 15:15:47.960 19878 19878 I GoogleInputMethodService:     systemGestures=Insets{left=0, top=0, right=0, bottom=168} max=Insets{left=0, top=0, right=0, bottom=168} vis=true
12-11 15:15:47.960 19878 19878 I GoogleInputMethodService:     mandatorySystemGestures=Insets{left=0, top=0, right=0, bottom=168} max=Insets{left=0, top=0, right=0, bottom=168} vis=true
12-11 15:15:47.960 19878 19878 I GoogleInputMethodService:     tappableElement=Insets{left=0, top=0, right=0, bottom=168} max=Insets{left=0, top=0, right=0, bottom=168} vis=true
12-11 15:15:47.960 19878 19878 I GoogleInputMethodService:     displayCutout=Insets{left=0, top=0, right=0, bottom=0} max=null vis=false
12-11 15:15:47.960 19878 19878 I GoogleInputMethodService:     windowDecor=null max=null vis=false
12-11 15:15:47.960 19878 19878 I GoogleInputMethodService:     
12-11 15:15:47.960 19878 19878 I GoogleInputMethodService:     }
12-11 15:15:47.960 19878 19878 W AndroidIME: KeyboardViewManager.initializeViews():345 initializeViews() : keyboard full width = -1; root view width = 1440; measured keyboard height = 2782
12-11 15:15:47.960 19878 19878 I AndroidIME: KeyboardViewManager.updateKeyboardHeaderViewWidth():767 keyboard header ratio:1.000000 body ratio:1.000000
12-11 15:15:47.960 19878 19878 I AndroidIME: KeyboardViewManager.updateKeyboardHeaderViewWidth():767 keyboard header ratio:1.000000 body ratio:1.000000
12-11 15:15:47.960 19878 19878 I AndroidIME: KeyboardViewManager.getInputViewBottomGapFromScreen():276 get inputViewBottomGapFromScreen = 168 from keyboard size helper.
12-11 15:15:47.960 19878 19878 I GoogleInputMethodService: GoogleInputMethodService$10.getKeyboardBottomCoverNavigationHeight():3219 Returns default 0 as the coverNavigationHeight while extendsTouchBelowSpace=false decorViewWindowInsets=WindowInsets{
12-11 15:15:47.960 19878 19878 I GoogleInputMethodService:     statusBars=Insets{left=0, top=0, right=0, bottom=0} max=Insets{left=0, top=0, right=0, bottom=0} vis=true
12-11 15:15:47.960 19878 19878 I GoogleInputMethodService:     navigationBars=Insets{left=0, top=0, right=0, bottom=168} max=Insets{left=0, top=0, right=0, bottom=168} vis=true
12-11 15:15:47.960 19878 19878 I GoogleInputMethodService:     =Insets{left=0, top=0, right=0, bottom=0} max=null vis=false
12-11 15:15:47.960 19878 19878 I GoogleInputMethodService:     ime=Insets{left=0, top=0, right=0, bottom=0} max=null vis=false
12-11 15:15:47.960 19878 19878 I GoogleInputMethodService:     systemGestures=Insets{left=0, top=0, right=0, bottom=168} max=Insets{left=0, top=0, right=0, bottom=168} vis=true
12-11 15:15:47.960 19878 19878 I GoogleInputMethodService:     mandatorySystemGestures=Insets{left=0, top=0, right=0, bottom=168} max=Insets{left=0, top=0, right=0, bottom=168} vis=true
12-11 15:15:47.960 19878 19878 I GoogleInputMethodService:     tappableElement=Insets{left=0, top=0, right=0, bottom=168} max=Insets{left=0, top=0, right=0, bottom=168} vis=true
12-11 15:15:47.960 19878 19878 I GoogleInputMethodService:     displayCutout=Insets{left=0, top=0, right=0, bottom=0} max=null vis=false
12-11 15:15:47.960 19878 19878 I GoogleInputMethodService:     windowDecor=null max=null vis=false
12-11 15:15:47.960 19878 19878 I GoogleInputMethodService:     
12-11 15:15:47.960 19878 19878 I GoogleInputMethodService:     }
12-11 15:15:47.962  1406  1741 I AssistStructure: Flattened final assist data: 3340 bytes, containing 1 windows, 25 views
12-11 15:15:47.962 19878 19878 I VoiceImeExtension: VoiceImeExtension.shouldStartVoiceInputAutomatically():342 No private IME option set to start voice input.
12-11 15:15:47.971 21818 21818 D BoundBrokerSvc: onBind: Intent { act=com.google.android.gms.wallet.service.BIND pkg=com.google.android.gms }
12-11 15:15:47.971 21818 21818 D BoundBrokerSvc: Loading bound service for intent: Intent { act=com.google.android.gms.wallet.service.BIND pkg=com.google.android.gms }
12-11 15:15:48.002 21818 21818 D BoundBrokerSvc: onBind: Intent { act=com.google.android.gms.common.BIND_SHARED_PREFS pkg=com.google.android.gms }
12-11 15:15:48.002 21818 21818 D BoundBrokerSvc: Loading bound service for intent: Intent { act=com.google.android.gms.common.BIND_SHARED_PREFS pkg=com.google.android.gms }
12-11 15:15:48.006 21818 21818 D BoundBrokerSvc: onUnbind: Intent { act=com.google.android.gms.common.BIND_SHARED_PREFS pkg=com.google.android.gms }
12-11 15:15:48.013 21818 21818 D BoundBrokerSvc: onBind: Intent { act=com.google.android.gms.common.BIND_SHARED_PREFS pkg=com.google.android.gms }
12-11 15:15:48.013 21818 21818 D BoundBrokerSvc: Loading bound service for intent: Intent { act=com.google.android.gms.common.BIND_SHARED_PREFS pkg=com.google.android.gms }
12-11 15:15:48.015 21818 21818 D BoundBrokerSvc: onUnbind: Intent { act=com.google.android.gms.common.BIND_SHARED_PREFS pkg=com.google.android.gms }
12-11 15:15:48.061  6690  6690 E View    : isRecyclable decremented below 0: unmatched pair of setIsRecyable() calls for ViewHolder{9acc089 position=1 id=44, oldPos=-1, pLpos:-1}
12-11 15:15:48.062  6690  6690 E View    : isRecyclable decremented below 0: unmatched pair of setIsRecyable() calls for ViewHolder{33c78b6 position=0 id=157, oldPos=-1, pLpos:-1}
12-11 15:15:48.068  3282  3282 I A       : Receiving sys ui event of type com.google.android.apps.googlequicksearchbox.nga.ON_KEYBOARD_SHOWING_CHANGED.
12-11 15:15:48.808  6643  6674 I appium  : channel read invoked!
12-11 15:15:48.809  6643  6674 I appium  : channel read: POST /wd/hub/session/9597bf0b-8fc6-48d1-b37e-4c6eebd74452/element
12-11 15:15:48.812  6643  6674 I appium  : Find element command using 'id' with selector 'com.flipkart.android:id/search_autoCompleteTextView'.
12-11 15:15:48.812  6643  6674 I appium  : Waiting up to 10000ms for device to be idle
12-11 15:15:48.865  6643  6674 I appium  : AppiumResponse: {"sessionId":"9597bf0b-8fc6-48d1-b37e-4c6eebd74452","value":{"ELEMENT":"f6cee0ee-9ec2-4b74-bf80-b181b64968fd","element-6066-11e4-a52e-4f735466cecf":"f6cee0ee-9ec2-4b74-bf80-b181b64968fd"}}
12-11 15:15:48.884  6643  6674 I appium  : channel read invoked!
12-11 15:15:48.884  6643  6674 I appium  : channel read: POST /wd/hub/session/9597bf0b-8fc6-48d1-b37e-4c6eebd74452/element/f6cee0ee-9ec2-4b74-bf80-b181b64968fd/click
12-11 15:15:48.886  6643  6674 I appium  : Click element command
12-11 15:15:48.942  6643  6674 I appium  : Waiting up to 10000ms for device to be idle
12-11 15:15:49.415  6643  6674 I appium  : AppiumResponse: {"sessionId":"9597bf0b-8fc6-48d1-b37e-4c6eebd74452","value":null}
12-11 15:15:49.447  6643  6674 I appium  : channel read invoked!
12-11 15:15:49.447  6643  6674 I appium  : channel read: POST /wd/hub/session/9597bf0b-8fc6-48d1-b37e-4c6eebd74452/element
12-11 15:15:49.450  6643  6674 I appium  : Find element command using 'id' with selector 'com.flipkart.android:id/search_autoCompleteTextView'.
12-11 15:15:49.450  6643  6674 I appium  : Waiting up to 10000ms for device to be idle
12-11 15:15:49.494  6643  6674 I appium  : AppiumResponse: {"sessionId":"9597bf0b-8fc6-48d1-b37e-4c6eebd74452","value":{"ELEMENT":"df4546d5-639c-4790-8472-79b2d8dc537f","element-6066-11e4-a52e-4f735466cecf":"df4546d5-639c-4790-8472-79b2d8dc537f"}}
12-11 15:15:49.524  6643  6674 I appium  : channel read invoked!
12-11 15:15:49.524  6643  6674 I appium  : channel read: POST /wd/hub/session/9597bf0b-8fc6-48d1-b37e-4c6eebd74452/element/df4546d5-639c-4790-8472-79b2d8dc537f/value
12-11 15:15:49.525  6643  6674 I appium  : send keys to element command
12-11 15:15:49.553 19878 19878 I GoogleInputMethodService: GoogleInputMethodService.onStartInput():1887 
12-11 15:15:49.553 19878 19878 W SessionManager: SessionManager.beginSession():53 Try to begin an already begun session [INPUT_SESSION], end it first
12-11 15:15:49.553 19878 19878 W SessionManager: SessionManager.endSession():96 Child session [INPUT_VIEW_SESSION] is not ended while ending session [{IME_SESSION=1607679947937, INPUT_VIEW_SESSION=1607679947898, INPUT_SESSION=1607679947889, TRAINING_CACHE_SESSION=1607679947937}], ending it now.
12-11 15:15:49.553 19878 19878 W SessionManager: SessionManager.endSession():96 Child session [IME_SESSION] is not ended while ending session [{IME_SESSION=1607679947937, INPUT_VIEW_SESSION=1607679947898, INPUT_SESSION=1607679947889, TRAINING_CACHE_SESSION=1607679947937}], ending it now.
12-11 15:15:49.553 19878 19878 W SessionManager: SessionManager.endSession():96 Child session [TRAINING_CACHE_SESSION] is not ended while ending session [{IME_SESSION=1607679947937, INPUT_VIEW_SESSION=1607679947898, INPUT_SESSION=1607679947889, TRAINING_CACHE_SESSION=1607679947937}], ending it now.
12-11 15:15:49.555 19878 19878 I GoogleInputMethodService: GoogleInputMethodService.onStartInputView():2012 
12-11 15:15:49.565 19878 19878 I KeyboardViewUtil: KeyboardViewUtil.getKeyboardHeightRatio():175 systemKeyboardHeightRatio:1.000000; userKeyboardHeightRatio:1.000000.
12-11 15:15:49.565 19878 19878 I InlineSuggestionCandidateViewController: InlineSuggestionCandidateViewController.setInlineSuggestionCandidateImpl():1207 set  to inlineSuggestionTextView
12-11 15:15:49.570 19878 19878 I KeyboardWrapper: KeyboardWrapper.consumeEvent():281 Skip consuming an event as current keyboard is deactivated (state=0, keyboard existence=true)
12-11 15:15:49.570 19878 19878 I VoiceInputManagerWrapper: VoiceInputManagerWrapper.shutdown():77 shutdown()
12-11 15:15:49.570 19878 19878 W SessionManager: SessionManager.endSession():88 Try to end a not begun session [TRAINING_CACHE_SESSION].
12-11 15:15:49.570 19878 19878 I AndroidIME: AbstractIme.onDeactivate():161 LatinIme.onDeactivate()
12-11 15:15:49.571 19878 19878 W SessionManager: SessionManager.endSession():88 Try to end a not begun session [IME_SESSION].
