--------- beginning of system
12-11 11:09:49.915  1406  3332 W ActivityManager: Permission Denial: getIntentForIntentSender() from pid=27693, uid=2000 requires android.permission.GET_INTENT_SENDER_INTENT
12-11 11:09:50.012  1406  3332 I ActivityManager: Force stopping com.flipkart.android appid=10340 user=0: from pid 27698
12-11 11:09:50.013  1406  3332 I ActivityManager: Killing 26675:com.flipkart.android/u0a340 (adj 0): stop com.flipkart.android due to from pid 27698
12-11 11:09:50.017  1406  3332 W ActivityTaskManager: Force removing ActivityRecord{f96feef u0 com.flipkart.android/.activity.HomeFragmentHolderActivity t3761 f}}: app died, no saved state
--------- beginning of main
12-11 11:09:50.055  2117  2117 D CarrierSvcBindHelper: No carrier app for: 0
12-11 11:09:50.058 18590 27701 I EuiccGoogle: [55077] EuiccServiceImpl.onGetEuiccProfileInfoList: onGetEuiccProfileInfoList: slotId = -1
12-11 11:09:50.059  1406  3209 W ActivityManager: Permission Denial: Accessing service com.google.android.music/.dial.DialMediaRouteProviderService from pid=21762, uid=10190 that is not exported from uid 10167
12-11 11:09:50.061  3305  3305 D RegisteredNfcFServicesCache: Service unchanged, not updating
12-11 11:09:50.069  1916  1916 D QcrilMsgTunnelIfaceManager: handleMessage what = 1
12-11 11:09:50.070  1916  1916 I QcrilOemhookMsgTunnel: [0]invokeOemRilRequestRaw: serial=2423 length=16
12-11 11:09:50.074  1916  1945 I QcrilOemhookMsgTunnel: [0]processOemHookResponse serial no: 2423 error: 0length=88
12-11 11:09:50.075  1916  1916 D QcrilMsgTunnelIfaceManager: handleMessage what = 2
12-11 11:09:50.075 18590 27701 I EuiccGoogle: [55077] UiccLogicalChannel.open: Locked on aid: A0000005591010FFFFFFFF8900000100
12-11 11:09:50.098  2201  3395 E FrameEvents: updateAcquireFence: Did not find frame.
12-11 11:09:50.103  1406  4299 D ConnectivityService: ConnectivityService NetworkRequestInfo binderDied(NetworkRequest [ TRACK_DEFAULT id=23440, [ Capabilities: INTERNET&NOT_RESTRICTED&TRUSTED Uid: 10340 AdministratorUids: [] RequestorUid: 10340 RequestorPackageName: com.flipkart.android] ], android.os.BinderProxy@d53f9df)
12-11 11:09:50.104  1406  3272 D AutofillSession: handling death of Token{bc69fce ActivityRecord{f96feef u0 com.flipkart.android/.activity.HomeFragmentHolderActivity t-1 f}}} when saving=false
12-11 11:09:50.104  1406  1644 D ConnectivityService: releasing NetworkRequest [ TRACK_DEFAULT id=23440, [ Capabilities: INTERNET&NOT_RESTRICTED&TRUSTED Uid: 10340 AdministratorUids: [] RequestorUid: 10340 RequestorPackageName: com.flipkart.android] ] (release request)
12-11 11:09:50.105   868   868 I Zygote  : Process 26675 exited due to signal 9 (Killed)
12-11 11:09:50.106  2117  2117 E PhoneInterfaceManager: [PhoneIntfMgr] iccOpenLogicalChannel: Exception: com.android.internal.telephony.CommandException: NO_SUCH_ELEMENT
12-11 11:09:50.107  1406  4299 W WindowManager: Cannot find window which accessibility connection is added to
12-11 11:09:50.107 18590 27701 E EuiccGoogle: [55077] UiccLogicalChannel.open: selectResponse is null. Unlocked for aid: A0000005591010FFFFFFFF8900000100
12-11 11:09:50.107  1406  1469 W ActivityManager: setHasOverlayUi called on unknown pid: 26675
12-11 11:09:50.107 18590 27701 W EuiccGoogle: [55077] EuiccServiceImpl.onGetEuiccProfileInfoList: slotId=-1. No eUICC is active. Return null.
12-11 11:09:50.111  1791  1791 V KeyguardUpdateMonitor: onSubscriptionInfoChanged()
12-11 11:09:50.111  1406  1477 I libprocessgroup: Successfully killed process cgroup uid 10340 pid 26675 in 96ms
12-11 11:09:50.112  2117  2117 D Telephony: isEmergencyPreferredAccount: subId=1, activeData=1
12-11 11:09:50.112  2117  2117 D Telephony: isEmergencyPreferredAccount: Device does not require preference.
12-11 11:09:50.114  1791  1791 V KeyguardUpdateMonitor: SubInfo:{id=1 iccId=899186000[****] simSlotIndex=0 carrierId=1963 displayName=Vodafone IN carrierName=Vodafone IN nameSource=0 iconTint=-16746133 number=[****] dataRoaming=0 iconBitmap=android.graphics.Bitmap@b4d3380 mcc=404 mnc=86 countryIso=in isEmbedded=false nativeAccessRules=null cardString=899186000[****] cardId=-1 isOpportunistic=false groupUUID=null isGroupDisabled=false profileClass=-1 ehplmns=[] hplmns=[40486] subscriptionType=0 groupOwner=null carrierConfigAccessRules=null areUiccApplicationsEnabled=true}
12-11 11:09:50.124  1406  1644 D ConnectivityService: NetReassign [no changes]
12-11 11:09:50.149 19878 19878 I GoogleInputMethodService: GoogleInputMethodService.onFinishInput():3308 
12-11 11:09:50.150 19878 19878 I GoogleInputMethodService: GoogleInputMethodService.onStartInput():1887 
12-11 11:09:50.171 12570 12639 W ThreadPoolDumper: Queue length for executor EventBus is now 11. Perhaps some tasks are too long, or the pool is too small.
12-11 11:09:50.203 12570 12570 I BgTaskExecutorImpl: Starting EXCLUSIVE background task TNG_VOICE_SEARCH_SYNC.
12-11 11:09:50.204 12570 12570 I BgTaskExecutorImpl: Starting EXCLUSIVE background task TNG_MINUS_ONE_SYNC.
12-11 11:09:50.209 12570 12639 I TngMinusOneSync: Syncing TNG:-1
12-11 11:09:50.214 12570 12639 I TngVoiceSearchSync: Syncing TNG:VoiceSearch
12-11 11:09:50.301  1406  1469 D EventSequenceValidator: IntentStarted during UNKNOWN. Intent { flg=0x10000000 cmp=com.flipkart.android/.activity.HomeFragmentHolderActivity }
12-11 11:09:50.301  1406  1469 D EventSequenceValidator: java.lang.Throwable: EventSequenceValidator#getStackTrace
12-11 11:09:50.301  1406  1469 D EventSequenceValidator: 	at com.google.android.startop.iorap.EventSequenceValidator.logWarningWithStackTrace(EventSequenceValidator.java:260)
12-11 11:09:50.301  1406  1469 D EventSequenceValidator: 	at com.google.android.startop.iorap.EventSequenceValidator.onIntentStarted(EventSequenceValidator.java:106)
12-11 11:09:50.301  1406  1469 D EventSequenceValidator: 	at com.android.server.wm.LaunchObserverRegistryImpl.handleOnIntentStarted(LaunchObserverRegistryImpl.java:139)
12-11 11:09:50.301  1406  1469 D EventSequenceValidator: 	at com.android.server.wm.LaunchObserverRegistryImpl.lambda$veRn_GhgLZLlOHOJ0ZYT6KcfYqo(Unknown Source:0)
12-11 11:09:50.301  1406  1469 D EventSequenceValidator: 	at com.android.server.wm.-$$Lambda$LaunchObserverRegistryImpl$veRn_GhgLZLlOHOJ0ZYT6KcfYqo.accept(Unknown Source:10)
12-11 11:09:50.301  1406  1469 D EventSequenceValidator: 	at com.android.internal.util.function.pooled.PooledLambdaImpl.doInvoke(PooledLambdaImpl.java:292)
12-11 11:09:50.301  1406  1469 D EventSequenceValidator: 	at com.android.internal.util.function.pooled.PooledLambdaImpl.invoke(PooledLambdaImpl.java:201)
12-11 11:09:50.301  1406  1469 D EventSequenceValidator: 	at com.android.internal.util.function.pooled.OmniFunction.run(OmniFunction.java:97)
12-11 11:09:50.301  1406  1469 D EventSequenceValidator: 	at android.os.Handler.handleCallback(Handler.java:938)
12-11 11:09:50.301  1406  1469 D EventSequenceValidator: 	at android.os.Handler.dispatchMessage(Handler.java:99)
12-11 11:09:50.301  1406  1469 D EventSequenceValidator: 	at android.os.Looper.loop(Looper.java:223)
12-11 11:09:50.301  1406  1469 D EventSequenceValidator: 	at android.os.HandlerThread.run(HandlerThread.java:67)
12-11 11:09:50.301  1406  1469 D EventSequenceValidator: 	at com.android.server.ServiceThread.run(ServiceThread.java:44)
12-11 11:09:50.302  1406  1469 D EventSequenceValidator: inc AccIntentStartedEvents to 2
12-11 11:09:50.305  1406  3332 I ActivityTaskManager: START u0 {flg=0x10000000 cmp=com.flipkart.android/.activity.HomeFragmentHolderActivity} from uid 2000
12-11 11:09:50.310   671   671 D android.hardware.power@1.3-service.pixel-libperfmgr: LAUNCH: 1
12-11 11:09:50.318  1406  1469 D CompatibilityChangeReporter: Compat change id reported: 135634846; UID 10340; state: DISABLED
12-11 11:09:50.318  1406  1476 D CompatibilityChangeReporter: Compat change id reported: 143937733; UID 10340; state: DISABLED
12-11 11:09:50.318  1406  1469 D EventSequenceValidator: onActivityLaunched during UNKNOWN.
12-11 11:09:50.318  1406  1469 D EventSequenceValidator: java.lang.Throwable: EventSequenceValidator#getStackTrace
12-11 11:09:50.318  1406  1469 D EventSequenceValidator: 	at com.google.android.startop.iorap.EventSequenceValidator.logWarningWithStackTrace(EventSequenceValidator.java:260)
12-11 11:09:50.318  1406  1469 D EventSequenceValidator: 	at com.google.android.startop.iorap.EventSequenceValidator.onActivityLaunched(EventSequenceValidator.java:149)
12-11 11:09:50.318  1406  1469 D EventSequenceValidator: 	at com.android.server.wm.LaunchObserverRegistryImpl.handleOnActivityLaunched(LaunchObserverRegistryImpl.java:157)
12-11 11:09:50.318  1406  1469 D EventSequenceValidator: 	at com.android.server.wm.LaunchObserverRegistryImpl.lambda$UGY1OclnLIQLMEL9B55qjERFf4o(Unknown Source:0)
12-11 11:09:50.318  1406  1469 D EventSequenceValidator: 	at com.android.server.wm.-$$Lambda$LaunchObserverRegistryImpl$UGY1OclnLIQLMEL9B55qjERFf4o.accept(Unknown Source:10)
12-11 11:09:50.318  1406  1469 D EventSequenceValidator: 	at com.android.internal.util.function.pooled.PooledLambdaImpl.doInvoke(PooledLambdaImpl.java:292)
12-11 11:09:50.318  1406  1469 D EventSequenceValidator: 	at com.android.internal.util.function.pooled.PooledLambdaImpl.invoke(PooledLambdaImpl.java:201)
12-11 11:09:50.318  1406  1469 D EventSequenceValidator: 	at com.android.internal.util.function.pooled.OmniFunction.run(OmniFunction.java:97)
12-11 11:09:50.318  1406  1469 D EventSequenceValidator: 	at android.os.Handler.handleCallback(Handler.java:938)
12-11 11:09:50.318  1406  1469 D EventSequenceValidator: 	at android.os.Handler.dispatchMessage(Handler.java:99)
12-11 11:09:50.318  1406  1469 D EventSequenceValidator: 	at android.os.Looper.loop(Looper.java:223)
12-11 11:09:50.318  1406  1469 D EventSequenceValidator: 	at android.os.HandlerThread.run(HandlerThread.java:67)
12-11 11:09:50.318  1406  1469 D EventSequenceValidator: 	at com.android.server.ServiceThread.run(ServiceThread.java:44)
12-11 11:09:50.322  1035  1035 I perfetto: ing_service_impl.cc:758 Configured tracing session 5712, #sources:1, duration:5000 ms, #buffers:1, total buffer size:4096 KB, total sessions:1, uid:1071 session name: ""
12-11 11:09:50.323  1034  1034 I perfetto: probes_producer.cc:230  Ftrace setup (target_buf=5712)
12-11 11:09:50.326   868   868 D Zygote  : Forked child process 27716
12-11 11:09:50.328  1406  1476 I ActivityManager: Start proc 27716:com.flipkart.android/u0a340 for pre-top-activity {com.flipkart.android/com.flipkart.android.activity.HomeFragmentHolderActivity}
12-11 11:09:50.328  1034  1034 I perfetto: ftrace_procfs.cc:176    enabled ftrace
12-11 11:09:50.338 27716 27716 E lipkart.androi: Not starting debugger since process cannot load the jdwp agent.
12-11 11:09:50.363 27716 27716 D ApplicationLoaders: Returning zygote-cached class loader: /system/framework/android.test.base.jar
12-11 11:09:50.364 27716 27716 I lipkart.androi: The ClassLoaderContext is a special shared library.
12-11 11:09:50.377 27716 27716 I LoadedApk: No resource references to update in package com.flipkart.android.chat
12-11 11:09:50.377 27716 27716 I LoadedApk: No resource references to update in package com.flipkart.android.condition_assessor
12-11 11:09:50.377 27716 27716 D NetworkSecurityConfig: Using Network Security Config from resource network_security_config debugBuild: false
12-11 11:09:50.379 27716 27716 D NetworkSecurityConfig: Using Network Security Config from resource network_security_config debugBuild: false
12-11 11:09:50.390 27716 27716 I MultiDex: VM with version 2.1.0 has multidex support
12-11 11:09:50.390 27716 27716 I MultiDex: Installing application
12-11 11:09:50.390 27716 27716 I MultiDex: VM has multidex support, MultiDex support library is disabled.
12-11 11:09:50.404 27716 27716 I FirebaseApp: Device unlocked: initializing all Firebase APIs for app [DEFAULT]
12-11 11:09:50.423 27716 27716 W FirebaseCrashlytics: A new version of the Google Analytics for Firebase SDK is now available. For improved performance and compatibility with Crashlytics, please update to the latest version.
12-11 11:09:50.424 27716 27746 W cd      : Application name is not set. Call Builder#setApplicationName.
12-11 11:09:50.430 27716 27716 I FirebaseCrashlytics: Initializing Crashlytics 17.2.2
12-11 11:09:50.441 27716 27716 W cd      : Application name is not set. Call Builder#setApplicationName.
12-11 11:09:50.444 27716 27716 I FirebaseInitProvider: FirebaseApp initialization successful
12-11 11:09:50.451 27716 27716 I TetheringManager: registerTetheringEventCallback:com.flipkart.android
12-11 11:09:50.484 27716 27767 E ADBMobile: ADBMobile Error : Wearable - Failed to load class com.adobe.mobile.ConfigSynchronizer
12-11 11:09:50.495  1406  3319 D CompatibilityChangeReporter: Compat change id reported: 136274596; UID 10340; state: DISABLED
12-11 11:09:50.501 27716 27744 I FA      : App measurement is starting up, version: 16250
12-11 11:09:50.501 27716 27744 I FA      : To enable debug logging run: adb shell setprop log.tag.FA VERBOSE
12-11 11:09:50.501 27716 27744 I FA      : To enable faster debug mode event logging run:
12-11 11:09:50.501 27716 27744 I FA      :   adb shell setprop debug.firebase.analytics.app com.flipkart.android
12-11 11:09:50.502 27716 27766 I Tune#a():107: Initializing Tune Version 4.16.0
12-11 11:09:50.544 27716 27716 W FirebaseRemoteConfig: No value of type 'String' exists for parameter key 'sessions_feature_enabled'.
12-11 11:09:50.545 27716 27716 D FirebasePerformance: Creating a new Non Verbose Session: 65aa700f1abf46f2bd0e4a6d6d5fc763
12-11 11:09:50.546 27716 27716 W FirebaseRemoteConfig: No value of type 'String' exists for parameter key 'sessions_feature_enabled'.
12-11 11:09:50.546 27716 27716 D FirebasePerformance: Creating a new Non Verbose Session: 155d5fefdda0448ea522ac39424749aa
12-11 11:09:50.553 27716 27716 I PlayCore: UID: [10340]  PID: [27716] AppUpdateService : requestUpdateInfo(com.flipkart.android)
12-11 11:09:50.554 27716 27747 I FirebaseRemoteConfig: Fetch succeeded!
12-11 11:09:50.554 27716 27794 I PlayCore: UID: [10340]  PID: [27716] AppUpdateService : Initiate binding to the service.
12-11 11:09:50.564 27716 27744 I FA      : Tag Manager is not found and thus will not be used
12-11 11:09:50.613 27716 27716 I FirebasePerformance: Session ID - 155d5fefdda0448ea522ac39424749aa
12-11 11:09:50.627 27716 27810 W FirebaseRemoteConfig: No value of type 'String' exists for parameter key 'trace_flimit_time'.
12-11 11:09:50.627 27716 27810 W FirebaseRemoteConfig: No value of type 'String' exists for parameter key 'trace_flimit_events'.
12-11 11:09:50.627 27716 27810 W FirebaseRemoteConfig: No value of type 'String' exists for parameter key 'trace_blimit_time'.
12-11 11:09:50.627 27716 27810 W FirebaseRemoteConfig: No value of type 'String' exists for parameter key 'trace_blimit_events'.
12-11 11:09:50.627 27716 27810 W FirebaseRemoteConfig: No value of type 'String' exists for parameter key 'network_flimit_time'.
12-11 11:09:50.627 27716 27810 W FirebaseRemoteConfig: No value of type 'String' exists for parameter key 'network_flimit_events'.
12-11 11:09:50.627 27716 27810 W FirebaseRemoteConfig: No value of type 'String' exists for parameter key 'network_blimit_time'.
12-11 11:09:50.627 27716 27810 W FirebaseRemoteConfig: No value of type 'String' exists for parameter key 'network_blimit_events'.
12-11 11:09:50.637  1406  3277 D ConnectivityService: requestNetwork for uid/pid:10340/27716 NetworkRequest [ TRACK_DEFAULT id=23453, [ Capabilities: INTERNET&NOT_RESTRICTED&TRUSTED Uid: 10340 AdministratorUids: [] RequestorUid: 10340 RequestorPackageName: com.flipkart.android] ]
12-11 11:09:50.639  1406  1644 D ConnectivityService: NetReassign [23453 : null → 457]
12-11 11:09:50.639  1406  1720 D Ethernet: got request NetworkRequest [ TRACK_DEFAULT id=23453, [ Capabilities: INTERNET&NOT_RESTRICTED&TRUSTED Uid: 10340 AdministratorUids: [] RequestorUid: 10340 RequestorPackageName: com.flipkart.android] ] with score 60 and providerId 5
12-11 11:09:50.640  1406  1619 D UntrustedWifiNetworkFactory: got request NetworkRequest [ TRACK_DEFAULT id=23453, [ Capabilities: INTERNET&NOT_RESTRICTED&TRUSTED Uid: 10340 AdministratorUids: [] RequestorUid: 10340 RequestorPackageName: com.flipkart.android] ] with score 60 and providerId 5
12-11 11:09:50.640  1406  1619 D WifiNetworkFactory: got request NetworkRequest [ TRACK_DEFAULT id=23453, [ Capabilities: INTERNET&NOT_RESTRICTED&TRUSTED Uid: 10340 AdministratorUids: [] RequestorUid: 10340 RequestorPackageName: com.flipkart.android] ] with score 60 and providerId 5
12-11 11:09:50.640  1406  1719 D WIFI_AWARE_FACTORY: got request NetworkRequest [ TRACK_DEFAULT id=23453, [ Capabilities: INTERNET&NOT_RESTRICTED&TRUSTED Uid: 10340 AdministratorUids: [] RequestorUid: 10340 RequestorPackageName: com.flipkart.android] ] with score 60 and providerId 5
12-11 11:09:50.640  2117  2117 D PhoneSwitcherNetworkRequstListener: got request NetworkRequest [ TRACK_DEFAULT id=23453, [ Capabilities: INTERNET&NOT_RESTRICTED&TRUSTED Uid: 10340 AdministratorUids: [] RequestorUid: 10340 RequestorPackageName: com.flipkart.android] ] with score 60 and providerId 5
12-11 11:09:50.645  1791  1791 V KeyguardUpdateMonitor: onSubscriptionInfoChanged()
12-11 11:09:50.645  2117  2117 D Telephony: isEmergencyPreferredAccount: subId=1, activeData=1
12-11 11:09:50.645  2117  2117 D Telephony: isEmergencyPreferredAccount: Device does not require preference.
12-11 11:09:50.647  1791  1791 V KeyguardUpdateMonitor: SubInfo:{id=1 iccId=899186000[****] simSlotIndex=0 carrierId=1963 displayName=Vodafone IN carrierName=Vodafone IN nameSource=0 iconTint=-16746133 number=[****] dataRoaming=0 iconBitmap=android.graphics.Bitmap@e8135fe mcc=404 mnc=86 countryIso=in isEmbedded=false nativeAccessRules=null cardString=899186000[****] cardId=-1 isOpportunistic=false groupUUID=null isGroupDisabled=false profileClass=-1 ehplmns=[] hplmns=[40486] subscriptionType=0 groupOwner=null carrierConfigAccessRules=null areUiccApplicationsEnabled=true}
12-11 11:09:50.653  1406  1644 D ConnectivityService: NetReassign [no changes]
12-11 11:09:50.687 27716 27716 D FirebasePerformance: onResume(): com.flipkart.android.activity.HomeFragmentHolderActivity: 290008 microseconds
12-11 11:09:50.689 27716 27810 W FirebaseRemoteConfig: No value of type 'String' exists for parameter key 'sessions_feature_enabled'.
12-11 11:09:50.689 27716 27716 W FirebaseRemoteConfig: No value of type 'String' exists for parameter key 'sessions_max_length_minutes'.
12-11 11:09:50.695 27716 27716 I PlayCore: UID: [10340]  PID: [27716] SplitInstallListenerRegistry : registerListener
12-11 11:09:50.695 27716 27823 E TUNETuneParameters#getGoogleAdTrackingLimited():31: Error parsing googleAdTrackingLimited value null
12-11 11:09:50.695 27716 27823 E TUNETuneParameters#getGoogleAdTrackingLimited():31: java.lang.NumberFormatException: s == null
12-11 11:09:50.695 27716 27823 E TUNETuneParameters#getGoogleAdTrackingLimited():31: 	at java.lang.Integer.parseInt(Integer.java:577)
12-11 11:09:50.695 27716 27823 E TUNETuneParameters#getGoogleAdTrackingLimited():31: 	at java.lang.Integer.parseInt(Integer.java:650)
12-11 11:09:50.695 27716 27823 E TUNETuneParameters#getGoogleAdTrackingLimited():31: 	at com.tune.TuneParameters.getGoogleAdTrackingLimited(Unknown Source:6)
12-11 11:09:50.695 27716 27823 E TUNETuneParameters#getGoogleAdTrackingLimited():31: 	at com.tune.c.a(Unknown Source:924)
12-11 11:09:50.695 27716 27823 E TUNETuneParameters#getGoogleAdTrackingLimited():31: 	at com.tune.Tune$4.run(Unknown Source:164)
12-11 11:09:50.695 27716 27823 E TUNETuneParameters#getGoogleAdTrackingLimited():31: 	at java.util.concurrent.ThreadPoolExecutor.runWorker(ThreadPoolExecutor.java:1167)
12-11 11:09:50.695 27716 27823 E TUNETuneParameters#getGoogleAdTrackingLimited():31: 	at java.util.concurrent.ThreadPoolExecutor$Worker.run(ThreadPoolExecutor.java:641)
12-11 11:09:50.695 27716 27823 E TUNETuneParameters#getGoogleAdTrackingLimited():31: 	at java.lang.Thread.run(Thread.java:923)
12-11 11:09:50.695 27716 27823 E TUNETuneParameters#getFireAdTrackingLimited():31: Error parsing fireAdTrackingLimited value null
12-11 11:09:50.695 27716 27823 E TUNETuneParameters#getFireAdTrackingLimited():31: java.lang.NumberFormatException: s == null
12-11 11:09:50.695 27716 27823 E TUNETuneParameters#getFireAdTrackingLimited():31: 	at java.lang.Integer.parseInt(Integer.java:577)
12-11 11:09:50.695 27716 27823 E TUNETuneParameters#getFireAdTrackingLimited():31: 	at java.lang.Integer.parseInt(Integer.java:650)
12-11 11:09:50.695 27716 27823 E TUNETuneParameters#getFireAdTrackingLimited():31: 	at com.tune.TuneParameters.getFireAdTrackingLimited(Unknown Source:6)
12-11 11:09:50.695 27716 27823 E TUNETuneParameters#getFireAdTrackingLimited():31: 	at com.tune.c.a(Unknown Source:940)
12-11 11:09:50.695 27716 27823 E TUNETuneParameters#getFireAdTrackingLimited():31: 	at com.tune.Tune$4.run(Unknown Source:164)
12-11 11:09:50.695 27716 27823 E TUNETuneParameters#getFireAdTrackingLimited():31: 	at java.util.concurrent.ThreadPoolExecutor.runWorker(ThreadPoolExecutor.java:1167)
12-11 11:09:50.695 27716 27823 E TUNETuneParameters#getFireAdTrackingLimited():31: 	at java.util.concurrent.ThreadPoolExecutor$Worker.run(ThreadPoolExecutor.java:641)
12-11 11:09:50.695 27716 27823 E TUNETuneParameters#getFireAdTrackingLimited():31: 	at java.lang.Thread.run(Thread.java:923)
12-11 11:09:50.700 27716 27734 D CompatibilityChangeReporter: Compat change id reported: 150939131; UID 10340; state: DISABLED
12-11 11:09:50.701 27716 27820 E CursorWindow: Failed to read row 0, column 29 from a CursorWindow which has 1 rows, 29 columns.
12-11 11:09:50.713 27716 27716 I PlayCore: UID: [10340]  PID: [27716] AppUpdateService : ServiceConnectionImpl.onServiceConnected(ComponentInfo{com.android.vending/com.google.android.finsky.installservice.DevTriggeredUpdateService})
12-11 11:09:50.714 27716 27794 I PlayCore: UID: [10340]  PID: [27716] AppUpdateService : linkToDeath
12-11 11:09:50.719  1791  1791 W Choreographer: Frame time is 0.285956 ms in the future!  Check that graphics HAL is generating vsync timestamps using the correct timebase.
12-11 11:09:50.743 15503 27839 I Finsky  : [5243] sap.a(5): Using cached document to get update info
12-11 11:09:50.746 15503 27839 W Finsky  : [5243] sdg.e(2): No cached information about app com.flipkart.android, while trying to retrieve app details.
12-11 11:09:50.746 27716 27786 I AdrenoGLES-0: QUALCOMM build                   : 02fe52e, Ie73904e3bd
12-11 11:09:50.746 27716 27786 I AdrenoGLES-0: Build Date                       : 06/27/20
12-11 11:09:50.746 27716 27786 I AdrenoGLES-0: OpenGL ES Shader Compiler Version: EV031.31.04.00
12-11 11:09:50.746 27716 27786 I AdrenoGLES-0: Local Branch                     : gfx-adreno.lnx.2.0
12-11 11:09:50.746 27716 27786 I AdrenoGLES-0: Remote Branch                    : quic/gfx-adreno.lnx.2.0
12-11 11:09:50.746 27716 27786 I AdrenoGLES-0: Remote Branch                    : NONE
12-11 11:09:50.746 27716 27786 I AdrenoGLES-0: Reconstruct Branch               : NOTHING
12-11 11:09:50.746 27716 27786 I AdrenoGLES-0: Build Config                     : S L 10.0.5 AArch64
12-11 11:09:50.746 27716 27786 I AdrenoGLES-0: Driver Path                      : /vendor/lib64/egl/libGLESv2_adreno.so
12-11 11:09:50.747 15503 27839 E Finsky  : [5243] sap.a(7): In-app-update: Missing AppDetails!
12-11 11:09:50.748 27716 27716 E RecyclerView: No adapter attached; skipping layout
12-11 11:09:50.749 27716 27716 E RecyclerView: No adapter attached; skipping layout
12-11 11:09:50.752 27716 27819 E CursorWindow: Failed to read row 0, column 29 from a CursorWindow which has 32 rows, 29 columns.
12-11 11:09:50.753 27716 27786 I AdrenoGLES-0: PFP: 0x005ff112, ME: 0x005ff066
12-11 11:09:50.755 27716 27819 E CursorWindow: Failed to read row 1, column 29 from a CursorWindow which has 32 rows, 29 columns.
12-11 11:09:50.756 27716 27786 W AdrenoUtils: <ReadGpuID_from_sysfs:197>: Failed to open /sys/class/kgsl/kgsl-3d0/gpu_model
12-11 11:09:50.756 27716 27786 W AdrenoUtils: <ReadGpuID:221>: Failed to read chip ID from gpu_model. Fallback to use the GSL path
12-11 11:09:50.757 27716 27819 E CursorWindow: Failed to read row 2, column 29 from a CursorWindow which has 32 rows, 29 columns.
12-11 11:09:50.758 27716 27819 E CursorWindow: Failed to read row 3, column 29 from a CursorWindow which has 32 rows, 29 columns.
12-11 11:09:50.761 27716 27822 E CursorWindow: Failed to read row 0, column 29 from a CursorWindow which has 14 rows, 29 columns.
12-11 11:09:50.761 27716 27819 E CursorWindow: Failed to read row 4, column 29 from a CursorWindow which has 32 rows, 29 columns.
12-11 11:09:50.762 27716 27822 E CursorWindow: Failed to read row 1, column 29 from a CursorWindow which has 14 rows, 29 columns.
12-11 11:09:50.763 27716 27822 E CursorWindow: Failed to read row 2, column 29 from a CursorWindow which has 14 rows, 29 columns.
12-11 11:09:50.764 27716 27822 E CursorWindow: Failed to read row 3, column 29 from a CursorWindow which has 14 rows, 29 columns.
12-11 11:09:50.764 27716 27822 E CursorWindow: Failed to read row 4, column 29 from a CursorWindow which has 14 rows, 29 columns.
12-11 11:09:50.765 27716 27822 E CursorWindow: Failed to read row 5, column 29 from a CursorWindow which has 14 rows, 29 columns.
12-11 11:09:50.765 27716 27822 E CursorWindow: Failed to read row 6, column 29 from a CursorWindow which has 14 rows, 29 columns.
12-11 11:09:50.766 27716 27822 E CursorWindow: Failed to read row 7, column 29 from a CursorWindow which has 14 rows, 29 columns.
12-11 11:09:50.766 27716 27822 E CursorWindow: Failed to read row 8, column 29 from a CursorWindow which has 14 rows, 29 columns.
12-11 11:09:50.766 27716 27822 E CursorWindow: Failed to read row 9, column 29 from a CursorWindow which has 14 rows, 29 columns.
12-11 11:09:50.767 27716 27819 E CursorWindow: Failed to read row 5, column 29 from a CursorWindow which has 32 rows, 29 columns.
12-11 11:09:50.768 27716 27822 E CursorWindow: Failed to read row 10, column 29 from a CursorWindow which has 14 rows, 29 columns.
12-11 11:09:50.768 27716 27822 E CursorWindow: Failed to read row 11, column 29 from a CursorWindow which has 14 rows, 29 columns.
12-11 11:09:50.768 27716 27819 E CursorWindow: Failed to read row 6, column 29 from a CursorWindow which has 32 rows, 29 columns.
12-11 11:09:50.768 27716 27822 E CursorWindow: Failed to read row 12, column 29 from a CursorWindow which has 14 rows, 29 columns.
12-11 11:09:50.769 27716 27819 E CursorWindow: Failed to read row 7, column 29 from a CursorWindow which has 32 rows, 29 columns.
12-11 11:09:50.771 15503 27839 W Finsky  : [5243] sau.a(3): No cached information about app com.flipkart.android, while trying to retrieve the available version code.
12-11 11:09:50.772 27716 27822 E CursorWindow: Failed to read row 13, column 29 from a CursorWindow which has 14 rows, 29 columns.
12-11 11:09:50.775 27716 27819 E CursorWindow: Failed to read row 8, column 29 from a CursorWindow which has 32 rows, 29 columns.
12-11 11:09:50.778 27716 27819 E CursorWindow: Failed to read row 9, column 29 from a CursorWindow which has 32 rows, 29 columns.
12-11 11:09:50.778 27716 27734 I PlayCore: UID: [10340]  PID: [27716] OnRequestInstallCallback : onRequestInfo
12-11 11:09:50.779 27716 27794 I PlayCore: UID: [10340]  PID: [27716] AppUpdateService : Unbind from service.
12-11 11:09:50.781   638   638 I hwservicemanager: getTransport: Cannot find entry android.hardware.graphics.mapper@4.0::IMapper/default in either framework or device manifest.
12-11 11:09:50.781 27716 27786 I Gralloc4: mapper 4.x is not supported
12-11 11:09:50.781   638   638 I hwservicemanager: getTransport: Cannot find entry android.hardware.graphics.mapper@3.0::IMapper/default in either framework or device manifest.
12-11 11:09:50.781 27716 27786 W Gralloc3: mapper 3.x is not supported
12-11 11:09:50.782 27716 27819 E CursorWindow: Failed to read row 10, column 29 from a CursorWindow which has 32 rows, 29 columns.
12-11 11:09:50.787 27716 27819 E CursorWindow: Failed to read row 11, column 29 from a CursorWindow which has 32 rows, 29 columns.
12-11 11:09:50.787 27716 27819 E CursorWindow: Failed to read row 12, column 29 from a CursorWindow which has 32 rows, 29 columns.
12-11 11:09:50.798  1406  1469 D EventSequenceValidator: onActivityLaunchFinished during UNKNOWN.
12-11 11:09:50.798  1406  1469 D EventSequenceValidator: java.lang.Throwable: EventSequenceValidator#getStackTrace
12-11 11:09:50.798  1406  1469 D EventSequenceValidator: 	at com.google.android.startop.iorap.EventSequenceValidator.logWarningWithStackTrace(EventSequenceValidator.java:260)
12-11 11:09:50.798  1406  1469 D EventSequenceValidator: 	at com.google.android.startop.iorap.EventSequenceValidator.onActivityLaunchFinished(EventSequenceValidator.java:185)
12-11 11:09:50.798  1406  1469 D EventSequenceValidator: 	at com.android.server.wm.LaunchObserverRegistryImpl.handleOnActivityLaunchFinished(LaunchObserverRegistryImpl.java:175)
12-11 11:09:50.798  1406  1469 D EventSequenceValidator: 	at com.android.server.wm.LaunchObserverRegistryImpl.lambda$QcawcFcJtEX4EhYptq_Vb4j368Y(Unknown Source:0)
12-11 11:09:50.798  1406  1469 D EventSequenceValidator: 	at com.android.server.wm.-$$Lambda$LaunchObserverRegistryImpl$QcawcFcJtEX4EhYptq_Vb4j368Y.accept(Unknown Source:10)
12-11 11:09:50.798  1406  1469 D EventSequenceValidator: 	at com.android.internal.util.function.pooled.PooledLambdaImpl.doInvoke(PooledLambdaImpl.java:292)
12-11 11:09:50.798  1406  1469 D EventSequenceValidator: 	at com.android.internal.util.function.pooled.PooledLambdaImpl.invoke(PooledLambdaImpl.java:201)
12-11 11:09:50.798  1406  1469 D EventSequenceValidator: 	at com.android.internal.util.function.pooled.OmniFunction.run(OmniFunction.java:97)
12-11 11:09:50.798  1406  1469 D EventSequenceValidator: 	at android.os.Handler.handleCallback(Handler.java:938)
12-11 11:09:50.798  1406  1469 D EventSequenceValidator: 	at android.os.Handler.dispatchMessage(Handler.java:99)
12-11 11:09:50.798  1406  1469 D EventSequenceValidator: 	at android.os.Looper.loop(Looper.java:223)
12-11 11:09:50.798  1406  1469 D EventSequenceValidator: 	at android.os.HandlerThread.run(HandlerThread.java:67)
12-11 11:09:50.798  1406  1469 D EventSequenceValidator: 	at com.android.server.ServiceThread.run(ServiceThread.java:44)
12-11 11:09:50.798  1406  1469 D EventSequenceValidator: dec AccIntentStartedEvents to 1
12-11 11:09:50.802 27716 27819 E CursorWindow: Failed to read row 13, column 29 from a CursorWindow which has 32 rows, 29 columns.
12-11 11:09:50.802 27716 27819 E CursorWindow: Failed to read row 14, column 29 from a CursorWindow which has 32 rows, 29 columns.
12-11 11:09:50.803 27716 27819 E CursorWindow: Failed to read row 15, column 29 from a CursorWindow which has 32 rows, 29 columns.
12-11 11:09:50.803 27716 27819 E CursorWindow: Failed to read row 16, column 29 from a CursorWindow which has 32 rows, 29 columns.
12-11 11:09:50.803  1406  1474 D ArtManagerInternalImpl: /data/misc/iorapd/com.flipkart.android/1200017/com.flipkart.android.activity.HomeFragmentHolderActivity/compiled_traces/compiled_trace.pb doesn't exist
12-11 11:09:50.804 27716 27819 E CursorWindow: Failed to read row 17, column 29 from a CursorWindow which has 32 rows, 29 columns.
12-11 11:09:50.805 27716 27819 E CursorWindow: Failed to read row 18, column 29 from a CursorWindow which has 32 rows, 29 columns.
12-11 11:09:50.805  1406  1474 I ActivityTaskManager: Displayed com.flipkart.android/.activity.HomeFragmentHolderActivity: +494ms
12-11 11:09:50.806 27716 27819 E CursorWindow: Failed to read row 19, column 29 from a CursorWindow which has 32 rows, 29 columns.
12-11 11:09:50.808 27716 27819 E CursorWindow: Failed to read row 20, column 29 from a CursorWindow which has 32 rows, 29 columns.
12-11 11:09:50.808 27716 27819 E CursorWindow: Failed to read row 21, column 29 from a CursorWindow which has 32 rows, 29 columns.
12-11 11:09:50.809 27716 27819 E CursorWindow: Failed to read row 22, column 29 from a CursorWindow which has 32 rows, 29 columns.
12-11 11:09:50.809 27716 27819 E CursorWindow: Failed to read row 23, column 29 from a CursorWindow which has 32 rows, 29 columns.
12-11 11:09:50.809 27716 27819 E CursorWindow: Failed to read row 24, column 29 from a CursorWindow which has 32 rows, 29 columns.
12-11 11:09:50.811 27716 27819 E CursorWindow: Failed to read row 25, column 29 from a CursorWindow which has 32 rows, 29 columns.
12-11 11:09:50.812 27662 27692 I appium  : channel read invoked!
12-11 11:09:50.812 27662 27692 I appium  : channel read: GET /wd/hub/session/bfc4fb2b-8517-4b09-b652-9293c1c2de4f/appium/device/pixel_ratio
12-11 11:09:50.812 27716 27819 E CursorWindow: Failed to read row 26, column 29 from a CursorWindow which has 32 rows, 29 columns.
12-11 11:09:50.812 27662 27692 I appium  : Get device pixel ratio
12-11 11:09:50.813 27716 27819 E CursorWindow: Failed to read row 27, column 29 from a CursorWindow which has 32 rows, 29 columns.
12-11 11:09:50.813 27662 27692 I appium  : AppiumResponse: {"sessionId":"bfc4fb2b-8517-4b09-b652-9293c1c2de4f","value":3.5}
12-11 11:09:50.813 27716 27819 E CursorWindow: Failed to read row 28, column 29 from a CursorWindow which has 32 rows, 29 columns.
12-11 11:09:50.818 27716 27819 E CursorWindow: Failed to read row 29, column 29 from a CursorWindow which has 32 rows, 29 columns.
12-11 11:09:50.819 27716 27793 I WM-WorkerWrapper: Worker result SUCCESS for Work [ id=b3157014-d316-4bad-85cb-2e1feb5167a8, tags={ com.flipkart.android.notification.FkPNTaskWorker } ]
12-11 11:09:50.820 27716 27819 E CursorWindow: Failed to read row 30, column 29 from a CursorWindow which has 32 rows, 29 columns.
12-11 11:09:50.824 27716 27819 E CursorWindow: Failed to read row 31, column 29 from a CursorWindow which has 32 rows, 29 columns.
12-11 11:09:50.825 27662 27692 I appium  : channel read invoked!
12-11 11:09:50.825 27662 27692 I appium  : channel read: GET /wd/hub/session/bfc4fb2b-8517-4b09-b652-9293c1c2de4f/appium/device/system_bars
12-11 11:09:50.825 27662 27692 I appium  : Get status bar height of the device
12-11 11:09:50.827 27662 27692 I appium  : AppiumResponse: {"sessionId":"bfc4fb2b-8517-4b09-b652-9293c1c2de4f","value":{"statusBar":98}}
12-11 11:09:50.832 27662 27692 I appium  : channel read invoked!
12-11 11:09:50.832 27662 27692 I appium  : channel read: GET /wd/hub/session/bfc4fb2b-8517-4b09-b652-9293c1c2de4f/window/current/size
12-11 11:09:50.833 27662 27692 I appium  : Get window size of the device
12-11 11:09:50.833 27662 27692 I appium  : AppiumResponse: {"sessionId":"bfc4fb2b-8517-4b09-b652-9293c1c2de4f","value":{"height":2712,"width":1440}}
12-11 11:09:50.836 27716 27716 D SoLoader: init start
12-11 11:09:50.837 27716 27716 D SoLoader: adding system library source: /vendor/lib
12-11 11:09:50.837 27716 27716 D SoLoader: adding system library source: /system/lib
12-11 11:09:50.837 27716 27716 D SoLoader: adding application source: com.facebook.soloader.c[root = /data/app/~~AyNcwMNVTgJJmuyoQ36DuQ==/com.flipkart.android-2FPjidu9cl0MIe0Lo372nw==/lib/arm64 flags = 0]
12-11 11:09:50.837 27716 27716 D SoLoader: adding backup source from : com.facebook.soloader.a[root = /data/user/0/com.flipkart.android/lib-main flags = 1]
12-11 11:09:50.837 27716 27716 D SoLoader: Preparing SO source: com.facebook.soloader.c[root = /system/lib flags = 2]
12-11 11:09:50.837 27716 27716 D SoLoader: Preparing SO source: com.facebook.soloader.c[root = /vendor/lib flags = 2]
12-11 11:09:50.837 27716 27716 D SoLoader: Preparing SO source: com.facebook.soloader.c[root = /data/app/~~AyNcwMNVTgJJmuyoQ36DuQ==/com.flipkart.android-2FPjidu9cl0MIe0Lo372nw==/lib/arm64 flags = 0]
12-11 11:09:50.837 27716 27716 D SoLoader: Preparing SO source: com.facebook.soloader.a[root = /data/user/0/com.flipkart.android/lib-main flags = 1]
12-11 11:09:50.838 27716 27716 V fb-UnpackingSoSource: locked dso store /data/user/0/com.flipkart.android/lib-main
12-11 11:09:50.841 27716 27716 I fb-UnpackingSoSource: dso store is up-to-date: /data/user/0/com.flipkart.android/lib-main
12-11 11:09:50.841 27716 27716 V fb-UnpackingSoSource: releasing dso store lock for /data/user/0/com.flipkart.android/lib-main
12-11 11:09:50.841 27716 27716 D SoLoader: init finish: 4 SO sources prepared
12-11 11:09:50.841 27716 27716 D SoLoader: init exiting
12-11 11:09:50.844 27716 27797 D BinaryFileManagerRunner: Attempting operation for module: multiWidget
12-11 11:09:50.844 27716 27797 D BinaryFileManagerRunner: Starting operation for module: multiWidget
12-11 11:09:50.845 27716 27797 D BinaryFileManager: Returning current bundle
12-11 11:09:50.849 27716 27716 W System.err: java.net.MalformedURLException: no protocol: homepage
12-11 11:09:50.849 27716 27716 W System.err: 	at java.net.URL.<init>(URL.java:601)
12-11 11:09:50.849 27716 27716 W System.err: 	at java.net.URL.<init>(URL.java:498)
12-11 11:09:50.849 27716 27716 W System.err: 	at java.net.URL.<init>(URL.java:447)
12-11 11:09:50.849 27716 27716 W System.err: 	at com.flipkart.android.utils.cc.getUrlPath(Unknown Source:2)
12-11 11:09:50.850 27716 27716 W System.err: 	at com.flipkart.android.bottomnavigation.c.a(Unknown Source:139)
12-11 11:09:50.850 27716 27716 W System.err: 	at com.flipkart.android.bottomnavigation.c.update(Unknown Source:135)
12-11 11:09:50.850 27716 27716 W System.err: 	at com.flipkart.android.reactnative.nativeuimodules.reactbottombar.ReactBottomNavigationFragment.emitAlreadyExistingResponse(Unknown Source:15)
12-11 11:09:50.850 27716 27716 W System.err: 	at com.flipkart.android.reactnative.nativeuimodules.reactbottombar.ReactBottomNavigationFragment.onViewCreated(Unknown Source:8)
12-11 11:09:50.850 27716 27716 W System.err: 	at androidx.fragment.app.h.a(Unknown Source:632)
12-11 11:09:50.850 27716 27716 W System.err: 	at androidx.fragment.app.h.f(Unknown Source:38)
12-11 11:09:50.850 27716 27716 W System.err: 	at androidx.fragment.app.a.h(Unknown Source:150)
12-11 11:09:50.850 27716 27716 W System.err: 	at androidx.fragment.app.h.b(Unknown Source:38)
12-11 11:09:50.850 27716 27716 W System.err: 	at androidx.fragment.app.h.a(Unknown Source:113)
12-11 11:09:50.850 27716 27716 W System.err: 	at androidx.fragment.app.h.b(Unknown Source:88)
12-11 11:09:50.850 27716 27716 W System.err: 	at androidx.fragment.app.h.k(Unknown Source:21)
12-11 11:09:50.850 27716 27716 W System.err: 	at androidx.fragment.app.h.f(Unknown Source:9)
12-11 11:09:50.850 27716 27716 W System.err: 	at androidx.fragment.app.h.s(Unknown Source:6)
12-11 11:09:50.850 27716 27716 W System.err: 	at androidx.fragment.app.Fragment.performActivityCreated(Unknown Source:24)
12-11 11:09:50.850 27716 27716 W System.err: 	at androidx.fragment.app.h.a(Unknown Source:663)
12-11 11:09:50.850 27716 27716 W System.err: 	at androidx.fragment.app.h.f(Unknown Source:38)
12-11 11:09:50.850 27716 27716 W System.err: 	at androidx.fragment.app.a.h(Unknown Source:150)
12-11 11:09:50.850 27716 27716 W System.err: 	at androidx.fragment.app.h.b(Unknown Source:38)
12-11 11:09:50.850 27716 27716 W System.err: 	at androidx.fragment.app.h.a(Unknown Source:113)
12-11 11:09:50.850 27716 27716 W System.err: 	at androidx.fragment.app.h.b(Unknown Source:88)
12-11 11:09:50.850 27716 27716 W System.err: 	at androidx.fragment.app.h.k(Unknown Source:21)
12-11 11:09:50.850 27716 27716 W System.err: 	at androidx.fragment.app.h$1.run(Unknown Source:2)
12-11 11:09:50.850 27716 27716 W System.err: 	at android.os.Handler.handleCallback(Handler.java:938)
12-11 11:09:50.850 27716 27716 W System.err: 	at android.os.Handler.dispatchMessage(Handler.java:99)
12-11 11:09:50.850 27716 27716 W System.err: 	at android.os.Looper.loop(Looper.java:223)
12-11 11:09:50.850 27716 27716 W System.err: 	at android.app.ActivityThread.main(ActivityThread.java:7656)
12-11 11:09:50.850 27716 27716 W System.err: 	at java.lang.reflect.Method.invoke(Native Method)
12-11 11:09:50.850 27716 27716 W System.err: 	at com.android.internal.os.RuntimeInit$MethodAndArgsCaller.run(RuntimeInit.java:592)
12-11 11:09:50.850 27716 27716 W System.err: 	at com.android.internal.os.ZygoteInit.main(ZygoteInit.java:947)
12-11 11:09:50.851 27716 27716 D SoLoader: About to load: libreactnativejni.so
12-11 11:09:50.852 27716 27716 D SoLoader: libreactnativejni.so not found on /data/user/0/com.flipkart.android/lib-main
12-11 11:09:50.852 27716 27716 D SoLoader: libreactnativejni.so found on /data/app/~~AyNcwMNVTgJJmuyoQ36DuQ==/com.flipkart.android-2FPjidu9cl0MIe0Lo372nw==/lib/arm64
12-11 11:09:50.852 27716 27716 D SoLoader: Not resolving dependencies for libreactnativejni.so
12-11 11:09:50.876 27716 27716 D SoLoader: Loaded: libreactnativejni.so
12-11 11:09:50.876 27716 27716 D SoLoader: About to load: libfb.so
12-11 11:09:50.876 27716 27716 D SoLoader: libfb.so not found on /data/user/0/com.flipkart.android/lib-main
12-11 11:09:50.876 27716 27716 D SoLoader: libfb.so found on /data/app/~~AyNcwMNVTgJJmuyoQ36DuQ==/com.flipkart.android-2FPjidu9cl0MIe0Lo372nw==/lib/arm64
12-11 11:09:50.876 27716 27716 D SoLoader: Not resolving dependencies for libfb.so
12-11 11:09:50.878 27716 27716 D SoLoader: About to load: libfb.so
12-11 11:09:50.879 27716 27716 D SoLoader: libfb.so not found on /data/user/0/com.flipkart.android/lib-main
12-11 11:09:50.879 27716 27716 D SoLoader: libfb.so found on /data/app/~~AyNcwMNVTgJJmuyoQ36DuQ==/com.flipkart.android-2FPjidu9cl0MIe0Lo372nw==/lib/arm64
12-11 11:09:50.879 27716 27716 D SoLoader: Not resolving dependencies for libfb.so
12-11 11:09:50.879 27716 27716 I lipkart.androi: Thread[1,tid=27716,Native,Thread*=0x789b4d1380,peer=0x726593a8,"main"] recursive attempt to load library "/data/app/~~AyNcwMNVTgJJmuyoQ36DuQ==/com.flipkart.android-2FPjidu9cl0MIe0Lo372nw==/lib/arm64/libfb.so"
12-11 11:09:50.879 27716 27716 D SoLoader: Loaded: libfb.so
12-11 11:09:50.879 27716 27716 D SoLoader: Loaded: libfb.so
12-11 11:09:50.882 27716 27716 W System.err: java.net.MalformedURLException: no protocol: homepage
12-11 11:09:50.882 27716 27716 W System.err: 	at java.net.URL.<init>(URL.java:601)
12-11 11:09:50.882 27716 27716 W System.err: 	at java.net.URL.<init>(URL.java:498)
12-11 11:09:50.882 27716 27716 W System.err: 	at java.net.URL.<init>(URL.java:447)
12-11 11:09:50.882 27716 27716 W System.err: 	at com.flipkart.android.utils.cc.getUrlPath(Unknown Source:2)
12-11 11:09:50.882 27716 27716 W System.err: 	at com.flipkart.android.bottomnavigation.c.a(Unknown Source:139)
12-11 11:09:50.882 27716 27716 W System.err: 	at com.flipkart.android.bottomnavigation.c.update(Unknown Source:135)
12-11 11:09:50.882 27716 27716 W System.err: 	at com.flipkart.android.reactnative.nativeuimodules.reactbottombar.ReactBottomNavigationFragment.onResume(Unknown Source:13)
12-11 11:09:50.882 27716 27716 W System.err: 	at androidx.fragment.app.Fragment.performResume(Unknown Source:18)
12-11 11:09:50.882 27716 27716 W System.err: 	at androidx.fragment.app.h.a(Unknown Source:740)
12-11 11:09:50.882 27716 27716 W System.err: 	at androidx.fragment.app.h.f(Unknown Source:38)
12-11 11:09:50.882 27716 27716 W System.err: 	at androidx.fragment.app.h.a(Unknown Source:46)
12-11 11:09:50.882 27716 27716 W System.err: 	at androidx.fragment.app.h.f(Unknown Source:4)
12-11 11:09:50.882 27716 27716 W System.err: 	at androidx.fragment.app.h.u(Unknown Source:6)
12-11 11:09:50.882 27716 27716 W System.err: 	at androidx.fragment.app.Fragment.performResume(Unknown Source:29)
12-11 11:09:50.882 27716 27716 W System.err: 	at androidx.fragment.app.h.a(Unknown Source:740)
12-11 11:09:50.882 27716 27716 W System.err: 	at androidx.fragment.app.h.f(Unknown Source:38)
12-11 11:09:50.882 27716 27716 W System.err: 	at androidx.fragment.app.a.h(Unknown Source:150)
12-11 11:09:50.882 27716 27716 W System.err: 	at androidx.fragment.app.h.b(Unknown Source:38)
12-11 11:09:50.882 27716 27716 W System.err: 	at androidx.fragment.app.h.a(Unknown Source:113)
12-11 11:09:50.882 27716 27716 W System.err: 	at androidx.fragment.app.h.b(Unknown Source:88)
12-11 11:09:50.882 27716 27716 W System.err: 	at androidx.fragment.app.h.k(Unknown Source:21)
12-11 11:09:50.882 27716 27716 W System.err: 	at androidx.fragment.app.h$1.run(Unknown Source:2)
12-11 11:09:50.882 27716 27716 W System.err: 	at android.os.Handler.handleCallback(Handler.java:938)
12-11 11:09:50.882 27716 27716 W System.err: 	at android.os.Handler.dispatchMessage(Handler.java:99)
12-11 11:09:50.882 27716 27716 W System.err: 	at android.os.Looper.loop(Looper.java:223)
12-11 11:09:50.882 27716 27716 W System.err: 	at android.app.ActivityThread.main(ActivityThread.java:7656)
12-11 11:09:50.883 27716 27716 W System.err: 	at java.lang.reflect.Method.invoke(Native Method)
12-11 11:09:50.883 27716 27716 W System.err: 	at com.android.internal.os.RuntimeInit$MethodAndArgsCaller.run(RuntimeInit.java:592)
12-11 11:09:50.883 27716 27716 W System.err: 	at com.android.internal.os.ZygoteInit.main(ZygoteInit.java:947)
12-11 11:09:50.901 19878 19878 I GoogleInputMethodService: GoogleInputMethodService.onFinishInput():3308 
12-11 11:09:50.902  1406  1644 D ConnectivityService: releasing NetworkRequest [ TRACK_DEFAULT id=23453, [ Capabilities: INTERNET&NOT_RESTRICTED&TRUSTED Uid: 10340 AdministratorUids: [] RequestorUid: 10340 RequestorPackageName: com.flipkart.android] ] (release request)
12-11 11:09:50.902 19878 19878 I GoogleInputMethodService: GoogleInputMethodService.onStartInput():1887 
12-11 11:09:50.913  2117  2117 D Telephony: isEmergencyPreferredAccount: subId=1, activeData=1
12-11 11:09:50.913  2117  2117 D Telephony: isEmergencyPreferredAccount: Device does not require preference.
12-11 11:09:50.916 27716 27858 D BinaryFileManagerRunner: Attempting operation for module: multiWidget
12-11 11:09:50.917 27716 27863 D BinaryFileManager: Returning bundle: /data/user/0/com.flipkart.android/files/binaryfilemanager/multiWidget/e2d78d64513d21f5f2a1df9f48fc6be3-17.ota
12-11 11:09:50.918 27716 27859 D BinaryFileManagerRunner: Starting operation for module: multiWidget
12-11 11:09:50.919 27716 27798 D BinaryFileManager: No Update Available
12-11 11:09:50.920 27716 27821 E CursorWindow: Failed to read row 0, column 29 from a CursorWindow which has 14 rows, 29 columns.
12-11 11:09:50.922 27716 27821 E CursorWindow: Failed to read row 1, column 29 from a CursorWindow which has 14 rows, 29 columns.
12-11 11:09:50.924 27716 27821 E CursorWindow: Failed to read row 2, column 29 from a CursorWindow which has 14 rows, 29 columns.
12-11 11:09:50.930 27716 27821 E CursorWindow: Failed to read row 3, column 29 from a CursorWindow which has 14 rows, 29 columns.
12-11 11:09:50.930 27716 27821 E CursorWindow: Failed to read row 4, column 29 from a CursorWindow which has 14 rows, 29 columns.
12-11 11:09:50.931 27716 27821 E CursorWindow: Failed to read row 5, column 29 from a CursorWindow which has 14 rows, 29 columns.
12-11 11:09:50.931 27716 27821 E CursorWindow: Failed to read row 6, column 29 from a CursorWindow which has 14 rows, 29 columns.
12-11 11:09:50.931 27716 27821 E CursorWindow: Failed to read row 7, column 29 from a CursorWindow which has 14 rows, 29 columns.
12-11 11:09:50.931 27716 27821 E CursorWindow: Failed to read row 8, column 29 from a CursorWindow which has 14 rows, 29 columns.
12-11 11:09:50.932 27716 27821 E CursorWindow: Failed to read row 9, column 29 from a CursorWindow which has 14 rows, 29 columns.
12-11 11:09:50.933 27716 27821 E CursorWindow: Failed to read row 10, column 29 from a CursorWindow which has 14 rows, 29 columns.
12-11 11:09:50.934 27716 27821 E CursorWindow: Failed to read row 11, column 29 from a CursorWindow which has 14 rows, 29 columns.
12-11 11:09:50.941  1406  1644 D ConnectivityService: NetReassign [no changes]
12-11 11:09:50.943 27716 27821 E CursorWindow: Failed to read row 12, column 29 from a CursorWindow which has 14 rows, 29 columns.
12-11 11:09:50.945 27716 27821 E CursorWindow: Failed to read row 13, column 29 from a CursorWindow which has 14 rows, 29 columns.
12-11 11:09:50.949  1791  1791 V KeyguardUpdateMonitor: onSubscriptionInfoChanged()
12-11 11:09:50.951  1791  1791 V KeyguardUpdateMonitor: SubInfo:{id=1 iccId=899186000[****] simSlotIndex=0 carrierId=1963 displayName=Vodafone IN carrierName=Vodafone IN nameSource=0 iconTint=-16746133 number=[****] dataRoaming=0 iconBitmap=android.graphics.Bitmap@81207ac mcc=404 mnc=86 countryIso=in isEmbedded=false nativeAccessRules=null cardString=899186000[****] cardId=-1 isOpportunistic=false groupUUID=null isGroupDisabled=false profileClass=-1 ehplmns=[] hplmns=[40486] subscriptionType=0 groupOwner=null carrierConfigAccessRules=null areUiccApplicationsEnabled=true}
12-11 11:09:50.953 27716 27866 D BinaryFileManager: Returning bundle: /data/user/0/com.flipkart.android/files/binaryfilemanager/multiWidget/e2d78d64513d21f5f2a1df9f48fc6be3-17.ota
12-11 11:09:50.986 24345 17798 W NetworkScheduler: Error inserting flex_time=2730000 job_id=-1 period=5462000 source=16 requires_charging=0 preferred_network_type=1 target_class=com.google.android.gms.measurement.PackageMeasurementTaskService user_id=0 target_package=com.google.android.gms tag=Measurement.PackageMeasurementTaskService.UPLOAD_TASK_TAG task_type=0 required_idleness_state=0 service_kind=0 source_version=204516000 persistence_level=1 preferred_charging_state=1 required_network_type=0 runtime=1607665190982 retry_strategy={"maximum_backoff_seconds":{"3600":0},"initial_backoff_seconds":{"30":0},"retry_policy":{"0":0}} last_runtime=0, error message: UNIQUE constraint failed: pending_ops.tag, pending_ops.target_class, pending_ops.target_package, pending_ops.user_id (code 2067 SQLITE_CONSTRAINT_UNIQUE) [CONTEXT service_id=218 ]
